{
  "passed": true,
  "models_fitted": 0,
  "point_cells": 3,
  "interval_cells": 6,
  "real_tuning_fits_verified": 8,
  "real_final_fits_verified": 2,
  "saved_model_prediction_checks": 6,
  "own_calibration_verified": true,
  "common_target_ids_verified": true,
  "training_only_normalization_verified": true,
  "candidate_and_epoch_selection_verified": true,
  "all_run_files_unchanged": true,
  "preparation_resources": {
    "seconds": 18.976762799997232,
    "baseline_rss_bytes": 324915200,
    "peak_rss_bytes": 466522112,
    "baseline_private_bytes": 282791936,
    "peak_private_bytes": 421703680,
    "incremental_peak_rss_bytes": 141606912,
    "lifetime_peak_rss_bytes": 473706496,
    "min_available_ram_bytes": 3571630080,
    "sample_interval_seconds": 0.05,
    "process_cpu_seconds": 18.390625
  },
  "total_validation_resources": {
    "seconds": 21.581146800002898,
    "baseline_rss_bytes": 322904064,
    "peak_rss_bytes": 550350848,
    "baseline_private_bytes": 281677824,
    "peak_private_bytes": 596156416,
    "incremental_peak_rss_bytes": 227446784,
    "lifetime_peak_rss_bytes": 551264256,
    "min_available_ram_bytes": 3445927936,
    "sample_interval_seconds": 0.05,
    "process_cpu_seconds": 20.984375
  },
  "source_hash": "cd907183301a189ddfcc195774dad58c8fa07d5b326d2ac29cf3636383dc681e",
  "protocol_hash": "01b0ab222def6a097a71173f162a9d0a123cee2401f80ab01e645ea937b84d41",
  "full_study_ready": false
}
{"command": ["C:/cfs_venv/Scripts/python.exe", "-B", "-m", "src.matched_forecasting005", "validate", "--matrix", "C:\\Users\\nigel\\OneDrive\\Desktop\\GitHub\\confosense\\smart_building_conformal\\outputs\\amendment005\\support_design_v1\\experiment_matrix.csv", "--dataset", "rico", "--horizon", "60", "--outer-fold", "2", "--model-seed", "44", "--design-dir", "C:\\Users\\nigel\\OneDrive\\Desktop\\GitHub\\confosense\\smart_building_conformal\\protocols\\matched_forecasting005\\rico_h60_f2_s44_v1", "--out", "C:\\Users\\nigel\\OneDrive\\Desktop\\GitHub\\confosense\\smart_building_conformal\\outputs\\matched_forecasting005\\rico_h60_f2_s44_v1", "--readiness", "C:\\Users\\nigel\\OneDrive\\Desktop\\GitHub\\confosense\\smart_building_conformal\\protocols\\matched_forecasting005\\rico_h60_f2_s44_v1\\readiness.json", "--receipt", "C:\\Users\\nigel\\OneDrive\\Desktop\\GitHub\\confosense\\smart_building_conformal\\outputs\\matched_forecasting005\\fold2_multiseed_batch_v1\\receipts\\rico_h60_f2_s44_v1\\audit_v1"], "cwd": "C:\\Users\\nigel\\OneDrive\\Desktop\\GitHub\\confosense\\smart_building_conformal", "started_utc": "2026-09-14T00:19:59.755949+00:00", "logger_pid": 28256, "child_pid": 29332, "ended_utc": "2026-09-14T00:20:26.402287+00:00", "seconds": 26.650505799989332, "exit_status": 0}
