{
  "passed": true,
  "models_fitted": 0,
  "calibrators_fitted": 0,
  "contexts": 4,
  "scheduled_fault_slots": 168,
  "unique_context_streams": 124,
  "independently_reconstructed_event_rows": 10080,
  "fullstream_workload_checks": 120,
  "maximum_absolute_difference": 2.6645352591003757e-15,
  "checks": 4776,
  "source_artifacts_unchanged": true,
  "resources": {
    "seconds": 194.69291870000598,
    "baseline_rss_bytes": 336359424,
    "peak_rss_bytes": 364232704,
    "baseline_private_bytes": 294641664,
    "peak_private_bytes": 321318912,
    "incremental_peak_rss_bytes": 27873280,
    "lifetime_peak_rss_bytes": 364810240,
    "min_available_ram_bytes": 2181140480,
    "sample_interval_seconds": 0.05,
    "process_cpu_seconds": 189.921875
  },
  "actual_exit_status": 0
}
