{
  "passed": true,
  "models_fitted": 0,
  "calibrators_fitted": 0,
  "contexts": 4,
  "scheduled_fault_slots": 168,
  "unique_context_streams": 124,
  "independently_reconstructed_event_rows": 10080,
  "fullstream_workload_checks": 120,
  "maximum_absolute_difference": 2.6645352591003757e-15,
  "checks": 4776,
  "source_artifacts_unchanged": true,
  "resources": {
    "seconds": 194.69291870000598,
    "baseline_rss_bytes": 336359424,
    "peak_rss_bytes": 364232704,
    "baseline_private_bytes": 294641664,
    "peak_private_bytes": 321318912,
    "incremental_peak_rss_bytes": 27873280,
    "lifetime_peak_rss_bytes": 364810240,
    "min_available_ram_bytes": 2181140480,
    "sample_interval_seconds": 0.05,
    "process_cpu_seconds": 189.921875
  },
  "actual_exit_status": 0
}
{"command": ["C:/cfs_venv/Scripts/python.exe", "-B", "-m", "src.conditional_context005", "validate", "--manifest", "C:\\Users\\nigel\\OneDrive\\Desktop\\GitHub\\confosense\\review\\context_replay005_implementation_20260914\\synthetic_pleia_energy_v1.json", "--design", "C:\\Users\\nigel\\OneDrive\\Desktop\\GitHub\\confosense\\smart_building_conformal\\protocols\\conditional_context005\\synthetic_pleia_energy_v1", "--out", "C:\\Users\\nigel\\OneDrive\\Desktop\\GitHub\\confosense\\smart_building_conformal\\outputs\\conditional_context005\\synthetic_pleia_energy_v1", "--readiness", "C:\\Users\\nigel\\OneDrive\\Desktop\\GitHub\\confosense\\smart_building_conformal\\protocols\\conditional_context005\\synthetic_pleia_energy_v1\\readiness.json", "--receipt", "C:\\Users\\nigel\\OneDrive\\Desktop\\GitHub\\confosense\\smart_building_conformal\\outputs\\conditional_context005\\synthetic_v1_coordinator\\pleia_energy_validation_numeric_columns"], "cwd": "C:\\Users\\nigel\\OneDrive\\Desktop\\GitHub\\confosense\\smart_building_conformal", "started_utc": "2026-09-14T15:37:31.517565+00:00", "logger_pid": 14700, "child_pid": 25824, "ended_utc": "2026-09-14T15:41:02.457635+00:00", "seconds": 210.93818759999704, "exit_status": 0}
