VALIDATE horizon 1
VALIDATE horizon 3
VALIDATE horizon 6
{
  "passed": true,
  "method_cells": 30,
  "native_common_metric_rows": 60,
  "seasonal_interval_cells": 6,
  "alert_stream_checks": 30,
  "maximum_observed_difference": 5.9570312487267074e-05,
  "models_fitted": 0,
  "calibrators_fitted": 0,
  "source_artifacts_unchanged": true,
  "resources": {
    "seconds": 920.8018305000005,
    "baseline_rss_bytes": 328650752,
    "peak_rss_bytes": 955383808,
    "baseline_private_bytes": 286056448,
    "peak_private_bytes": 999272448,
    "incremental_peak_rss_bytes": 626733056,
    "lifetime_peak_rss_bytes": 1036480512,
    "min_available_ram_bytes": 2332463104,
    "sample_interval_seconds": 0.05,
    "process_cpu_seconds": 904.109375
  },
  "source_hash": "5257ba9616206368298f280b80a7accc9e096eb803b51a94e04a5945444659b6",
  "protocol_hash": "cf44406453fd9ea24e22219c436b98ff24972b539dc7d8aedecd290478f1a97c",
  "utc": "2026-09-14T11:10:17.354221+00:00"
}
{"command": ["C:/cfs_venv/Scripts/python.exe", "-B", "C:\\Users\\nigel\\OneDrive\\Desktop\\GitHub\\confosense\\review\\matched_intervals005_bdg2_multiseed_20260914\\measured_action.py", "--measurement", "C:\\Users\\nigel\\OneDrive\\Desktop\\GitHub\\confosense\\smart_building_conformal\\outputs\\matched_intervals005\\bdg2_fold2_multiseed_v2_coordinator\\seed44_validate_worker_resources.json", "--", "validate", "--design-dir", "C:\\Users\\nigel\\OneDrive\\Desktop\\GitHub\\confosense\\smart_building_conformal\\protocols\\matched_intervals005\\bdg2_f2_s44_v2", "--out", "C:\\Users\\nigel\\OneDrive\\Desktop\\GitHub\\confosense\\smart_building_conformal\\outputs\\matched_intervals005\\bdg2_f2_s44_v2", "--readiness", "C:\\Users\\nigel\\OneDrive\\Desktop\\GitHub\\confosense\\smart_building_conformal\\protocols\\matched_intervals005\\bdg2_f2_s44_v2\\readiness.json", "--receipt", "C:\\Users\\nigel\\OneDrive\\Desktop\\GitHub\\confosense\\smart_building_conformal\\outputs\\matched_intervals005\\bdg2_fold2_multiseed_v2_coordinator\\seed44_validation"], "cwd": "C:\\Users\\nigel\\OneDrive\\Desktop\\GitHub\\confosense\\smart_building_conformal", "started_utc": "2026-09-14T10:54:50.702541+00:00", "logger_pid": 13844, "child_pid": 24392, "ended_utc": "2026-09-14T11:10:18.041337+00:00", "seconds": 927.3376911999949, "exit_status": 0}
