{
  "status": "complete",
  "action": "resume",
  "models_fitted": 0,
  "reused_model_units": 3,
  "fresh_data_identity_verified": true,
  "preparation_resources": {
    "seconds": 17.80138380000426,
    "baseline_rss_bytes": 324612096,
    "peak_rss_bytes": 480321536,
    "baseline_private_bytes": 282669056,
    "peak_private_bytes": 433111040,
    "incremental_peak_rss_bytes": 155709440,
    "lifetime_peak_rss_bytes": 488710144,
    "min_available_ram_bytes": 4394119168,
    "sample_interval_seconds": 0.05,
    "process_cpu_seconds": 17.40625
  },
  "protocol_hash": "6e0a75894df5a2ec4fa8ed9012956025089b82b4d04a42a051dc20244c9643c2",
  "source_hash": "cd907183301a189ddfcc195774dad58c8fa07d5b326d2ac29cf3636383dc681e",
  "all_run_files_unchanged": true
}
