{
  "status": "complete",
  "action": "resume",
  "models_fitted": 0,
  "reused_model_units": 3,
  "fresh_data_identity_verified": true,
  "preparation_resources": {
    "seconds": 17.80138380000426,
    "baseline_rss_bytes": 324612096,
    "peak_rss_bytes": 480321536,
    "baseline_private_bytes": 282669056,
    "peak_private_bytes": 433111040,
    "incremental_peak_rss_bytes": 155709440,
    "lifetime_peak_rss_bytes": 488710144,
    "min_available_ram_bytes": 4394119168,
    "sample_interval_seconds": 0.05,
    "process_cpu_seconds": 17.40625
  },
  "protocol_hash": "6e0a75894df5a2ec4fa8ed9012956025089b82b4d04a42a051dc20244c9643c2",
  "source_hash": "cd907183301a189ddfcc195774dad58c8fa07d5b326d2ac29cf3636383dc681e",
  "all_run_files_unchanged": true
}
{"command": ["C:/cfs_venv/Scripts/python.exe", "-B", "-m", "src.matched_forecasting005", "resume", "--matrix", "C:\\Users\\nigel\\OneDrive\\Desktop\\GitHub\\confosense\\smart_building_conformal\\outputs\\amendment005\\support_design_v1\\experiment_matrix.csv", "--dataset", "rico", "--horizon", "5", "--outer-fold", "2", "--model-seed", "44", "--design-dir", "C:\\Users\\nigel\\OneDrive\\Desktop\\GitHub\\confosense\\smart_building_conformal\\protocols\\matched_forecasting005\\rico_h5_f2_s44_v1", "--out", "C:\\Users\\nigel\\OneDrive\\Desktop\\GitHub\\confosense\\smart_building_conformal\\outputs\\matched_forecasting005\\rico_h5_f2_s44_v1", "--readiness", "C:\\Users\\nigel\\OneDrive\\Desktop\\GitHub\\confosense\\smart_building_conformal\\protocols\\matched_forecasting005\\rico_h5_f2_s44_v1\\readiness.json", "--receipt", "C:\\Users\\nigel\\OneDrive\\Desktop\\GitHub\\confosense\\smart_building_conformal\\outputs\\matched_forecasting005\\fold2_multiseed_batch_v1\\receipts\\rico_h5_f2_s44_v1\\resume_v1.json", "--forbid-fits"], "cwd": "C:\\Users\\nigel\\OneDrive\\Desktop\\GitHub\\confosense\\smart_building_conformal", "started_utc": "2026-09-14T00:10:58.590619+00:00", "logger_pid": 24292, "child_pid": 20548, "ended_utc": "2026-09-14T00:11:20.825657+00:00", "seconds": 22.23209650001081, "exit_status": 0}
