{
  "status": "complete",
  "action": "resume",
  "models_fitted": 0,
  "reused_model_units": 3,
  "fresh_data_identity_verified": true,
  "preparation_resources": {
    "seconds": 8.36316789999546,
    "baseline_rss_bytes": 324857856,
    "peak_rss_bytes": 1125257216,
    "baseline_private_bytes": 282587136,
    "peak_private_bytes": 1207889920,
    "incremental_peak_rss_bytes": 800399360,
    "lifetime_peak_rss_bytes": 1245114368,
    "min_available_ram_bytes": 4154097664,
    "sample_interval_seconds": 0.05,
    "process_cpu_seconds": 8.25
  },
  "protocol_hash": "b27f1feef915808c6510c0377190a06d1c9c41d2cf628facd895b6f01110082d",
  "source_hash": "cd907183301a189ddfcc195774dad58c8fa07d5b326d2ac29cf3636383dc681e",
  "all_run_files_unchanged": true
}
{"command": ["C:/cfs_venv/Scripts/python.exe", "-B", "-m", "src.matched_forecasting005", "resume", "--matrix", "C:\\Users\\nigel\\OneDrive\\Desktop\\GitHub\\confosense\\smart_building_conformal\\outputs\\amendment005\\support_design_v1\\experiment_matrix.csv", "--dataset", "pleia", "--horizon", "3", "--outer-fold", "2", "--model-seed", "46", "--design-dir", "C:\\Users\\nigel\\OneDrive\\Desktop\\GitHub\\confosense\\smart_building_conformal\\protocols\\matched_forecasting005\\pleia_h3_f2_s46_v1", "--out", "C:\\Users\\nigel\\OneDrive\\Desktop\\GitHub\\confosense\\smart_building_conformal\\outputs\\matched_forecasting005\\pleia_h3_f2_s46_v1", "--readiness", "C:\\Users\\nigel\\OneDrive\\Desktop\\GitHub\\confosense\\smart_building_conformal\\protocols\\matched_forecasting005\\pleia_h3_f2_s46_v1\\readiness.json", "--receipt", "C:\\Users\\nigel\\OneDrive\\Desktop\\GitHub\\confosense\\smart_building_conformal\\outputs\\matched_forecasting005\\fold2_multiseed_batch_v1\\receipts\\pleia_h3_f2_s46_v1\\resume_v1.json", "--forbid-fits"], "cwd": "C:\\Users\\nigel\\OneDrive\\Desktop\\GitHub\\confosense\\smart_building_conformal", "started_utc": "2026-09-14T03:01:59.606216+00:00", "logger_pid": 28924, "child_pid": 21920, "ended_utc": "2026-09-14T03:02:12.321325+00:00", "seconds": 12.714031100011198, "exit_status": 0}
