{
  "passed": true,
  "models_fitted": 0,
  "calibrators_fitted": 0,
  "contexts": 68,
  "scheduled_fault_slots": 2856,
  "unique_context_streams": 2161,
  "independently_reconstructed_event_rows": 171360,
  "fullstream_workload_checks": 60,
  "maximum_absolute_difference": 1.0547118733938987e-15,
  "checks": 61200,
  "source_artifacts_unchanged": true,
  "resources": {
    "seconds": 5319.282897700003,
    "baseline_rss_bytes": 463560704,
    "peak_rss_bytes": 897335296,
    "baseline_private_bytes": 422215680,
    "peak_private_bytes": 863780864,
    "incremental_peak_rss_bytes": 433774592,
    "lifetime_peak_rss_bytes": 898490368,
    "min_available_ram_bytes": 223236096,
    "sample_interval_seconds": 0.05,
    "process_cpu_seconds": 4292.5625
  },
  "actual_exit_status": 0
}
{"command": ["C:/cfs_venv/Scripts/python.exe", "-B", "-m", "src.conditional_context005", "validate", "--manifest", "C:\\Users\\nigel\\OneDrive\\Desktop\\GitHub\\confosense\\review\\pleia_energy_context005_multiseed_20260915\\pleia_energy_f2_s43_C_v1_execution_manifest.json", "--design", "C:\\Users\\nigel\\OneDrive\\Desktop\\GitHub\\confosense\\smart_building_conformal\\protocols\\conditional_context005\\pleia_energy_f2_s43_C_v1", "--out", "C:\\Users\\nigel\\OneDrive\\Desktop\\GitHub\\confosense\\smart_building_conformal\\outputs\\conditional_context005\\pleia_energy_f2_s43_C_v1", "--readiness", "C:\\Users\\nigel\\OneDrive\\Desktop\\GitHub\\confosense\\smart_building_conformal\\protocols\\conditional_context005\\pleia_energy_f2_s43_C_v1\\readiness.json", "--receipt", "C:\\Users\\nigel\\OneDrive\\Desktop\\GitHub\\confosense\\smart_building_conformal\\outputs\\conditional_context005\\pleia_energy_f2_context005_multiseed_v1_coordinator\\seed_43_validation"], "cwd": "C:\\Users\\nigel\\OneDrive\\Desktop\\GitHub\\confosense\\smart_building_conformal", "started_utc": "2026-09-15T00:41:41.787743+00:00", "logger_pid": 2584, "child_pid": 32936, "ended_utc": "2026-09-15T02:19:16.066019+00:00", "seconds": 5854.2697703999875, "exit_status": 0}
