{
  "frozen": true,
  "rows": {
    "final_fit": 520,
    "final_calibration": 420,
    "outer_test": 442
  },
  "contexts": 2,
  "schedules": 84,
  "models_fitted": 0,
  "resources": {
    "seconds": 0.5963445999950636,
    "baseline_rss_bytes": 321777664,
    "peak_rss_bytes": 326492160,
    "baseline_private_bytes": 280100864,
    "peak_private_bytes": 283377664,
    "incremental_peak_rss_bytes": 4714496,
    "lifetime_peak_rss_bytes": 326762496,
    "min_available_ram_bytes": 2613571584,
    "sample_interval_seconds": 0.05,
    "process_cpu_seconds": 0.515625
  }
}
