{
  "frozen": true,
  "rows": {
    "final_fit": 520,
    "final_calibration": 420,
    "outer_test": 442
  },
  "contexts": 2,
  "schedules": 84,
  "models_fitted": 0,
  "resources": {
    "seconds": 0.5963445999950636,
    "baseline_rss_bytes": 321777664,
    "peak_rss_bytes": 326492160,
    "baseline_private_bytes": 280100864,
    "peak_private_bytes": 283377664,
    "incremental_peak_rss_bytes": 4714496,
    "lifetime_peak_rss_bytes": 326762496,
    "min_available_ram_bytes": 2613571584,
    "sample_interval_seconds": 0.05,
    "process_cpu_seconds": 0.515625
  }
}
{"command": ["C:/cfs_venv/Scripts/python.exe", "-B", "-m", "src.conditional_context005", "freeze", "--manifest", "C:\\Users\\nigel\\OneDrive\\Desktop\\GitHub\\confosense\\review\\context_replay005_implementation_20260914\\synthetic_rico_v1.json", "--design", "C:\\Users\\nigel\\OneDrive\\Desktop\\GitHub\\confosense\\smart_building_conformal\\protocols\\conditional_context005\\synthetic_rico_v1", "--out", "C:\\Users\\nigel\\OneDrive\\Desktop\\GitHub\\confosense\\smart_building_conformal\\outputs\\conditional_context005\\synthetic_rico_v1", "--readiness", "C:\\Users\\nigel\\OneDrive\\Desktop\\GitHub\\confosense\\smart_building_conformal\\protocols\\conditional_context005\\synthetic_rico_v1\\readiness.json", "--receipt", "C:\\Users\\nigel\\OneDrive\\Desktop\\GitHub\\confosense\\smart_building_conformal\\protocols\\conditional_context005\\synthetic_rico_v1\\readiness.json"], "cwd": "C:\\Users\\nigel\\OneDrive\\Desktop\\GitHub\\confosense\\smart_building_conformal", "started_utc": "2026-09-14T15:41:29.428202+00:00", "logger_pid": 7264, "child_pid": 30232, "ended_utc": "2026-09-14T15:41:33.872286+00:00", "seconds": 4.44269080000231, "exit_status": 0}
