PREPARE horizon 5
OWNER h5_cqr_l90
INFO:root:The predictions are ill-sorted.
INFO:root:The predictions are ill-sorted.
INFO:root:The predictions are ill-sorted.
INFO:root:The predictions are ill-sorted.
INFO:root:The predictions are ill-sorted.
INFO:root:The predictions are ill-sorted.
INFO:root:The predictions are ill-sorted.
INFO:root:The predictions are ill-sorted.
INFO:root:The predictions are ill-sorted.
INFO:root:The predictions are ill-sorted.
INFO:root:The predictions are ill-sorted.
INFO:root:The predictions are ill-sorted.
INFO:root:The predictions are ill-sorted.
INFO:root:The predictions are ill-sorted.
INFO:root:The predictions are ill-sorted.
INFO:root:The predictions are ill-sorted.
INFO:root:The predictions are ill-sorted.
INFO:root:The predictions are ill-sorted.
INFO:root:The predictions are ill-sorted.
INFO:root:The predictions are ill-sorted.
INFO:root:The predictions are ill-sorted.
INFO:root:The predictions are ill-sorted.
INFO:root:The predictions are ill-sorted.
INFO:root:The predictions are ill-sorted.
INFO:root:The predictions are ill-sorted.
INFO:root:The predictions are ill-sorted.
INFO:root:The predictions are ill-sorted.
INFO:root:The predictions are ill-sorted.
INFO:root:The predictions are ill-sorted.
INFO:root:The predictions are ill-sorted.
INFO:root:The predictions are ill-sorted.
INFO:root:The predictions are ill-sorted.
INFO:root:The predictions are ill-sorted.
INFO:root:The predictions are ill-sorted.
INFO:root:The predictions are ill-sorted.
INFO:root:The predictions are ill-sorted.
INFO:root:The predictions are ill-sorted.
INFO:root:The predictions are ill-sorted.
INFO:root:The predictions are ill-sorted.
INFO:root:The predictions are ill-sorted.
INFO:root:The predictions are ill-sorted.
INFO:root:The predictions are ill-sorted.
INFO:root:The predictions are ill-sorted.
INFO:root:The predictions are ill-sorted.
INFO:root:The predictions are ill-sorted.
INFO:root:The predictions are ill-sorted.
INFO:root:The predictions are ill-sorted.
INFO:root:The predictions are ill-sorted.
INFO:root:The predictions are ill-sorted.
INFO:root:The predictions are ill-sorted.
INFO:root:The predictions are ill-sorted.
INFO:root:The predictions are ill-sorted.
INFO:root:The predictions are ill-sorted.
INFO:root:The predictions are ill-sorted.
INFO:root:The predictions are ill-sorted.
INFO:root:The predictions are ill-sorted.
INFO:root:The predictions are ill-sorted.
INFO:root:The predictions are ill-sorted.
INFO:root:The predictions are ill-sorted.
INFO:root:The predictions are ill-sorted.
INFO:root:The predictions are ill-sorted.
INFO:root:The predictions are ill-sorted.
INFO:root:The predictions are ill-sorted.
INFO:root:The predictions are ill-sorted.
INFO:root:The predictions are ill-sorted.
INFO:root:The predictions are ill-sorted.
INFO:root:The predictions are ill-sorted.
INFO:root:The predictions are ill-sorted.
INFO:root:The predictions are ill-sorted.
INFO:root:The predictions are ill-sorted.
INFO:root:The predictions are ill-sorted.
INFO:root:The predictions are ill-sorted.
INFO:root:The predictions are ill-sorted.
INFO:root:The predictions are ill-sorted.
INFO:root:The predictions are ill-sorted.
INFO:root:The predictions are ill-sorted.
INFO:root:The predictions are ill-sorted.
INFO:root:The predictions are ill-sorted.
INFO:root:The predictions are ill-sorted.
INFO:root:The predictions are ill-sorted.
INFO:root:The predictions are ill-sorted.
INFO:root:The predictions are ill-sorted.
INFO:root:The predictions are ill-sorted.
INFO:root:The predictions are ill-sorted.
INFO:root:The predictions are ill-sorted.
INFO:root:The predictions are ill-sorted.
INFO:root:The predictions are ill-sorted.
INFO:root:The predictions are ill-sorted.
INFO:root:The predictions are ill-sorted.
INFO:root:The predictions are ill-sorted.
INFO:root:The predictions are ill-sorted.
INFO:root:The predictions are ill-sorted.
INFO:root:The predictions are ill-sorted.
INFO:root:The predictions are ill-sorted.
INFO:root:The predictions are ill-sorted.
INFO:root:The predictions are ill-sorted.
INFO:root:The predictions are ill-sorted.
INFO:root:The predictions are ill-sorted.
STREAM stream_h5_l90_quantile_uncalibrated
STREAM stream_h5_l90_cqr
OWNER h5_cqr_l95
INFO:root:The predictions are ill-sorted.
INFO:root:The predictions are ill-sorted.
INFO:root:The predictions are ill-sorted.
INFO:root:The predictions are ill-sorted.
INFO:root:The predictions are ill-sorted.
INFO:root:The predictions are ill-sorted.
INFO:root:The predictions are ill-sorted.
INFO:root:The predictions are ill-sorted.
INFO:root:The predictions are ill-sorted.
INFO:root:The predictions are ill-sorted.
INFO:root:The predictions are ill-sorted.
INFO:root:The predictions are ill-sorted.
INFO:root:The predictions are ill-sorted.
INFO:root:The predictions are ill-sorted.
INFO:root:The predictions are ill-sorted.
INFO:root:The predictions are ill-sorted.
INFO:root:The predictions are ill-sorted.
INFO:root:The predictions are ill-sorted.
INFO:root:The predictions are ill-sorted.
INFO:root:The predictions are ill-sorted.
INFO:root:The predictions are ill-sorted.
INFO:root:The predictions are ill-sorted.
INFO:root:The predictions are ill-sorted.
INFO:root:The predictions are ill-sorted.
INFO:root:The predictions are ill-sorted.
INFO:root:The predictions are ill-sorted.
INFO:root:The predictions are ill-sorted.
INFO:root:The predictions are ill-sorted.
INFO:root:The predictions are ill-sorted.
INFO:root:The predictions are ill-sorted.
INFO:root:The predictions are ill-sorted.
INFO:root:The predictions are ill-sorted.
INFO:root:The predictions are ill-sorted.
INFO:root:The predictions are ill-sorted.
INFO:root:The predictions are ill-sorted.
INFO:root:The predictions are ill-sorted.
INFO:root:The predictions are ill-sorted.
INFO:root:The predictions are ill-sorted.
INFO:root:The predictions are ill-sorted.
INFO:root:The predictions are ill-sorted.
INFO:root:The predictions are ill-sorted.
INFO:root:The predictions are ill-sorted.
INFO:root:The predictions are ill-sorted.
INFO:root:The predictions are ill-sorted.
INFO:root:The predictions are ill-sorted.
INFO:root:The predictions are ill-sorted.
INFO:root:The predictions are ill-sorted.
INFO:root:The predictions are ill-sorted.
INFO:root:The predictions are ill-sorted.
INFO:root:The predictions are ill-sorted.
INFO:root:The predictions are ill-sorted.
INFO:root:The predictions are ill-sorted.
INFO:root:The predictions are ill-sorted.
INFO:root:The predictions are ill-sorted.
INFO:root:The predictions are ill-sorted.
INFO:root:The predictions are ill-sorted.
INFO:root:The predictions are ill-sorted.
INFO:root:The predictions are ill-sorted.
INFO:root:The predictions are ill-sorted.
INFO:root:The predictions are ill-sorted.
INFO:root:The predictions are ill-sorted.
INFO:root:The predictions are ill-sorted.
INFO:root:The predictions are ill-sorted.
INFO:root:The predictions are ill-sorted.
INFO:root:The predictions are ill-sorted.
INFO:root:The predictions are ill-sorted.
INFO:root:The predictions are ill-sorted.
INFO:root:The predictions are ill-sorted.
INFO:root:The predictions are ill-sorted.
STREAM stream_h5_l95_quantile_uncalibrated
STREAM stream_h5_l95_cqr
OWNER h5_enbpi
C:\cfs_venv\Lib\site-packages\mapie\utils.py:668: UserWarning: WARNING: at least one point of training set belongs to every resamplings.
Increase the number of resamplings
  warnings.warn(
C:\cfs_venv\Lib\site-packages\mapie\aggregation_functions.py:118: RuntimeWarning: Mean of empty slice
  return cast(NDArray, np.nanmean(X, axis=1))
C:\cfs_venv\Lib\site-packages\mapie\utils.py:668: UserWarning: WARNING: at least one point of training set belongs to every resamplings.
Increase the number of resamplings
  warnings.warn(
C:\cfs_venv\Lib\site-packages\mapie\aggregation_functions.py:118: RuntimeWarning: Mean of empty slice
  return cast(NDArray, np.nanmean(X, axis=1))
C:\cfs_venv\Lib\site-packages\mapie\estimator\regressor.py:298: RuntimeWarning: invalid value encountered in divide
  return cast(NDArray, np.matmul(x, (K / (K.sum(axis=1, keepdims=True))).T))
C:\cfs_venv\Lib\site-packages\mapie\estimator\regressor.py:298: RuntimeWarning: invalid value encountered in divide
  return cast(NDArray, np.matmul(x, (K / (K.sum(axis=1, keepdims=True))).T))
STREAM stream_h5_l90_recentred_enbpi_static
STREAM stream_h5_l90_recentred_enbpi_updated
STREAM stream_h5_l95_recentred_enbpi_static
STREAM stream_h5_l95_recentred_enbpi_updated
PREPARE horizon 15
OWNER h15_cqr_l90
INFO:root:The predictions are ill-sorted.
INFO:root:The predictions are ill-sorted.
INFO:root:The predictions are ill-sorted.
INFO:root:The predictions are ill-sorted.
INFO:root:The predictions are ill-sorted.
INFO:root:The predictions are ill-sorted.
INFO:root:The predictions are ill-sorted.
INFO:root:The predictions are ill-sorted.
INFO:root:The predictions are ill-sorted.
INFO:root:The predictions are ill-sorted.
INFO:root:The predictions are ill-sorted.
INFO:root:The predictions are ill-sorted.
INFO:root:The predictions are ill-sorted.
INFO:root:The predictions are ill-sorted.
INFO:root:The predictions are ill-sorted.
INFO:root:The predictions are ill-sorted.
INFO:root:The predictions are ill-sorted.
INFO:root:The predictions are ill-sorted.
INFO:root:The predictions are ill-sorted.
INFO:root:The predictions are ill-sorted.
INFO:root:The predictions are ill-sorted.
INFO:root:The predictions are ill-sorted.
INFO:root:The predictions are ill-sorted.
INFO:root:The predictions are ill-sorted.
INFO:root:The predictions are ill-sorted.
INFO:root:The predictions are ill-sorted.
INFO:root:The predictions are ill-sorted.
INFO:root:The predictions are ill-sorted.
INFO:root:The predictions are ill-sorted.
INFO:root:The predictions are ill-sorted.
INFO:root:The predictions are ill-sorted.
INFO:root:The predictions are ill-sorted.
INFO:root:The predictions are ill-sorted.
INFO:root:The predictions are ill-sorted.
INFO:root:The predictions are ill-sorted.
INFO:root:The predictions are ill-sorted.
INFO:root:The predictions are ill-sorted.
INFO:root:The predictions are ill-sorted.
INFO:root:The predictions are ill-sorted.
INFO:root:The predictions are ill-sorted.
INFO:root:The predictions are ill-sorted.
INFO:root:The predictions are ill-sorted.
INFO:root:The predictions are ill-sorted.
INFO:root:The predictions are ill-sorted.
INFO:root:The predictions are ill-sorted.
INFO:root:The predictions are ill-sorted.
INFO:root:The predictions are ill-sorted.
INFO:root:The predictions are ill-sorted.
INFO:root:The predictions are ill-sorted.
INFO:root:The predictions are ill-sorted.
INFO:root:The predictions are ill-sorted.
INFO:root:The predictions are ill-sorted.
INFO:root:The predictions are ill-sorted.
INFO:root:The predictions are ill-sorted.
INFO:root:The predictions are ill-sorted.
INFO:root:The predictions are ill-sorted.
INFO:root:The predictions are ill-sorted.
INFO:root:The predictions are ill-sorted.
INFO:root:The predictions are ill-sorted.
INFO:root:The predictions are ill-sorted.
INFO:root:The predictions are ill-sorted.
INFO:root:The predictions are ill-sorted.
INFO:root:The predictions are ill-sorted.
INFO:root:The predictions are ill-sorted.
INFO:root:The predictions are ill-sorted.
INFO:root:The predictions are ill-sorted.
INFO:root:The predictions are ill-sorted.
INFO:root:The predictions are ill-sorted.
INFO:root:The predictions are ill-sorted.
INFO:root:The predictions are ill-sorted.
INFO:root:The predictions are ill-sorted.
INFO:root:The predictions are ill-sorted.
INFO:root:The predictions are ill-sorted.
INFO:root:The predictions are ill-sorted.
INFO:root:The predictions are ill-sorted.
INFO:root:The predictions are ill-sorted.
INFO:root:The predictions are ill-sorted.
INFO:root:The predictions are ill-sorted.
INFO:root:The predictions are ill-sorted.
INFO:root:The predictions are ill-sorted.
INFO:root:The predictions are ill-sorted.
INFO:root:The predictions are ill-sorted.
INFO:root:The predictions are ill-sorted.
INFO:root:The predictions are ill-sorted.
INFO:root:The predictions are ill-sorted.
INFO:root:The predictions are ill-sorted.
INFO:root:The predictions are ill-sorted.
INFO:root:The predictions are ill-sorted.
INFO:root:The predictions are ill-sorted.
INFO:root:The predictions are ill-sorted.
INFO:root:The predictions are ill-sorted.
INFO:root:The predictions are ill-sorted.
INFO:root:The predictions are ill-sorted.
INFO:root:The predictions are ill-sorted.
STREAM stream_h15_l90_quantile_uncalibrated
STREAM stream_h15_l90_cqr
OWNER h15_cqr_l95
INFO:root:The predictions are ill-sorted.
INFO:root:The predictions are ill-sorted.
INFO:root:The predictions are ill-sorted.
INFO:root:The predictions are ill-sorted.
INFO:root:The predictions are ill-sorted.
INFO:root:The predictions are ill-sorted.
INFO:root:The predictions are ill-sorted.
INFO:root:The predictions are ill-sorted.
INFO:root:The predictions are ill-sorted.
INFO:root:The predictions are ill-sorted.
INFO:root:The predictions are ill-sorted.
INFO:root:The predictions are ill-sorted.
INFO:root:The predictions are ill-sorted.
INFO:root:The predictions are ill-sorted.
INFO:root:The predictions are ill-sorted.
INFO:root:The predictions are ill-sorted.
INFO:root:The predictions are ill-sorted.
INFO:root:The predictions are ill-sorted.
INFO:root:The predictions are ill-sorted.
INFO:root:The predictions are ill-sorted.
INFO:root:The predictions are ill-sorted.
INFO:root:The predictions are ill-sorted.
INFO:root:The predictions are ill-sorted.
INFO:root:The predictions are ill-sorted.
INFO:root:The predictions are ill-sorted.
INFO:root:The predictions are ill-sorted.
INFO:root:The predictions are ill-sorted.
INFO:root:The predictions are ill-sorted.
INFO:root:The predictions are ill-sorted.
INFO:root:The predictions are ill-sorted.
INFO:root:The predictions are ill-sorted.
INFO:root:The predictions are ill-sorted.
INFO:root:The predictions are ill-sorted.
INFO:root:The predictions are ill-sorted.
INFO:root:The predictions are ill-sorted.
INFO:root:The predictions are ill-sorted.
INFO:root:The predictions are ill-sorted.
INFO:root:The predictions are ill-sorted.
INFO:root:The predictions are ill-sorted.
INFO:root:The predictions are ill-sorted.
INFO:root:The predictions are ill-sorted.
INFO:root:The predictions are ill-sorted.
INFO:root:The predictions are ill-sorted.
INFO:root:The predictions are ill-sorted.
INFO:root:The predictions are ill-sorted.
INFO:root:The predictions are ill-sorted.
INFO:root:The predictions are ill-sorted.
INFO:root:The predictions are ill-sorted.
INFO:root:The predictions are ill-sorted.
INFO:root:The predictions are ill-sorted.
INFO:root:The predictions are ill-sorted.
INFO:root:The predictions are ill-sorted.
INFO:root:The predictions are ill-sorted.
INFO:root:The predictions are ill-sorted.
INFO:root:The predictions are ill-sorted.
INFO:root:The predictions are ill-sorted.
INFO:root:The predictions are ill-sorted.
INFO:root:The predictions are ill-sorted.
INFO:root:The predictions are ill-sorted.
INFO:root:The predictions are ill-sorted.
INFO:root:The predictions are ill-sorted.
INFO:root:The predictions are ill-sorted.
INFO:root:The predictions are ill-sorted.
INFO:root:The predictions are ill-sorted.
INFO:root:The predictions are ill-sorted.
INFO:root:The predictions are ill-sorted.
INFO:root:The predictions are ill-sorted.
INFO:root:The predictions are ill-sorted.
INFO:root:The predictions are ill-sorted.
INFO:root:The predictions are ill-sorted.
INFO:root:The predictions are ill-sorted.
INFO:root:The predictions are ill-sorted.
INFO:root:The predictions are ill-sorted.
INFO:root:The predictions are ill-sorted.
INFO:root:The predictions are ill-sorted.
INFO:root:The predictions are ill-sorted.
INFO:root:The predictions are ill-sorted.
INFO:root:The predictions are ill-sorted.
INFO:root:The predictions are ill-sorted.
STREAM stream_h15_l95_quantile_uncalibrated
STREAM stream_h15_l95_cqr
OWNER h15_enbpi
C:\cfs_venv\Lib\site-packages\mapie\utils.py:668: UserWarning: WARNING: at least one point of training set belongs to every resamplings.
Increase the number of resamplings
  warnings.warn(
C:\cfs_venv\Lib\site-packages\mapie\aggregation_functions.py:118: RuntimeWarning: Mean of empty slice
  return cast(NDArray, np.nanmean(X, axis=1))
C:\cfs_venv\Lib\site-packages\mapie\utils.py:668: UserWarning: WARNING: at least one point of training set belongs to every resamplings.
Increase the number of resamplings
  warnings.warn(
C:\cfs_venv\Lib\site-packages\mapie\aggregation_functions.py:118: RuntimeWarning: Mean of empty slice
  return cast(NDArray, np.nanmean(X, axis=1))
C:\cfs_venv\Lib\site-packages\mapie\estimator\regressor.py:298: RuntimeWarning: invalid value encountered in divide
  return cast(NDArray, np.matmul(x, (K / (K.sum(axis=1, keepdims=True))).T))
C:\cfs_venv\Lib\site-packages\mapie\estimator\regressor.py:298: RuntimeWarning: invalid value encountered in divide
  return cast(NDArray, np.matmul(x, (K / (K.sum(axis=1, keepdims=True))).T))
STREAM stream_h15_l90_recentred_enbpi_static
STREAM stream_h15_l90_recentred_enbpi_updated
STREAM stream_h15_l95_recentred_enbpi_static
STREAM stream_h15_l95_recentred_enbpi_updated
PREPARE horizon 30
OWNER h30_cqr_l90
INFO:root:The predictions are ill-sorted.
INFO:root:The predictions are ill-sorted.
INFO:root:The predictions are ill-sorted.
INFO:root:The predictions are ill-sorted.
INFO:root:The predictions are ill-sorted.
INFO:root:The predictions are ill-sorted.
INFO:root:The predictions are ill-sorted.
INFO:root:The predictions are ill-sorted.
INFO:root:The predictions are ill-sorted.
INFO:root:The predictions are ill-sorted.
INFO:root:The predictions are ill-sorted.
INFO:root:The predictions are ill-sorted.
INFO:root:The predictions are ill-sorted.
INFO:root:The predictions are ill-sorted.
INFO:root:The predictions are ill-sorted.
INFO:root:The predictions are ill-sorted.
INFO:root:The predictions are ill-sorted.
INFO:root:The predictions are ill-sorted.
INFO:root:The predictions are ill-sorted.
INFO:root:The predictions are ill-sorted.
INFO:root:The predictions are ill-sorted.
INFO:root:The predictions are ill-sorted.
INFO:root:The predictions are ill-sorted.
INFO:root:The predictions are ill-sorted.
INFO:root:The predictions are ill-sorted.
INFO:root:The predictions are ill-sorted.
INFO:root:The predictions are ill-sorted.
INFO:root:The predictions are ill-sorted.
INFO:root:The predictions are ill-sorted.
INFO:root:The predictions are ill-sorted.
INFO:root:The predictions are ill-sorted.
INFO:root:The predictions are ill-sorted.
INFO:root:The predictions are ill-sorted.
INFO:root:The predictions are ill-sorted.
INFO:root:The predictions are ill-sorted.
INFO:root:The predictions are ill-sorted.
INFO:root:The predictions are ill-sorted.
INFO:root:The predictions are ill-sorted.
INFO:root:The predictions are ill-sorted.
INFO:root:The predictions are ill-sorted.
INFO:root:The predictions are ill-sorted.
INFO:root:The predictions are ill-sorted.
INFO:root:The predictions are ill-sorted.
INFO:root:The predictions are ill-sorted.
INFO:root:The predictions are ill-sorted.
INFO:root:The predictions are ill-sorted.
INFO:root:The predictions are ill-sorted.
INFO:root:The predictions are ill-sorted.
INFO:root:The predictions are ill-sorted.
INFO:root:The predictions are ill-sorted.
INFO:root:The predictions are ill-sorted.
INFO:root:The predictions are ill-sorted.
INFO:root:The predictions are ill-sorted.
INFO:root:The predictions are ill-sorted.
INFO:root:The predictions are ill-sorted.
INFO:root:The predictions are ill-sorted.
INFO:root:The predictions are ill-sorted.
INFO:root:The predictions are ill-sorted.
INFO:root:The predictions are ill-sorted.
INFO:root:The predictions are ill-sorted.
INFO:root:The predictions are ill-sorted.
INFO:root:The predictions are ill-sorted.
INFO:root:The predictions are ill-sorted.
INFO:root:The predictions are ill-sorted.
INFO:root:The predictions are ill-sorted.
INFO:root:The predictions are ill-sorted.
INFO:root:The predictions are ill-sorted.
INFO:root:The predictions are ill-sorted.
INFO:root:The predictions are ill-sorted.
INFO:root:The predictions are ill-sorted.
INFO:root:The predictions are ill-sorted.
INFO:root:The predictions are ill-sorted.
INFO:root:The predictions are ill-sorted.
INFO:root:The predictions are ill-sorted.
INFO:root:The predictions are ill-sorted.
INFO:root:The predictions are ill-sorted.
INFO:root:The predictions are ill-sorted.
INFO:root:The predictions are ill-sorted.
INFO:root:The predictions are ill-sorted.
STREAM stream_h30_l90_quantile_uncalibrated
STREAM stream_h30_l90_cqr
OWNER h30_cqr_l95
INFO:root:The predictions are ill-sorted.
INFO:root:The predictions are ill-sorted.
INFO:root:The predictions are ill-sorted.
INFO:root:The predictions are ill-sorted.
INFO:root:The predictions are ill-sorted.
INFO:root:The predictions are ill-sorted.
INFO:root:The predictions are ill-sorted.
INFO:root:The predictions are ill-sorted.
INFO:root:The predictions are ill-sorted.
INFO:root:The predictions are ill-sorted.
INFO:root:The predictions are ill-sorted.
INFO:root:The predictions are ill-sorted.
INFO:root:The predictions are ill-sorted.
INFO:root:The predictions are ill-sorted.
INFO:root:The predictions are ill-sorted.
INFO:root:The predictions are ill-sorted.
INFO:root:The predictions are ill-sorted.
INFO:root:The predictions are ill-sorted.
INFO:root:The predictions are ill-sorted.
INFO:root:The predictions are ill-sorted.
INFO:root:The predictions are ill-sorted.
INFO:root:The predictions are ill-sorted.
INFO:root:The predictions are ill-sorted.
INFO:root:The predictions are ill-sorted.
INFO:root:The predictions are ill-sorted.
INFO:root:The predictions are ill-sorted.
INFO:root:The predictions are ill-sorted.
INFO:root:The predictions are ill-sorted.
INFO:root:The predictions are ill-sorted.
INFO:root:The predictions are ill-sorted.
INFO:root:The predictions are ill-sorted.
INFO:root:The predictions are ill-sorted.
INFO:root:The predictions are ill-sorted.
INFO:root:The predictions are ill-sorted.
INFO:root:The predictions are ill-sorted.
INFO:root:The predictions are ill-sorted.
INFO:root:The predictions are ill-sorted.
INFO:root:The predictions are ill-sorted.
INFO:root:The predictions are ill-sorted.
INFO:root:The predictions are ill-sorted.
INFO:root:The predictions are ill-sorted.
INFO:root:The predictions are ill-sorted.
INFO:root:The predictions are ill-sorted.
INFO:root:The predictions are ill-sorted.
INFO:root:The predictions are ill-sorted.
INFO:root:The predictions are ill-sorted.
INFO:root:The predictions are ill-sorted.
INFO:root:The predictions are ill-sorted.
INFO:root:The predictions are ill-sorted.
INFO:root:The predictions are ill-sorted.
INFO:root:The predictions are ill-sorted.
INFO:root:The predictions are ill-sorted.
INFO:root:The predictions are ill-sorted.
INFO:root:The predictions are ill-sorted.
INFO:root:The predictions are ill-sorted.
INFO:root:The predictions are ill-sorted.
INFO:root:The predictions are ill-sorted.
INFO:root:The predictions are ill-sorted.
INFO:root:The predictions are ill-sorted.
INFO:root:The predictions are ill-sorted.
INFO:root:The predictions are ill-sorted.
INFO:root:The predictions are ill-sorted.
INFO:root:The predictions are ill-sorted.
INFO:root:The predictions are ill-sorted.
INFO:root:The predictions are ill-sorted.
INFO:root:The predictions are ill-sorted.
INFO:root:The predictions are ill-sorted.
INFO:root:The predictions are ill-sorted.
INFO:root:The predictions are ill-sorted.
STREAM stream_h30_l95_quantile_uncalibrated
STREAM stream_h30_l95_cqr
OWNER h30_enbpi
C:\cfs_venv\Lib\site-packages\mapie\utils.py:668: UserWarning: WARNING: at least one point of training set belongs to every resamplings.
Increase the number of resamplings
  warnings.warn(
C:\cfs_venv\Lib\site-packages\mapie\aggregation_functions.py:118: RuntimeWarning: Mean of empty slice
  return cast(NDArray, np.nanmean(X, axis=1))
C:\cfs_venv\Lib\site-packages\mapie\utils.py:668: UserWarning: WARNING: at least one point of training set belongs to every resamplings.
Increase the number of resamplings
  warnings.warn(
C:\cfs_venv\Lib\site-packages\mapie\aggregation_functions.py:118: RuntimeWarning: Mean of empty slice
  return cast(NDArray, np.nanmean(X, axis=1))
C:\cfs_venv\Lib\site-packages\mapie\estimator\regressor.py:298: RuntimeWarning: invalid value encountered in divide
  return cast(NDArray, np.matmul(x, (K / (K.sum(axis=1, keepdims=True))).T))
C:\cfs_venv\Lib\site-packages\mapie\estimator\regressor.py:298: RuntimeWarning: invalid value encountered in divide
  return cast(NDArray, np.matmul(x, (K / (K.sum(axis=1, keepdims=True))).T))
STREAM stream_h30_l90_recentred_enbpi_static
STREAM stream_h30_l90_recentred_enbpi_updated
STREAM stream_h30_l95_recentred_enbpi_static
STREAM stream_h30_l95_recentred_enbpi_updated
PREPARE horizon 60
OWNER h60_cqr_l90
INFO:root:The predictions are ill-sorted.
INFO:root:The predictions are ill-sorted.
INFO:root:The predictions are ill-sorted.
INFO:root:The predictions are ill-sorted.
INFO:root:The predictions are ill-sorted.
INFO:root:The predictions are ill-sorted.
INFO:root:The predictions are ill-sorted.
INFO:root:The predictions are ill-sorted.
INFO:root:The predictions are ill-sorted.
INFO:root:The predictions are ill-sorted.
INFO:root:The predictions are ill-sorted.
INFO:root:The predictions are ill-sorted.
INFO:root:The predictions are ill-sorted.
INFO:root:The predictions are ill-sorted.
INFO:root:The predictions are ill-sorted.
INFO:root:The predictions are ill-sorted.
INFO:root:The predictions are ill-sorted.
INFO:root:The predictions are ill-sorted.
INFO:root:The predictions are ill-sorted.
INFO:root:The predictions are ill-sorted.
INFO:root:The predictions are ill-sorted.
INFO:root:The predictions are ill-sorted.
INFO:root:The predictions are ill-sorted.
INFO:root:The predictions are ill-sorted.
INFO:root:The predictions are ill-sorted.
INFO:root:The predictions are ill-sorted.
INFO:root:The predictions are ill-sorted.
INFO:root:The predictions are ill-sorted.
INFO:root:The predictions are ill-sorted.
INFO:root:The predictions are ill-sorted.
INFO:root:The predictions are ill-sorted.
INFO:root:The predictions are ill-sorted.
INFO:root:The predictions are ill-sorted.
INFO:root:The predictions are ill-sorted.
INFO:root:The predictions are ill-sorted.
INFO:root:The predictions are ill-sorted.
INFO:root:The predictions are ill-sorted.
INFO:root:The predictions are ill-sorted.
INFO:root:The predictions are ill-sorted.
INFO:root:The predictions are ill-sorted.
INFO:root:The predictions are ill-sorted.
INFO:root:The predictions are ill-sorted.
INFO:root:The predictions are ill-sorted.
INFO:root:The predictions are ill-sorted.
INFO:root:The predictions are ill-sorted.
INFO:root:The predictions are ill-sorted.
INFO:root:The predictions are ill-sorted.
INFO:root:The predictions are ill-sorted.
INFO:root:The predictions are ill-sorted.
STREAM stream_h60_l90_quantile_uncalibrated
STREAM stream_h60_l90_cqr
OWNER h60_cqr_l95
INFO:root:The predictions are ill-sorted.
INFO:root:The predictions are ill-sorted.
INFO:root:The predictions are ill-sorted.
INFO:root:The predictions are ill-sorted.
INFO:root:The predictions are ill-sorted.
INFO:root:The predictions are ill-sorted.
INFO:root:The predictions are ill-sorted.
INFO:root:The predictions are ill-sorted.
INFO:root:The predictions are ill-sorted.
INFO:root:The predictions are ill-sorted.
INFO:root:The predictions are ill-sorted.
INFO:root:The predictions are ill-sorted.
INFO:root:The predictions are ill-sorted.
INFO:root:The predictions are ill-sorted.
INFO:root:The predictions are ill-sorted.
INFO:root:The predictions are ill-sorted.
INFO:root:The predictions are ill-sorted.
INFO:root:The predictions are ill-sorted.
INFO:root:The predictions are ill-sorted.
INFO:root:The predictions are ill-sorted.
INFO:root:The predictions are ill-sorted.
INFO:root:The predictions are ill-sorted.
INFO:root:The predictions are ill-sorted.
INFO:root:The predictions are ill-sorted.
INFO:root:The predictions are ill-sorted.
INFO:root:The predictions are ill-sorted.
INFO:root:The predictions are ill-sorted.
INFO:root:The predictions are ill-sorted.
INFO:root:The predictions are ill-sorted.
INFO:root:The predictions are ill-sorted.
INFO:root:The predictions are ill-sorted.
INFO:root:The predictions are ill-sorted.
INFO:root:The predictions are ill-sorted.
INFO:root:The predictions are ill-sorted.
INFO:root:The predictions are ill-sorted.
INFO:root:The predictions are ill-sorted.
INFO:root:The predictions are ill-sorted.
INFO:root:The predictions are ill-sorted.
INFO:root:The predictions are ill-sorted.
INFO:root:The predictions are ill-sorted.
INFO:root:The predictions are ill-sorted.
INFO:root:The predictions are ill-sorted.
INFO:root:The predictions are ill-sorted.
INFO:root:The predictions are ill-sorted.
INFO:root:The predictions are ill-sorted.
INFO:root:The predictions are ill-sorted.
INFO:root:The predictions are ill-sorted.
INFO:root:The predictions are ill-sorted.
INFO:root:The predictions are ill-sorted.
INFO:root:The predictions are ill-sorted.
INFO:root:The predictions are ill-sorted.
INFO:root:The predictions are ill-sorted.
INFO:root:The predictions are ill-sorted.
INFO:root:The predictions are ill-sorted.
INFO:root:The predictions are ill-sorted.
INFO:root:The predictions are ill-sorted.
INFO:root:The predictions are ill-sorted.
INFO:root:The predictions are ill-sorted.
INFO:root:The predictions are ill-sorted.
INFO:root:The predictions are ill-sorted.
INFO:root:The predictions are ill-sorted.
INFO:root:The predictions are ill-sorted.
INFO:root:The predictions are ill-sorted.
INFO:root:The predictions are ill-sorted.
STREAM stream_h60_l95_quantile_uncalibrated
STREAM stream_h60_l95_cqr
OWNER h60_enbpi
C:\cfs_venv\Lib\site-packages\mapie\utils.py:668: UserWarning: WARNING: at least one point of training set belongs to every resamplings.
Increase the number of resamplings
  warnings.warn(
C:\cfs_venv\Lib\site-packages\mapie\aggregation_functions.py:118: RuntimeWarning: Mean of empty slice
  return cast(NDArray, np.nanmean(X, axis=1))
C:\cfs_venv\Lib\site-packages\mapie\utils.py:668: UserWarning: WARNING: at least one point of training set belongs to every resamplings.
Increase the number of resamplings
  warnings.warn(
C:\cfs_venv\Lib\site-packages\mapie\aggregation_functions.py:118: RuntimeWarning: Mean of empty slice
  return cast(NDArray, np.nanmean(X, axis=1))
C:\cfs_venv\Lib\site-packages\mapie\estimator\regressor.py:298: RuntimeWarning: invalid value encountered in divide
  return cast(NDArray, np.matmul(x, (K / (K.sum(axis=1, keepdims=True))).T))
C:\cfs_venv\Lib\site-packages\mapie\estimator\regressor.py:298: RuntimeWarning: invalid value encountered in divide
  return cast(NDArray, np.matmul(x, (K / (K.sum(axis=1, keepdims=True))).T))
STREAM stream_h60_l90_recentred_enbpi_static
STREAM stream_h60_l90_recentred_enbpi_updated
STREAM stream_h60_l95_recentred_enbpi_static
STREAM stream_h60_l95_recentred_enbpi_updated
DSCP assigned through 64/6437
DSCP assigned through 576/6437
DSCP assigned through 4672/6437
{
  "status": "complete",
  "method_cells": 40,
  "seasonal_interval_cells": 0,
  "seasonal_not_applicable": 4,
  "operation_counts": {
    "xgboost_estimator_fit": 44,
    "enbpi_wrapper_fit": 4,
    "cqr_wrapper_fit": 8,
    "kmeans_candidate_fit": 5,
    "calibrator_conformalize": 24,
    "dscp_calibrator_fit": 1,
    "quantile_estimator_fit": 24
  }
}
