{
  "passed": true,
  "models_fitted": 0,
  "point_cells": 3,
  "interval_cells": 6,
  "real_tuning_fits_verified": 8,
  "real_final_fits_verified": 2,
  "saved_model_prediction_checks": 6,
  "own_calibration_verified": true,
  "common_target_ids_verified": true,
  "training_only_normalization_verified": true,
  "candidate_and_epoch_selection_verified": true,
  "all_run_files_unchanged": true,
  "preparation_resources": {
    "seconds": 18.11647969999467,
    "baseline_rss_bytes": 324915200,
    "peak_rss_bytes": 477614080,
    "baseline_private_bytes": 282726400,
    "peak_private_bytes": 429969408,
    "incremental_peak_rss_bytes": 152698880,
    "lifetime_peak_rss_bytes": 488845312,
    "min_available_ram_bytes": 5344538624,
    "sample_interval_seconds": 0.05,
    "process_cpu_seconds": 17.125
  },
  "total_validation_resources": {
    "seconds": 20.901253100004396,
    "baseline_rss_bytes": 322895872,
    "peak_rss_bytes": 565719040,
    "baseline_private_bytes": 281743360,
    "peak_private_bytes": 606314496,
    "incremental_peak_rss_bytes": 242823168,
    "lifetime_peak_rss_bytes": 566292480,
    "min_available_ram_bytes": 5124161536,
    "sample_interval_seconds": 0.05,
    "process_cpu_seconds": 19.859375
  },
  "source_hash": "cd907183301a189ddfcc195774dad58c8fa07d5b326d2ac29cf3636383dc681e",
  "protocol_hash": "992e3d20e746f1fcb3e78f8d1a69d9ebf12ed9e0140eadbf817f49e2ed57c3f8",
  "full_study_ready": false
}
