LAUNCH bdg2_h6_f2_s46_persistence; available RAM=4.16 GiB
START bdg2_h6_f2_s46_persistence final candidate=0 epochs=None
COMPLETE bdg2_h6_f2_s46_persistence
LAUNCH bdg2_h6_f2_s46_xgboost; available RAM=4.15 GiB
START bdg2_h6_f2_s46_xgboost tuning candidate=0 inner=0
START bdg2_h6_f2_s46_xgboost tuning candidate=0 inner=1
START bdg2_h6_f2_s46_xgboost tuning candidate=1 inner=0
START bdg2_h6_f2_s46_xgboost tuning candidate=1 inner=1
START bdg2_h6_f2_s46_xgboost final candidate=0 epochs=None
COMPLETE bdg2_h6_f2_s46_xgboost
LAUNCH bdg2_h6_f2_s46_attention_lstm; available RAM=4.47 GiB
START bdg2_h6_f2_s46_attention_lstm tuning candidate=0 inner=0
bdg2_h6_f2_s46_attention_lstm tuning c0 i0: {'epoch': 1, 'train_mse': 0.29110636327870404, 'validation_mae': 48.64718610046405}
bdg2_h6_f2_s46_attention_lstm tuning c0 i0: {'epoch': 5, 'train_mse': 0.11724843095572704, 'validation_mae': 39.992446787953796}
bdg2_h6_f2_s46_attention_lstm tuning c0 i0: {'epoch': 10, 'train_mse': 0.08188706703879049, 'validation_mae': 45.82364171014349}
START bdg2_h6_f2_s46_attention_lstm tuning candidate=0 inner=1
bdg2_h6_f2_s46_attention_lstm tuning c0 i1: {'epoch': 1, 'train_mse': 0.19707362186426347, 'validation_mae': 56.68568045336162}
bdg2_h6_f2_s46_attention_lstm tuning c0 i1: {'epoch': 5, 'train_mse': 0.08746473750974675, 'validation_mae': 48.442210286516236}
bdg2_h6_f2_s46_attention_lstm tuning c0 i1: {'epoch': 10, 'train_mse': 0.06906271817014288, 'validation_mae': 46.756436607493434}
START bdg2_h6_f2_s46_attention_lstm tuning candidate=1 inner=0
bdg2_h6_f2_s46_attention_lstm tuning c1 i0: {'epoch': 1, 'train_mse': 0.3924986901667074, 'validation_mae': 50.60669946466206}
bdg2_h6_f2_s46_attention_lstm tuning c1 i0: {'epoch': 5, 'train_mse': 0.13358457950940886, 'validation_mae': 42.16373538555707}
bdg2_h6_f2_s46_attention_lstm tuning c1 i0: {'epoch': 10, 'train_mse': 0.09533981120149675, 'validation_mae': 45.774145245097536}
START bdg2_h6_f2_s46_attention_lstm tuning candidate=1 inner=1
bdg2_h6_f2_s46_attention_lstm tuning c1 i1: {'epoch': 1, 'train_mse': 0.2523187808441763, 'validation_mae': 61.97872643635221}
bdg2_h6_f2_s46_attention_lstm tuning c1 i1: {'epoch': 5, 'train_mse': 0.09677118273772702, 'validation_mae': 50.52568364267346}
bdg2_h6_f2_s46_attention_lstm tuning c1 i1: {'epoch': 10, 'train_mse': 0.07955282886317855, 'validation_mae': 49.71017688921428}
bdg2_h6_f2_s46_attention_lstm tuning c1 i1: {'epoch': 15, 'train_mse': 0.06851423433412056, 'validation_mae': 48.107371156653}
START bdg2_h6_f2_s46_attention_lstm final candidate=0 epochs=6
bdg2_h6_f2_s46_attention_lstm final_fit c0 iNone: {'epoch': 1, 'train_mse': 0.1596111768565462}
bdg2_h6_f2_s46_attention_lstm final_fit c0 iNone: {'epoch': 5, 'train_mse': 0.07814482856477165}
COMPLETE bdg2_h6_f2_s46_attention_lstm
{
  "status": "complete",
  "point_cells": 3,
  "interval_cells": 6,
  "learned_tuning_fits": 8,
  "learned_final_fits": 2,
  "models": [
    "persistence",
    "xgboost",
    "attention_lstm"
  ],
  "source_hash": "cd907183301a189ddfcc195774dad58c8fa07d5b326d2ac29cf3636383dc681e",
  "protocol_hash": "ce484c863017f245f239e40a1cfb85455667277e7f8f3899f4fecb6301a7ab69",
  "full_study_ready": false,
  "publication_ready": false
}
