{
  "passed": true,
  "models_fitted": 0,
  "point_cells": 3,
  "interval_cells": 6,
  "real_tuning_fits_verified": 8,
  "real_final_fits_verified": 2,
  "saved_model_prediction_checks": 6,
  "own_calibration_verified": true,
  "common_target_ids_verified": true,
  "training_only_normalization_verified": true,
  "candidate_and_epoch_selection_verified": true,
  "all_run_files_unchanged": true,
  "preparation_resources": {
    "seconds": 4.204577199998312,
    "baseline_rss_bytes": 325046272,
    "peak_rss_bytes": 398815232,
    "baseline_private_bytes": 282894336,
    "peak_private_bytes": 353792000,
    "incremental_peak_rss_bytes": 73768960,
    "lifetime_peak_rss_bytes": 413286400,
    "min_available_ram_bytes": 5182050304,
    "sample_interval_seconds": 0.05,
    "process_cpu_seconds": 4.140625
  },
  "total_validation_resources": {
    "seconds": 6.842773199998192,
    "baseline_rss_bytes": 323051520,
    "peak_rss_bytes": 537436160,
    "baseline_private_bytes": 281911296,
    "peak_private_bytes": 579289088,
    "incremental_peak_rss_bytes": 214384640,
    "lifetime_peak_rss_bytes": 538701824,
    "min_available_ram_bytes": 5025128448,
    "sample_interval_seconds": 0.05,
    "process_cpu_seconds": 6.75
  },
  "source_hash": "cd907183301a189ddfcc195774dad58c8fa07d5b326d2ac29cf3636383dc681e",
  "protocol_hash": "c4251293278cc903db86fe4f42a91a7108a0c33bdffb224f47cfe4b37bfbafc1",
  "full_study_ready": false
}
{"command": ["C:/cfs_venv/Scripts/python.exe", "-B", "-m", "src.matched_forecasting005", "validate", "--matrix", "C:\\Users\\nigel\\OneDrive\\Desktop\\GitHub\\confosense\\smart_building_conformal\\outputs\\amendment005\\support_design_v1\\experiment_matrix.csv", "--dataset", "pleia_energy", "--horizon", "3", "--outer-fold", "2", "--model-seed", "45", "--design-dir", "C:\\Users\\nigel\\OneDrive\\Desktop\\GitHub\\confosense\\smart_building_conformal\\protocols\\matched_forecasting005\\pleia_energy_h3_f2_s45_v1", "--out", "C:\\Users\\nigel\\OneDrive\\Desktop\\GitHub\\confosense\\smart_building_conformal\\outputs\\matched_forecasting005\\pleia_energy_h3_f2_s45_v1", "--readiness", "C:\\Users\\nigel\\OneDrive\\Desktop\\GitHub\\confosense\\smart_building_conformal\\protocols\\matched_forecasting005\\pleia_energy_h3_f2_s45_v1\\readiness.json", "--receipt", "C:\\Users\\nigel\\OneDrive\\Desktop\\GitHub\\confosense\\smart_building_conformal\\outputs\\matched_forecasting005\\fold2_multiseed_batch_v1\\receipts\\pleia_energy_h3_f2_s45_v1\\audit_v1"], "cwd": "C:\\Users\\nigel\\OneDrive\\Desktop\\GitHub\\confosense\\smart_building_conformal", "started_utc": "2026-09-14T01:10:03.795277+00:00", "logger_pid": 5676, "child_pid": 9864, "ended_utc": "2026-09-14T01:10:14.980802+00:00", "seconds": 11.185211699994397, "exit_status": 0}
