VALIDATE horizon 5
VALIDATE horizon 15
VALIDATE horizon 30
VALIDATE horizon 60
C:\Users\nigel\OneDrive\Desktop\GitHub\confosense\smart_building_conformal\src\intervals005_validate.py:77: UserWarning: Could not infer format, so each element will be parsed individually, falling back to `dateutil`. To ensure parsing is consistent and as-expected, please specify a format.
  ix=np.flatnonzero(f.group_id.astype(str).eq(group));ix=ix[np.argsort(pd.to_datetime(f.target_time.iloc[ix]).astype('int64'),kind='stable')]
C:\Users\nigel\OneDrive\Desktop\GitHub\confosense\smart_building_conformal\src\intervals005_validate.py:78: UserWarning: Could not infer format, so each element will be parsed individually, falling back to `dateutil`. To ensure parsing is consistent and as-expected, please specify a format.
  gap=np.r_[True,np.diff(pd.to_datetime(f.target_time.iloc[ix]).astype('int64'))!=pd.Timedelta(freq).value];sid=-1;history=[];active={name:None for name in flags}
C:\Users\nigel\OneDrive\Desktop\GitHub\confosense\smart_building_conformal\src\intervals005_validate.py:77: UserWarning: Could not infer format, so each element will be parsed individually, falling back to `dateutil`. To ensure parsing is consistent and as-expected, please specify a format.
  ix=np.flatnonzero(f.group_id.astype(str).eq(group));ix=ix[np.argsort(pd.to_datetime(f.target_time.iloc[ix]).astype('int64'),kind='stable')]
C:\Users\nigel\OneDrive\Desktop\GitHub\confosense\smart_building_conformal\src\intervals005_validate.py:78: UserWarning: Could not infer format, so each element will be parsed individually, falling back to `dateutil`. To ensure parsing is consistent and as-expected, please specify a format.
  gap=np.r_[True,np.diff(pd.to_datetime(f.target_time.iloc[ix]).astype('int64'))!=pd.Timedelta(freq).value];sid=-1;history=[];active={name:None for name in flags}
C:\Users\nigel\OneDrive\Desktop\GitHub\confosense\smart_building_conformal\src\intervals005_validate.py:77: UserWarning: Could not infer format, so each element will be parsed individually, falling back to `dateutil`. To ensure parsing is consistent and as-expected, please specify a format.
  ix=np.flatnonzero(f.group_id.astype(str).eq(group));ix=ix[np.argsort(pd.to_datetime(f.target_time.iloc[ix]).astype('int64'),kind='stable')]
C:\Users\nigel\OneDrive\Desktop\GitHub\confosense\smart_building_conformal\src\intervals005_validate.py:78: UserWarning: Could not infer format, so each element will be parsed individually, falling back to `dateutil`. To ensure parsing is consistent and as-expected, please specify a format.
  gap=np.r_[True,np.diff(pd.to_datetime(f.target_time.iloc[ix]).astype('int64'))!=pd.Timedelta(freq).value];sid=-1;history=[];active={name:None for name in flags}
C:\Users\nigel\OneDrive\Desktop\GitHub\confosense\smart_building_conformal\src\intervals005_validate.py:77: UserWarning: Could not infer format, so each element will be parsed individually, falling back to `dateutil`. To ensure parsing is consistent and as-expected, please specify a format.
  ix=np.flatnonzero(f.group_id.astype(str).eq(group));ix=ix[np.argsort(pd.to_datetime(f.target_time.iloc[ix]).astype('int64'),kind='stable')]
C:\Users\nigel\OneDrive\Desktop\GitHub\confosense\smart_building_conformal\src\intervals005_validate.py:78: UserWarning: Could not infer format, so each element will be parsed individually, falling back to `dateutil`. To ensure parsing is consistent and as-expected, please specify a format.
  gap=np.r_[True,np.diff(pd.to_datetime(f.target_time.iloc[ix]).astype('int64'))!=pd.Timedelta(freq).value];sid=-1;history=[];active={name:None for name in flags}
C:\Users\nigel\OneDrive\Desktop\GitHub\confosense\smart_building_conformal\src\intervals005_validate.py:77: UserWarning: Could not infer format, so each element will be parsed individually, falling back to `dateutil`. To ensure parsing is consistent and as-expected, please specify a format.
  ix=np.flatnonzero(f.group_id.astype(str).eq(group));ix=ix[np.argsort(pd.to_datetime(f.target_time.iloc[ix]).astype('int64'),kind='stable')]
C:\Users\nigel\OneDrive\Desktop\GitHub\confosense\smart_building_conformal\src\intervals005_validate.py:78: UserWarning: Could not infer format, so each element will be parsed individually, falling back to `dateutil`. To ensure parsing is consistent and as-expected, please specify a format.
  gap=np.r_[True,np.diff(pd.to_datetime(f.target_time.iloc[ix]).astype('int64'))!=pd.Timedelta(freq).value];sid=-1;history=[];active={name:None for name in flags}
C:\Users\nigel\OneDrive\Desktop\GitHub\confosense\smart_building_conformal\src\intervals005_validate.py:77: UserWarning: Could not infer format, so each element will be parsed individually, falling back to `dateutil`. To ensure parsing is consistent and as-expected, please specify a format.
  ix=np.flatnonzero(f.group_id.astype(str).eq(group));ix=ix[np.argsort(pd.to_datetime(f.target_time.iloc[ix]).astype('int64'),kind='stable')]
C:\Users\nigel\OneDrive\Desktop\GitHub\confosense\smart_building_conformal\src\intervals005_validate.py:78: UserWarning: Could not infer format, so each element will be parsed individually, falling back to `dateutil`. To ensure parsing is consistent and as-expected, please specify a format.
  gap=np.r_[True,np.diff(pd.to_datetime(f.target_time.iloc[ix]).astype('int64'))!=pd.Timedelta(freq).value];sid=-1;history=[];active={name:None for name in flags}
C:\Users\nigel\OneDrive\Desktop\GitHub\confosense\smart_building_conformal\src\intervals005_validate.py:77: UserWarning: Could not infer format, so each element will be parsed individually, falling back to `dateutil`. To ensure parsing is consistent and as-expected, please specify a format.
  ix=np.flatnonzero(f.group_id.astype(str).eq(group));ix=ix[np.argsort(pd.to_datetime(f.target_time.iloc[ix]).astype('int64'),kind='stable')]
C:\Users\nigel\OneDrive\Desktop\GitHub\confosense\smart_building_conformal\src\intervals005_validate.py:78: UserWarning: Could not infer format, so each element will be parsed individually, falling back to `dateutil`. To ensure parsing is consistent and as-expected, please specify a format.
  gap=np.r_[True,np.diff(pd.to_datetime(f.target_time.iloc[ix]).astype('int64'))!=pd.Timedelta(freq).value];sid=-1;history=[];active={name:None for name in flags}
C:\Users\nigel\OneDrive\Desktop\GitHub\confosense\smart_building_conformal\src\intervals005_validate.py:77: UserWarning: Could not infer format, so each element will be parsed individually, falling back to `dateutil`. To ensure parsing is consistent and as-expected, please specify a format.
  ix=np.flatnonzero(f.group_id.astype(str).eq(group));ix=ix[np.argsort(pd.to_datetime(f.target_time.iloc[ix]).astype('int64'),kind='stable')]
C:\Users\nigel\OneDrive\Desktop\GitHub\confosense\smart_building_conformal\src\intervals005_validate.py:78: UserWarning: Could not infer format, so each element will be parsed individually, falling back to `dateutil`. To ensure parsing is consistent and as-expected, please specify a format.
  gap=np.r_[True,np.diff(pd.to_datetime(f.target_time.iloc[ix]).astype('int64'))!=pd.Timedelta(freq).value];sid=-1;history=[];active={name:None for name in flags}
C:\Users\nigel\OneDrive\Desktop\GitHub\confosense\smart_building_conformal\src\intervals005_validate.py:77: UserWarning: Could not infer format, so each element will be parsed individually, falling back to `dateutil`. To ensure parsing is consistent and as-expected, please specify a format.
  ix=np.flatnonzero(f.group_id.astype(str).eq(group));ix=ix[np.argsort(pd.to_datetime(f.target_time.iloc[ix]).astype('int64'),kind='stable')]
C:\Users\nigel\OneDrive\Desktop\GitHub\confosense\smart_building_conformal\src\intervals005_validate.py:78: UserWarning: Could not infer format, so each element will be parsed individually, falling back to `dateutil`. To ensure parsing is consistent and as-expected, please specify a format.
  gap=np.r_[True,np.diff(pd.to_datetime(f.target_time.iloc[ix]).astype('int64'))!=pd.Timedelta(freq).value];sid=-1;history=[];active={name:None for name in flags}
C:\Users\nigel\OneDrive\Desktop\GitHub\confosense\smart_building_conformal\src\intervals005_validate.py:77: UserWarning: Could not infer format, so each element will be parsed individually, falling back to `dateutil`. To ensure parsing is consistent and as-expected, please specify a format.
  ix=np.flatnonzero(f.group_id.astype(str).eq(group));ix=ix[np.argsort(pd.to_datetime(f.target_time.iloc[ix]).astype('int64'),kind='stable')]
C:\Users\nigel\OneDrive\Desktop\GitHub\confosense\smart_building_conformal\src\intervals005_validate.py:78: UserWarning: Could not infer format, so each element will be parsed individually, falling back to `dateutil`. To ensure parsing is consistent and as-expected, please specify a format.
  gap=np.r_[True,np.diff(pd.to_datetime(f.target_time.iloc[ix]).astype('int64'))!=pd.Timedelta(freq).value];sid=-1;history=[];active={name:None for name in flags}
C:\Users\nigel\OneDrive\Desktop\GitHub\confosense\smart_building_conformal\src\intervals005_validate.py:77: UserWarning: Could not infer format, so each element will be parsed individually, falling back to `dateutil`. To ensure parsing is consistent and as-expected, please specify a format.
  ix=np.flatnonzero(f.group_id.astype(str).eq(group));ix=ix[np.argsort(pd.to_datetime(f.target_time.iloc[ix]).astype('int64'),kind='stable')]
C:\Users\nigel\OneDrive\Desktop\GitHub\confosense\smart_building_conformal\src\intervals005_validate.py:78: UserWarning: Could not infer format, so each element will be parsed individually, falling back to `dateutil`. To ensure parsing is consistent and as-expected, please specify a format.
  gap=np.r_[True,np.diff(pd.to_datetime(f.target_time.iloc[ix]).astype('int64'))!=pd.Timedelta(freq).value];sid=-1;history=[];active={name:None for name in flags}
C:\Users\nigel\OneDrive\Desktop\GitHub\confosense\smart_building_conformal\src\intervals005_validate.py:77: UserWarning: Could not infer format, so each element will be parsed individually, falling back to `dateutil`. To ensure parsing is consistent and as-expected, please specify a format.
  ix=np.flatnonzero(f.group_id.astype(str).eq(group));ix=ix[np.argsort(pd.to_datetime(f.target_time.iloc[ix]).astype('int64'),kind='stable')]
C:\Users\nigel\OneDrive\Desktop\GitHub\confosense\smart_building_conformal\src\intervals005_validate.py:78: UserWarning: Could not infer format, so each element will be parsed individually, falling back to `dateutil`. To ensure parsing is consistent and as-expected, please specify a format.
  gap=np.r_[True,np.diff(pd.to_datetime(f.target_time.iloc[ix]).astype('int64'))!=pd.Timedelta(freq).value];sid=-1;history=[];active={name:None for name in flags}
C:\Users\nigel\OneDrive\Desktop\GitHub\confosense\smart_building_conformal\src\intervals005_validate.py:77: UserWarning: Could not infer format, so each element will be parsed individually, falling back to `dateutil`. To ensure parsing is consistent and as-expected, please specify a format.
  ix=np.flatnonzero(f.group_id.astype(str).eq(group));ix=ix[np.argsort(pd.to_datetime(f.target_time.iloc[ix]).astype('int64'),kind='stable')]
C:\Users\nigel\OneDrive\Desktop\GitHub\confosense\smart_building_conformal\src\intervals005_validate.py:78: UserWarning: Could not infer format, so each element will be parsed individually, falling back to `dateutil`. To ensure parsing is consistent and as-expected, please specify a format.
  gap=np.r_[True,np.diff(pd.to_datetime(f.target_time.iloc[ix]).astype('int64'))!=pd.Timedelta(freq).value];sid=-1;history=[];active={name:None for name in flags}
C:\Users\nigel\OneDrive\Desktop\GitHub\confosense\smart_building_conformal\src\intervals005_validate.py:77: UserWarning: Could not infer format, so each element will be parsed individually, falling back to `dateutil`. To ensure parsing is consistent and as-expected, please specify a format.
  ix=np.flatnonzero(f.group_id.astype(str).eq(group));ix=ix[np.argsort(pd.to_datetime(f.target_time.iloc[ix]).astype('int64'),kind='stable')]
C:\Users\nigel\OneDrive\Desktop\GitHub\confosense\smart_building_conformal\src\intervals005_validate.py:78: UserWarning: Could not infer format, so each element will be parsed individually, falling back to `dateutil`. To ensure parsing is consistent and as-expected, please specify a format.
  gap=np.r_[True,np.diff(pd.to_datetime(f.target_time.iloc[ix]).astype('int64'))!=pd.Timedelta(freq).value];sid=-1;history=[];active={name:None for name in flags}
C:\Users\nigel\OneDrive\Desktop\GitHub\confosense\smart_building_conformal\src\intervals005_validate.py:77: UserWarning: Could not infer format, so each element will be parsed individually, falling back to `dateutil`. To ensure parsing is consistent and as-expected, please specify a format.
  ix=np.flatnonzero(f.group_id.astype(str).eq(group));ix=ix[np.argsort(pd.to_datetime(f.target_time.iloc[ix]).astype('int64'),kind='stable')]
C:\Users\nigel\OneDrive\Desktop\GitHub\confosense\smart_building_conformal\src\intervals005_validate.py:78: UserWarning: Could not infer format, so each element will be parsed individually, falling back to `dateutil`. To ensure parsing is consistent and as-expected, please specify a format.
  gap=np.r_[True,np.diff(pd.to_datetime(f.target_time.iloc[ix]).astype('int64'))!=pd.Timedelta(freq).value];sid=-1;history=[];active={name:None for name in flags}
C:\Users\nigel\OneDrive\Desktop\GitHub\confosense\smart_building_conformal\src\intervals005_validate.py:77: UserWarning: Could not infer format, so each element will be parsed individually, falling back to `dateutil`. To ensure parsing is consistent and as-expected, please specify a format.
  ix=np.flatnonzero(f.group_id.astype(str).eq(group));ix=ix[np.argsort(pd.to_datetime(f.target_time.iloc[ix]).astype('int64'),kind='stable')]
C:\Users\nigel\OneDrive\Desktop\GitHub\confosense\smart_building_conformal\src\intervals005_validate.py:78: UserWarning: Could not infer format, so each element will be parsed individually, falling back to `dateutil`. To ensure parsing is consistent and as-expected, please specify a format.
  gap=np.r_[True,np.diff(pd.to_datetime(f.target_time.iloc[ix]).astype('int64'))!=pd.Timedelta(freq).value];sid=-1;history=[];active={name:None for name in flags}
C:\Users\nigel\OneDrive\Desktop\GitHub\confosense\smart_building_conformal\src\intervals005_validate.py:77: UserWarning: Could not infer format, so each element will be parsed individually, falling back to `dateutil`. To ensure parsing is consistent and as-expected, please specify a format.
  ix=np.flatnonzero(f.group_id.astype(str).eq(group));ix=ix[np.argsort(pd.to_datetime(f.target_time.iloc[ix]).astype('int64'),kind='stable')]
C:\Users\nigel\OneDrive\Desktop\GitHub\confosense\smart_building_conformal\src\intervals005_validate.py:78: UserWarning: Could not infer format, so each element will be parsed individually, falling back to `dateutil`. To ensure parsing is consistent and as-expected, please specify a format.
  gap=np.r_[True,np.diff(pd.to_datetime(f.target_time.iloc[ix]).astype('int64'))!=pd.Timedelta(freq).value];sid=-1;history=[];active={name:None for name in flags}
C:\Users\nigel\OneDrive\Desktop\GitHub\confosense\smart_building_conformal\src\intervals005_validate.py:77: UserWarning: Could not infer format, so each element will be parsed individually, falling back to `dateutil`. To ensure parsing is consistent and as-expected, please specify a format.
  ix=np.flatnonzero(f.group_id.astype(str).eq(group));ix=ix[np.argsort(pd.to_datetime(f.target_time.iloc[ix]).astype('int64'),kind='stable')]
C:\Users\nigel\OneDrive\Desktop\GitHub\confosense\smart_building_conformal\src\intervals005_validate.py:78: UserWarning: Could not infer format, so each element will be parsed individually, falling back to `dateutil`. To ensure parsing is consistent and as-expected, please specify a format.
  gap=np.r_[True,np.diff(pd.to_datetime(f.target_time.iloc[ix]).astype('int64'))!=pd.Timedelta(freq).value];sid=-1;history=[];active={name:None for name in flags}
C:\Users\nigel\OneDrive\Desktop\GitHub\confosense\smart_building_conformal\src\intervals005_validate.py:77: UserWarning: Could not infer format, so each element will be parsed individually, falling back to `dateutil`. To ensure parsing is consistent and as-expected, please specify a format.
  ix=np.flatnonzero(f.group_id.astype(str).eq(group));ix=ix[np.argsort(pd.to_datetime(f.target_time.iloc[ix]).astype('int64'),kind='stable')]
C:\Users\nigel\OneDrive\Desktop\GitHub\confosense\smart_building_conformal\src\intervals005_validate.py:78: UserWarning: Could not infer format, so each element will be parsed individually, falling back to `dateutil`. To ensure parsing is consistent and as-expected, please specify a format.
  gap=np.r_[True,np.diff(pd.to_datetime(f.target_time.iloc[ix]).astype('int64'))!=pd.Timedelta(freq).value];sid=-1;history=[];active={name:None for name in flags}
C:\Users\nigel\OneDrive\Desktop\GitHub\confosense\smart_building_conformal\src\intervals005_validate.py:77: UserWarning: Could not infer format, so each element will be parsed individually, falling back to `dateutil`. To ensure parsing is consistent and as-expected, please specify a format.
  ix=np.flatnonzero(f.group_id.astype(str).eq(group));ix=ix[np.argsort(pd.to_datetime(f.target_time.iloc[ix]).astype('int64'),kind='stable')]
C:\Users\nigel\OneDrive\Desktop\GitHub\confosense\smart_building_conformal\src\intervals005_validate.py:78: UserWarning: Could not infer format, so each element will be parsed individually, falling back to `dateutil`. To ensure parsing is consistent and as-expected, please specify a format.
  gap=np.r_[True,np.diff(pd.to_datetime(f.target_time.iloc[ix]).astype('int64'))!=pd.Timedelta(freq).value];sid=-1;history=[];active={name:None for name in flags}
C:\Users\nigel\OneDrive\Desktop\GitHub\confosense\smart_building_conformal\src\intervals005_validate.py:77: UserWarning: Could not infer format, so each element will be parsed individually, falling back to `dateutil`. To ensure parsing is consistent and as-expected, please specify a format.
  ix=np.flatnonzero(f.group_id.astype(str).eq(group));ix=ix[np.argsort(pd.to_datetime(f.target_time.iloc[ix]).astype('int64'),kind='stable')]
C:\Users\nigel\OneDrive\Desktop\GitHub\confosense\smart_building_conformal\src\intervals005_validate.py:78: UserWarning: Could not infer format, so each element will be parsed individually, falling back to `dateutil`. To ensure parsing is consistent and as-expected, please specify a format.
  gap=np.r_[True,np.diff(pd.to_datetime(f.target_time.iloc[ix]).astype('int64'))!=pd.Timedelta(freq).value];sid=-1;history=[];active={name:None for name in flags}
C:\Users\nigel\OneDrive\Desktop\GitHub\confosense\smart_building_conformal\src\intervals005_validate.py:77: UserWarning: Could not infer format, so each element will be parsed individually, falling back to `dateutil`. To ensure parsing is consistent and as-expected, please specify a format.
  ix=np.flatnonzero(f.group_id.astype(str).eq(group));ix=ix[np.argsort(pd.to_datetime(f.target_time.iloc[ix]).astype('int64'),kind='stable')]
C:\Users\nigel\OneDrive\Desktop\GitHub\confosense\smart_building_conformal\src\intervals005_validate.py:78: UserWarning: Could not infer format, so each element will be parsed individually, falling back to `dateutil`. To ensure parsing is consistent and as-expected, please specify a format.
  gap=np.r_[True,np.diff(pd.to_datetime(f.target_time.iloc[ix]).astype('int64'))!=pd.Timedelta(freq).value];sid=-1;history=[];active={name:None for name in flags}
C:\Users\nigel\OneDrive\Desktop\GitHub\confosense\smart_building_conformal\src\intervals005_validate.py:77: UserWarning: Could not infer format, so each element will be parsed individually, falling back to `dateutil`. To ensure parsing is consistent and as-expected, please specify a format.
  ix=np.flatnonzero(f.group_id.astype(str).eq(group));ix=ix[np.argsort(pd.to_datetime(f.target_time.iloc[ix]).astype('int64'),kind='stable')]
C:\Users\nigel\OneDrive\Desktop\GitHub\confosense\smart_building_conformal\src\intervals005_validate.py:78: UserWarning: Could not infer format, so each element will be parsed individually, falling back to `dateutil`. To ensure parsing is consistent and as-expected, please specify a format.
  gap=np.r_[True,np.diff(pd.to_datetime(f.target_time.iloc[ix]).astype('int64'))!=pd.Timedelta(freq).value];sid=-1;history=[];active={name:None for name in flags}
C:\Users\nigel\OneDrive\Desktop\GitHub\confosense\smart_building_conformal\src\intervals005_validate.py:77: UserWarning: Could not infer format, so each element will be parsed individually, falling back to `dateutil`. To ensure parsing is consistent and as-expected, please specify a format.
  ix=np.flatnonzero(f.group_id.astype(str).eq(group));ix=ix[np.argsort(pd.to_datetime(f.target_time.iloc[ix]).astype('int64'),kind='stable')]
C:\Users\nigel\OneDrive\Desktop\GitHub\confosense\smart_building_conformal\src\intervals005_validate.py:78: UserWarning: Could not infer format, so each element will be parsed individually, falling back to `dateutil`. To ensure parsing is consistent and as-expected, please specify a format.
  gap=np.r_[True,np.diff(pd.to_datetime(f.target_time.iloc[ix]).astype('int64'))!=pd.Timedelta(freq).value];sid=-1;history=[];active={name:None for name in flags}
C:\Users\nigel\OneDrive\Desktop\GitHub\confosense\smart_building_conformal\src\intervals005_validate.py:77: UserWarning: Could not infer format, so each element will be parsed individually, falling back to `dateutil`. To ensure parsing is consistent and as-expected, please specify a format.
  ix=np.flatnonzero(f.group_id.astype(str).eq(group));ix=ix[np.argsort(pd.to_datetime(f.target_time.iloc[ix]).astype('int64'),kind='stable')]
C:\Users\nigel\OneDrive\Desktop\GitHub\confosense\smart_building_conformal\src\intervals005_validate.py:78: UserWarning: Could not infer format, so each element will be parsed individually, falling back to `dateutil`. To ensure parsing is consistent and as-expected, please specify a format.
  gap=np.r_[True,np.diff(pd.to_datetime(f.target_time.iloc[ix]).astype('int64'))!=pd.Timedelta(freq).value];sid=-1;history=[];active={name:None for name in flags}
C:\Users\nigel\OneDrive\Desktop\GitHub\confosense\smart_building_conformal\src\intervals005_validate.py:77: UserWarning: Could not infer format, so each element will be parsed individually, falling back to `dateutil`. To ensure parsing is consistent and as-expected, please specify a format.
  ix=np.flatnonzero(f.group_id.astype(str).eq(group));ix=ix[np.argsort(pd.to_datetime(f.target_time.iloc[ix]).astype('int64'),kind='stable')]
C:\Users\nigel\OneDrive\Desktop\GitHub\confosense\smart_building_conformal\src\intervals005_validate.py:78: UserWarning: Could not infer format, so each element will be parsed individually, falling back to `dateutil`. To ensure parsing is consistent and as-expected, please specify a format.
  gap=np.r_[True,np.diff(pd.to_datetime(f.target_time.iloc[ix]).astype('int64'))!=pd.Timedelta(freq).value];sid=-1;history=[];active={name:None for name in flags}
C:\Users\nigel\OneDrive\Desktop\GitHub\confosense\smart_building_conformal\src\intervals005_validate.py:77: UserWarning: Could not infer format, so each element will be parsed individually, falling back to `dateutil`. To ensure parsing is consistent and as-expected, please specify a format.
  ix=np.flatnonzero(f.group_id.astype(str).eq(group));ix=ix[np.argsort(pd.to_datetime(f.target_time.iloc[ix]).astype('int64'),kind='stable')]
C:\Users\nigel\OneDrive\Desktop\GitHub\confosense\smart_building_conformal\src\intervals005_validate.py:78: UserWarning: Could not infer format, so each element will be parsed individually, falling back to `dateutil`. To ensure parsing is consistent and as-expected, please specify a format.
  gap=np.r_[True,np.diff(pd.to_datetime(f.target_time.iloc[ix]).astype('int64'))!=pd.Timedelta(freq).value];sid=-1;history=[];active={name:None for name in flags}
C:\Users\nigel\OneDrive\Desktop\GitHub\confosense\smart_building_conformal\src\intervals005_validate.py:77: UserWarning: Could not infer format, so each element will be parsed individually, falling back to `dateutil`. To ensure parsing is consistent and as-expected, please specify a format.
  ix=np.flatnonzero(f.group_id.astype(str).eq(group));ix=ix[np.argsort(pd.to_datetime(f.target_time.iloc[ix]).astype('int64'),kind='stable')]
C:\Users\nigel\OneDrive\Desktop\GitHub\confosense\smart_building_conformal\src\intervals005_validate.py:78: UserWarning: Could not infer format, so each element will be parsed individually, falling back to `dateutil`. To ensure parsing is consistent and as-expected, please specify a format.
  gap=np.r_[True,np.diff(pd.to_datetime(f.target_time.iloc[ix]).astype('int64'))!=pd.Timedelta(freq).value];sid=-1;history=[];active={name:None for name in flags}
C:\Users\nigel\OneDrive\Desktop\GitHub\confosense\smart_building_conformal\src\intervals005_validate.py:77: UserWarning: Could not infer format, so each element will be parsed individually, falling back to `dateutil`. To ensure parsing is consistent and as-expected, please specify a format.
  ix=np.flatnonzero(f.group_id.astype(str).eq(group));ix=ix[np.argsort(pd.to_datetime(f.target_time.iloc[ix]).astype('int64'),kind='stable')]
C:\Users\nigel\OneDrive\Desktop\GitHub\confosense\smart_building_conformal\src\intervals005_validate.py:78: UserWarning: Could not infer format, so each element will be parsed individually, falling back to `dateutil`. To ensure parsing is consistent and as-expected, please specify a format.
  gap=np.r_[True,np.diff(pd.to_datetime(f.target_time.iloc[ix]).astype('int64'))!=pd.Timedelta(freq).value];sid=-1;history=[];active={name:None for name in flags}
C:\Users\nigel\OneDrive\Desktop\GitHub\confosense\smart_building_conformal\src\intervals005_validate.py:77: UserWarning: Could not infer format, so each element will be parsed individually, falling back to `dateutil`. To ensure parsing is consistent and as-expected, please specify a format.
  ix=np.flatnonzero(f.group_id.astype(str).eq(group));ix=ix[np.argsort(pd.to_datetime(f.target_time.iloc[ix]).astype('int64'),kind='stable')]
C:\Users\nigel\OneDrive\Desktop\GitHub\confosense\smart_building_conformal\src\intervals005_validate.py:78: UserWarning: Could not infer format, so each element will be parsed individually, falling back to `dateutil`. To ensure parsing is consistent and as-expected, please specify a format.
  gap=np.r_[True,np.diff(pd.to_datetime(f.target_time.iloc[ix]).astype('int64'))!=pd.Timedelta(freq).value];sid=-1;history=[];active={name:None for name in flags}
C:\Users\nigel\OneDrive\Desktop\GitHub\confosense\smart_building_conformal\src\intervals005_validate.py:77: UserWarning: Could not infer format, so each element will be parsed individually, falling back to `dateutil`. To ensure parsing is consistent and as-expected, please specify a format.
  ix=np.flatnonzero(f.group_id.astype(str).eq(group));ix=ix[np.argsort(pd.to_datetime(f.target_time.iloc[ix]).astype('int64'),kind='stable')]
C:\Users\nigel\OneDrive\Desktop\GitHub\confosense\smart_building_conformal\src\intervals005_validate.py:78: UserWarning: Could not infer format, so each element will be parsed individually, falling back to `dateutil`. To ensure parsing is consistent and as-expected, please specify a format.
  gap=np.r_[True,np.diff(pd.to_datetime(f.target_time.iloc[ix]).astype('int64'))!=pd.Timedelta(freq).value];sid=-1;history=[];active={name:None for name in flags}
C:\Users\nigel\OneDrive\Desktop\GitHub\confosense\smart_building_conformal\src\intervals005_validate.py:77: UserWarning: Could not infer format, so each element will be parsed individually, falling back to `dateutil`. To ensure parsing is consistent and as-expected, please specify a format.
  ix=np.flatnonzero(f.group_id.astype(str).eq(group));ix=ix[np.argsort(pd.to_datetime(f.target_time.iloc[ix]).astype('int64'),kind='stable')]
C:\Users\nigel\OneDrive\Desktop\GitHub\confosense\smart_building_conformal\src\intervals005_validate.py:78: UserWarning: Could not infer format, so each element will be parsed individually, falling back to `dateutil`. To ensure parsing is consistent and as-expected, please specify a format.
  gap=np.r_[True,np.diff(pd.to_datetime(f.target_time.iloc[ix]).astype('int64'))!=pd.Timedelta(freq).value];sid=-1;history=[];active={name:None for name in flags}
C:\Users\nigel\OneDrive\Desktop\GitHub\confosense\smart_building_conformal\src\intervals005_validate.py:77: UserWarning: Could not infer format, so each element will be parsed individually, falling back to `dateutil`. To ensure parsing is consistent and as-expected, please specify a format.
  ix=np.flatnonzero(f.group_id.astype(str).eq(group));ix=ix[np.argsort(pd.to_datetime(f.target_time.iloc[ix]).astype('int64'),kind='stable')]
C:\Users\nigel\OneDrive\Desktop\GitHub\confosense\smart_building_conformal\src\intervals005_validate.py:78: UserWarning: Could not infer format, so each element will be parsed individually, falling back to `dateutil`. To ensure parsing is consistent and as-expected, please specify a format.
  gap=np.r_[True,np.diff(pd.to_datetime(f.target_time.iloc[ix]).astype('int64'))!=pd.Timedelta(freq).value];sid=-1;history=[];active={name:None for name in flags}
C:\Users\nigel\OneDrive\Desktop\GitHub\confosense\smart_building_conformal\src\intervals005_validate.py:77: UserWarning: Could not infer format, so each element will be parsed individually, falling back to `dateutil`. To ensure parsing is consistent and as-expected, please specify a format.
  ix=np.flatnonzero(f.group_id.astype(str).eq(group));ix=ix[np.argsort(pd.to_datetime(f.target_time.iloc[ix]).astype('int64'),kind='stable')]
C:\Users\nigel\OneDrive\Desktop\GitHub\confosense\smart_building_conformal\src\intervals005_validate.py:78: UserWarning: Could not infer format, so each element will be parsed individually, falling back to `dateutil`. To ensure parsing is consistent and as-expected, please specify a format.
  gap=np.r_[True,np.diff(pd.to_datetime(f.target_time.iloc[ix]).astype('int64'))!=pd.Timedelta(freq).value];sid=-1;history=[];active={name:None for name in flags}
C:\Users\nigel\OneDrive\Desktop\GitHub\confosense\smart_building_conformal\src\intervals005_validate.py:77: UserWarning: Could not infer format, so each element will be parsed individually, falling back to `dateutil`. To ensure parsing is consistent and as-expected, please specify a format.
  ix=np.flatnonzero(f.group_id.astype(str).eq(group));ix=ix[np.argsort(pd.to_datetime(f.target_time.iloc[ix]).astype('int64'),kind='stable')]
C:\Users\nigel\OneDrive\Desktop\GitHub\confosense\smart_building_conformal\src\intervals005_validate.py:78: UserWarning: Could not infer format, so each element will be parsed individually, falling back to `dateutil`. To ensure parsing is consistent and as-expected, please specify a format.
  gap=np.r_[True,np.diff(pd.to_datetime(f.target_time.iloc[ix]).astype('int64'))!=pd.Timedelta(freq).value];sid=-1;history=[];active={name:None for name in flags}
C:\Users\nigel\OneDrive\Desktop\GitHub\confosense\smart_building_conformal\src\intervals005_validate.py:77: UserWarning: Could not infer format, so each element will be parsed individually, falling back to `dateutil`. To ensure parsing is consistent and as-expected, please specify a format.
  ix=np.flatnonzero(f.group_id.astype(str).eq(group));ix=ix[np.argsort(pd.to_datetime(f.target_time.iloc[ix]).astype('int64'),kind='stable')]
C:\Users\nigel\OneDrive\Desktop\GitHub\confosense\smart_building_conformal\src\intervals005_validate.py:78: UserWarning: Could not infer format, so each element will be parsed individually, falling back to `dateutil`. To ensure parsing is consistent and as-expected, please specify a format.
  gap=np.r_[True,np.diff(pd.to_datetime(f.target_time.iloc[ix]).astype('int64'))!=pd.Timedelta(freq).value];sid=-1;history=[];active={name:None for name in flags}
C:\Users\nigel\OneDrive\Desktop\GitHub\confosense\smart_building_conformal\src\intervals005_validate.py:77: UserWarning: Could not infer format, so each element will be parsed individually, falling back to `dateutil`. To ensure parsing is consistent and as-expected, please specify a format.
  ix=np.flatnonzero(f.group_id.astype(str).eq(group));ix=ix[np.argsort(pd.to_datetime(f.target_time.iloc[ix]).astype('int64'),kind='stable')]
C:\Users\nigel\OneDrive\Desktop\GitHub\confosense\smart_building_conformal\src\intervals005_validate.py:78: UserWarning: Could not infer format, so each element will be parsed individually, falling back to `dateutil`. To ensure parsing is consistent and as-expected, please specify a format.
  gap=np.r_[True,np.diff(pd.to_datetime(f.target_time.iloc[ix]).astype('int64'))!=pd.Timedelta(freq).value];sid=-1;history=[];active={name:None for name in flags}
C:\Users\nigel\OneDrive\Desktop\GitHub\confosense\smart_building_conformal\src\intervals005_validate.py:77: UserWarning: Could not infer format, so each element will be parsed individually, falling back to `dateutil`. To ensure parsing is consistent and as-expected, please specify a format.
  ix=np.flatnonzero(f.group_id.astype(str).eq(group));ix=ix[np.argsort(pd.to_datetime(f.target_time.iloc[ix]).astype('int64'),kind='stable')]
C:\Users\nigel\OneDrive\Desktop\GitHub\confosense\smart_building_conformal\src\intervals005_validate.py:78: UserWarning: Could not infer format, so each element will be parsed individually, falling back to `dateutil`. To ensure parsing is consistent and as-expected, please specify a format.
  gap=np.r_[True,np.diff(pd.to_datetime(f.target_time.iloc[ix]).astype('int64'))!=pd.Timedelta(freq).value];sid=-1;history=[];active={name:None for name in flags}
C:\Users\nigel\OneDrive\Desktop\GitHub\confosense\smart_building_conformal\src\intervals005_validate.py:77: UserWarning: Could not infer format, so each element will be parsed individually, falling back to `dateutil`. To ensure parsing is consistent and as-expected, please specify a format.
  ix=np.flatnonzero(f.group_id.astype(str).eq(group));ix=ix[np.argsort(pd.to_datetime(f.target_time.iloc[ix]).astype('int64'),kind='stable')]
C:\Users\nigel\OneDrive\Desktop\GitHub\confosense\smart_building_conformal\src\intervals005_validate.py:78: UserWarning: Could not infer format, so each element will be parsed individually, falling back to `dateutil`. To ensure parsing is consistent and as-expected, please specify a format.
  gap=np.r_[True,np.diff(pd.to_datetime(f.target_time.iloc[ix]).astype('int64'))!=pd.Timedelta(freq).value];sid=-1;history=[];active={name:None for name in flags}
C:\Users\nigel\OneDrive\Desktop\GitHub\confosense\smart_building_conformal\src\intervals005_validate.py:77: UserWarning: Could not infer format, so each element will be parsed individually, falling back to `dateutil`. To ensure parsing is consistent and as-expected, please specify a format.
  ix=np.flatnonzero(f.group_id.astype(str).eq(group));ix=ix[np.argsort(pd.to_datetime(f.target_time.iloc[ix]).astype('int64'),kind='stable')]
C:\Users\nigel\OneDrive\Desktop\GitHub\confosense\smart_building_conformal\src\intervals005_validate.py:78: UserWarning: Could not infer format, so each element will be parsed individually, falling back to `dateutil`. To ensure parsing is consistent and as-expected, please specify a format.
  gap=np.r_[True,np.diff(pd.to_datetime(f.target_time.iloc[ix]).astype('int64'))!=pd.Timedelta(freq).value];sid=-1;history=[];active={name:None for name in flags}
C:\Users\nigel\OneDrive\Desktop\GitHub\confosense\smart_building_conformal\src\intervals005_validate.py:77: UserWarning: Could not infer format, so each element will be parsed individually, falling back to `dateutil`. To ensure parsing is consistent and as-expected, please specify a format.
  ix=np.flatnonzero(f.group_id.astype(str).eq(group));ix=ix[np.argsort(pd.to_datetime(f.target_time.iloc[ix]).astype('int64'),kind='stable')]
C:\Users\nigel\OneDrive\Desktop\GitHub\confosense\smart_building_conformal\src\intervals005_validate.py:78: UserWarning: Could not infer format, so each element will be parsed individually, falling back to `dateutil`. To ensure parsing is consistent and as-expected, please specify a format.
  gap=np.r_[True,np.diff(pd.to_datetime(f.target_time.iloc[ix]).astype('int64'))!=pd.Timedelta(freq).value];sid=-1;history=[];active={name:None for name in flags}
C:\Users\nigel\OneDrive\Desktop\GitHub\confosense\smart_building_conformal\src\intervals005_validate.py:77: UserWarning: Could not infer format, so each element will be parsed individually, falling back to `dateutil`. To ensure parsing is consistent and as-expected, please specify a format.
  ix=np.flatnonzero(f.group_id.astype(str).eq(group));ix=ix[np.argsort(pd.to_datetime(f.target_time.iloc[ix]).astype('int64'),kind='stable')]
C:\Users\nigel\OneDrive\Desktop\GitHub\confosense\smart_building_conformal\src\intervals005_validate.py:78: UserWarning: Could not infer format, so each element will be parsed individually, falling back to `dateutil`. To ensure parsing is consistent and as-expected, please specify a format.
  gap=np.r_[True,np.diff(pd.to_datetime(f.target_time.iloc[ix]).astype('int64'))!=pd.Timedelta(freq).value];sid=-1;history=[];active={name:None for name in flags}
C:\Users\nigel\OneDrive\Desktop\GitHub\confosense\smart_building_conformal\src\intervals005_validate.py:77: UserWarning: Could not infer format, so each element will be parsed individually, falling back to `dateutil`. To ensure parsing is consistent and as-expected, please specify a format.
  ix=np.flatnonzero(f.group_id.astype(str).eq(group));ix=ix[np.argsort(pd.to_datetime(f.target_time.iloc[ix]).astype('int64'),kind='stable')]
C:\Users\nigel\OneDrive\Desktop\GitHub\confosense\smart_building_conformal\src\intervals005_validate.py:78: UserWarning: Could not infer format, so each element will be parsed individually, falling back to `dateutil`. To ensure parsing is consistent and as-expected, please specify a format.
  gap=np.r_[True,np.diff(pd.to_datetime(f.target_time.iloc[ix]).astype('int64'))!=pd.Timedelta(freq).value];sid=-1;history=[];active={name:None for name in flags}
C:\Users\nigel\OneDrive\Desktop\GitHub\confosense\smart_building_conformal\src\intervals005_validate.py:77: UserWarning: Could not infer format, so each element will be parsed individually, falling back to `dateutil`. To ensure parsing is consistent and as-expected, please specify a format.
  ix=np.flatnonzero(f.group_id.astype(str).eq(group));ix=ix[np.argsort(pd.to_datetime(f.target_time.iloc[ix]).astype('int64'),kind='stable')]
C:\Users\nigel\OneDrive\Desktop\GitHub\confosense\smart_building_conformal\src\intervals005_validate.py:78: UserWarning: Could not infer format, so each element will be parsed individually, falling back to `dateutil`. To ensure parsing is consistent and as-expected, please specify a format.
  gap=np.r_[True,np.diff(pd.to_datetime(f.target_time.iloc[ix]).astype('int64'))!=pd.Timedelta(freq).value];sid=-1;history=[];active={name:None for name in flags}
C:\Users\nigel\OneDrive\Desktop\GitHub\confosense\smart_building_conformal\src\intervals005_validate.py:77: UserWarning: Could not infer format, so each element will be parsed individually, falling back to `dateutil`. To ensure parsing is consistent and as-expected, please specify a format.
  ix=np.flatnonzero(f.group_id.astype(str).eq(group));ix=ix[np.argsort(pd.to_datetime(f.target_time.iloc[ix]).astype('int64'),kind='stable')]
C:\Users\nigel\OneDrive\Desktop\GitHub\confosense\smart_building_conformal\src\intervals005_validate.py:78: UserWarning: Could not infer format, so each element will be parsed individually, falling back to `dateutil`. To ensure parsing is consistent and as-expected, please specify a format.
  gap=np.r_[True,np.diff(pd.to_datetime(f.target_time.iloc[ix]).astype('int64'))!=pd.Timedelta(freq).value];sid=-1;history=[];active={name:None for name in flags}
C:\Users\nigel\OneDrive\Desktop\GitHub\confosense\smart_building_conformal\src\intervals005_validate.py:77: UserWarning: Could not infer format, so each element will be parsed individually, falling back to `dateutil`. To ensure parsing is consistent and as-expected, please specify a format.
  ix=np.flatnonzero(f.group_id.astype(str).eq(group));ix=ix[np.argsort(pd.to_datetime(f.target_time.iloc[ix]).astype('int64'),kind='stable')]
C:\Users\nigel\OneDrive\Desktop\GitHub\confosense\smart_building_conformal\src\intervals005_validate.py:78: UserWarning: Could not infer format, so each element will be parsed individually, falling back to `dateutil`. To ensure parsing is consistent and as-expected, please specify a format.
  gap=np.r_[True,np.diff(pd.to_datetime(f.target_time.iloc[ix]).astype('int64'))!=pd.Timedelta(freq).value];sid=-1;history=[];active={name:None for name in flags}
C:\Users\nigel\OneDrive\Desktop\GitHub\confosense\smart_building_conformal\src\intervals005_validate.py:77: UserWarning: Could not infer format, so each element will be parsed individually, falling back to `dateutil`. To ensure parsing is consistent and as-expected, please specify a format.
  ix=np.flatnonzero(f.group_id.astype(str).eq(group));ix=ix[np.argsort(pd.to_datetime(f.target_time.iloc[ix]).astype('int64'),kind='stable')]
C:\Users\nigel\OneDrive\Desktop\GitHub\confosense\smart_building_conformal\src\intervals005_validate.py:78: UserWarning: Could not infer format, so each element will be parsed individually, falling back to `dateutil`. To ensure parsing is consistent and as-expected, please specify a format.
  gap=np.r_[True,np.diff(pd.to_datetime(f.target_time.iloc[ix]).astype('int64'))!=pd.Timedelta(freq).value];sid=-1;history=[];active={name:None for name in flags}
C:\Users\nigel\OneDrive\Desktop\GitHub\confosense\smart_building_conformal\src\intervals005_validate.py:77: UserWarning: Could not infer format, so each element will be parsed individually, falling back to `dateutil`. To ensure parsing is consistent and as-expected, please specify a format.
  ix=np.flatnonzero(f.group_id.astype(str).eq(group));ix=ix[np.argsort(pd.to_datetime(f.target_time.iloc[ix]).astype('int64'),kind='stable')]
C:\Users\nigel\OneDrive\Desktop\GitHub\confosense\smart_building_conformal\src\intervals005_validate.py:78: UserWarning: Could not infer format, so each element will be parsed individually, falling back to `dateutil`. To ensure parsing is consistent and as-expected, please specify a format.
  gap=np.r_[True,np.diff(pd.to_datetime(f.target_time.iloc[ix]).astype('int64'))!=pd.Timedelta(freq).value];sid=-1;history=[];active={name:None for name in flags}
C:\Users\nigel\OneDrive\Desktop\GitHub\confosense\smart_building_conformal\src\intervals005_validate.py:77: UserWarning: Could not infer format, so each element will be parsed individually, falling back to `dateutil`. To ensure parsing is consistent and as-expected, please specify a format.
  ix=np.flatnonzero(f.group_id.astype(str).eq(group));ix=ix[np.argsort(pd.to_datetime(f.target_time.iloc[ix]).astype('int64'),kind='stable')]
C:\Users\nigel\OneDrive\Desktop\GitHub\confosense\smart_building_conformal\src\intervals005_validate.py:78: UserWarning: Could not infer format, so each element will be parsed individually, falling back to `dateutil`. To ensure parsing is consistent and as-expected, please specify a format.
  gap=np.r_[True,np.diff(pd.to_datetime(f.target_time.iloc[ix]).astype('int64'))!=pd.Timedelta(freq).value];sid=-1;history=[];active={name:None for name in flags}
C:\Users\nigel\OneDrive\Desktop\GitHub\confosense\smart_building_conformal\src\intervals005_validate.py:77: UserWarning: Could not infer format, so each element will be parsed individually, falling back to `dateutil`. To ensure parsing is consistent and as-expected, please specify a format.
  ix=np.flatnonzero(f.group_id.astype(str).eq(group));ix=ix[np.argsort(pd.to_datetime(f.target_time.iloc[ix]).astype('int64'),kind='stable')]
C:\Users\nigel\OneDrive\Desktop\GitHub\confosense\smart_building_conformal\src\intervals005_validate.py:78: UserWarning: Could not infer format, so each element will be parsed individually, falling back to `dateutil`. To ensure parsing is consistent and as-expected, please specify a format.
  gap=np.r_[True,np.diff(pd.to_datetime(f.target_time.iloc[ix]).astype('int64'))!=pd.Timedelta(freq).value];sid=-1;history=[];active={name:None for name in flags}
C:\Users\nigel\OneDrive\Desktop\GitHub\confosense\smart_building_conformal\src\intervals005_validate.py:77: UserWarning: Could not infer format, so each element will be parsed individually, falling back to `dateutil`. To ensure parsing is consistent and as-expected, please specify a format.
  ix=np.flatnonzero(f.group_id.astype(str).eq(group));ix=ix[np.argsort(pd.to_datetime(f.target_time.iloc[ix]).astype('int64'),kind='stable')]
C:\Users\nigel\OneDrive\Desktop\GitHub\confosense\smart_building_conformal\src\intervals005_validate.py:78: UserWarning: Could not infer format, so each element will be parsed individually, falling back to `dateutil`. To ensure parsing is consistent and as-expected, please specify a format.
  gap=np.r_[True,np.diff(pd.to_datetime(f.target_time.iloc[ix]).astype('int64'))!=pd.Timedelta(freq).value];sid=-1;history=[];active={name:None for name in flags}
C:\Users\nigel\OneDrive\Desktop\GitHub\confosense\smart_building_conformal\src\intervals005_validate.py:77: UserWarning: Could not infer format, so each element will be parsed individually, falling back to `dateutil`. To ensure parsing is consistent and as-expected, please specify a format.
  ix=np.flatnonzero(f.group_id.astype(str).eq(group));ix=ix[np.argsort(pd.to_datetime(f.target_time.iloc[ix]).astype('int64'),kind='stable')]
C:\Users\nigel\OneDrive\Desktop\GitHub\confosense\smart_building_conformal\src\intervals005_validate.py:78: UserWarning: Could not infer format, so each element will be parsed individually, falling back to `dateutil`. To ensure parsing is consistent and as-expected, please specify a format.
  gap=np.r_[True,np.diff(pd.to_datetime(f.target_time.iloc[ix]).astype('int64'))!=pd.Timedelta(freq).value];sid=-1;history=[];active={name:None for name in flags}
C:\Users\nigel\OneDrive\Desktop\GitHub\confosense\smart_building_conformal\src\intervals005_validate.py:77: UserWarning: Could not infer format, so each element will be parsed individually, falling back to `dateutil`. To ensure parsing is consistent and as-expected, please specify a format.
  ix=np.flatnonzero(f.group_id.astype(str).eq(group));ix=ix[np.argsort(pd.to_datetime(f.target_time.iloc[ix]).astype('int64'),kind='stable')]
C:\Users\nigel\OneDrive\Desktop\GitHub\confosense\smart_building_conformal\src\intervals005_validate.py:78: UserWarning: Could not infer format, so each element will be parsed individually, falling back to `dateutil`. To ensure parsing is consistent and as-expected, please specify a format.
  gap=np.r_[True,np.diff(pd.to_datetime(f.target_time.iloc[ix]).astype('int64'))!=pd.Timedelta(freq).value];sid=-1;history=[];active={name:None for name in flags}
C:\Users\nigel\OneDrive\Desktop\GitHub\confosense\smart_building_conformal\src\intervals005_validate.py:77: UserWarning: Could not infer format, so each element will be parsed individually, falling back to `dateutil`. To ensure parsing is consistent and as-expected, please specify a format.
  ix=np.flatnonzero(f.group_id.astype(str).eq(group));ix=ix[np.argsort(pd.to_datetime(f.target_time.iloc[ix]).astype('int64'),kind='stable')]
C:\Users\nigel\OneDrive\Desktop\GitHub\confosense\smart_building_conformal\src\intervals005_validate.py:78: UserWarning: Could not infer format, so each element will be parsed individually, falling back to `dateutil`. To ensure parsing is consistent and as-expected, please specify a format.
  gap=np.r_[True,np.diff(pd.to_datetime(f.target_time.iloc[ix]).astype('int64'))!=pd.Timedelta(freq).value];sid=-1;history=[];active={name:None for name in flags}
C:\Users\nigel\OneDrive\Desktop\GitHub\confosense\smart_building_conformal\src\intervals005_validate.py:77: UserWarning: Could not infer format, so each element will be parsed individually, falling back to `dateutil`. To ensure parsing is consistent and as-expected, please specify a format.
  ix=np.flatnonzero(f.group_id.astype(str).eq(group));ix=ix[np.argsort(pd.to_datetime(f.target_time.iloc[ix]).astype('int64'),kind='stable')]
C:\Users\nigel\OneDrive\Desktop\GitHub\confosense\smart_building_conformal\src\intervals005_validate.py:78: UserWarning: Could not infer format, so each element will be parsed individually, falling back to `dateutil`. To ensure parsing is consistent and as-expected, please specify a format.
  gap=np.r_[True,np.diff(pd.to_datetime(f.target_time.iloc[ix]).astype('int64'))!=pd.Timedelta(freq).value];sid=-1;history=[];active={name:None for name in flags}
C:\Users\nigel\OneDrive\Desktop\GitHub\confosense\smart_building_conformal\src\intervals005_validate.py:77: UserWarning: Could not infer format, so each element will be parsed individually, falling back to `dateutil`. To ensure parsing is consistent and as-expected, please specify a format.
  ix=np.flatnonzero(f.group_id.astype(str).eq(group));ix=ix[np.argsort(pd.to_datetime(f.target_time.iloc[ix]).astype('int64'),kind='stable')]
C:\Users\nigel\OneDrive\Desktop\GitHub\confosense\smart_building_conformal\src\intervals005_validate.py:78: UserWarning: Could not infer format, so each element will be parsed individually, falling back to `dateutil`. To ensure parsing is consistent and as-expected, please specify a format.
  gap=np.r_[True,np.diff(pd.to_datetime(f.target_time.iloc[ix]).astype('int64'))!=pd.Timedelta(freq).value];sid=-1;history=[];active={name:None for name in flags}
C:\Users\nigel\OneDrive\Desktop\GitHub\confosense\smart_building_conformal\src\intervals005_validate.py:77: UserWarning: Could not infer format, so each element will be parsed individually, falling back to `dateutil`. To ensure parsing is consistent and as-expected, please specify a format.
  ix=np.flatnonzero(f.group_id.astype(str).eq(group));ix=ix[np.argsort(pd.to_datetime(f.target_time.iloc[ix]).astype('int64'),kind='stable')]
C:\Users\nigel\OneDrive\Desktop\GitHub\confosense\smart_building_conformal\src\intervals005_validate.py:78: UserWarning: Could not infer format, so each element will be parsed individually, falling back to `dateutil`. To ensure parsing is consistent and as-expected, please specify a format.
  gap=np.r_[True,np.diff(pd.to_datetime(f.target_time.iloc[ix]).astype('int64'))!=pd.Timedelta(freq).value];sid=-1;history=[];active={name:None for name in flags}
C:\Users\nigel\OneDrive\Desktop\GitHub\confosense\smart_building_conformal\src\intervals005_validate.py:77: UserWarning: Could not infer format, so each element will be parsed individually, falling back to `dateutil`. To ensure parsing is consistent and as-expected, please specify a format.
  ix=np.flatnonzero(f.group_id.astype(str).eq(group));ix=ix[np.argsort(pd.to_datetime(f.target_time.iloc[ix]).astype('int64'),kind='stable')]
C:\Users\nigel\OneDrive\Desktop\GitHub\confosense\smart_building_conformal\src\intervals005_validate.py:78: UserWarning: Could not infer format, so each element will be parsed individually, falling back to `dateutil`. To ensure parsing is consistent and as-expected, please specify a format.
  gap=np.r_[True,np.diff(pd.to_datetime(f.target_time.iloc[ix]).astype('int64'))!=pd.Timedelta(freq).value];sid=-1;history=[];active={name:None for name in flags}
C:\Users\nigel\OneDrive\Desktop\GitHub\confosense\smart_building_conformal\src\intervals005_validate.py:77: UserWarning: Could not infer format, so each element will be parsed individually, falling back to `dateutil`. To ensure parsing is consistent and as-expected, please specify a format.
  ix=np.flatnonzero(f.group_id.astype(str).eq(group));ix=ix[np.argsort(pd.to_datetime(f.target_time.iloc[ix]).astype('int64'),kind='stable')]
C:\Users\nigel\OneDrive\Desktop\GitHub\confosense\smart_building_conformal\src\intervals005_validate.py:78: UserWarning: Could not infer format, so each element will be parsed individually, falling back to `dateutil`. To ensure parsing is consistent and as-expected, please specify a format.
  gap=np.r_[True,np.diff(pd.to_datetime(f.target_time.iloc[ix]).astype('int64'))!=pd.Timedelta(freq).value];sid=-1;history=[];active={name:None for name in flags}
C:\Users\nigel\OneDrive\Desktop\GitHub\confosense\smart_building_conformal\src\intervals005_validate.py:77: UserWarning: Could not infer format, so each element will be parsed individually, falling back to `dateutil`. To ensure parsing is consistent and as-expected, please specify a format.
  ix=np.flatnonzero(f.group_id.astype(str).eq(group));ix=ix[np.argsort(pd.to_datetime(f.target_time.iloc[ix]).astype('int64'),kind='stable')]
C:\Users\nigel\OneDrive\Desktop\GitHub\confosense\smart_building_conformal\src\intervals005_validate.py:78: UserWarning: Could not infer format, so each element will be parsed individually, falling back to `dateutil`. To ensure parsing is consistent and as-expected, please specify a format.
  gap=np.r_[True,np.diff(pd.to_datetime(f.target_time.iloc[ix]).astype('int64'))!=pd.Timedelta(freq).value];sid=-1;history=[];active={name:None for name in flags}
{
  "passed": true,
  "method_cells": 40,
  "native_common_metric_rows": 80,
  "seasonal_interval_cells": 0,
  "seasonal_not_applicable": 4,
  "alert_stream_checks": 40,
  "maximum_observed_difference": 1.8969726554018962e-06,
  "models_fitted": 0,
  "calibrators_fitted": 0,
  "source_artifacts_unchanged": true,
  "resources": {
    "seconds": 289.43203060000087,
    "baseline_rss_bytes": 325431296,
    "peak_rss_bytes": 652353536,
    "baseline_private_bytes": 283230208,
    "peak_private_bytes": 678506496,
    "incremental_peak_rss_bytes": 326922240,
    "lifetime_peak_rss_bytes": 661991424,
    "min_available_ram_bytes": 2425532416,
    "sample_interval_seconds": 0.05,
    "process_cpu_seconds": 280.796875
  },
  "source_hash": "3a4c89ff6e653d0e036105eec4c43e6ccd4293ff3aa3fb8abfd934942c7c32a2",
  "protocol_hash": "cff35434986cda7a5baf77c481b425671b078d13378eb130b18b683d2cb24997",
  "utc": "2026-09-14T14:21:42.927177+00:00"
}
{"command": ["C:/cfs_venv/Scripts/python.exe", "-B", "C:\\Users\\nigel\\OneDrive\\Desktop\\GitHub\\confosense\\review\\matched_intervals005_four_settings_20260914\\measured_action.py", "--measurement", "C:\\Users\\nigel\\OneDrive\\Desktop\\GitHub\\confosense\\smart_building_conformal\\outputs\\matched_intervals005\\four_settings_f2_s42_v2_coordinator\\rico_validate_worker_resources.json", "--", "validate", "--design-dir", "C:\\Users\\nigel\\OneDrive\\Desktop\\GitHub\\confosense\\smart_building_conformal\\protocols\\matched_intervals005\\rico_f2_s42_v1", "--out", "C:\\Users\\nigel\\OneDrive\\Desktop\\GitHub\\confosense\\smart_building_conformal\\outputs\\matched_intervals005\\rico_f2_s42_v1", "--readiness", "C:\\Users\\nigel\\OneDrive\\Desktop\\GitHub\\confosense\\smart_building_conformal\\protocols\\matched_intervals005\\rico_f2_s42_v1\\readiness.json", "--receipt", "C:\\Users\\nigel\\OneDrive\\Desktop\\GitHub\\confosense\\smart_building_conformal\\outputs\\matched_intervals005\\four_settings_f2_s42_v2_coordinator\\rico_validation"], "cwd": "C:\\Users\\nigel\\OneDrive\\Desktop\\GitHub\\confosense\\smart_building_conformal", "started_utc": "2026-09-14T14:16:47.775850+00:00", "logger_pid": 33644, "child_pid": 6980, "ended_utc": "2026-09-14T14:21:43.647892+00:00", "seconds": 295.8730826999963, "exit_status": 0}
