{
  "passed": true,
  "status": "provisional_seed_block",
  "new_paired_units": 39,
  "new_tuning_fits": 312,
  "new_final_fits": 78,
  "new_point_cells": 117,
  "new_interval_cells": 234,
  "saved_model_checks": 234,
  "completed_zero_fit_resumes": 39,
  "actual_seed_checks": 117,
  "observed_max_prediction_difference": 0.0,
  "new_run_exit_codes": [
    0,
    0,
    0,
    0,
    0,
    0,
    0,
    0,
    0,
    0,
    0,
    0,
    0,
    0,
    0,
    0,
    0,
    0,
    0,
    0,
    0,
    0,
    0,
    0,
    0,
    0,
    0,
    0,
    0,
    0,
    0,
    0,
    0,
    0,
    0,
    0,
    0,
    0,
    0
  ],
  "completed_paired_units": 57,
  "total_paired_units": 195,
  "completed_point_cells": 171,
  "completed_interval_cells": 342,
  "fold2_paired_units": 52,
  "fold2_point_cells": 156,
  "fold2_interval_cells": 312,
  "remaining_paired_units": 138,
  "remaining_learned_fits": 1380,
  "actual_run_wall_seconds": 8555.520855199997,
  "actual_run_cpu_seconds": 8305.84375,
  "validation_wall_seconds": 804.337373999937,
  "resume_wall_seconds": 651.3300307000027,
  "maximum_lifetime_peak_rss_MiB": 1187.02734375,
  "remaining_low_model_hours": 3.755847904133098,
  "remaining_high_model_hours": 97.20208065196982,
  "models_fitted_by_analysis": 0,
  "historical_refits": 0,
  "repeated_learned_fits": 0,
  "full_study_ready": false,
  "additional_fits_authorized": false
}
{"command": ["C:/cfs_venv/Scripts/python.exe", "-B", "C:\\Users\\nigel\\OneDrive\\Desktop\\GitHub\\confosense\\review\\matched_fold2_multiseed_20260914\\analyze.py", "seed", "--out", "C:\\Users\\nigel\\OneDrive\\Desktop\\GitHub\\confosense\\smart_building_conformal\\outputs\\matched_forecasting005\\fold2_multiseed_batch_v1\\seed45_summary_v1"], "cwd": "C:\\Users\\nigel\\OneDrive\\Desktop\\GitHub\\confosense\\smart_building_conformal", "started_utc": "2026-09-14T02:01:22.676770+00:00", "logger_pid": 21004, "child_pid": 27984, "ended_utc": "2026-09-14T02:01:39.324663+00:00", "seconds": 16.639279800001532, "exit_status": 0}
