{
  "passed": true,
  "seeds": [
    43,
    44,
    45,
    46
  ],
  "parts": 40,
  "members": 510905,
  "total_part_bytes": 2248310971,
  "results": [
    {
      "passed": true,
      "model_seed": 43,
      "parts": 10,
      "members": 127712,
      "raw_files": 127712,
      "contexts": 68,
      "complete_tree_verified": true,
      "maximum_part_bytes": 64187403,
      "total_part_bytes": 563914176,
      "github_part_limit_bytes": 99614720,
      "reconstruction": "Extract every part into one empty directory; verify every byte with raw_file_manifest.csv.gz.",
      "source_complete_sha256": "ba3d9f2c3092d92365b5f978b44f528c6a5889f95f79f5b6b3900cb69c368155"
    },
    {
      "passed": true,
      "model_seed": 44,
      "parts": 10,
      "members": 127769,
      "raw_files": 127769,
      "contexts": 68,
      "complete_tree_verified": true,
      "maximum_part_bytes": 64107981,
      "total_part_bytes": 560896870,
      "github_part_limit_bytes": 99614720,
      "reconstruction": "Extract every part into one empty directory; verify every byte with raw_file_manifest.csv.gz.",
      "source_complete_sha256": "7c5f7b18162d80d24fb59de2139d12030a2b944a2ceb61ca14dac73b89a51669"
    },
    {
      "passed": true,
      "model_seed": 45,
      "parts": 10,
      "members": 127712,
      "raw_files": 127712,
      "contexts": 68,
      "complete_tree_verified": true,
      "maximum_part_bytes": 64122807,
      "total_part_bytes": 561235713,
      "github_part_limit_bytes": 99614720,
      "reconstruction": "Extract every part into one empty directory; verify every byte with raw_file_manifest.csv.gz.",
      "source_complete_sha256": "37fb03ad58dae4eea5e2f8110b10a0667530578260a7d4d7a1f85babc8a2bd5c"
    },
    {
      "passed": true,
      "model_seed": 46,
      "parts": 10,
      "members": 127712,
      "raw_files": 127712,
      "contexts": 68,
      "complete_tree_verified": true,
      "maximum_part_bytes": 64179465,
      "total_part_bytes": 562264212,
      "github_part_limit_bytes": 99614720,
      "reconstruction": "Extract every part into one empty directory; verify every byte with raw_file_manifest.csv.gz.",
      "source_complete_sha256": "3b6a6fece0f0bb4e5ce7033610d7cae2d2d36c8d14b72db22285e6c37a9e0b5a"
    }
  ]
}
