PREPARE horizon 1
OWNER h1_cqr_l90
INFO:root:The predictions are ill-sorted.
INFO:root:The predictions are ill-sorted.
INFO:root:The predictions are ill-sorted.
INFO:root:The predictions are ill-sorted.
INFO:root:The predictions are ill-sorted.
INFO:root:The predictions are ill-sorted.
INFO:root:The predictions are ill-sorted.
INFO:root:The predictions are ill-sorted.
INFO:root:The predictions are ill-sorted.
INFO:root:The predictions are ill-sorted.
INFO:root:The predictions are ill-sorted.
INFO:root:The predictions are ill-sorted.
INFO:root:The predictions are ill-sorted.
INFO:root:The predictions are ill-sorted.
INFO:root:The predictions are ill-sorted.
INFO:root:The predictions are ill-sorted.
INFO:root:The predictions are ill-sorted.
INFO:root:The predictions are ill-sorted.
INFO:root:The predictions are ill-sorted.
INFO:root:The predictions are ill-sorted.
INFO:root:The predictions are ill-sorted.
INFO:root:The predictions are ill-sorted.
INFO:root:The predictions are ill-sorted.
INFO:root:The predictions are ill-sorted.
INFO:root:The predictions are ill-sorted.
INFO:root:The predictions are ill-sorted.
INFO:root:The predictions are ill-sorted.
INFO:root:The predictions are ill-sorted.
INFO:root:The predictions are ill-sorted.
INFO:root:The predictions are ill-sorted.
INFO:root:The predictions are ill-sorted.
INFO:root:The predictions are ill-sorted.
INFO:root:The predictions are ill-sorted.
INFO:root:The predictions are ill-sorted.
INFO:root:The predictions are ill-sorted.
INFO:root:The predictions are ill-sorted.
INFO:root:The predictions are ill-sorted.
INFO:root:The predictions are ill-sorted.
INFO:root:The predictions are ill-sorted.
INFO:root:The predictions are ill-sorted.
INFO:root:The predictions are ill-sorted.
INFO:root:The predictions are ill-sorted.
INFO:root:The predictions are ill-sorted.
INFO:root:The predictions are ill-sorted.
INFO:root:The predictions are ill-sorted.
INFO:root:The predictions are ill-sorted.
INFO:root:The predictions are ill-sorted.
INFO:root:The predictions are ill-sorted.
INFO:root:The predictions are ill-sorted.
INFO:root:The predictions are ill-sorted.
INFO:root:The predictions are ill-sorted.
INFO:root:The predictions are ill-sorted.
INFO:root:The predictions are ill-sorted.
INFO:root:The predictions are ill-sorted.
INFO:root:The predictions are ill-sorted.
INFO:root:The predictions are ill-sorted.
INFO:root:The predictions are ill-sorted.
INFO:root:The predictions are ill-sorted.
INFO:root:The predictions are ill-sorted.
INFO:root:The predictions are ill-sorted.
INFO:root:The predictions are ill-sorted.
INFO:root:The predictions are ill-sorted.
INFO:root:The predictions are ill-sorted.
INFO:root:The predictions are ill-sorted.
INFO:root:The predictions are ill-sorted.
INFO:root:The predictions are ill-sorted.
INFO:root:The predictions are ill-sorted.
INFO:root:The predictions are ill-sorted.
INFO:root:The predictions are ill-sorted.
INFO:root:The predictions are ill-sorted.
INFO:root:The predictions are ill-sorted.
INFO:root:The predictions are ill-sorted.
INFO:root:The predictions are ill-sorted.
INFO:root:The predictions are ill-sorted.
INFO:root:The predictions are ill-sorted.
INFO:root:The predictions are ill-sorted.
INFO:root:The predictions are ill-sorted.
INFO:root:The predictions are ill-sorted.
INFO:root:The predictions are ill-sorted.
INFO:root:The predictions are ill-sorted.
INFO:root:The predictions are ill-sorted.
INFO:root:The predictions are ill-sorted.
INFO:root:The predictions are ill-sorted.
INFO:root:The predictions are ill-sorted.
INFO:root:The predictions are ill-sorted.
INFO:root:The predictions are ill-sorted.
INFO:root:The predictions are ill-sorted.
INFO:root:The predictions are ill-sorted.
INFO:root:The predictions are ill-sorted.
INFO:root:The predictions are ill-sorted.
INFO:root:The predictions are ill-sorted.
INFO:root:The predictions are ill-sorted.
INFO:root:The predictions are ill-sorted.
INFO:root:The predictions are ill-sorted.
INFO:root:The predictions are ill-sorted.
INFO:root:The predictions are ill-sorted.
INFO:root:The predictions are ill-sorted.
INFO:root:The predictions are ill-sorted.
INFO:root:The predictions are ill-sorted.
INFO:root:The predictions are ill-sorted.
INFO:root:The predictions are ill-sorted.
INFO:root:The predictions are ill-sorted.
INFO:root:The predictions are ill-sorted.
INFO:root:The predictions are ill-sorted.
INFO:root:The predictions are ill-sorted.
INFO:root:The predictions are ill-sorted.
INFO:root:The predictions are ill-sorted.
INFO:root:The predictions are ill-sorted.
INFO:root:The predictions are ill-sorted.
INFO:root:The predictions are ill-sorted.
INFO:root:The predictions are ill-sorted.
INFO:root:The predictions are ill-sorted.
INFO:root:The predictions are ill-sorted.
INFO:root:The predictions are ill-sorted.
INFO:root:The predictions are ill-sorted.
INFO:root:The predictions are ill-sorted.
INFO:root:The predictions are ill-sorted.
INFO:root:The predictions are ill-sorted.
INFO:root:The predictions are ill-sorted.
INFO:root:The predictions are ill-sorted.
INFO:root:The predictions are ill-sorted.
INFO:root:The predictions are ill-sorted.
INFO:root:The predictions are ill-sorted.
INFO:root:The predictions are ill-sorted.
INFO:root:The predictions are ill-sorted.
INFO:root:The predictions are ill-sorted.
INFO:root:The predictions are ill-sorted.
INFO:root:The predictions are ill-sorted.
INFO:root:The predictions are ill-sorted.
INFO:root:The predictions are ill-sorted.
INFO:root:The predictions are ill-sorted.
INFO:root:The predictions are ill-sorted.
INFO:root:The predictions are ill-sorted.
INFO:root:The predictions are ill-sorted.
INFO:root:The predictions are ill-sorted.
INFO:root:The predictions are ill-sorted.
INFO:root:The predictions are ill-sorted.
INFO:root:The predictions are ill-sorted.
INFO:root:The predictions are ill-sorted.
INFO:root:The predictions are ill-sorted.
INFO:root:The predictions are ill-sorted.
INFO:root:The predictions are ill-sorted.
INFO:root:The predictions are ill-sorted.
INFO:root:The predictions are ill-sorted.
INFO:root:The predictions are ill-sorted.
INFO:root:The predictions are ill-sorted.
INFO:root:The predictions are ill-sorted.
INFO:root:The predictions are ill-sorted.
INFO:root:The predictions are ill-sorted.
INFO:root:The predictions are ill-sorted.
INFO:root:The predictions are ill-sorted.
INFO:root:The predictions are ill-sorted.
INFO:root:The predictions are ill-sorted.
INFO:root:The predictions are ill-sorted.
INFO:root:The predictions are ill-sorted.
INFO:root:The predictions are ill-sorted.
INFO:root:The predictions are ill-sorted.
INFO:root:The predictions are ill-sorted.
INFO:root:The predictions are ill-sorted.
INFO:root:The predictions are ill-sorted.
INFO:root:The predictions are ill-sorted.
INFO:root:The predictions are ill-sorted.
INFO:root:The predictions are ill-sorted.
INFO:root:The predictions are ill-sorted.
INFO:root:The predictions are ill-sorted.
INFO:root:The predictions are ill-sorted.
INFO:root:The predictions are ill-sorted.
INFO:root:The predictions are ill-sorted.
INFO:root:The predictions are ill-sorted.
INFO:root:The predictions are ill-sorted.
INFO:root:The predictions are ill-sorted.
INFO:root:The predictions are ill-sorted.
INFO:root:The predictions are ill-sorted.
INFO:root:The predictions are ill-sorted.
INFO:root:The predictions are ill-sorted.
INFO:root:The predictions are ill-sorted.
INFO:root:The predictions are ill-sorted.
INFO:root:The predictions are ill-sorted.
INFO:root:The predictions are ill-sorted.
INFO:root:The predictions are ill-sorted.
INFO:root:The predictions are ill-sorted.
INFO:root:The predictions are ill-sorted.
INFO:root:The predictions are ill-sorted.
INFO:root:The predictions are ill-sorted.
INFO:root:The predictions are ill-sorted.
INFO:root:The predictions are ill-sorted.
INFO:root:The predictions are ill-sorted.
INFO:root:The predictions are ill-sorted.
INFO:root:The predictions are ill-sorted.
INFO:root:The predictions are ill-sorted.
INFO:root:The predictions are ill-sorted.
INFO:root:The predictions are ill-sorted.
INFO:root:The predictions are ill-sorted.
STREAM stream_h1_l90_quantile_uncalibrated
STREAM stream_h1_l90_cqr
OWNER h1_cqr_l95
INFO:root:The predictions are ill-sorted.
INFO:root:The predictions are ill-sorted.
INFO:root:The predictions are ill-sorted.
INFO:root:The predictions are ill-sorted.
INFO:root:The predictions are ill-sorted.
INFO:root:The predictions are ill-sorted.
INFO:root:The predictions are ill-sorted.
INFO:root:The predictions are ill-sorted.
INFO:root:The predictions are ill-sorted.
INFO:root:The predictions are ill-sorted.
INFO:root:The predictions are ill-sorted.
INFO:root:The predictions are ill-sorted.
INFO:root:The predictions are ill-sorted.
INFO:root:The predictions are ill-sorted.
INFO:root:The predictions are ill-sorted.
INFO:root:The predictions are ill-sorted.
INFO:root:The predictions are ill-sorted.
INFO:root:The predictions are ill-sorted.
INFO:root:The predictions are ill-sorted.
INFO:root:The predictions are ill-sorted.
INFO:root:The predictions are ill-sorted.
INFO:root:The predictions are ill-sorted.
INFO:root:The predictions are ill-sorted.
INFO:root:The predictions are ill-sorted.
INFO:root:The predictions are ill-sorted.
INFO:root:The predictions are ill-sorted.
INFO:root:The predictions are ill-sorted.
INFO:root:The predictions are ill-sorted.
INFO:root:The predictions are ill-sorted.
INFO:root:The predictions are ill-sorted.
INFO:root:The predictions are ill-sorted.
INFO:root:The predictions are ill-sorted.
INFO:root:The predictions are ill-sorted.
INFO:root:The predictions are ill-sorted.
INFO:root:The predictions are ill-sorted.
INFO:root:The predictions are ill-sorted.
INFO:root:The predictions are ill-sorted.
INFO:root:The predictions are ill-sorted.
INFO:root:The predictions are ill-sorted.
INFO:root:The predictions are ill-sorted.
INFO:root:The predictions are ill-sorted.
INFO:root:The predictions are ill-sorted.
INFO:root:The predictions are ill-sorted.
INFO:root:The predictions are ill-sorted.
INFO:root:The predictions are ill-sorted.
INFO:root:The predictions are ill-sorted.
INFO:root:The predictions are ill-sorted.
INFO:root:The predictions are ill-sorted.
INFO:root:The predictions are ill-sorted.
INFO:root:The predictions are ill-sorted.
INFO:root:The predictions are ill-sorted.
INFO:root:The predictions are ill-sorted.
INFO:root:The predictions are ill-sorted.
INFO:root:The predictions are ill-sorted.
INFO:root:The predictions are ill-sorted.
INFO:root:The predictions are ill-sorted.
INFO:root:The predictions are ill-sorted.
INFO:root:The predictions are ill-sorted.
INFO:root:The predictions are ill-sorted.
INFO:root:The predictions are ill-sorted.
INFO:root:The predictions are ill-sorted.
INFO:root:The predictions are ill-sorted.
INFO:root:The predictions are ill-sorted.
INFO:root:The predictions are ill-sorted.
INFO:root:The predictions are ill-sorted.
INFO:root:The predictions are ill-sorted.
INFO:root:The predictions are ill-sorted.
INFO:root:The predictions are ill-sorted.
INFO:root:The predictions are ill-sorted.
INFO:root:The predictions are ill-sorted.
INFO:root:The predictions are ill-sorted.
INFO:root:The predictions are ill-sorted.
INFO:root:The predictions are ill-sorted.
INFO:root:The predictions are ill-sorted.
INFO:root:The predictions are ill-sorted.
INFO:root:The predictions are ill-sorted.
INFO:root:The predictions are ill-sorted.
INFO:root:The predictions are ill-sorted.
INFO:root:The predictions are ill-sorted.
INFO:root:The predictions are ill-sorted.
INFO:root:The predictions are ill-sorted.
INFO:root:The predictions are ill-sorted.
INFO:root:The predictions are ill-sorted.
INFO:root:The predictions are ill-sorted.
INFO:root:The predictions are ill-sorted.
INFO:root:The predictions are ill-sorted.
INFO:root:The predictions are ill-sorted.
INFO:root:The predictions are ill-sorted.
INFO:root:The predictions are ill-sorted.
INFO:root:The predictions are ill-sorted.
INFO:root:The predictions are ill-sorted.
INFO:root:The predictions are ill-sorted.
INFO:root:The predictions are ill-sorted.
INFO:root:The predictions are ill-sorted.
INFO:root:The predictions are ill-sorted.
INFO:root:The predictions are ill-sorted.
INFO:root:The predictions are ill-sorted.
INFO:root:The predictions are ill-sorted.
INFO:root:The predictions are ill-sorted.
INFO:root:The predictions are ill-sorted.
INFO:root:The predictions are ill-sorted.
INFO:root:The predictions are ill-sorted.
INFO:root:The predictions are ill-sorted.
INFO:root:The predictions are ill-sorted.
INFO:root:The predictions are ill-sorted.
INFO:root:The predictions are ill-sorted.
INFO:root:The predictions are ill-sorted.
INFO:root:The predictions are ill-sorted.
INFO:root:The predictions are ill-sorted.
INFO:root:The predictions are ill-sorted.
INFO:root:The predictions are ill-sorted.
INFO:root:The predictions are ill-sorted.
INFO:root:The predictions are ill-sorted.
INFO:root:The predictions are ill-sorted.
INFO:root:The predictions are ill-sorted.
INFO:root:The predictions are ill-sorted.
INFO:root:The predictions are ill-sorted.
INFO:root:The predictions are ill-sorted.
INFO:root:The predictions are ill-sorted.
INFO:root:The predictions are ill-sorted.
INFO:root:The predictions are ill-sorted.
INFO:root:The predictions are ill-sorted.
INFO:root:The predictions are ill-sorted.
STREAM stream_h1_l95_quantile_uncalibrated
STREAM stream_h1_l95_cqr
OWNER h1_enbpi
C:\cfs_venv\Lib\site-packages\mapie\utils.py:668: UserWarning: WARNING: at least one point of training set belongs to every resamplings.
Increase the number of resamplings
  warnings.warn(
C:\cfs_venv\Lib\site-packages\mapie\aggregation_functions.py:118: RuntimeWarning: Mean of empty slice
  return cast(NDArray, np.nanmean(X, axis=1))
C:\cfs_venv\Lib\site-packages\mapie\utils.py:668: UserWarning: WARNING: at least one point of training set belongs to every resamplings.
Increase the number of resamplings
  warnings.warn(
C:\cfs_venv\Lib\site-packages\mapie\aggregation_functions.py:118: RuntimeWarning: Mean of empty slice
  return cast(NDArray, np.nanmean(X, axis=1))
C:\cfs_venv\Lib\site-packages\mapie\estimator\regressor.py:298: RuntimeWarning: invalid value encountered in divide
  return cast(NDArray, np.matmul(x, (K / (K.sum(axis=1, keepdims=True))).T))
C:\cfs_venv\Lib\site-packages\mapie\estimator\regressor.py:298: RuntimeWarning: invalid value encountered in divide
  return cast(NDArray, np.matmul(x, (K / (K.sum(axis=1, keepdims=True))).T))
STREAM stream_h1_l90_recentred_enbpi_static
STREAM stream_h1_l90_recentred_enbpi_updated
STREAM stream_h1_l95_recentred_enbpi_static
STREAM stream_h1_l95_recentred_enbpi_updated
PREPARE horizon 3
OWNER h3_cqr_l90
INFO:root:The predictions are ill-sorted.
INFO:root:The predictions are ill-sorted.
INFO:root:The predictions are ill-sorted.
INFO:root:The predictions are ill-sorted.
INFO:root:The predictions are ill-sorted.
INFO:root:The predictions are ill-sorted.
INFO:root:The predictions are ill-sorted.
INFO:root:The predictions are ill-sorted.
INFO:root:The predictions are ill-sorted.
INFO:root:The predictions are ill-sorted.
INFO:root:The predictions are ill-sorted.
INFO:root:The predictions are ill-sorted.
INFO:root:The predictions are ill-sorted.
INFO:root:The predictions are ill-sorted.
INFO:root:The predictions are ill-sorted.
INFO:root:The predictions are ill-sorted.
INFO:root:The predictions are ill-sorted.
INFO:root:The predictions are ill-sorted.
INFO:root:The predictions are ill-sorted.
INFO:root:The predictions are ill-sorted.
INFO:root:The predictions are ill-sorted.
INFO:root:The predictions are ill-sorted.
INFO:root:The predictions are ill-sorted.
INFO:root:The predictions are ill-sorted.
INFO:root:The predictions are ill-sorted.
INFO:root:The predictions are ill-sorted.
INFO:root:The predictions are ill-sorted.
INFO:root:The predictions are ill-sorted.
INFO:root:The predictions are ill-sorted.
INFO:root:The predictions are ill-sorted.
INFO:root:The predictions are ill-sorted.
INFO:root:The predictions are ill-sorted.
INFO:root:The predictions are ill-sorted.
INFO:root:The predictions are ill-sorted.
INFO:root:The predictions are ill-sorted.
INFO:root:The predictions are ill-sorted.
INFO:root:The predictions are ill-sorted.
INFO:root:The predictions are ill-sorted.
INFO:root:The predictions are ill-sorted.
INFO:root:The predictions are ill-sorted.
INFO:root:The predictions are ill-sorted.
INFO:root:The predictions are ill-sorted.
INFO:root:The predictions are ill-sorted.
INFO:root:The predictions are ill-sorted.
INFO:root:The predictions are ill-sorted.
INFO:root:The predictions are ill-sorted.
INFO:root:The predictions are ill-sorted.
INFO:root:The predictions are ill-sorted.
INFO:root:The predictions are ill-sorted.
INFO:root:The predictions are ill-sorted.
INFO:root:The predictions are ill-sorted.
INFO:root:The predictions are ill-sorted.
INFO:root:The predictions are ill-sorted.
INFO:root:The predictions are ill-sorted.
INFO:root:The predictions are ill-sorted.
INFO:root:The predictions are ill-sorted.
INFO:root:The predictions are ill-sorted.
INFO:root:The predictions are ill-sorted.
INFO:root:The predictions are ill-sorted.
INFO:root:The predictions are ill-sorted.
INFO:root:The predictions are ill-sorted.
INFO:root:The predictions are ill-sorted.
INFO:root:The predictions are ill-sorted.
INFO:root:The predictions are ill-sorted.
INFO:root:The predictions are ill-sorted.
INFO:root:The predictions are ill-sorted.
INFO:root:The predictions are ill-sorted.
INFO:root:The predictions are ill-sorted.
INFO:root:The predictions are ill-sorted.
INFO:root:The predictions are ill-sorted.
INFO:root:The predictions are ill-sorted.
INFO:root:The predictions are ill-sorted.
INFO:root:The predictions are ill-sorted.
INFO:root:The predictions are ill-sorted.
INFO:root:The predictions are ill-sorted.
INFO:root:The predictions are ill-sorted.
INFO:root:The predictions are ill-sorted.
INFO:root:The predictions are ill-sorted.
INFO:root:The predictions are ill-sorted.
INFO:root:The predictions are ill-sorted.
INFO:root:The predictions are ill-sorted.
INFO:root:The predictions are ill-sorted.
INFO:root:The predictions are ill-sorted.
INFO:root:The predictions are ill-sorted.
INFO:root:The predictions are ill-sorted.
INFO:root:The predictions are ill-sorted.
INFO:root:The predictions are ill-sorted.
INFO:root:The predictions are ill-sorted.
INFO:root:The predictions are ill-sorted.
INFO:root:The predictions are ill-sorted.
INFO:root:The predictions are ill-sorted.
INFO:root:The predictions are ill-sorted.
INFO:root:The predictions are ill-sorted.
INFO:root:The predictions are ill-sorted.
INFO:root:The predictions are ill-sorted.
INFO:root:The predictions are ill-sorted.
INFO:root:The predictions are ill-sorted.
INFO:root:The predictions are ill-sorted.
INFO:root:The predictions are ill-sorted.
INFO:root:The predictions are ill-sorted.
INFO:root:The predictions are ill-sorted.
INFO:root:The predictions are ill-sorted.
INFO:root:The predictions are ill-sorted.
INFO:root:The predictions are ill-sorted.
INFO:root:The predictions are ill-sorted.
INFO:root:The predictions are ill-sorted.
INFO:root:The predictions are ill-sorted.
INFO:root:The predictions are ill-sorted.
INFO:root:The predictions are ill-sorted.
INFO:root:The predictions are ill-sorted.
INFO:root:The predictions are ill-sorted.
INFO:root:The predictions are ill-sorted.
INFO:root:The predictions are ill-sorted.
INFO:root:The predictions are ill-sorted.
INFO:root:The predictions are ill-sorted.
INFO:root:The predictions are ill-sorted.
INFO:root:The predictions are ill-sorted.
INFO:root:The predictions are ill-sorted.
INFO:root:The predictions are ill-sorted.
INFO:root:The predictions are ill-sorted.
INFO:root:The predictions are ill-sorted.
INFO:root:The predictions are ill-sorted.
INFO:root:The predictions are ill-sorted.
INFO:root:The predictions are ill-sorted.
INFO:root:The predictions are ill-sorted.
INFO:root:The predictions are ill-sorted.
INFO:root:The predictions are ill-sorted.
INFO:root:The predictions are ill-sorted.
INFO:root:The predictions are ill-sorted.
INFO:root:The predictions are ill-sorted.
INFO:root:The predictions are ill-sorted.
INFO:root:The predictions are ill-sorted.
INFO:root:The predictions are ill-sorted.
INFO:root:The predictions are ill-sorted.
INFO:root:The predictions are ill-sorted.
INFO:root:The predictions are ill-sorted.
INFO:root:The predictions are ill-sorted.
INFO:root:The predictions are ill-sorted.
INFO:root:The predictions are ill-sorted.
INFO:root:The predictions are ill-sorted.
INFO:root:The predictions are ill-sorted.
INFO:root:The predictions are ill-sorted.
INFO:root:The predictions are ill-sorted.
INFO:root:The predictions are ill-sorted.
INFO:root:The predictions are ill-sorted.
INFO:root:The predictions are ill-sorted.
INFO:root:The predictions are ill-sorted.
INFO:root:The predictions are ill-sorted.
INFO:root:The predictions are ill-sorted.
INFO:root:The predictions are ill-sorted.
INFO:root:The predictions are ill-sorted.
INFO:root:The predictions are ill-sorted.
INFO:root:The predictions are ill-sorted.
INFO:root:The predictions are ill-sorted.
INFO:root:The predictions are ill-sorted.
INFO:root:The predictions are ill-sorted.
INFO:root:The predictions are ill-sorted.
INFO:root:The predictions are ill-sorted.
INFO:root:The predictions are ill-sorted.
INFO:root:The predictions are ill-sorted.
INFO:root:The predictions are ill-sorted.
INFO:root:The predictions are ill-sorted.
INFO:root:The predictions are ill-sorted.
INFO:root:The predictions are ill-sorted.
INFO:root:The predictions are ill-sorted.
INFO:root:The predictions are ill-sorted.
INFO:root:The predictions are ill-sorted.
INFO:root:The predictions are ill-sorted.
INFO:root:The predictions are ill-sorted.
INFO:root:The predictions are ill-sorted.
INFO:root:The predictions are ill-sorted.
INFO:root:The predictions are ill-sorted.
INFO:root:The predictions are ill-sorted.
INFO:root:The predictions are ill-sorted.
INFO:root:The predictions are ill-sorted.
INFO:root:The predictions are ill-sorted.
INFO:root:The predictions are ill-sorted.
INFO:root:The predictions are ill-sorted.
INFO:root:The predictions are ill-sorted.
INFO:root:The predictions are ill-sorted.
INFO:root:The predictions are ill-sorted.
INFO:root:The predictions are ill-sorted.
INFO:root:The predictions are ill-sorted.
INFO:root:The predictions are ill-sorted.
INFO:root:The predictions are ill-sorted.
INFO:root:The predictions are ill-sorted.
INFO:root:The predictions are ill-sorted.
INFO:root:The predictions are ill-sorted.
INFO:root:The predictions are ill-sorted.
INFO:root:The predictions are ill-sorted.
INFO:root:The predictions are ill-sorted.
INFO:root:The predictions are ill-sorted.
INFO:root:The predictions are ill-sorted.
INFO:root:The predictions are ill-sorted.
INFO:root:The predictions are ill-sorted.
INFO:root:The predictions are ill-sorted.
INFO:root:The predictions are ill-sorted.
INFO:root:The predictions are ill-sorted.
INFO:root:The predictions are ill-sorted.
INFO:root:The predictions are ill-sorted.
INFO:root:The predictions are ill-sorted.
INFO:root:The predictions are ill-sorted.
INFO:root:The predictions are ill-sorted.
INFO:root:The predictions are ill-sorted.
INFO:root:The predictions are ill-sorted.
INFO:root:The predictions are ill-sorted.
INFO:root:The predictions are ill-sorted.
INFO:root:The predictions are ill-sorted.
STREAM stream_h3_l90_quantile_uncalibrated
STREAM stream_h3_l90_cqr
OWNER h3_cqr_l95
INFO:root:The predictions are ill-sorted.
INFO:root:The predictions are ill-sorted.
INFO:root:The predictions are ill-sorted.
INFO:root:The predictions are ill-sorted.
INFO:root:The predictions are ill-sorted.
INFO:root:The predictions are ill-sorted.
INFO:root:The predictions are ill-sorted.
INFO:root:The predictions are ill-sorted.
INFO:root:The predictions are ill-sorted.
INFO:root:The predictions are ill-sorted.
INFO:root:The predictions are ill-sorted.
INFO:root:The predictions are ill-sorted.
INFO:root:The predictions are ill-sorted.
INFO:root:The predictions are ill-sorted.
INFO:root:The predictions are ill-sorted.
INFO:root:The predictions are ill-sorted.
INFO:root:The predictions are ill-sorted.
INFO:root:The predictions are ill-sorted.
INFO:root:The predictions are ill-sorted.
INFO:root:The predictions are ill-sorted.
INFO:root:The predictions are ill-sorted.
INFO:root:The predictions are ill-sorted.
INFO:root:The predictions are ill-sorted.
INFO:root:The predictions are ill-sorted.
INFO:root:The predictions are ill-sorted.
INFO:root:The predictions are ill-sorted.
INFO:root:The predictions are ill-sorted.
INFO:root:The predictions are ill-sorted.
INFO:root:The predictions are ill-sorted.
INFO:root:The predictions are ill-sorted.
INFO:root:The predictions are ill-sorted.
INFO:root:The predictions are ill-sorted.
INFO:root:The predictions are ill-sorted.
INFO:root:The predictions are ill-sorted.
INFO:root:The predictions are ill-sorted.
INFO:root:The predictions are ill-sorted.
INFO:root:The predictions are ill-sorted.
INFO:root:The predictions are ill-sorted.
INFO:root:The predictions are ill-sorted.
INFO:root:The predictions are ill-sorted.
INFO:root:The predictions are ill-sorted.
INFO:root:The predictions are ill-sorted.
INFO:root:The predictions are ill-sorted.
INFO:root:The predictions are ill-sorted.
INFO:root:The predictions are ill-sorted.
INFO:root:The predictions are ill-sorted.
INFO:root:The predictions are ill-sorted.
INFO:root:The predictions are ill-sorted.
INFO:root:The predictions are ill-sorted.
INFO:root:The predictions are ill-sorted.
INFO:root:The predictions are ill-sorted.
INFO:root:The predictions are ill-sorted.
INFO:root:The predictions are ill-sorted.
INFO:root:The predictions are ill-sorted.
INFO:root:The predictions are ill-sorted.
INFO:root:The predictions are ill-sorted.
INFO:root:The predictions are ill-sorted.
INFO:root:The predictions are ill-sorted.
INFO:root:The predictions are ill-sorted.
INFO:root:The predictions are ill-sorted.
INFO:root:The predictions are ill-sorted.
INFO:root:The predictions are ill-sorted.
INFO:root:The predictions are ill-sorted.
INFO:root:The predictions are ill-sorted.
INFO:root:The predictions are ill-sorted.
INFO:root:The predictions are ill-sorted.
INFO:root:The predictions are ill-sorted.
INFO:root:The predictions are ill-sorted.
INFO:root:The predictions are ill-sorted.
INFO:root:The predictions are ill-sorted.
INFO:root:The predictions are ill-sorted.
INFO:root:The predictions are ill-sorted.
INFO:root:The predictions are ill-sorted.
INFO:root:The predictions are ill-sorted.
INFO:root:The predictions are ill-sorted.
INFO:root:The predictions are ill-sorted.
INFO:root:The predictions are ill-sorted.
INFO:root:The predictions are ill-sorted.
INFO:root:The predictions are ill-sorted.
INFO:root:The predictions are ill-sorted.
INFO:root:The predictions are ill-sorted.
INFO:root:The predictions are ill-sorted.
INFO:root:The predictions are ill-sorted.
INFO:root:The predictions are ill-sorted.
INFO:root:The predictions are ill-sorted.
INFO:root:The predictions are ill-sorted.
INFO:root:The predictions are ill-sorted.
INFO:root:The predictions are ill-sorted.
INFO:root:The predictions are ill-sorted.
INFO:root:The predictions are ill-sorted.
INFO:root:The predictions are ill-sorted.
INFO:root:The predictions are ill-sorted.
INFO:root:The predictions are ill-sorted.
INFO:root:The predictions are ill-sorted.
INFO:root:The predictions are ill-sorted.
INFO:root:The predictions are ill-sorted.
INFO:root:The predictions are ill-sorted.
INFO:root:The predictions are ill-sorted.
INFO:root:The predictions are ill-sorted.
INFO:root:The predictions are ill-sorted.
INFO:root:The predictions are ill-sorted.
INFO:root:The predictions are ill-sorted.
INFO:root:The predictions are ill-sorted.
INFO:root:The predictions are ill-sorted.
INFO:root:The predictions are ill-sorted.
INFO:root:The predictions are ill-sorted.
INFO:root:The predictions are ill-sorted.
INFO:root:The predictions are ill-sorted.
INFO:root:The predictions are ill-sorted.
INFO:root:The predictions are ill-sorted.
INFO:root:The predictions are ill-sorted.
INFO:root:The predictions are ill-sorted.
INFO:root:The predictions are ill-sorted.
INFO:root:The predictions are ill-sorted.
INFO:root:The predictions are ill-sorted.
STREAM stream_h3_l95_quantile_uncalibrated
STREAM stream_h3_l95_cqr
OWNER h3_enbpi
C:\cfs_venv\Lib\site-packages\mapie\utils.py:668: UserWarning: WARNING: at least one point of training set belongs to every resamplings.
Increase the number of resamplings
  warnings.warn(
C:\cfs_venv\Lib\site-packages\mapie\aggregation_functions.py:118: RuntimeWarning: Mean of empty slice
  return cast(NDArray, np.nanmean(X, axis=1))
C:\cfs_venv\Lib\site-packages\mapie\utils.py:668: UserWarning: WARNING: at least one point of training set belongs to every resamplings.
Increase the number of resamplings
  warnings.warn(
C:\cfs_venv\Lib\site-packages\mapie\aggregation_functions.py:118: RuntimeWarning: Mean of empty slice
  return cast(NDArray, np.nanmean(X, axis=1))
C:\cfs_venv\Lib\site-packages\mapie\estimator\regressor.py:298: RuntimeWarning: invalid value encountered in divide
  return cast(NDArray, np.matmul(x, (K / (K.sum(axis=1, keepdims=True))).T))
C:\cfs_venv\Lib\site-packages\mapie\estimator\regressor.py:298: RuntimeWarning: invalid value encountered in divide
  return cast(NDArray, np.matmul(x, (K / (K.sum(axis=1, keepdims=True))).T))
STREAM stream_h3_l90_recentred_enbpi_static
STREAM stream_h3_l90_recentred_enbpi_updated
STREAM stream_h3_l95_recentred_enbpi_static
STREAM stream_h3_l95_recentred_enbpi_updated
PREPARE horizon 6
OWNER h6_cqr_l90
INFO:root:The predictions are ill-sorted.
INFO:root:The predictions are ill-sorted.
INFO:root:The predictions are ill-sorted.
INFO:root:The predictions are ill-sorted.
INFO:root:The predictions are ill-sorted.
INFO:root:The predictions are ill-sorted.
INFO:root:The predictions are ill-sorted.
INFO:root:The predictions are ill-sorted.
INFO:root:The predictions are ill-sorted.
INFO:root:The predictions are ill-sorted.
INFO:root:The predictions are ill-sorted.
INFO:root:The predictions are ill-sorted.
INFO:root:The predictions are ill-sorted.
INFO:root:The predictions are ill-sorted.
INFO:root:The predictions are ill-sorted.
INFO:root:The predictions are ill-sorted.
INFO:root:The predictions are ill-sorted.
INFO:root:The predictions are ill-sorted.
INFO:root:The predictions are ill-sorted.
INFO:root:The predictions are ill-sorted.
INFO:root:The predictions are ill-sorted.
INFO:root:The predictions are ill-sorted.
INFO:root:The predictions are ill-sorted.
INFO:root:The predictions are ill-sorted.
INFO:root:The predictions are ill-sorted.
INFO:root:The predictions are ill-sorted.
INFO:root:The predictions are ill-sorted.
INFO:root:The predictions are ill-sorted.
INFO:root:The predictions are ill-sorted.
INFO:root:The predictions are ill-sorted.
INFO:root:The predictions are ill-sorted.
INFO:root:The predictions are ill-sorted.
INFO:root:The predictions are ill-sorted.
INFO:root:The predictions are ill-sorted.
INFO:root:The predictions are ill-sorted.
INFO:root:The predictions are ill-sorted.
INFO:root:The predictions are ill-sorted.
INFO:root:The predictions are ill-sorted.
INFO:root:The predictions are ill-sorted.
INFO:root:The predictions are ill-sorted.
INFO:root:The predictions are ill-sorted.
INFO:root:The predictions are ill-sorted.
INFO:root:The predictions are ill-sorted.
INFO:root:The predictions are ill-sorted.
INFO:root:The predictions are ill-sorted.
INFO:root:The predictions are ill-sorted.
INFO:root:The predictions are ill-sorted.
INFO:root:The predictions are ill-sorted.
INFO:root:The predictions are ill-sorted.
INFO:root:The predictions are ill-sorted.
INFO:root:The predictions are ill-sorted.
INFO:root:The predictions are ill-sorted.
INFO:root:The predictions are ill-sorted.
INFO:root:The predictions are ill-sorted.
INFO:root:The predictions are ill-sorted.
INFO:root:The predictions are ill-sorted.
INFO:root:The predictions are ill-sorted.
INFO:root:The predictions are ill-sorted.
INFO:root:The predictions are ill-sorted.
INFO:root:The predictions are ill-sorted.
INFO:root:The predictions are ill-sorted.
INFO:root:The predictions are ill-sorted.
INFO:root:The predictions are ill-sorted.
INFO:root:The predictions are ill-sorted.
INFO:root:The predictions are ill-sorted.
INFO:root:The predictions are ill-sorted.
INFO:root:The predictions are ill-sorted.
INFO:root:The predictions are ill-sorted.
INFO:root:The predictions are ill-sorted.
INFO:root:The predictions are ill-sorted.
INFO:root:The predictions are ill-sorted.
INFO:root:The predictions are ill-sorted.
INFO:root:The predictions are ill-sorted.
INFO:root:The predictions are ill-sorted.
INFO:root:The predictions are ill-sorted.
INFO:root:The predictions are ill-sorted.
INFO:root:The predictions are ill-sorted.
INFO:root:The predictions are ill-sorted.
INFO:root:The predictions are ill-sorted.
INFO:root:The predictions are ill-sorted.
INFO:root:The predictions are ill-sorted.
INFO:root:The predictions are ill-sorted.
INFO:root:The predictions are ill-sorted.
INFO:root:The predictions are ill-sorted.
INFO:root:The predictions are ill-sorted.
INFO:root:The predictions are ill-sorted.
INFO:root:The predictions are ill-sorted.
INFO:root:The predictions are ill-sorted.
INFO:root:The predictions are ill-sorted.
INFO:root:The predictions are ill-sorted.
INFO:root:The predictions are ill-sorted.
INFO:root:The predictions are ill-sorted.
INFO:root:The predictions are ill-sorted.
INFO:root:The predictions are ill-sorted.
INFO:root:The predictions are ill-sorted.
INFO:root:The predictions are ill-sorted.
INFO:root:The predictions are ill-sorted.
INFO:root:The predictions are ill-sorted.
INFO:root:The predictions are ill-sorted.
INFO:root:The predictions are ill-sorted.
INFO:root:The predictions are ill-sorted.
INFO:root:The predictions are ill-sorted.
INFO:root:The predictions are ill-sorted.
INFO:root:The predictions are ill-sorted.
INFO:root:The predictions are ill-sorted.
INFO:root:The predictions are ill-sorted.
INFO:root:The predictions are ill-sorted.
INFO:root:The predictions are ill-sorted.
INFO:root:The predictions are ill-sorted.
INFO:root:The predictions are ill-sorted.
INFO:root:The predictions are ill-sorted.
INFO:root:The predictions are ill-sorted.
INFO:root:The predictions are ill-sorted.
INFO:root:The predictions are ill-sorted.
INFO:root:The predictions are ill-sorted.
INFO:root:The predictions are ill-sorted.
INFO:root:The predictions are ill-sorted.
INFO:root:The predictions are ill-sorted.
INFO:root:The predictions are ill-sorted.
INFO:root:The predictions are ill-sorted.
INFO:root:The predictions are ill-sorted.
INFO:root:The predictions are ill-sorted.
INFO:root:The predictions are ill-sorted.
INFO:root:The predictions are ill-sorted.
INFO:root:The predictions are ill-sorted.
INFO:root:The predictions are ill-sorted.
INFO:root:The predictions are ill-sorted.
INFO:root:The predictions are ill-sorted.
INFO:root:The predictions are ill-sorted.
INFO:root:The predictions are ill-sorted.
INFO:root:The predictions are ill-sorted.
STREAM stream_h6_l90_quantile_uncalibrated
STREAM stream_h6_l90_cqr
OWNER h6_cqr_l95
INFO:root:The predictions are ill-sorted.
INFO:root:The predictions are ill-sorted.
INFO:root:The predictions are ill-sorted.
INFO:root:The predictions are ill-sorted.
INFO:root:The predictions are ill-sorted.
INFO:root:The predictions are ill-sorted.
INFO:root:The predictions are ill-sorted.
INFO:root:The predictions are ill-sorted.
INFO:root:The predictions are ill-sorted.
INFO:root:The predictions are ill-sorted.
INFO:root:The predictions are ill-sorted.
INFO:root:The predictions are ill-sorted.
INFO:root:The predictions are ill-sorted.
INFO:root:The predictions are ill-sorted.
INFO:root:The predictions are ill-sorted.
INFO:root:The predictions are ill-sorted.
INFO:root:The predictions are ill-sorted.
INFO:root:The predictions are ill-sorted.
INFO:root:The predictions are ill-sorted.
INFO:root:The predictions are ill-sorted.
INFO:root:The predictions are ill-sorted.
INFO:root:The predictions are ill-sorted.
INFO:root:The predictions are ill-sorted.
INFO:root:The predictions are ill-sorted.
INFO:root:The predictions are ill-sorted.
INFO:root:The predictions are ill-sorted.
INFO:root:The predictions are ill-sorted.
INFO:root:The predictions are ill-sorted.
INFO:root:The predictions are ill-sorted.
INFO:root:The predictions are ill-sorted.
INFO:root:The predictions are ill-sorted.
INFO:root:The predictions are ill-sorted.
INFO:root:The predictions are ill-sorted.
INFO:root:The predictions are ill-sorted.
INFO:root:The predictions are ill-sorted.
INFO:root:The predictions are ill-sorted.
INFO:root:The predictions are ill-sorted.
INFO:root:The predictions are ill-sorted.
INFO:root:The predictions are ill-sorted.
INFO:root:The predictions are ill-sorted.
INFO:root:The predictions are ill-sorted.
INFO:root:The predictions are ill-sorted.
INFO:root:The predictions are ill-sorted.
INFO:root:The predictions are ill-sorted.
INFO:root:The predictions are ill-sorted.
INFO:root:The predictions are ill-sorted.
INFO:root:The predictions are ill-sorted.
INFO:root:The predictions are ill-sorted.
INFO:root:The predictions are ill-sorted.
INFO:root:The predictions are ill-sorted.
INFO:root:The predictions are ill-sorted.
INFO:root:The predictions are ill-sorted.
INFO:root:The predictions are ill-sorted.
INFO:root:The predictions are ill-sorted.
INFO:root:The predictions are ill-sorted.
INFO:root:The predictions are ill-sorted.
INFO:root:The predictions are ill-sorted.
INFO:root:The predictions are ill-sorted.
INFO:root:The predictions are ill-sorted.
INFO:root:The predictions are ill-sorted.
INFO:root:The predictions are ill-sorted.
INFO:root:The predictions are ill-sorted.
INFO:root:The predictions are ill-sorted.
INFO:root:The predictions are ill-sorted.
INFO:root:The predictions are ill-sorted.
INFO:root:The predictions are ill-sorted.
INFO:root:The predictions are ill-sorted.
INFO:root:The predictions are ill-sorted.
INFO:root:The predictions are ill-sorted.
INFO:root:The predictions are ill-sorted.
INFO:root:The predictions are ill-sorted.
INFO:root:The predictions are ill-sorted.
INFO:root:The predictions are ill-sorted.
INFO:root:The predictions are ill-sorted.
INFO:root:The predictions are ill-sorted.
INFO:root:The predictions are ill-sorted.
INFO:root:The predictions are ill-sorted.
INFO:root:The predictions are ill-sorted.
INFO:root:The predictions are ill-sorted.
INFO:root:The predictions are ill-sorted.
INFO:root:The predictions are ill-sorted.
INFO:root:The predictions are ill-sorted.
INFO:root:The predictions are ill-sorted.
INFO:root:The predictions are ill-sorted.
INFO:root:The predictions are ill-sorted.
INFO:root:The predictions are ill-sorted.
INFO:root:The predictions are ill-sorted.
INFO:root:The predictions are ill-sorted.
INFO:root:The predictions are ill-sorted.
INFO:root:The predictions are ill-sorted.
INFO:root:The predictions are ill-sorted.
INFO:root:The predictions are ill-sorted.
INFO:root:The predictions are ill-sorted.
INFO:root:The predictions are ill-sorted.
INFO:root:The predictions are ill-sorted.
INFO:root:The predictions are ill-sorted.
INFO:root:The predictions are ill-sorted.
INFO:root:The predictions are ill-sorted.
INFO:root:The predictions are ill-sorted.
INFO:root:The predictions are ill-sorted.
INFO:root:The predictions are ill-sorted.
INFO:root:The predictions are ill-sorted.
INFO:root:The predictions are ill-sorted.
INFO:root:The predictions are ill-sorted.
INFO:root:The predictions are ill-sorted.
INFO:root:The predictions are ill-sorted.
INFO:root:The predictions are ill-sorted.
INFO:root:The predictions are ill-sorted.
INFO:root:The predictions are ill-sorted.
INFO:root:The predictions are ill-sorted.
INFO:root:The predictions are ill-sorted.
STREAM stream_h6_l95_quantile_uncalibrated
STREAM stream_h6_l95_cqr
OWNER h6_enbpi
C:\cfs_venv\Lib\site-packages\mapie\utils.py:668: UserWarning: WARNING: at least one point of training set belongs to every resamplings.
Increase the number of resamplings
  warnings.warn(
C:\cfs_venv\Lib\site-packages\mapie\aggregation_functions.py:118: RuntimeWarning: Mean of empty slice
  return cast(NDArray, np.nanmean(X, axis=1))
C:\cfs_venv\Lib\site-packages\mapie\utils.py:668: UserWarning: WARNING: at least one point of training set belongs to every resamplings.
Increase the number of resamplings
  warnings.warn(
C:\cfs_venv\Lib\site-packages\mapie\aggregation_functions.py:118: RuntimeWarning: Mean of empty slice
  return cast(NDArray, np.nanmean(X, axis=1))
C:\cfs_venv\Lib\site-packages\mapie\estimator\regressor.py:298: RuntimeWarning: invalid value encountered in divide
  return cast(NDArray, np.matmul(x, (K / (K.sum(axis=1, keepdims=True))).T))
C:\cfs_venv\Lib\site-packages\mapie\estimator\regressor.py:298: RuntimeWarning: invalid value encountered in divide
  return cast(NDArray, np.matmul(x, (K / (K.sum(axis=1, keepdims=True))).T))
STREAM stream_h6_l90_recentred_enbpi_static
STREAM stream_h6_l90_recentred_enbpi_updated
STREAM stream_h6_l95_recentred_enbpi_static
STREAM stream_h6_l95_recentred_enbpi_updated
DSCP assigned through 64/34590
DSCP assigned through 576/34590
DSCP assigned through 4672/34590
DSCP assigned through 8768/34590
DSCP assigned through 12864/34590
DSCP assigned through 16960/34590
DSCP assigned through 21056/34590
DSCP assigned through 25152/34590
DSCP assigned through 29248/34590
DSCP assigned through 33344/34590
{
  "status": "complete",
  "method_cells": 30,
  "seasonal_interval_cells": 6,
  "operation_counts": {
    "enbpi_wrapper_fit": 3,
    "cqr_wrapper_fit": 6,
    "kmeans_candidate_fit": 5,
    "quantile_estimator_fit": 18,
    "calibrator_conformalize": 18,
    "dscp_calibrator_fit": 1,
    "xgboost_estimator_fit": 33
  }
}
