{
  "status": "complete",
  "action": "resume",
  "models_fitted": 0,
  "reused_model_units": 3,
  "fresh_data_identity_verified": true,
  "preparation_resources": {
    "seconds": 16.46756489999825,
    "baseline_rss_bytes": 324284416,
    "peak_rss_bytes": 975327232,
    "baseline_private_bytes": 282013696,
    "peak_private_bytes": 1001541632,
    "incremental_peak_rss_bytes": 651042816,
    "lifetime_peak_rss_bytes": 1033404416,
    "min_available_ram_bytes": 4735983616,
    "sample_interval_seconds": 0.05,
    "process_cpu_seconds": 16.15625
  },
  "protocol_hash": "d17374d7dfe7206b1bc2d78ed29eb81be4f2ec7661fd25177f694623751f05b4",
  "source_hash": "cd907183301a189ddfcc195774dad58c8fa07d5b326d2ac29cf3636383dc681e",
  "all_run_files_unchanged": true
}
