{
  "status": "complete",
  "action": "resume",
  "models_fitted": 0,
  "reused_model_units": 3,
  "fresh_data_identity_verified": true,
  "preparation_resources": {
    "seconds": 16.46756489999825,
    "baseline_rss_bytes": 324284416,
    "peak_rss_bytes": 975327232,
    "baseline_private_bytes": 282013696,
    "peak_private_bytes": 1001541632,
    "incremental_peak_rss_bytes": 651042816,
    "lifetime_peak_rss_bytes": 1033404416,
    "min_available_ram_bytes": 4735983616,
    "sample_interval_seconds": 0.05,
    "process_cpu_seconds": 16.15625
  },
  "protocol_hash": "d17374d7dfe7206b1bc2d78ed29eb81be4f2ec7661fd25177f694623751f05b4",
  "source_hash": "cd907183301a189ddfcc195774dad58c8fa07d5b326d2ac29cf3636383dc681e",
  "all_run_files_unchanged": true
}
{"command": ["C:/cfs_venv/Scripts/python.exe", "-B", "-m", "src.matched_forecasting005", "resume", "--matrix", "C:\\Users\\nigel\\OneDrive\\Desktop\\GitHub\\confosense\\smart_building_conformal\\outputs\\amendment005\\support_design_v1\\experiment_matrix.csv", "--dataset", "bdg2", "--horizon", "1", "--outer-fold", "2", "--model-seed", "45", "--design-dir", "C:\\Users\\nigel\\OneDrive\\Desktop\\GitHub\\confosense\\smart_building_conformal\\protocols\\matched_forecasting005\\bdg2_h1_f2_s45_v1", "--out", "C:\\Users\\nigel\\OneDrive\\Desktop\\GitHub\\confosense\\smart_building_conformal\\outputs\\matched_forecasting005\\bdg2_h1_f2_s45_v1", "--readiness", "C:\\Users\\nigel\\OneDrive\\Desktop\\GitHub\\confosense\\smart_building_conformal\\protocols\\matched_forecasting005\\bdg2_h1_f2_s45_v1\\readiness.json", "--receipt", "C:\\Users\\nigel\\OneDrive\\Desktop\\GitHub\\confosense\\smart_building_conformal\\outputs\\matched_forecasting005\\fold2_multiseed_batch_v1\\receipts\\bdg2_h1_f2_s45_v1\\resume_v1.json", "--forbid-fits"], "cwd": "C:\\Users\\nigel\\OneDrive\\Desktop\\GitHub\\confosense\\smart_building_conformal", "started_utc": "2026-09-14T01:34:24.238573+00:00", "logger_pid": 25856, "child_pid": 28976, "ended_utc": "2026-09-14T01:34:45.240038+00:00", "seconds": 21.003313300010632, "exit_status": 0}
