{
  "passed": true,
  "status": "complete",
  "new_paired_units": 52,
  "new_tuning_fits": 416,
  "new_final_fits": 104,
  "new_point_cells": 156,
  "new_interval_cells": 312,
  "saved_model_checks": 312,
  "completed_zero_fit_resumes": 52,
  "actual_seed_checks": 156,
  "observed_max_prediction_difference": 0.0,
  "new_run_exit_codes": [
    0,
    0,
    0,
    0,
    0,
    0,
    0,
    0,
    0,
    0,
    0,
    0,
    0,
    0,
    0,
    0,
    0,
    0,
    0,
    0,
    0,
    0,
    0,
    0,
    0,
    0,
    0,
    0,
    0,
    0,
    0,
    0,
    0,
    0,
    0,
    0,
    0,
    0,
    0,
    0,
    0,
    0,
    0,
    0,
    0,
    0,
    0,
    0,
    0,
    0,
    0,
    0
  ],
  "completed_paired_units": 70,
  "total_paired_units": 195,
  "completed_point_cells": 210,
  "completed_interval_cells": 420,
  "fold2_paired_units": 65,
  "fold2_point_cells": 195,
  "fold2_interval_cells": 390,
  "remaining_paired_units": 125,
  "remaining_learned_fits": 1250,
  "actual_run_wall_seconds": 11524.947774,
  "actual_run_cpu_seconds": 11201.734375,
  "validation_wall_seconds": 1060.3256495999522,
  "resume_wall_seconds": 867.2684801000141,
  "maximum_lifetime_peak_rss_MiB": 1187.02734375,
  "remaining_low_model_hours": 3.483147939301291,
  "remaining_high_model_hours": 91.7794445004059,
  "models_fitted_by_analysis": 0,
  "historical_refits": 0,
  "repeated_learned_fits": 0,
  "full_study_ready": false,
  "additional_fits_authorized": false
}
