{
  "status": "complete",
  "action": "resume",
  "models_fitted": 0,
  "reused_model_units": 3,
  "fresh_data_identity_verified": true,
  "preparation_resources": {
    "seconds": 8.058707499993034,
    "baseline_rss_bytes": 324554752,
    "peak_rss_bytes": 1180626944,
    "baseline_private_bytes": 282345472,
    "peak_private_bytes": 1201491968,
    "incremental_peak_rss_bytes": 856072192,
    "lifetime_peak_rss_bytes": 1242337280,
    "min_available_ram_bytes": 4119601152,
    "sample_interval_seconds": 0.05,
    "process_cpu_seconds": 7.984375
  },
  "protocol_hash": "4989341ff9d463b283be2be3ec47d0d71a904ea498b2ec581d160b37a8fe96a9",
  "source_hash": "cd907183301a189ddfcc195774dad58c8fa07d5b326d2ac29cf3636383dc681e",
  "all_run_files_unchanged": true
}
