{
  "status": "complete",
  "action": "resume",
  "models_fitted": 0,
  "reused_model_units": 3,
  "fresh_data_identity_verified": true,
  "preparation_resources": {
    "seconds": 18.20810319999873,
    "baseline_rss_bytes": 324472832,
    "peak_rss_bytes": 474525696,
    "baseline_private_bytes": 282488832,
    "peak_private_bytes": 427859968,
    "incremental_peak_rss_bytes": 150052864,
    "lifetime_peak_rss_bytes": 483651584,
    "min_available_ram_bytes": 4916043776,
    "sample_interval_seconds": 0.05,
    "process_cpu_seconds": 17.5625
  },
  "protocol_hash": "0db7f0a10aa75d45d291b57c800923360aa803d8a48eb3fa75d6968e1b6a27fe",
  "source_hash": "cd907183301a189ddfcc195774dad58c8fa07d5b326d2ac29cf3636383dc681e",
  "all_run_files_unchanged": true
}
{"command": ["C:/cfs_venv/Scripts/python.exe", "-B", "-m", "src.matched_forecasting005", "resume", "--matrix", "C:\\Users\\nigel\\OneDrive\\Desktop\\GitHub\\confosense\\smart_building_conformal\\outputs\\amendment005\\support_design_v1\\experiment_matrix.csv", "--dataset", "rico", "--horizon", "30", "--outer-fold", "2", "--model-seed", "46", "--design-dir", "C:\\Users\\nigel\\OneDrive\\Desktop\\GitHub\\confosense\\smart_building_conformal\\protocols\\matched_forecasting005\\rico_h30_f2_s46_v1", "--out", "C:\\Users\\nigel\\OneDrive\\Desktop\\GitHub\\confosense\\smart_building_conformal\\outputs\\matched_forecasting005\\rico_h30_f2_s46_v1", "--readiness", "C:\\Users\\nigel\\OneDrive\\Desktop\\GitHub\\confosense\\smart_building_conformal\\protocols\\matched_forecasting005\\rico_h30_f2_s46_v1\\readiness.json", "--receipt", "C:\\Users\\nigel\\OneDrive\\Desktop\\GitHub\\confosense\\smart_building_conformal\\outputs\\matched_forecasting005\\fold2_multiseed_batch_v1\\receipts\\rico_h30_f2_s46_v1\\resume_v1.json", "--forbid-fits"], "cwd": "C:\\Users\\nigel\\OneDrive\\Desktop\\GitHub\\confosense\\smart_building_conformal", "started_utc": "2026-09-14T02:19:33.445897+00:00", "logger_pid": 8720, "child_pid": 4544, "ended_utc": "2026-09-14T02:19:56.251275+00:00", "seconds": 22.811967999994522, "exit_status": 0}
