{
  "status": "complete",
  "action": "resume",
  "models_fitted": 0,
  "reused_model_units": 3,
  "fresh_data_identity_verified": true,
  "preparation_resources": {
    "seconds": 17.96725359999982,
    "baseline_rss_bytes": 324890624,
    "peak_rss_bytes": 473718784,
    "baseline_private_bytes": 282988544,
    "peak_private_bytes": 426483712,
    "incremental_peak_rss_bytes": 148828160,
    "lifetime_peak_rss_bytes": 490119168,
    "min_available_ram_bytes": 4884250624,
    "sample_interval_seconds": 0.05,
    "process_cpu_seconds": 17.625
  },
  "protocol_hash": "fba4163656ab14c306dd508668113d90ba96f38e46ee7b8f52fa4a00e8ee546f",
  "source_hash": "cd907183301a189ddfcc195774dad58c8fa07d5b326d2ac29cf3636383dc681e",
  "all_run_files_unchanged": true
}
{"command": ["C:/cfs_venv/Scripts/python.exe", "-B", "-m", "src.matched_forecasting005", "resume", "--matrix", "C:\\Users\\nigel\\OneDrive\\Desktop\\GitHub\\confosense\\smart_building_conformal\\outputs\\amendment005\\support_design_v1\\experiment_matrix.csv", "--dataset", "rico", "--horizon", "15", "--outer-fold", "2", "--model-seed", "46", "--design-dir", "C:\\Users\\nigel\\OneDrive\\Desktop\\GitHub\\confosense\\smart_building_conformal\\protocols\\matched_forecasting005\\rico_h15_f2_s46_v1", "--out", "C:\\Users\\nigel\\OneDrive\\Desktop\\GitHub\\confosense\\smart_building_conformal\\outputs\\matched_forecasting005\\rico_h15_f2_s46_v1", "--readiness", "C:\\Users\\nigel\\OneDrive\\Desktop\\GitHub\\confosense\\smart_building_conformal\\protocols\\matched_forecasting005\\rico_h15_f2_s46_v1\\readiness.json", "--receipt", "C:\\Users\\nigel\\OneDrive\\Desktop\\GitHub\\confosense\\smart_building_conformal\\outputs\\matched_forecasting005\\fold2_multiseed_batch_v1\\receipts\\rico_h15_f2_s46_v1\\resume_v1.json", "--forbid-fits"], "cwd": "C:\\Users\\nigel\\OneDrive\\Desktop\\GitHub\\confosense\\smart_building_conformal", "started_utc": "2026-09-14T02:17:07.761991+00:00", "logger_pid": 8000, "child_pid": 17556, "ended_utc": "2026-09-14T02:17:30.059383+00:00", "seconds": 22.29777620000823, "exit_status": 0}
