{
  "frozen": true,
  "rows": {
    "final_fit": 14855,
    "final_calibration": 4954,
    "outer_test": 9907
  },
  "contexts": 68,
  "schedules": 2856,
  "models_fitted": 0,
  "resources": {
    "seconds": 2.337780499990913,
    "baseline_rss_bytes": 320344064,
    "peak_rss_bytes": 414380032,
    "baseline_private_bytes": 278953984,
    "peak_private_bytes": 391864320,
    "incremental_peak_rss_bytes": 94035968,
    "lifetime_peak_rss_bytes": 417800192,
    "min_available_ram_bytes": 2148270080,
    "sample_interval_seconds": 0.05,
    "process_cpu_seconds": 2.15625
  }
}
