{
  "passed": true,
  "models_fitted": 0,
  "point_cells": 3,
  "interval_cells": 6,
  "real_tuning_fits_verified": 8,
  "real_final_fits_verified": 2,
  "saved_model_prediction_checks": 6,
  "own_calibration_verified": true,
  "common_target_ids_verified": true,
  "training_only_normalization_verified": true,
  "candidate_and_epoch_selection_verified": true,
  "all_run_files_unchanged": true,
  "preparation_resources": {
    "seconds": 17.19468390000111,
    "baseline_rss_bytes": 325230592,
    "peak_rss_bytes": 996372480,
    "baseline_private_bytes": 282902528,
    "peak_private_bytes": 996986880,
    "incremental_peak_rss_bytes": 671141888,
    "lifetime_peak_rss_bytes": 1032679424,
    "min_available_ram_bytes": 3959537664,
    "sample_interval_seconds": 0.05,
    "process_cpu_seconds": 16.859375
  },
  "total_validation_resources": {
    "seconds": 23.60656129999552,
    "baseline_rss_bytes": 322940928,
    "peak_rss_bytes": 996442112,
    "baseline_private_bytes": 281788416,
    "peak_private_bytes": 996986880,
    "incremental_peak_rss_bytes": 673501184,
    "lifetime_peak_rss_bytes": 1032679424,
    "min_available_ram_bytes": 3959537664,
    "sample_interval_seconds": 0.05,
    "process_cpu_seconds": 23.28125
  },
  "source_hash": "cd907183301a189ddfcc195774dad58c8fa07d5b326d2ac29cf3636383dc681e",
  "protocol_hash": "58027826a3a98cb7b4370662f19aaa693ba6370fe417a19ca4c32b3141872a0e",
  "full_study_ready": false
}
