{
  "status": "complete",
  "action": "resume",
  "models_fitted": 0,
  "reused_model_units": 3,
  "fresh_data_identity_verified": true,
  "preparation_resources": {
    "seconds": 4.277365499990992,
    "baseline_rss_bytes": 324722688,
    "peak_rss_bytes": 398852096,
    "baseline_private_bytes": 282230784,
    "peak_private_bytes": 353951744,
    "incremental_peak_rss_bytes": 74129408,
    "lifetime_peak_rss_bytes": 412446720,
    "min_available_ram_bytes": 4366229504,
    "sample_interval_seconds": 0.05,
    "process_cpu_seconds": 4.078125
  },
  "protocol_hash": "7305c5b5c944d7ca23477856f743db6c5d3fc66016caca920440b0e349553e29",
  "source_hash": "cd907183301a189ddfcc195774dad58c8fa07d5b326d2ac29cf3636383dc681e",
  "all_run_files_unchanged": true
}
{"command": ["C:/cfs_venv/Scripts/python.exe", "-B", "-m", "src.matched_forecasting005", "resume", "--matrix", "C:\\Users\\nigel\\OneDrive\\Desktop\\GitHub\\confosense\\smart_building_conformal\\outputs\\amendment005\\support_design_v1\\experiment_matrix.csv", "--dataset", "pleia_energy", "--horizon", "1", "--outer-fold", "2", "--model-seed", "44", "--design-dir", "C:\\Users\\nigel\\OneDrive\\Desktop\\GitHub\\confosense\\smart_building_conformal\\protocols\\matched_forecasting005\\pleia_energy_h1_f2_s44_v1", "--out", "C:\\Users\\nigel\\OneDrive\\Desktop\\GitHub\\confosense\\smart_building_conformal\\outputs\\matched_forecasting005\\pleia_energy_h1_f2_s44_v1", "--readiness", "C:\\Users\\nigel\\OneDrive\\Desktop\\GitHub\\confosense\\smart_building_conformal\\protocols\\matched_forecasting005\\pleia_energy_h1_f2_s44_v1\\readiness.json", "--receipt", "C:\\Users\\nigel\\OneDrive\\Desktop\\GitHub\\confosense\\smart_building_conformal\\outputs\\matched_forecasting005\\fold2_multiseed_batch_v1\\receipts\\pleia_energy_h1_f2_s44_v1\\resume_v1.json", "--forbid-fits"], "cwd": "C:\\Users\\nigel\\OneDrive\\Desktop\\GitHub\\confosense\\smart_building_conformal", "started_utc": "2026-09-14T00:04:03.197422+00:00", "logger_pid": 26368, "child_pid": 28984, "ended_utc": "2026-09-14T00:04:12.005709+00:00", "seconds": 8.809738299998571, "exit_status": 0}
