{
  "frozen": true,
  "rows": {
    "final_fit": 520,
    "final_calibration": 420,
    "outer_test": 594
  },
  "contexts": 4,
  "schedules": 168,
  "models_fitted": 0,
  "resources": {
    "seconds": 0.6159578999941004,
    "baseline_rss_bytes": 320512000,
    "peak_rss_bytes": 324722688,
    "baseline_private_bytes": 279298048,
    "peak_private_bytes": 282009600,
    "incremental_peak_rss_bytes": 4210688,
    "lifetime_peak_rss_bytes": 325844992,
    "min_available_ram_bytes": 2670305280,
    "sample_interval_seconds": 0.05,
    "process_cpu_seconds": 0.5625
  }
}
