{
  "passed": true,
  "models_fitted": 0,
  "point_cells": 3,
  "interval_cells": 6,
  "real_tuning_fits_verified": 8,
  "real_final_fits_verified": 2,
  "saved_model_prediction_checks": 6,
  "own_calibration_verified": true,
  "common_target_ids_verified": true,
  "training_only_normalization_verified": true,
  "candidate_and_epoch_selection_verified": true,
  "all_run_files_unchanged": true,
  "preparation_resources": {
    "seconds": 8.040387499990175,
    "baseline_rss_bytes": 325505024,
    "peak_rss_bytes": 1206226944,
    "baseline_private_bytes": 283430912,
    "peak_private_bytes": 1208926208,
    "incremental_peak_rss_bytes": 880721920,
    "lifetime_peak_rss_bytes": 1245966336,
    "min_available_ram_bytes": 4086222848,
    "sample_interval_seconds": 0.05,
    "process_cpu_seconds": 7.890625
  },
  "total_validation_resources": {
    "seconds": 10.620435099990573,
    "baseline_rss_bytes": 323407872,
    "peak_rss_bytes": 1206358016,
    "baseline_private_bytes": 282320896,
    "peak_private_bytes": 1208926208,
    "incremental_peak_rss_bytes": 882950144,
    "lifetime_peak_rss_bytes": 1245966336,
    "min_available_ram_bytes": 4086222848,
    "sample_interval_seconds": 0.05,
    "process_cpu_seconds": 10.421875
  },
  "source_hash": "cd907183301a189ddfcc195774dad58c8fa07d5b326d2ac29cf3636383dc681e",
  "protocol_hash": "b27f1feef915808c6510c0377190a06d1c9c41d2cf628facd895b6f01110082d",
  "full_study_ready": false
}
