{
  "passed": true,
  "models_fitted": 0,
  "point_cells": 3,
  "interval_cells": 6,
  "real_tuning_fits_verified": 8,
  "real_final_fits_verified": 2,
  "saved_model_prediction_checks": 6,
  "own_calibration_verified": true,
  "common_target_ids_verified": true,
  "training_only_normalization_verified": true,
  "candidate_and_epoch_selection_verified": true,
  "all_run_files_unchanged": true,
  "preparation_resources": {
    "seconds": 8.040387499990175,
    "baseline_rss_bytes": 325505024,
    "peak_rss_bytes": 1206226944,
    "baseline_private_bytes": 283430912,
    "peak_private_bytes": 1208926208,
    "incremental_peak_rss_bytes": 880721920,
    "lifetime_peak_rss_bytes": 1245966336,
    "min_available_ram_bytes": 4086222848,
    "sample_interval_seconds": 0.05,
    "process_cpu_seconds": 7.890625
  },
  "total_validation_resources": {
    "seconds": 10.620435099990573,
    "baseline_rss_bytes": 323407872,
    "peak_rss_bytes": 1206358016,
    "baseline_private_bytes": 282320896,
    "peak_private_bytes": 1208926208,
    "incremental_peak_rss_bytes": 882950144,
    "lifetime_peak_rss_bytes": 1245966336,
    "min_available_ram_bytes": 4086222848,
    "sample_interval_seconds": 0.05,
    "process_cpu_seconds": 10.421875
  },
  "source_hash": "cd907183301a189ddfcc195774dad58c8fa07d5b326d2ac29cf3636383dc681e",
  "protocol_hash": "b27f1feef915808c6510c0377190a06d1c9c41d2cf628facd895b6f01110082d",
  "full_study_ready": false
}
{"command": ["C:/cfs_venv/Scripts/python.exe", "-B", "-m", "src.matched_forecasting005", "validate", "--matrix", "C:\\Users\\nigel\\OneDrive\\Desktop\\GitHub\\confosense\\smart_building_conformal\\outputs\\amendment005\\support_design_v1\\experiment_matrix.csv", "--dataset", "pleia", "--horizon", "3", "--outer-fold", "2", "--model-seed", "46", "--design-dir", "C:\\Users\\nigel\\OneDrive\\Desktop\\GitHub\\confosense\\smart_building_conformal\\protocols\\matched_forecasting005\\pleia_h3_f2_s46_v1", "--out", "C:\\Users\\nigel\\OneDrive\\Desktop\\GitHub\\confosense\\smart_building_conformal\\outputs\\matched_forecasting005\\pleia_h3_f2_s46_v1", "--readiness", "C:\\Users\\nigel\\OneDrive\\Desktop\\GitHub\\confosense\\smart_building_conformal\\protocols\\matched_forecasting005\\pleia_h3_f2_s46_v1\\readiness.json", "--receipt", "C:\\Users\\nigel\\OneDrive\\Desktop\\GitHub\\confosense\\smart_building_conformal\\outputs\\matched_forecasting005\\fold2_multiseed_batch_v1\\receipts\\pleia_h3_f2_s46_v1\\audit_v1"], "cwd": "C:\\Users\\nigel\\OneDrive\\Desktop\\GitHub\\confosense\\smart_building_conformal", "started_utc": "2026-09-14T03:01:43.192619+00:00", "logger_pid": 28036, "child_pid": 7728, "ended_utc": "2026-09-14T03:01:58.079049+00:00", "seconds": 14.888884700005292, "exit_status": 0}
