{
  "passed": true,
  "implementation_ready": true,
  "execution_authorized": true,
  "protocol_sha256": "3560e892908b9a2fd31f776912dbb3e24739e260560ca917cbb2ce158b542aeb",
  "source_hash": "a94b3835135749e2f18b89fb6017d8d0b8b9d419cb0a1f9be11122d93d0a217f",
  "models_fitted": 0,
  "required_new_quantile_estimators": 3,
  "required_new_cqr_wrappers": 1,
  "required_conformalize_calls": 2,
  "resource_snapshot": {
    "rss_bytes": 323813376,
    "private_bytes": 281239552,
    "lifetime_peak_rss_bytes": 324874240,
    "available_ram_bytes": 2630254592,
    "physical_ram_bytes": 16890978304,
    "free_disk_bytes": 23213211648,
    "launch_ram_reference_bytes": 3221225472,
    "launch_ram_reference_met": false,
    "launch_ram_reference_nonblocking": true
  },
  "scope": {
    "version": "conditional_context005_v1",
    "dataset": "rico",
    "outer_fold": 2,
    "model_seed": 42,
    "horizon": 5,
    "synthetic": true,
    "tiny_estimator": true,
    "controls": [
      {
        "control_id": "quantile_static",
        "method": "quantile_uncalibrated",
        "level": 0.95,
        "strategy": "static",
        "every": 0,
        "window": null,
        "min_samples": 50
      },
      {
        "control_id": "cqr_static",
        "method": "cqr",
        "level": 0.95,
        "strategy": "static",
        "every": 0,
        "window": null,
        "min_samples": 50
      },
      {
        "control_id": "cqr_rolling",
        "method": "cqr",
        "level": 0.95,
        "strategy": "rolling",
        "every": 15,
        "window": 200,
        "min_samples": 50
      },
      {
        "control_id": "persistence_static",
        "method": "persistence_split",
        "level": 0.95,
        "strategy": "static",
        "every": 0,
        "window": null,
        "min_samples": 50
      }
    ],
    "rules": [
      {
        "rule_id": "single_sample",
        "window_minutes": 1.0,
        "k": 1,
        "m": 1,
        "applicable": true
      },
      {
        "rule_id": "5min_2of5",
        "window_minutes": 5,
        "k": 2,
        "m": 5,
        "applicable": true
      },
      {
        "rule_id": "15min_3of15",
        "window_minutes": 15,
        "k": 3,
        "m": 15,
        "applicable": true
      },
      {
        "rule_id": "30min_3of30",
        "window_minutes": 30,
        "k": 3,
        "m": 30,
        "applicable": true
      },
      {
        "rule_id": "60min_4of60",
        "window_minutes": 60,
        "k": 4,
        "m": 60,
        "applicable": true
      }
    ],
    "expected_contexts": 2,
    "expected_schedules": 84,
    "selection": "none",
    "endpoint": "C_effective_fault_conditional_context",
    "execution_authorized": true,
    "authorization_kind": "bounded_synthetic_integration"
  },
  "utc": "2026-09-14T15:41:39.344228+00:00"
}
{"command": ["C:/cfs_venv/Scripts/python.exe", "-B", "-m", "src.conditional_context005", "readiness", "--manifest", "C:\\Users\\nigel\\OneDrive\\Desktop\\GitHub\\confosense\\review\\context_replay005_implementation_20260914\\synthetic_rico_v1.json", "--design", "C:\\Users\\nigel\\OneDrive\\Desktop\\GitHub\\confosense\\smart_building_conformal\\protocols\\conditional_context005\\synthetic_rico_v1", "--out", "C:\\Users\\nigel\\OneDrive\\Desktop\\GitHub\\confosense\\smart_building_conformal\\outputs\\conditional_context005\\synthetic_rico_v1", "--readiness", "C:\\Users\\nigel\\OneDrive\\Desktop\\GitHub\\confosense\\smart_building_conformal\\protocols\\conditional_context005\\synthetic_rico_v1\\readiness.json", "--receipt", "C:\\Users\\nigel\\OneDrive\\Desktop\\GitHub\\confosense\\smart_building_conformal\\protocols\\conditional_context005\\synthetic_rico_v1\\readiness.json"], "cwd": "C:\\Users\\nigel\\OneDrive\\Desktop\\GitHub\\confosense\\smart_building_conformal", "started_utc": "2026-09-14T15:41:35.568204+00:00", "logger_pid": 9884, "child_pid": 25116, "ended_utc": "2026-09-14T15:41:39.793703+00:00", "seconds": 4.231015900004422, "exit_status": 0}
