{
  "status": "complete",
  "action": "resume",
  "models_fitted": 0,
  "reused_model_units": 3,
  "fresh_data_identity_verified": true,
  "preparation_resources": {
    "seconds": 16.629996200004825,
    "baseline_rss_bytes": 324337664,
    "peak_rss_bytes": 924344320,
    "baseline_private_bytes": 282165248,
    "peak_private_bytes": 996810752,
    "incremental_peak_rss_bytes": 600006656,
    "lifetime_peak_rss_bytes": 1031987200,
    "min_available_ram_bytes": 4035985408,
    "sample_interval_seconds": 0.05,
    "process_cpu_seconds": 16.234375
  },
  "protocol_hash": "e7988effe69158185667915053b64a81aacdfba8f19abf3f913ea7b779a2aa11",
  "source_hash": "cd907183301a189ddfcc195774dad58c8fa07d5b326d2ac29cf3636383dc681e",
  "all_run_files_unchanged": true
}
