{
  "passed": true,
  "models_fitted": 0,
  "point_cells": 3,
  "interval_cells": 6,
  "real_tuning_fits_verified": 8,
  "real_final_fits_verified": 2,
  "saved_model_prediction_checks": 6,
  "own_calibration_verified": true,
  "common_target_ids_verified": true,
  "training_only_normalization_verified": true,
  "candidate_and_epoch_selection_verified": true,
  "all_run_files_unchanged": true,
  "preparation_resources": {
    "seconds": 8.073855900001945,
    "baseline_rss_bytes": 324710400,
    "peak_rss_bytes": 1105711104,
    "baseline_private_bytes": 282873856,
    "peak_private_bytes": 1201803264,
    "incremental_peak_rss_bytes": 781000704,
    "lifetime_peak_rss_bytes": 1242296320,
    "min_available_ram_bytes": 4226994176,
    "sample_interval_seconds": 0.05,
    "process_cpu_seconds": 7.9375
  },
  "total_validation_resources": {
    "seconds": 10.651053800000227,
    "baseline_rss_bytes": 322129920,
    "peak_rss_bytes": 1117114368,
    "baseline_private_bytes": 281247744,
    "peak_private_bytes": 1201803264,
    "incremental_peak_rss_bytes": 794984448,
    "lifetime_peak_rss_bytes": 1242296320,
    "min_available_ram_bytes": 4216446976,
    "sample_interval_seconds": 0.05,
    "process_cpu_seconds": 10.4375
  },
  "source_hash": "cd907183301a189ddfcc195774dad58c8fa07d5b326d2ac29cf3636383dc681e",
  "protocol_hash": "167204fe887068fae49a0bf3704d7bec6197c99a453a7be4422e9f5affd4de08",
  "full_study_ready": false
}
{"command": ["C:/cfs_venv/Scripts/python.exe", "-B", "-m", "src.matched_forecasting005", "validate", "--matrix", "C:\\Users\\nigel\\OneDrive\\Desktop\\GitHub\\confosense\\smart_building_conformal\\outputs\\amendment005\\support_design_v1\\experiment_matrix.csv", "--dataset", "pleia", "--horizon", "6", "--outer-fold", "2", "--model-seed", "46", "--design-dir", "C:\\Users\\nigel\\OneDrive\\Desktop\\GitHub\\confosense\\smart_building_conformal\\protocols\\matched_forecasting005\\pleia_h6_f2_s46_v1", "--out", "C:\\Users\\nigel\\OneDrive\\Desktop\\GitHub\\confosense\\smart_building_conformal\\outputs\\matched_forecasting005\\pleia_h6_f2_s46_v1", "--readiness", "C:\\Users\\nigel\\OneDrive\\Desktop\\GitHub\\confosense\\smart_building_conformal\\protocols\\matched_forecasting005\\pleia_h6_f2_s46_v1\\readiness.json", "--receipt", "C:\\Users\\nigel\\OneDrive\\Desktop\\GitHub\\confosense\\smart_building_conformal\\outputs\\matched_forecasting005\\fold2_multiseed_batch_v1\\receipts\\pleia_h6_f2_s46_v1\\audit_v1"], "cwd": "C:\\Users\\nigel\\OneDrive\\Desktop\\GitHub\\confosense\\smart_building_conformal", "started_utc": "2026-09-14T03:04:21.193587+00:00", "logger_pid": 11952, "child_pid": 7324, "ended_utc": "2026-09-14T03:04:36.227046+00:00", "seconds": 15.036334100004751, "exit_status": 0}
