{
  "status": "complete",
  "action": "resume",
  "models_fitted": 0,
  "reused_model_units": 3,
  "fresh_data_identity_verified": true,
  "preparation_resources": {
    "seconds": 4.29113640000287,
    "baseline_rss_bytes": 324403200,
    "peak_rss_bytes": 402149376,
    "baseline_private_bytes": 282271744,
    "peak_private_bytes": 357367808,
    "incremental_peak_rss_bytes": 77746176,
    "lifetime_peak_rss_bytes": 411262976,
    "min_available_ram_bytes": 4369002496,
    "sample_interval_seconds": 0.05,
    "process_cpu_seconds": 4.109375
  },
  "protocol_hash": "7005585684404ffcda0b1dfc1efe74e1c1f8f20f66456d7cf8b530c192a57eff",
  "source_hash": "cd907183301a189ddfcc195774dad58c8fa07d5b326d2ac29cf3636383dc681e",
  "all_run_files_unchanged": true
}
