{
  "passed": true,
  "models_fitted": 0,
  "point_cells": 3,
  "interval_cells": 6,
  "real_tuning_fits_verified": 8,
  "real_final_fits_verified": 2,
  "saved_model_prediction_checks": 6,
  "own_calibration_verified": true,
  "common_target_ids_verified": true,
  "training_only_normalization_verified": true,
  "candidate_and_epoch_selection_verified": true,
  "all_run_files_unchanged": true,
  "preparation_resources": {
    "seconds": 17.420526300003985,
    "baseline_rss_bytes": 324362240,
    "peak_rss_bytes": 471760896,
    "baseline_private_bytes": 282189824,
    "peak_private_bytes": 425320448,
    "incremental_peak_rss_bytes": 147398656,
    "lifetime_peak_rss_bytes": 488218624,
    "min_available_ram_bytes": 4319031296,
    "sample_interval_seconds": 0.05,
    "process_cpu_seconds": 17.03125
  },
  "total_validation_resources": {
    "seconds": 20.188290699996287,
    "baseline_rss_bytes": 322154496,
    "peak_rss_bytes": 561913856,
    "baseline_private_bytes": 281075712,
    "peak_private_bytes": 601853952,
    "incremental_peak_rss_bytes": 239759360,
    "lifetime_peak_rss_bytes": 564183040,
    "min_available_ram_bytes": 4286025728,
    "sample_interval_seconds": 0.05,
    "process_cpu_seconds": 19.765625
  },
  "source_hash": "cd907183301a189ddfcc195774dad58c8fa07d5b326d2ac29cf3636383dc681e",
  "protocol_hash": "6118ae753e7869a6676eab873bbd97832260b434782324da367a8542c2dd9c41",
  "full_study_ready": false
}
{"command": ["C:/cfs_venv/Scripts/python.exe", "-B", "-m", "src.matched_forecasting005", "validate", "--matrix", "C:\\Users\\nigel\\OneDrive\\Desktop\\GitHub\\confosense\\smart_building_conformal\\outputs\\amendment005\\support_design_v1\\experiment_matrix.csv", "--dataset", "rico", "--horizon", "15", "--outer-fold", "2", "--model-seed", "43", "--design-dir", "C:\\Users\\nigel\\OneDrive\\Desktop\\GitHub\\confosense\\smart_building_conformal\\protocols\\matched_forecasting005\\rico_h15_f2_s43_v1", "--out", "C:\\Users\\nigel\\OneDrive\\Desktop\\GitHub\\confosense\\smart_building_conformal\\outputs\\matched_forecasting005\\rico_h15_f2_s43_v1", "--readiness", "C:\\Users\\nigel\\OneDrive\\Desktop\\GitHub\\confosense\\smart_building_conformal\\protocols\\matched_forecasting005\\rico_h15_f2_s43_v1\\readiness.json", "--receipt", "C:\\Users\\nigel\\OneDrive\\Desktop\\GitHub\\confosense\\smart_building_conformal\\outputs\\matched_forecasting005\\fold2_multiseed_batch_v1\\receipts\\rico_h15_f2_s43_v1\\audit_v1"], "cwd": "C:\\Users\\nigel\\OneDrive\\Desktop\\GitHub\\confosense\\smart_building_conformal", "started_utc": "2026-09-13T23:14:54.478895+00:00", "logger_pid": 25904, "child_pid": 29656, "ended_utc": "2026-09-13T23:15:18.908552+00:00", "seconds": 24.427077199987252, "exit_status": 0}
