{
  "passed": true,
  "models_fitted": 0,
  "point_cells": 3,
  "interval_cells": 6,
  "real_tuning_fits_verified": 8,
  "real_final_fits_verified": 2,
  "saved_model_prediction_checks": 6,
  "own_calibration_verified": true,
  "common_target_ids_verified": true,
  "training_only_normalization_verified": true,
  "candidate_and_epoch_selection_verified": true,
  "all_run_files_unchanged": true,
  "preparation_resources": {
    "seconds": 4.204676900000777,
    "baseline_rss_bytes": 324571136,
    "peak_rss_bytes": 403812352,
    "baseline_private_bytes": 282230784,
    "peak_private_bytes": 359047168,
    "incremental_peak_rss_bytes": 79241216,
    "lifetime_peak_rss_bytes": 411009024,
    "min_available_ram_bytes": 5324255232,
    "sample_interval_seconds": 0.05,
    "process_cpu_seconds": 4.015625
  },
  "total_validation_resources": {
    "seconds": 6.700162799999816,
    "baseline_rss_bytes": 321679360,
    "peak_rss_bytes": 538234880,
    "baseline_private_bytes": 280338432,
    "peak_private_bytes": 586887168,
    "incremental_peak_rss_bytes": 216555520,
    "lifetime_peak_rss_bytes": 539500544,
    "min_available_ram_bytes": 5234384896,
    "sample_interval_seconds": 0.05,
    "process_cpu_seconds": 6.5
  },
  "source_hash": "cd907183301a189ddfcc195774dad58c8fa07d5b326d2ac29cf3636383dc681e",
  "protocol_hash": "62525d471de44634625aece820db117b886a496789ecd0dc85fc593cfee8dbee",
  "full_study_ready": false
}
{"command": ["C:/cfs_venv/Scripts/python.exe", "-B", "-m", "src.matched_forecasting005", "validate", "--matrix", "C:\\Users\\nigel\\OneDrive\\Desktop\\GitHub\\confosense\\smart_building_conformal\\outputs\\amendment005\\support_design_v1\\experiment_matrix.csv", "--dataset", "pleia_energy", "--horizon", "1", "--outer-fold", "2", "--model-seed", "45", "--design-dir", "C:\\Users\\nigel\\OneDrive\\Desktop\\GitHub\\confosense\\smart_building_conformal\\protocols\\matched_forecasting005\\pleia_energy_h1_f2_s45_v1", "--out", "C:\\Users\\nigel\\OneDrive\\Desktop\\GitHub\\confosense\\smart_building_conformal\\outputs\\matched_forecasting005\\pleia_energy_h1_f2_s45_v1", "--readiness", "C:\\Users\\nigel\\OneDrive\\Desktop\\GitHub\\confosense\\smart_building_conformal\\protocols\\matched_forecasting005\\pleia_energy_h1_f2_s45_v1\\readiness.json", "--receipt", "C:\\Users\\nigel\\OneDrive\\Desktop\\GitHub\\confosense\\smart_building_conformal\\outputs\\matched_forecasting005\\fold2_multiseed_batch_v1\\receipts\\pleia_energy_h1_f2_s45_v1\\audit_v1"], "cwd": "C:\\Users\\nigel\\OneDrive\\Desktop\\GitHub\\confosense\\smart_building_conformal", "started_utc": "2026-09-14T01:08:09.258195+00:00", "logger_pid": 5104, "child_pid": 19064, "ended_utc": "2026-09-14T01:08:20.294216+00:00", "seconds": 11.033835299997008, "exit_status": 0}
