{
  "frozen": true,
  "rows": {
    "final_fit": 14855,
    "final_calibration": 4954,
    "outer_test": 9907
  },
  "contexts": 68,
  "schedules": 2856,
  "models_fitted": 0,
  "resources": {
    "seconds": 2.2324015000194777,
    "baseline_rss_bytes": 321110016,
    "peak_rss_bytes": 414818304,
    "baseline_private_bytes": 279494656,
    "peak_private_bytes": 392138752,
    "incremental_peak_rss_bytes": 93708288,
    "lifetime_peak_rss_bytes": 418299904,
    "min_available_ram_bytes": 2914246656,
    "sample_interval_seconds": 0.05,
    "process_cpu_seconds": 2.171875
  }
}
