{
  "status": "complete",
  "action": "resume",
  "models_fitted": 0,
  "reused_model_units": 3,
  "fresh_data_identity_verified": true,
  "preparation_resources": {
    "seconds": 8.126141300002928,
    "baseline_rss_bytes": 324919296,
    "peak_rss_bytes": 1125715968,
    "baseline_private_bytes": 282882048,
    "peak_private_bytes": 1208352768,
    "incremental_peak_rss_bytes": 800796672,
    "lifetime_peak_rss_bytes": 1244856320,
    "min_available_ram_bytes": 4039282688,
    "sample_interval_seconds": 0.05,
    "process_cpu_seconds": 7.90625
  },
  "protocol_hash": "167204fe887068fae49a0bf3704d7bec6197c99a453a7be4422e9f5affd4de08",
  "source_hash": "cd907183301a189ddfcc195774dad58c8fa07d5b326d2ac29cf3636383dc681e",
  "all_run_files_unchanged": true
}
