{
  "status": "complete",
  "action": "resume",
  "models_fitted": 0,
  "reused_model_units": 3,
  "fresh_data_identity_verified": true,
  "preparation_resources": {
    "seconds": 8.325401599999168,
    "baseline_rss_bytes": 324820992,
    "peak_rss_bytes": 1242783744,
    "baseline_private_bytes": 282431488,
    "peak_private_bytes": 1208733696,
    "incremental_peak_rss_bytes": 917962752,
    "lifetime_peak_rss_bytes": 1245032448,
    "min_available_ram_bytes": 4277932032,
    "sample_interval_seconds": 0.05,
    "process_cpu_seconds": 8.109375
  },
  "protocol_hash": "ff4f03a56c5f3fee34466478e87f5f2f7fb26fcbfc1ef160d240ad250f347b1b",
  "source_hash": "cd907183301a189ddfcc195774dad58c8fa07d5b326d2ac29cf3636383dc681e",
  "all_run_files_unchanged": true
}
