{
  "status": "complete",
  "action": "resume",
  "models_fitted": 0,
  "reused_model_units": 3,
  "fresh_data_identity_verified": true,
  "preparation_resources": {
    "seconds": 8.325401599999168,
    "baseline_rss_bytes": 324820992,
    "peak_rss_bytes": 1242783744,
    "baseline_private_bytes": 282431488,
    "peak_private_bytes": 1208733696,
    "incremental_peak_rss_bytes": 917962752,
    "lifetime_peak_rss_bytes": 1245032448,
    "min_available_ram_bytes": 4277932032,
    "sample_interval_seconds": 0.05,
    "process_cpu_seconds": 8.109375
  },
  "protocol_hash": "ff4f03a56c5f3fee34466478e87f5f2f7fb26fcbfc1ef160d240ad250f347b1b",
  "source_hash": "cd907183301a189ddfcc195774dad58c8fa07d5b326d2ac29cf3636383dc681e",
  "all_run_files_unchanged": true
}
{"command": ["C:/cfs_venv/Scripts/python.exe", "-B", "-m", "src.matched_forecasting005", "resume", "--matrix", "C:\\Users\\nigel\\OneDrive\\Desktop\\GitHub\\confosense\\smart_building_conformal\\outputs\\amendment005\\support_design_v1\\experiment_matrix.csv", "--dataset", "pleia", "--horizon", "6", "--outer-fold", "2", "--model-seed", "42", "--design-dir", "C:\\Users\\nigel\\OneDrive\\Desktop\\GitHub\\confosense\\smart_building_conformal\\protocols\\matched_forecasting005\\pleia_h6_f2_s42_v1", "--out", "C:\\Users\\nigel\\OneDrive\\Desktop\\GitHub\\confosense\\smart_building_conformal\\outputs\\matched_forecasting005\\pleia_h6_f2_s42_v1", "--readiness", "C:\\Users\\nigel\\OneDrive\\Desktop\\GitHub\\confosense\\smart_building_conformal\\protocols\\matched_forecasting005\\pleia_h6_f2_s42_v1\\readiness.json", "--receipt", "C:\\Users\\nigel\\OneDrive\\Desktop\\GitHub\\confosense\\smart_building_conformal\\outputs\\matched_forecasting005\\overnight_batch_v1\\receipts\\pleia_h6_f2_s42_v1\\resume_v1.json", "--forbid-fits"], "cwd": "C:\\Users\\nigel\\OneDrive\\Desktop\\GitHub\\confosense\\smart_building_conformal", "started_utc": "2026-09-13T19:00:51.207397+00:00", "logger_pid": 29188, "child_pid": 27836, "ended_utc": "2026-09-13T19:01:03.929134+00:00", "seconds": 12.720976399999927, "exit_status": 0}
