{
  "passed": true,
  "models_fitted": 0,
  "point_cells": 3,
  "interval_cells": 6,
  "real_tuning_fits_verified": 8,
  "real_final_fits_verified": 2,
  "saved_model_prediction_checks": 6,
  "own_calibration_verified": true,
  "common_target_ids_verified": true,
  "training_only_normalization_verified": true,
  "candidate_and_epoch_selection_verified": true,
  "all_run_files_unchanged": true,
  "preparation_resources": {
    "seconds": 5.796971299998404,
    "baseline_rss_bytes": 324341760,
    "peak_rss_bytes": 398094336,
    "baseline_private_bytes": 282312704,
    "peak_private_bytes": 355803136,
    "incremental_peak_rss_bytes": 73752576,
    "lifetime_peak_rss_bytes": 407982080,
    "min_available_ram_bytes": 4583444480,
    "sample_interval_seconds": 0.05,
    "process_cpu_seconds": 4.921875
  },
  "total_validation_resources": {
    "seconds": 9.066589800000656,
    "baseline_rss_bytes": 322080768,
    "peak_rss_bytes": 537284608,
    "baseline_private_bytes": 281227264,
    "peak_private_bytes": 575688704,
    "incremental_peak_rss_bytes": 215203840,
    "lifetime_peak_rss_bytes": 538546176,
    "min_available_ram_bytes": 4473671680,
    "sample_interval_seconds": 0.05,
    "process_cpu_seconds": 7.796875
  },
  "source_hash": "cd907183301a189ddfcc195774dad58c8fa07d5b326d2ac29cf3636383dc681e",
  "protocol_hash": "7c23adb6f9815cd9e08f59c1ae4d7cf37f0cc5eb3a25efede0b901b902eb75bd",
  "full_study_ready": false
}
