{
  "passed": true,
  "models_fitted": 0,
  "calibrators_fitted": 0,
  "contexts": 68,
  "scheduled_fault_slots": 2856,
  "unique_context_streams": 2161,
  "independently_reconstructed_event_rows": 171360,
  "fullstream_workload_checks": 60,
  "maximum_absolute_difference": 1.0547118733938987e-15,
  "checks": 61200,
  "source_artifacts_unchanged": true,
  "resources": {
    "seconds": 5121.37624870002,
    "baseline_rss_bytes": 463609856,
    "peak_rss_bytes": 896331776,
    "baseline_private_bytes": 422117376,
    "peak_private_bytes": 863387648,
    "incremental_peak_rss_bytes": 432721920,
    "lifetime_peak_rss_bytes": 897675264,
    "min_available_ram_bytes": 2462785536,
    "sample_interval_seconds": 0.05,
    "process_cpu_seconds": 4271.75
  },
  "actual_exit_status": 0
}
{"command": ["C:/cfs_venv/Scripts/python.exe", "-B", "-m", "src.conditional_context005", "validate", "--manifest", "C:\\Users\\nigel\\OneDrive\\Desktop\\GitHub\\confosense\\review\\context_replay005_implementation_20260914\\first_real_execution_manifest_v1.json", "--design", "C:\\Users\\nigel\\OneDrive\\Desktop\\GitHub\\confosense\\smart_building_conformal\\protocols\\conditional_context005\\pleia_energy_f2_s42_C_v1", "--out", "C:\\Users\\nigel\\OneDrive\\Desktop\\GitHub\\confosense\\smart_building_conformal\\outputs\\conditional_context005\\pleia_energy_f2_s42_C_v1", "--readiness", "C:\\Users\\nigel\\OneDrive\\Desktop\\GitHub\\confosense\\smart_building_conformal\\protocols\\conditional_context005\\pleia_energy_f2_s42_C_v1\\readiness.json", "--receipt", "C:\\Users\\nigel\\OneDrive\\Desktop\\GitHub\\confosense\\smart_building_conformal\\outputs\\conditional_context005\\first_real_C_v1_coordinator\\validation"], "cwd": "C:\\Users\\nigel\\OneDrive\\Desktop\\GitHub\\confosense\\smart_building_conformal", "started_utc": "2026-09-14T16:58:09.633266+00:00", "logger_pid": 23728, "child_pid": 30048, "ended_utc": "2026-09-14T18:27:06.787037+00:00", "seconds": 5337.159043699998, "exit_status": 0}
