{
  "first_unit_ready": true,
  "full_study_ready": false,
  "models_fitted": 0,
  "source_hash": "cd907183301a189ddfcc195774dad58c8fa07d5b326d2ac29cf3636383dc681e",
  "protocol_hash": "0994b58ad507c89e4477b9d8f239790b940d570f5a1e8d13854e7914fd34622b",
  "fresh_support_verified": true,
  "resources": {
    "rss_bytes": 378699776,
    "private_bytes": 334041088,
    "lifetime_peak_rss_bytes": 408449024,
    "available_ram_bytes": 4363214848,
    "physical_ram_bytes": 16890978304,
    "free_disk_bytes": 44967161856,
    "launch_ram_reference_bytes": 3221225472,
    "launch_ram_reference_met": true,
    "later_user_nonblocking_ram_instruction": true
  },
  "preparation_resources": {
    "seconds": 4.444080399996892,
    "baseline_rss_bytes": 324800512,
    "peak_rss_bytes": 401838080,
    "baseline_private_bytes": 282599424,
    "peak_private_bytes": 356978688,
    "incremental_peak_rss_bytes": 77037568,
    "lifetime_peak_rss_bytes": 408449024,
    "min_available_ram_bytes": 4351873024,
    "sample_interval_seconds": 0.05,
    "process_cpu_seconds": 4.28125
  },
  "expected_point_cells": 3,
  "expected_interval_cells": 6
}
