{
  "first_unit_ready": true,
  "full_study_ready": false,
  "models_fitted": 0,
  "source_hash": "cd907183301a189ddfcc195774dad58c8fa07d5b326d2ac29cf3636383dc681e",
  "protocol_hash": "b93741f34b2850dc828bbe017dd62253e0e099a5101de4a74885b6a91db639c5",
  "fresh_support_verified": true,
  "resources": {
    "rss_bytes": 377815040,
    "private_bytes": 333598720,
    "lifetime_peak_rss_bytes": 412139520,
    "available_ram_bytes": 4378611712,
    "physical_ram_bytes": 16890978304,
    "free_disk_bytes": 44964532224,
    "launch_ram_reference_bytes": 3221225472,
    "launch_ram_reference_met": true,
    "later_user_nonblocking_ram_instruction": true
  },
  "preparation_resources": {
    "seconds": 4.390988099999959,
    "baseline_rss_bytes": 324321280,
    "peak_rss_bytes": 402939904,
    "baseline_private_bytes": 282390528,
    "peak_private_bytes": 358531072,
    "incremental_peak_rss_bytes": 78618624,
    "lifetime_peak_rss_bytes": 412139520,
    "min_available_ram_bytes": 4355903488,
    "sample_interval_seconds": 0.05,
    "process_cpu_seconds": 4.1875
  },
  "expected_point_cells": 3,
  "expected_interval_cells": 6
}
