{
  "first_unit_ready": true,
  "full_study_ready": false,
  "models_fitted": 0,
  "source_hash": "cd907183301a189ddfcc195774dad58c8fa07d5b326d2ac29cf3636383dc681e",
  "protocol_hash": "74eb284e91314998933d2de50059b1b6b26eb11ff0398586688a4f60985be4fd",
  "fresh_support_verified": true,
  "resources": {
    "rss_bytes": 427831296,
    "private_bytes": 383983616,
    "lifetime_peak_rss_bytes": 485466112,
    "available_ram_bytes": 4328435712,
    "physical_ram_bytes": 16890978304,
    "free_disk_bytes": 44961280000,
    "launch_ram_reference_bytes": 3221225472,
    "launch_ram_reference_met": true,
    "later_user_nonblocking_ram_instruction": true
  },
  "preparation_resources": {
    "seconds": 18.801907099994423,
    "baseline_rss_bytes": 324894720,
    "peak_rss_bytes": 469180416,
    "baseline_private_bytes": 282710016,
    "peak_private_bytes": 424988672,
    "incremental_peak_rss_bytes": 144285696,
    "lifetime_peak_rss_bytes": 485466112,
    "min_available_ram_bytes": 4202582016,
    "sample_interval_seconds": 0.05,
    "process_cpu_seconds": 18.21875
  },
  "expected_point_cells": 3,
  "expected_interval_cells": 6
}
