{
  "first_unit_ready": true,
  "full_study_ready": false,
  "models_fitted": 0,
  "source_hash": "cd907183301a189ddfcc195774dad58c8fa07d5b326d2ac29cf3636383dc681e",
  "protocol_hash": "85ad761357274da3f86ef8417ede058f4bfe3615117513b11d0b1ac2c3765dfe",
  "fresh_support_verified": true,
  "resources": {
    "rss_bytes": 420274176,
    "private_bytes": 372977664,
    "lifetime_peak_rss_bytes": 474030080,
    "available_ram_bytes": 4285837312,
    "physical_ram_bytes": 16890978304,
    "free_disk_bytes": 44955295744,
    "launch_ram_reference_bytes": 3221225472,
    "launch_ram_reference_met": true,
    "later_user_nonblocking_ram_instruction": true
  },
  "preparation_resources": {
    "seconds": 16.83474519999436,
    "baseline_rss_bytes": 324890624,
    "peak_rss_bytes": 466759680,
    "baseline_private_bytes": 282554368,
    "peak_private_bytes": 419274752,
    "incremental_peak_rss_bytes": 141869056,
    "lifetime_peak_rss_bytes": 474030080,
    "min_available_ram_bytes": 4235894784,
    "sample_interval_seconds": 0.05,
    "process_cpu_seconds": 16.390625
  },
  "expected_point_cells": 3,
  "expected_interval_cells": 6
}
