{
  "first_unit_ready": true,
  "full_study_ready": false,
  "models_fitted": 0,
  "source_hash": "cd907183301a189ddfcc195774dad58c8fa07d5b326d2ac29cf3636383dc681e",
  "protocol_hash": "58027826a3a98cb7b4370662f19aaa693ba6370fe417a19ca4c32b3141872a0e",
  "fresh_support_verified": true,
  "resources": {
    "rss_bytes": 442568704,
    "private_bytes": 400109568,
    "lifetime_peak_rss_bytes": 1032298496,
    "available_ram_bytes": 4364300288,
    "physical_ram_bytes": 16890978304,
    "free_disk_bytes": 44946563072,
    "launch_ram_reference_bytes": 3221225472,
    "launch_ram_reference_met": true,
    "later_user_nonblocking_ram_instruction": true
  },
  "preparation_resources": {
    "seconds": 16.791797099998803,
    "baseline_rss_bytes": 325431296,
    "peak_rss_bytes": 972963840,
    "baseline_private_bytes": 283021312,
    "peak_private_bytes": 997273600,
    "incremental_peak_rss_bytes": 647532544,
    "lifetime_peak_rss_bytes": 1032298496,
    "min_available_ram_bytes": 3843895296,
    "sample_interval_seconds": 0.05,
    "process_cpu_seconds": 16.296875
  },
  "expected_point_cells": 3,
  "expected_interval_cells": 6
}
