{
  "first_unit_ready": true,
  "full_study_ready": false,
  "models_fitted": 0,
  "source_hash": "cd907183301a189ddfcc195774dad58c8fa07d5b326d2ac29cf3636383dc681e",
  "protocol_hash": "6225a33e725729d2d0c357a6cdf095480c5fe7a60e3289df38edacdb5f0da356",
  "fresh_support_verified": true,
  "resources": {
    "rss_bytes": 443162624,
    "private_bytes": 400302080,
    "lifetime_peak_rss_bytes": 1033158656,
    "available_ram_bytes": 4351078400,
    "physical_ram_bytes": 16890978304,
    "free_disk_bytes": 44937768960,
    "launch_ram_reference_bytes": 3221225472,
    "launch_ram_reference_met": true,
    "later_user_nonblocking_ram_instruction": true
  },
  "preparation_resources": {
    "seconds": 17.311791200001608,
    "baseline_rss_bytes": 324661248,
    "peak_rss_bytes": 999038976,
    "baseline_private_bytes": 282509312,
    "peak_private_bytes": 999673856,
    "incremental_peak_rss_bytes": 674377728,
    "lifetime_peak_rss_bytes": 1033158656,
    "min_available_ram_bytes": 3814662144,
    "sample_interval_seconds": 0.05,
    "process_cpu_seconds": 16.15625
  },
  "expected_point_cells": 3,
  "expected_interval_cells": 6
}
