{
  "first_unit_ready": true,
  "full_study_ready": false,
  "models_fitted": 0,
  "source_hash": "cd907183301a189ddfcc195774dad58c8fa07d5b326d2ac29cf3636383dc681e",
  "protocol_hash": "077b77572186c5f9d9893e3c98265d76a061cc7ec7c7da76d384cccbee2ffa0f",
  "fresh_support_verified": true,
  "resources": {
    "rss_bytes": 444059648,
    "private_bytes": 401870848,
    "lifetime_peak_rss_bytes": 1031761920,
    "available_ram_bytes": 4350193664,
    "physical_ram_bytes": 16890978304,
    "free_disk_bytes": 44929028096,
    "launch_ram_reference_bytes": 3221225472,
    "launch_ram_reference_met": true,
    "later_user_nonblocking_ram_instruction": true
  },
  "preparation_resources": {
    "seconds": 17.290348800001084,
    "baseline_rss_bytes": 325165056,
    "peak_rss_bytes": 1021808640,
    "baseline_private_bytes": 283148288,
    "peak_private_bytes": 993656832,
    "incremental_peak_rss_bytes": 696643584,
    "lifetime_peak_rss_bytes": 1031761920,
    "min_available_ram_bytes": 3782922240,
    "sample_interval_seconds": 0.05,
    "process_cpu_seconds": 16.421875
  },
  "expected_point_cells": 3,
  "expected_interval_cells": 6
}
