{
  "first_unit_ready": true,
  "full_study_ready": false,
  "models_fitted": 0,
  "source_hash": "cd907183301a189ddfcc195774dad58c8fa07d5b326d2ac29cf3636383dc681e",
  "protocol_hash": "591cc9bc729f1568eb03adc14a89532c11b371bf24f5f2b6e51e6eb80bd8971b",
  "fresh_support_verified": true,
  "resources": {
    "rss_bytes": 392667136,
    "private_bytes": 347758592,
    "lifetime_peak_rss_bytes": 1244614656,
    "available_ram_bytes": 4420177920,
    "physical_ram_bytes": 16890978304,
    "free_disk_bytes": 44923555840,
    "launch_ram_reference_bytes": 3221225472,
    "launch_ram_reference_met": true,
    "later_user_nonblocking_ram_instruction": true
  },
  "preparation_resources": {
    "seconds": 9.383292999998957,
    "baseline_rss_bytes": 323604480,
    "peak_rss_bytes": 1141497856,
    "baseline_private_bytes": 281337856,
    "peak_private_bytes": 1207664640,
    "incremental_peak_rss_bytes": 817893376,
    "lifetime_peak_rss_bytes": 1244614656,
    "min_available_ram_bytes": 3673747456,
    "sample_interval_seconds": 0.05,
    "process_cpu_seconds": 8.953125
  },
  "expected_point_cells": 3,
  "expected_interval_cells": 6
}
