{
  "first_unit_ready": true,
  "full_study_ready": false,
  "models_fitted": 0,
  "source_hash": "cd907183301a189ddfcc195774dad58c8fa07d5b326d2ac29cf3636383dc681e",
  "protocol_hash": "12a21c7ab9474210c38718dc5d0ad8b0f6eeab8c5f54e8c84e545f094db17d5f",
  "fresh_support_verified": true,
  "resources": {
    "rss_bytes": 382869504,
    "private_bytes": 338178048,
    "lifetime_peak_rss_bytes": 1243394048,
    "available_ram_bytes": 4417802240,
    "physical_ram_bytes": 16890978304,
    "free_disk_bytes": 44921114624,
    "launch_ram_reference_bytes": 3221225472,
    "launch_ram_reference_met": true,
    "later_user_nonblocking_ram_instruction": true
  },
  "preparation_resources": {
    "seconds": 8.94071249999979,
    "baseline_rss_bytes": 324861952,
    "peak_rss_bytes": 1154232320,
    "baseline_private_bytes": 282632192,
    "peak_private_bytes": 1202958336,
    "incremental_peak_rss_bytes": 829370368,
    "lifetime_peak_rss_bytes": 1243394048,
    "min_available_ram_bytes": 3663892480,
    "sample_interval_seconds": 0.05,
    "process_cpu_seconds": 8.671875
  },
  "expected_point_cells": 3,
  "expected_interval_cells": 6
}
