{
  "frozen": true,
  "models_fitted": 0,
  "data_hash": "1ffa2b29dc13b120254046c80e97d22647f7b50e5487694b306f692a84d92e14",
  "role_bank_hash": "2d8a91b93c1a8b8aa8ef5a6496971ee12250108a24504ff6b046cf70b7262f75",
  "roles": {
    "fit": {
      "n": 14855,
      "membership_hash": "9fc9e18746429e574996b5d318c420366de84a249898bc72faa113826ebf5288",
      "row_id_hash": "558cff0744ce974849383acc7967f940020b64bfac9013ed4a208009b2708bf5",
      "origin_min": "2021-01-07 23:30:00",
      "origin_max": "2021-04-21 03:10:00",
      "target_min": "2021-01-08 00:00:00",
      "target_max": "2021-04-21 03:40:00"
    },
    "calibration": {
      "n": 4952,
      "membership_hash": "314903ce4f8c8409c5417c2d6b829e4549971bebc3d6a0dc881d54aa3c565364",
      "row_id_hash": "4229dfd898ed95c9f9693260d3cb9bb25c08cf354ea18d6e850f1422de1405f1",
      "origin_min": "2021-04-21 04:00:00",
      "origin_max": "2021-05-25 13:10:00",
      "target_min": "2021-04-21 04:30:00",
      "target_max": "2021-05-25 13:40:00"
    },
    "test": {
      "n": 9907,
      "membership_hash": "f7a8b2ab436b98d9e3c4127b8c0c687d2944e7cc7512d2ddf6c76666e097c7ea",
      "row_id_hash": "c2d53e2fc20a6e6e5143df383f37e38aeb9e86b2de67c63088da1d4583d4b1dd",
      "origin_min": "2021-05-25 13:50:00",
      "origin_max": "2021-08-02 08:50:00",
      "target_min": "2021-05-25 14:20:00",
      "target_max": "2021-08-02 09:20:00"
    },
    "inner0_train": {
      "n": 4948,
      "membership_hash": "ebf7520964f58026cc222578bba1f1d2a33b67198299f1c5bba1566bd6784377",
      "row_id_hash": "894b35f84e79ef291432eb4ec2ea7a1f5f02cfd69a67e241ecae730eafa5e89a",
      "origin_min": "2021-01-07 23:30:00",
      "origin_max": "2021-02-11 08:00:00",
      "target_min": "2021-01-08 00:00:00",
      "target_max": "2021-02-11 08:30:00"
    },
    "inner0_validation": {
      "n": 4949,
      "membership_hash": "2aa22d1ba1125056fdd68d6b2027eacd834f9664eaae2b53cff2a9faa7ddf126",
      "row_id_hash": "41af3db740ef555be369e15e8e0eabcc34559abc88a624a17301e8eed7414656",
      "origin_min": "2021-02-11 08:40:00",
      "origin_max": "2021-03-17 17:20:00",
      "target_min": "2021-02-11 09:10:00",
      "target_max": "2021-03-17 17:50:00"
    },
    "inner1_train": {
      "n": 9897,
      "membership_hash": "78a72344eb383f72004edb224f83c552a272dfeaffbb94ff79fcbecf0505fce1",
      "row_id_hash": "581506cccfe66c620c944cd60584ec2109d04279aca39b38d38f40d6b80f9d9a",
      "origin_min": "2021-01-07 23:30:00",
      "origin_max": "2021-03-17 17:20:00",
      "target_min": "2021-01-08 00:00:00",
      "target_max": "2021-03-17 17:50:00"
    },
    "inner1_validation": {
      "n": 4952,
      "membership_hash": "5e7ec7b15735ad3fbb7d39223dba2b0d10397023ec6e05681ca69c5b3cfa1106",
      "row_id_hash": "72c8599283ed3e772db63a8669d21aa9c29578597a29d0cc7558d3f93476d419",
      "origin_min": "2021-03-17 18:00:00",
      "origin_max": "2021-04-21 03:10:00",
      "target_min": "2021-03-17 18:30:00",
      "target_max": "2021-04-21 03:40:00"
    }
  }
}
