{
  "first_unit_ready": true,
  "full_study_ready": false,
  "models_fitted": 0,
  "source_hash": "cd907183301a189ddfcc195774dad58c8fa07d5b326d2ac29cf3636383dc681e",
  "protocol_hash": "7005585684404ffcda0b1dfc1efe74e1c1f8f20f66456d7cf8b530c192a57eff",
  "fresh_support_verified": true,
  "resources": {
    "rss_bytes": 377221120,
    "private_bytes": 333762560,
    "lifetime_peak_rss_bytes": 411537408,
    "available_ram_bytes": 3942309888,
    "physical_ram_bytes": 16890978304,
    "free_disk_bytes": 44904304640,
    "launch_ram_reference_bytes": 3221225472,
    "launch_ram_reference_met": true,
    "later_user_nonblocking_ram_instruction": true
  },
  "preparation_resources": {
    "seconds": 4.781860300005064,
    "baseline_rss_bytes": 325693440,
    "peak_rss_bytes": 397455360,
    "baseline_private_bytes": 283578368,
    "peak_private_bytes": 352325632,
    "incremental_peak_rss_bytes": 71761920,
    "lifetime_peak_rss_bytes": 411537408,
    "min_available_ram_bytes": 3940884480,
    "sample_interval_seconds": 0.05,
    "process_cpu_seconds": 4.671875
  },
  "expected_point_cells": 3,
  "expected_interval_cells": 6
}
