{
  "first_unit_ready": true,
  "full_study_ready": false,
  "models_fitted": 0,
  "source_hash": "cd907183301a189ddfcc195774dad58c8fa07d5b326d2ac29cf3636383dc681e",
  "protocol_hash": "6e0a75894df5a2ec4fa8ed9012956025089b82b4d04a42a051dc20244c9643c2",
  "fresh_support_verified": true,
  "resources": {
    "rss_bytes": 428933120,
    "private_bytes": 383561728,
    "lifetime_peak_rss_bytes": 487714816,
    "available_ram_bytes": 4236525568,
    "physical_ram_bytes": 16890978304,
    "free_disk_bytes": 44912680960,
    "launch_ram_reference_bytes": 3221225472,
    "launch_ram_reference_met": true,
    "later_user_nonblocking_ram_instruction": true
  },
  "preparation_resources": {
    "seconds": 18.11398239999835,
    "baseline_rss_bytes": 324431872,
    "peak_rss_bytes": 476336128,
    "baseline_private_bytes": 282439680,
    "peak_private_bytes": 430043136,
    "incremental_peak_rss_bytes": 151904256,
    "lifetime_peak_rss_bytes": 487714816,
    "min_available_ram_bytes": 4188721152,
    "sample_interval_seconds": 0.05,
    "process_cpu_seconds": 17.734375
  },
  "expected_point_cells": 3,
  "expected_interval_cells": 6
}
