{
  "first_unit_ready": true,
  "full_study_ready": false,
  "models_fitted": 0,
  "source_hash": "cd907183301a189ddfcc195774dad58c8fa07d5b326d2ac29cf3636383dc681e",
  "protocol_hash": "d77ff883b70c530d7ef4a845d9f8bb9579906f566e5c281d2756cae0377e97b9",
  "fresh_support_verified": true,
  "resources": {
    "rss_bytes": 427085824,
    "private_bytes": 385200128,
    "lifetime_peak_rss_bytes": 479911936,
    "available_ram_bytes": 4387893248,
    "physical_ram_bytes": 16890978304,
    "free_disk_bytes": 44908605440,
    "launch_ram_reference_bytes": 3221225472,
    "launch_ram_reference_met": true,
    "later_user_nonblocking_ram_instruction": true
  },
  "preparation_resources": {
    "seconds": 17.825404599992908,
    "baseline_rss_bytes": 324276224,
    "peak_rss_bytes": 465035264,
    "baseline_private_bytes": 281878528,
    "peak_private_bytes": 418181120,
    "incremental_peak_rss_bytes": 140759040,
    "lifetime_peak_rss_bytes": 479911936,
    "min_available_ram_bytes": 4348944384,
    "sample_interval_seconds": 0.05,
    "process_cpu_seconds": 17.375
  },
  "expected_point_cells": 3,
  "expected_interval_cells": 6
}
