{
  "first_unit_ready": true,
  "full_study_ready": false,
  "models_fitted": 0,
  "source_hash": "cd907183301a189ddfcc195774dad58c8fa07d5b326d2ac29cf3636383dc681e",
  "protocol_hash": "01b0ab222def6a097a71173f162a9d0a123cee2401f80ab01e645ea937b84d41",
  "fresh_support_verified": true,
  "resources": {
    "rss_bytes": 419237888,
    "private_bytes": 373293056,
    "lifetime_peak_rss_bytes": 472875008,
    "available_ram_bytes": 4372135936,
    "physical_ram_bytes": 16890978304,
    "free_disk_bytes": 44906934272,
    "launch_ram_reference_bytes": 3221225472,
    "launch_ram_reference_met": true,
    "later_user_nonblocking_ram_instruction": true
  },
  "preparation_resources": {
    "seconds": 17.414997799991397,
    "baseline_rss_bytes": 325140480,
    "peak_rss_bytes": 452976640,
    "baseline_private_bytes": 283406336,
    "peak_private_bytes": 406765568,
    "incremental_peak_rss_bytes": 127836160,
    "lifetime_peak_rss_bytes": 472875008,
    "min_available_ram_bytes": 4336795648,
    "sample_interval_seconds": 0.05,
    "process_cpu_seconds": 16.890625
  },
  "expected_point_cells": 3,
  "expected_interval_cells": 6
}
