{
  "first_unit_ready": true,
  "full_study_ready": false,
  "models_fitted": 0,
  "source_hash": "cd907183301a189ddfcc195774dad58c8fa07d5b326d2ac29cf3636383dc681e",
  "protocol_hash": "1c272b5857ac435b4dc16a2df23f54cc875cd939040fe756c81d6838e1cc680f",
  "fresh_support_verified": true,
  "resources": {
    "rss_bytes": 443867136,
    "private_bytes": 402677760,
    "lifetime_peak_rss_bytes": 1033256960,
    "available_ram_bytes": 4316450816,
    "physical_ram_bytes": 16890978304,
    "free_disk_bytes": 44887453696,
    "launch_ram_reference_bytes": 3221225472,
    "launch_ram_reference_met": true,
    "later_user_nonblocking_ram_instruction": true
  },
  "preparation_resources": {
    "seconds": 17.225526000009268,
    "baseline_rss_bytes": 324636672,
    "peak_rss_bytes": 994484224,
    "baseline_private_bytes": 282480640,
    "peak_private_bytes": 999284736,
    "incremental_peak_rss_bytes": 669847552,
    "lifetime_peak_rss_bytes": 1033256960,
    "min_available_ram_bytes": 3967315968,
    "sample_interval_seconds": 0.05,
    "process_cpu_seconds": 16.671875
  },
  "expected_point_cells": 3,
  "expected_interval_cells": 6
}
