{
  "first_unit_ready": true,
  "full_study_ready": false,
  "models_fitted": 0,
  "source_hash": "cd907183301a189ddfcc195774dad58c8fa07d5b326d2ac29cf3636383dc681e",
  "protocol_hash": "6dfe0e0bfd3dc2f5fff2b69f9b2dbbe2d7192a01735568515ad77c163d63c11a",
  "fresh_support_verified": true,
  "resources": {
    "rss_bytes": 442068992,
    "private_bytes": 400273408,
    "lifetime_peak_rss_bytes": 1033154560,
    "available_ram_bytes": 4529180672,
    "physical_ram_bytes": 16890978304,
    "free_disk_bytes": 44878577664,
    "launch_ram_reference_bytes": 3221225472,
    "launch_ram_reference_met": true,
    "later_user_nonblocking_ram_instruction": true
  },
  "preparation_resources": {
    "seconds": 16.601809600004344,
    "baseline_rss_bytes": 324288512,
    "peak_rss_bytes": 956178432,
    "baseline_private_bytes": 282034176,
    "peak_private_bytes": 999067648,
    "incremental_peak_rss_bytes": 631889920,
    "lifetime_peak_rss_bytes": 1033154560,
    "min_available_ram_bytes": 4014170112,
    "sample_interval_seconds": 0.05,
    "process_cpu_seconds": 16.453125
  },
  "expected_point_cells": 3,
  "expected_interval_cells": 6
}
