{
  "first_unit_ready": true,
  "full_study_ready": false,
  "models_fitted": 0,
  "source_hash": "cd907183301a189ddfcc195774dad58c8fa07d5b326d2ac29cf3636383dc681e",
  "protocol_hash": "556741a9a18d9a9f8ebb1031f0e532e5233caa8c07bcda907c7ae3ae195edb7f",
  "fresh_support_verified": true,
  "resources": {
    "rss_bytes": 380956672,
    "private_bytes": 337276928,
    "lifetime_peak_rss_bytes": 1244319744,
    "available_ram_bytes": 4435877888,
    "physical_ram_bytes": 16890978304,
    "free_disk_bytes": 44876034048,
    "launch_ram_reference_bytes": 3221225472,
    "launch_ram_reference_met": true,
    "later_user_nonblocking_ram_instruction": true
  },
  "preparation_resources": {
    "seconds": 8.000941200007219,
    "baseline_rss_bytes": 324714496,
    "peak_rss_bytes": 1242882048,
    "baseline_private_bytes": 282738688,
    "peak_private_bytes": 1207635968,
    "incremental_peak_rss_bytes": 918167552,
    "lifetime_peak_rss_bytes": 1244319744,
    "min_available_ram_bytes": 3598688256,
    "sample_interval_seconds": 0.05,
    "process_cpu_seconds": 7.859375
  },
  "expected_point_cells": 3,
  "expected_interval_cells": 6
}
