{
  "first_unit_ready": true,
  "full_study_ready": false,
  "models_fitted": 0,
  "source_hash": "cd907183301a189ddfcc195774dad58c8fa07d5b326d2ac29cf3636383dc681e",
  "protocol_hash": "62525d471de44634625aece820db117b886a496789ecd0dc85fc593cfee8dbee",
  "fresh_support_verified": true,
  "resources": {
    "rss_bytes": 377401344,
    "private_bytes": 332967936,
    "lifetime_peak_rss_bytes": 410742784,
    "available_ram_bytes": 4511473664,
    "physical_ram_bytes": 16890978304,
    "free_disk_bytes": 44868489216,
    "launch_ram_reference_bytes": 3221225472,
    "launch_ram_reference_met": true,
    "later_user_nonblocking_ram_instruction": true
  },
  "preparation_resources": {
    "seconds": 4.17007829999784,
    "baseline_rss_bytes": 325255168,
    "peak_rss_bytes": 401629184,
    "baseline_private_bytes": 283238400,
    "peak_private_bytes": 356618240,
    "incremental_peak_rss_bytes": 76374016,
    "lifetime_peak_rss_bytes": 410742784,
    "min_available_ram_bytes": 4489732096,
    "sample_interval_seconds": 0.05,
    "process_cpu_seconds": 4.0625
  },
  "expected_point_cells": 3,
  "expected_interval_cells": 6
}
