{
  "first_unit_ready": true,
  "full_study_ready": false,
  "models_fitted": 0,
  "source_hash": "cd907183301a189ddfcc195774dad58c8fa07d5b326d2ac29cf3636383dc681e",
  "protocol_hash": "c4251293278cc903db86fe4f42a91a7108a0c33bdffb224f47cfe4b37bfbafc1",
  "fresh_support_verified": true,
  "resources": {
    "rss_bytes": 375685120,
    "private_bytes": 331444224,
    "lifetime_peak_rss_bytes": 410238976,
    "available_ram_bytes": 4526817280,
    "physical_ram_bytes": 16890978304,
    "free_disk_bytes": 44865867776,
    "launch_ram_reference_bytes": 3221225472,
    "launch_ram_reference_met": true,
    "later_user_nonblocking_ram_instruction": true
  },
  "preparation_resources": {
    "seconds": 4.156260799994925,
    "baseline_rss_bytes": 324300800,
    "peak_rss_bytes": 401125376,
    "baseline_private_bytes": 282460160,
    "peak_private_bytes": 356134912,
    "incremental_peak_rss_bytes": 76824576,
    "lifetime_peak_rss_bytes": 410238976,
    "min_available_ram_bytes": 4488802304,
    "sample_interval_seconds": 0.05,
    "process_cpu_seconds": 4.078125
  },
  "expected_point_cells": 3,
  "expected_interval_cells": 6
}
