{
  "first_unit_ready": true,
  "full_study_ready": false,
  "models_fitted": 0,
  "source_hash": "cd907183301a189ddfcc195774dad58c8fa07d5b326d2ac29cf3636383dc681e",
  "protocol_hash": "3fd3655fa8c8f5b07cbc7734a71eee3a1d2ad04dceebe9ed0c4d80fa5c1ad796",
  "fresh_support_verified": true,
  "resources": {
    "rss_bytes": 384688128,
    "private_bytes": 339128320,
    "lifetime_peak_rss_bytes": 410611712,
    "available_ram_bytes": 4470468608,
    "physical_ram_bytes": 16890978304,
    "free_disk_bytes": 44863320064,
    "launch_ram_reference_bytes": 3221225472,
    "launch_ram_reference_met": true,
    "later_user_nonblocking_ram_instruction": true
  },
  "preparation_resources": {
    "seconds": 4.281044100003783,
    "baseline_rss_bytes": 324325376,
    "peak_rss_bytes": 401498112,
    "baseline_private_bytes": 282091520,
    "peak_private_bytes": 356126720,
    "incremental_peak_rss_bytes": 77172736,
    "lifetime_peak_rss_bytes": 410611712,
    "min_available_ram_bytes": 4429889536,
    "sample_interval_seconds": 0.05,
    "process_cpu_seconds": 4.125
  },
  "expected_point_cells": 3,
  "expected_interval_cells": 6
}
