{
  "first_unit_ready": true,
  "full_study_ready": false,
  "models_fitted": 0,
  "source_hash": "cd907183301a189ddfcc195774dad58c8fa07d5b326d2ac29cf3636383dc681e",
  "protocol_hash": "adda24f5b9ed20420c5e5eb85728317dc112a5ed5567a38f1aafc895df114e1c",
  "fresh_support_verified": true,
  "resources": {
    "rss_bytes": 428793856,
    "private_bytes": 384282624,
    "lifetime_peak_rss_bytes": 487497728,
    "available_ram_bytes": 4440027136,
    "physical_ram_bytes": 16890978304,
    "free_disk_bytes": 44861087744,
    "launch_ram_reference_bytes": 3221225472,
    "launch_ram_reference_met": true,
    "later_user_nonblocking_ram_instruction": true
  },
  "preparation_resources": {
    "seconds": 16.966916499994113,
    "baseline_rss_bytes": 324440064,
    "peak_rss_bytes": 475201536,
    "baseline_private_bytes": 282189824,
    "peak_private_bytes": 431706112,
    "incremental_peak_rss_bytes": 150761472,
    "lifetime_peak_rss_bytes": 487497728,
    "min_available_ram_bytes": 4408745984,
    "sample_interval_seconds": 0.05,
    "process_cpu_seconds": 16.65625
  },
  "expected_point_cells": 3,
  "expected_interval_cells": 6
}
