{
  "first_unit_ready": true,
  "full_study_ready": false,
  "models_fitted": 0,
  "source_hash": "cd907183301a189ddfcc195774dad58c8fa07d5b326d2ac29cf3636383dc681e",
  "protocol_hash": "13626bbe92c4fc2e657cc07a12d739e6c76c86fd5e6e16d106077d5e6ffeef37",
  "fresh_support_verified": true,
  "resources": {
    "rss_bytes": 420016128,
    "private_bytes": 372695040,
    "lifetime_peak_rss_bytes": 471986176,
    "available_ram_bytes": 4387528704,
    "physical_ram_bytes": 16890978304,
    "free_disk_bytes": 44855148544,
    "launch_ram_reference_bytes": 3221225472,
    "launch_ram_reference_met": true,
    "later_user_nonblocking_ram_instruction": true
  },
  "preparation_resources": {
    "seconds": 17.149461599998176,
    "baseline_rss_bytes": 324624384,
    "peak_rss_bytes": 458727424,
    "baseline_private_bytes": 282423296,
    "peak_private_bytes": 410488832,
    "incremental_peak_rss_bytes": 134103040,
    "lifetime_peak_rss_bytes": 471986176,
    "min_available_ram_bytes": 4358451200,
    "sample_interval_seconds": 0.05,
    "process_cpu_seconds": 16.515625
  },
  "expected_point_cells": 3,
  "expected_interval_cells": 6
}
