{
  "first_unit_ready": true,
  "full_study_ready": false,
  "models_fitted": 0,
  "source_hash": "cd907183301a189ddfcc195774dad58c8fa07d5b326d2ac29cf3636383dc681e",
  "protocol_hash": "b09d5d8c367121e6d22677abdb3f3bdb6a98e8404434e14ad1bfa57c42d265dd",
  "fresh_support_verified": true,
  "resources": {
    "rss_bytes": 443039744,
    "private_bytes": 401092608,
    "lifetime_peak_rss_bytes": 1031618560,
    "available_ram_bytes": 4463591424,
    "physical_ram_bytes": 16890978304,
    "free_disk_bytes": 44837347328,
    "launch_ram_reference_bytes": 3221225472,
    "launch_ram_reference_met": true,
    "later_user_nonblocking_ram_instruction": true
  },
  "preparation_resources": {
    "seconds": 16.490349800005788,
    "baseline_rss_bytes": 324210688,
    "peak_rss_bytes": 876482560,
    "baseline_private_bytes": 282206208,
    "peak_private_bytes": 995303424,
    "incremental_peak_rss_bytes": 552271872,
    "lifetime_peak_rss_bytes": 1031618560,
    "min_available_ram_bytes": 3982065664,
    "sample_interval_seconds": 0.05,
    "process_cpu_seconds": 16.15625
  },
  "expected_point_cells": 3,
  "expected_interval_cells": 6
}
