{
  "first_unit_ready": true,
  "full_study_ready": false,
  "models_fitted": 0,
  "source_hash": "cd907183301a189ddfcc195774dad58c8fa07d5b326d2ac29cf3636383dc681e",
  "protocol_hash": "bf3712ec340f3bdba2b4f5fb836947320a1d97c097af41bf3d3d7cb8c8c05269",
  "fresh_support_verified": true,
  "resources": {
    "rss_bytes": 442888192,
    "private_bytes": 400658432,
    "lifetime_peak_rss_bytes": 1031823360,
    "available_ram_bytes": 4464893952,
    "physical_ram_bytes": 16890978304,
    "free_disk_bytes": 44832681984,
    "launch_ram_reference_bytes": 3221225472,
    "launch_ram_reference_met": true,
    "later_user_nonblocking_ram_instruction": true
  },
  "preparation_resources": {
    "seconds": 17.464083400001982,
    "baseline_rss_bytes": 324042752,
    "peak_rss_bytes": 854794240,
    "baseline_private_bytes": 281849856,
    "peak_private_bytes": 994897920,
    "incremental_peak_rss_bytes": 530751488,
    "lifetime_peak_rss_bytes": 1031823360,
    "min_available_ram_bytes": 4034945024,
    "sample_interval_seconds": 0.05,
    "process_cpu_seconds": 17.0
  },
  "expected_point_cells": 3,
  "expected_interval_cells": 6
}
