{
  "frozen": true,
  "models_fitted": 0,
  "data_hash": "5f82d9b1241b651ae41db34771b44ea8dc61cee2367a2af45ca7be1d9403d5cb",
  "role_bank_hash": "71eb667e2ed175651d70ebdcf17848409bd01b14568e768b8f7d37b654481b9f",
  "roles": {
    "fit": {
      "n": 14850,
      "membership_hash": "ef9d6a6abac88bf6870ca419233277f25ca38ffcec8d2e50ef36e5a7ae619400",
      "row_id_hash": "1a376d5a8a154a77f83f187423efb4d9fc845968a0043a1454205c7b56a18c46",
      "origin_min": "2021-01-07 23:10:00",
      "origin_max": "2021-04-21 02:00:00",
      "target_min": "2021-01-08 00:10:00",
      "target_max": "2021-04-21 03:00:00"
    },
    "calibration": {
      "n": 4951,
      "membership_hash": "9247b241a0fa2d22e3929a301f0ff3511dbadd5e2e8ec374799c5c7abceab76d",
      "row_id_hash": "2d7a6ad1c542e4d2f60a787f5e43892e1e19f63a3d75ff6e0accd70b674462a7",
      "origin_min": "2021-04-21 03:20:00",
      "origin_max": "2021-05-25 12:20:00",
      "target_min": "2021-04-21 04:20:00",
      "target_max": "2021-05-25 13:20:00"
    },
    "test": {
      "n": 9907,
      "membership_hash": "c6974f8d3bde0930d9d56239e658a56ee8f6554aea2606844b45a070315571f1",
      "row_id_hash": "ac5e21416b994368c2c6ea779989080df106bc5896da0483b1f5982a7af732fa",
      "origin_min": "2021-05-25 13:30:00",
      "origin_max": "2021-08-02 08:30:00",
      "target_min": "2021-05-25 14:30:00",
      "target_max": "2021-08-02 09:30:00"
    },
    "inner0_train": {
      "n": 4944,
      "membership_hash": "7e1d872fdae249702364dcedccb8344e6e44d13dde4694244d1d8af8576495fb",
      "row_id_hash": "8f691537f61aeaf3b6b2bce9234e1f3f2fce1fa89f579c6620a77d4e9430bbe6",
      "origin_min": "2021-01-07 23:10:00",
      "origin_max": "2021-02-11 07:00:00",
      "target_min": "2021-01-08 00:10:00",
      "target_max": "2021-02-11 08:00:00"
    },
    "inner0_validation": {
      "n": 4944,
      "membership_hash": "2984744e642beefa7ce03314b45942af4ef6594d8939fdf4b62e61c263f6bdb8",
      "row_id_hash": "2d75f8c14ab352752c56668098b1a13d6f545d051d41b03dbb9af51140add5f3",
      "origin_min": "2021-02-11 08:10:00",
      "origin_max": "2021-03-17 16:00:00",
      "target_min": "2021-02-11 09:10:00",
      "target_max": "2021-03-17 17:00:00"
    },
    "inner1_train": {
      "n": 9888,
      "membership_hash": "b302ee02c2b16f2a988275f6ff329f6f03774c4c85d10d37902b32b54795d4e0",
      "row_id_hash": "2330831bef316a2f27daff3f18c8507290a36952db81e8e9e7594e746f48686e",
      "origin_min": "2021-01-07 23:10:00",
      "origin_max": "2021-03-17 16:00:00",
      "target_min": "2021-01-08 00:10:00",
      "target_max": "2021-03-17 17:00:00"
    },
    "inner1_validation": {
      "n": 4950,
      "membership_hash": "94c11b73e5e68059ca8334f73f6dc70805df5c01f5112cc20d147b640c4f52fd",
      "row_id_hash": "30c0df9856e41df5c927bceaf854572d24fb209861c6708cc43afdf2762d6890",
      "origin_min": "2021-03-17 17:10:00",
      "origin_max": "2021-04-21 02:00:00",
      "target_min": "2021-03-17 18:10:00",
      "target_max": "2021-04-21 03:00:00"
    }
  }
}
