{
  "first_unit_ready": true,
  "full_study_ready": false,
  "models_fitted": 0,
  "source_hash": "cd907183301a189ddfcc195774dad58c8fa07d5b326d2ac29cf3636383dc681e",
  "protocol_hash": "7b3af2e5082254e020ca867fb95d22cc2dc6b99331e9a1c7f86c6a385461bbeb",
  "fresh_support_verified": true,
  "resources": {
    "rss_bytes": 382287872,
    "private_bytes": 338427904,
    "lifetime_peak_rss_bytes": 1245110272,
    "available_ram_bytes": 4513591296,
    "physical_ram_bytes": 16890978304,
    "free_disk_bytes": 44828622848,
    "launch_ram_reference_bytes": 3221225472,
    "launch_ram_reference_met": true,
    "later_user_nonblocking_ram_instruction": true
  },
  "preparation_resources": {
    "seconds": 8.281342999995104,
    "baseline_rss_bytes": 324935680,
    "peak_rss_bytes": 1145249792,
    "baseline_private_bytes": 282816512,
    "peak_private_bytes": 1207631872,
    "incremental_peak_rss_bytes": 820314112,
    "lifetime_peak_rss_bytes": 1245110272,
    "min_available_ram_bytes": 3757363200,
    "sample_interval_seconds": 0.05,
    "process_cpu_seconds": 8.0
  },
  "expected_point_cells": 3,
  "expected_interval_cells": 6
}
