{
  "first_unit_ready": true,
  "full_study_ready": false,
  "models_fitted": 0,
  "source_hash": "cd907183301a189ddfcc195774dad58c8fa07d5b326d2ac29cf3636383dc681e",
  "protocol_hash": "a7fb23eab8e276cf1692aec7b1d3928e3ec2e9cf037d4dbfff4e0ac7d3af6d87",
  "fresh_support_verified": true,
  "resources": {
    "rss_bytes": 385253376,
    "private_bytes": 340668416,
    "lifetime_peak_rss_bytes": 411004928,
    "available_ram_bytes": 4511518720,
    "physical_ram_bytes": 16890978304,
    "free_disk_bytes": 44819795968,
    "launch_ram_reference_bytes": 3221225472,
    "launch_ram_reference_met": true,
    "later_user_nonblocking_ram_instruction": true
  },
  "preparation_resources": {
    "seconds": 4.319813399997656,
    "baseline_rss_bytes": 323702784,
    "peak_rss_bytes": 397975552,
    "baseline_private_bytes": 281362432,
    "peak_private_bytes": 352698368,
    "incremental_peak_rss_bytes": 74272768,
    "lifetime_peak_rss_bytes": 411004928,
    "min_available_ram_bytes": 4500463616,
    "sample_interval_seconds": 0.05,
    "process_cpu_seconds": 4.234375
  },
  "expected_point_cells": 3,
  "expected_interval_cells": 6
}
