{
  "first_unit_ready": true,
  "full_study_ready": false,
  "models_fitted": 0,
  "source_hash": "cd907183301a189ddfcc195774dad58c8fa07d5b326d2ac29cf3636383dc681e",
  "protocol_hash": "bc0f06119e0a0e1ed46353afd0b76b2c92cad9e7003e51737073831e86c9ecd3",
  "fresh_support_verified": true,
  "resources": {
    "rss_bytes": 427851776,
    "private_bytes": 382029824,
    "lifetime_peak_rss_bytes": 488263680,
    "available_ram_bytes": 4438036480,
    "physical_ram_bytes": 16890978304,
    "free_disk_bytes": 44816961536,
    "launch_ram_reference_bytes": 3221225472,
    "launch_ram_reference_met": true,
    "later_user_nonblocking_ram_instruction": true
  },
  "preparation_resources": {
    "seconds": 18.54454020000412,
    "baseline_rss_bytes": 324636672,
    "peak_rss_bytes": 475787264,
    "baseline_private_bytes": 282664960,
    "peak_private_bytes": 431116288,
    "incremental_peak_rss_bytes": 151150592,
    "lifetime_peak_rss_bytes": 488263680,
    "min_available_ram_bytes": 4387356672,
    "sample_interval_seconds": 0.05,
    "process_cpu_seconds": 17.859375
  },
  "expected_point_cells": 3,
  "expected_interval_cells": 6
}
