{
  "first_unit_ready": true,
  "full_study_ready": false,
  "models_fitted": 0,
  "source_hash": "cd907183301a189ddfcc195774dad58c8fa07d5b326d2ac29cf3636383dc681e",
  "protocol_hash": "0db7f0a10aa75d45d291b57c800923360aa803d8a48eb3fa75d6968e1b6a27fe",
  "fresh_support_verified": true,
  "resources": {
    "rss_bytes": 424275968,
    "private_bytes": 379928576,
    "lifetime_peak_rss_bytes": 482828288,
    "available_ram_bytes": 4432846848,
    "physical_ram_bytes": 16890978304,
    "free_disk_bytes": 44811841536,
    "launch_ram_reference_bytes": 3221225472,
    "launch_ram_reference_met": true,
    "later_user_nonblocking_ram_instruction": true
  },
  "preparation_resources": {
    "seconds": 18.58129139999801,
    "baseline_rss_bytes": 324112384,
    "peak_rss_bytes": 469295104,
    "baseline_private_bytes": 281997312,
    "peak_private_bytes": 423219200,
    "incremental_peak_rss_bytes": 145182720,
    "lifetime_peak_rss_bytes": 482828288,
    "min_available_ram_bytes": 4382134272,
    "sample_interval_seconds": 0.05,
    "process_cpu_seconds": 17.984375
  },
  "expected_point_cells": 3,
  "expected_interval_cells": 6
}
