{
  "first_unit_ready": true,
  "full_study_ready": false,
  "models_fitted": 0,
  "source_hash": "cd907183301a189ddfcc195774dad58c8fa07d5b326d2ac29cf3636383dc681e",
  "protocol_hash": "b27f1feef915808c6510c0377190a06d1c9c41d2cf628facd895b6f01110082d",
  "fresh_support_verified": true,
  "resources": {
    "rss_bytes": 381968384,
    "private_bytes": 337375232,
    "lifetime_peak_rss_bytes": 1244323840,
    "available_ram_bytes": 4529532928,
    "physical_ram_bytes": 16890978304,
    "free_disk_bytes": 44775702528,
    "launch_ram_reference_bytes": 3221225472,
    "launch_ram_reference_met": true,
    "later_user_nonblocking_ram_instruction": true
  },
  "preparation_resources": {
    "seconds": 8.431320699994103,
    "baseline_rss_bytes": 324448256,
    "peak_rss_bytes": 1155612672,
    "baseline_private_bytes": 282324992,
    "peak_private_bytes": 1207308288,
    "incremental_peak_rss_bytes": 831164416,
    "lifetime_peak_rss_bytes": 1244323840,
    "min_available_ram_bytes": 3786698752,
    "sample_interval_seconds": 0.05,
    "process_cpu_seconds": 8.171875
  },
  "expected_point_cells": 3,
  "expected_interval_cells": 6
}
