Traceback (most recent call last):
  File "C:\Users\nigel\OneDrive\Desktop\GitHub\confosense\review\pleia_energy_context005_multiseed_20260915\analyze.py", line 203, in <module>
    if __name__=='__main__':main()
                            ^^^^^^
  File "C:\Users\nigel\OneDrive\Desktop\GitHub\confosense\review\pleia_energy_context005_multiseed_20260915\analyze.py", line 144, in main
    comparison=macro.merge(bounds,on=['control_id','rule_id','channel'],suffixes=('','_inference'),validate='one_to_one')
               ^^^^^^^^^^^^^^^^^^^^^^^^^^^^^^^^^^^^^^^^^^^^^^^^^^^^^^^^^^^^^^^^^^^^^^^^^^^^^^^^^^^^^^^^^^^^^^^^^^^^^^^^^^
  File "C:\cfs_venv\Lib\site-packages\pandas\core\frame.py", line 10832, in merge
    return merge(
           ^^^^^^
  File "C:\cfs_venv\Lib\site-packages\pandas\core\reshape\merge.py", line 170, in merge
    op = _MergeOperation(
         ^^^^^^^^^^^^^^^^
  File "C:\cfs_venv\Lib\site-packages\pandas\core\reshape\merge.py", line 794, in __init__
    ) = self._get_merge_keys()
        ^^^^^^^^^^^^^^^^^^^^^^
  File "C:\cfs_venv\Lib\site-packages\pandas\core\reshape\merge.py", line 1310, in _get_merge_keys
    left_keys.append(left._get_label_or_level_values(lk))
                     ^^^^^^^^^^^^^^^^^^^^^^^^^^^^^^^^^^^
  File "C:\cfs_venv\Lib\site-packages\pandas\core\generic.py", line 1911, in _get_label_or_level_values
    raise KeyError(key)
KeyError: 'control_id'
