{
  "status": "complete",
  "action": "resume",
  "models_fitted": 0,
  "reused_model_units": 3,
  "fresh_data_identity_verified": true,
  "preparation_resources": {
    "seconds": 16.983561399989412,
    "baseline_rss_bytes": 325378048,
    "peak_rss_bytes": 469127168,
    "baseline_private_bytes": 283287552,
    "peak_private_bytes": 422666240,
    "incremental_peak_rss_bytes": 143749120,
    "lifetime_peak_rss_bytes": 484302848,
    "min_available_ram_bytes": 4500393984,
    "sample_interval_seconds": 0.05,
    "process_cpu_seconds": 16.78125
  },
  "protocol_hash": "050b5ce09462d58b7bce831cbc47f90ab7c8a1dad2cdbf0f11daf141c77b099b",
  "source_hash": "cd907183301a189ddfcc195774dad58c8fa07d5b326d2ac29cf3636383dc681e",
  "all_run_files_unchanged": true
}
