{
  "frozen": true,
  "rows": {
    "final_fit": 14855,
    "final_calibration": 4954,
    "outer_test": 9907
  },
  "contexts": 68,
  "schedules": 2856,
  "models_fitted": 0,
  "resources": {
    "seconds": 4.591286599999876,
    "baseline_rss_bytes": 321159168,
    "peak_rss_bytes": 423383040,
    "baseline_private_bytes": 280117248,
    "peak_private_bytes": 401129472,
    "incremental_peak_rss_bytes": 102223872,
    "lifetime_peak_rss_bytes": 425697280,
    "min_available_ram_bytes": 3171868672,
    "sample_interval_seconds": 0.05,
    "process_cpu_seconds": 4.390625
  }
}
