{
  "status": "complete",
  "action": "resume",
  "models_fitted": 0,
  "reused_model_units": 3,
  "fresh_data_identity_verified": true,
  "preparation_resources": {
    "seconds": 7.992808999988483,
    "baseline_rss_bytes": 325173248,
    "peak_rss_bytes": 1205858304,
    "baseline_private_bytes": 283205632,
    "peak_private_bytes": 1204072448,
    "incremental_peak_rss_bytes": 880685056,
    "lifetime_peak_rss_bytes": 1243435008,
    "min_available_ram_bytes": 3656777728,
    "sample_interval_seconds": 0.05,
    "process_cpu_seconds": 7.59375
  },
  "protocol_hash": "12a21c7ab9474210c38718dc5d0ad8b0f6eeab8c5f54e8c84e545f094db17d5f",
  "source_hash": "cd907183301a189ddfcc195774dad58c8fa07d5b326d2ac29cf3636383dc681e",
  "all_run_files_unchanged": true
}
