{
  "passed": true,
  "models_fitted": 0,
  "point_cells": 3,
  "interval_cells": 6,
  "real_tuning_fits_verified": 8,
  "real_final_fits_verified": 2,
  "saved_model_prediction_checks": 6,
  "own_calibration_verified": true,
  "common_target_ids_verified": true,
  "training_only_normalization_verified": true,
  "candidate_and_epoch_selection_verified": true,
  "all_run_files_unchanged": true,
  "preparation_resources": {
    "seconds": 4.037323099997593,
    "baseline_rss_bytes": 325402624,
    "peak_rss_bytes": 398893056,
    "baseline_private_bytes": 283037696,
    "peak_private_bytes": 354144256,
    "incremental_peak_rss_bytes": 73490432,
    "lifetime_peak_rss_bytes": 412004352,
    "min_available_ram_bytes": 5405159424,
    "sample_interval_seconds": 0.05,
    "process_cpu_seconds": 3.921875
  },
  "total_validation_resources": {
    "seconds": 6.5032674000103725,
    "baseline_rss_bytes": 323080192,
    "peak_rss_bytes": 538337280,
    "baseline_private_bytes": 281718784,
    "peak_private_bytes": 586752000,
    "incremental_peak_rss_bytes": 215257088,
    "lifetime_peak_rss_bytes": 539602944,
    "min_available_ram_bytes": 5258866688,
    "sample_interval_seconds": 0.05,
    "process_cpu_seconds": 6.390625
  },
  "source_hash": "cd907183301a189ddfcc195774dad58c8fa07d5b326d2ac29cf3636383dc681e",
  "protocol_hash": "3fd3655fa8c8f5b07cbc7734a71eee3a1d2ad04dceebe9ed0c4d80fa5c1ad796",
  "full_study_ready": false
}
