{
  "first_unit_ready": true,
  "full_study_ready": false,
  "models_fitted": 0,
  "source_hash": "cd907183301a189ddfcc195774dad58c8fa07d5b326d2ac29cf3636383dc681e",
  "protocol_hash": "2209e00bc338132a6a2a2933be0893ff9f893cbddb45082541941604ab05632b",
  "fresh_support_verified": true,
  "resources": {
    "rss_bytes": 386109440,
    "private_bytes": 341516288,
    "lifetime_peak_rss_bytes": 410722304,
    "available_ram_bytes": 4220608512,
    "physical_ram_bytes": 16890978304,
    "free_disk_bytes": 46809174016,
    "launch_ram_reference_bytes": 3221225472,
    "launch_ram_reference_met": true,
    "later_user_nonblocking_ram_instruction": true
  },
  "preparation_resources": {
    "seconds": 4.523779800001648,
    "baseline_rss_bytes": 324030464,
    "peak_rss_bytes": 401608704,
    "baseline_private_bytes": 282013696,
    "peak_private_bytes": 356724736,
    "incremental_peak_rss_bytes": 77578240,
    "lifetime_peak_rss_bytes": 410722304,
    "min_available_ram_bytes": 4209373184,
    "sample_interval_seconds": 0.05,
    "process_cpu_seconds": 4.265625
  },
  "expected_point_cells": 3,
  "expected_interval_cells": 6
}
