{
  "first_unit_ready": true,
  "full_study_ready": false,
  "models_fitted": 0,
  "source_hash": "cd907183301a189ddfcc195774dad58c8fa07d5b326d2ac29cf3636383dc681e",
  "protocol_hash": "03d1d452482977385b92c01bd2a2ba832e17ca51725e86b5a2d03b6d5399184a",
  "fresh_support_verified": true,
  "resources": {
    "rss_bytes": 430100480,
    "private_bytes": 385462272,
    "lifetime_peak_rss_bytes": 489046016,
    "available_ram_bytes": 4182855680,
    "physical_ram_bytes": 16890978304,
    "free_disk_bytes": 46807080960,
    "launch_ram_reference_bytes": 3221225472,
    "launch_ram_reference_met": true,
    "later_user_nonblocking_ram_instruction": true
  },
  "preparation_resources": {
    "seconds": 17.79794850000326,
    "baseline_rss_bytes": 324857856,
    "peak_rss_bytes": 479301632,
    "baseline_private_bytes": 282599424,
    "peak_private_bytes": 431161344,
    "incremental_peak_rss_bytes": 154443776,
    "lifetime_peak_rss_bytes": 489046016,
    "min_available_ram_bytes": 4145471488,
    "sample_interval_seconds": 0.05,
    "process_cpu_seconds": 17.34375
  },
  "expected_point_cells": 3,
  "expected_interval_cells": 6
}
