{
  "first_unit_ready": true,
  "full_study_ready": false,
  "models_fitted": 0,
  "source_hash": "cd907183301a189ddfcc195774dad58c8fa07d5b326d2ac29cf3636383dc681e",
  "protocol_hash": "1ad851efbc64721175170cedc494487931981286fb015270b140f28c8c0a751b",
  "fresh_support_verified": true,
  "resources": {
    "rss_bytes": 425263104,
    "private_bytes": 381644800,
    "lifetime_peak_rss_bytes": 483127296,
    "available_ram_bytes": 4255453184,
    "physical_ram_bytes": 16890978304,
    "free_disk_bytes": 46804914176,
    "launch_ram_reference_bytes": 3221225472,
    "launch_ram_reference_met": true,
    "later_user_nonblocking_ram_instruction": true
  },
  "preparation_resources": {
    "seconds": 17.29781329999969,
    "baseline_rss_bytes": 324734976,
    "peak_rss_bytes": 467951616,
    "baseline_private_bytes": 282460160,
    "peak_private_bytes": 422567936,
    "incremental_peak_rss_bytes": 143216640,
    "lifetime_peak_rss_bytes": 483127296,
    "min_available_ram_bytes": 4188033024,
    "sample_interval_seconds": 0.05,
    "process_cpu_seconds": 16.8125
  },
  "expected_point_cells": 3,
  "expected_interval_cells": 6
}
