{
  "first_unit_ready": true,
  "full_study_ready": false,
  "models_fitted": 0,
  "source_hash": "cd907183301a189ddfcc195774dad58c8fa07d5b326d2ac29cf3636383dc681e",
  "protocol_hash": "afeec26a5064a899df55a5081826d94b2ef6a3b5229ee6a692855ac3f89534e2",
  "fresh_support_verified": true,
  "resources": {
    "rss_bytes": 390971392,
    "private_bytes": 345743360,
    "lifetime_peak_rss_bytes": 1242636288,
    "available_ram_bytes": 4161331200,
    "physical_ram_bytes": 16890978304,
    "free_disk_bytes": 46764621824,
    "launch_ram_reference_bytes": 3221225472,
    "launch_ram_reference_met": true,
    "later_user_nonblocking_ram_instruction": true
  },
  "preparation_resources": {
    "seconds": 8.779721200000495,
    "baseline_rss_bytes": 324435968,
    "peak_rss_bytes": 1194840064,
    "baseline_private_bytes": 282165248,
    "peak_private_bytes": 1202257920,
    "incremental_peak_rss_bytes": 870404096,
    "lifetime_peak_rss_bytes": 1242636288,
    "min_available_ram_bytes": 3477889024,
    "sample_interval_seconds": 0.05,
    "process_cpu_seconds": 8.546875
  },
  "expected_point_cells": 3,
  "expected_interval_cells": 6
}
