{
  "frozen": true,
  "rows": {
    "final_fit": 14855,
    "final_calibration": 4954,
    "outer_test": 9907
  },
  "contexts": 68,
  "schedules": 2856,
  "models_fitted": 0,
  "resources": {
    "seconds": 4.1545627000014065,
    "baseline_rss_bytes": 320569344,
    "peak_rss_bytes": 422080512,
    "baseline_private_bytes": 279244800,
    "peak_private_bytes": 399757312,
    "incremental_peak_rss_bytes": 101511168,
    "lifetime_peak_rss_bytes": 425324544,
    "min_available_ram_bytes": 3022938112,
    "sample_interval_seconds": 0.05,
    "process_cpu_seconds": 4.03125
  }
}
