{
  "passed": true,
  "models_fitted": 0,
  "point_cells": 3,
  "interval_cells": 6,
  "real_tuning_fits_verified": 8,
  "real_final_fits_verified": 2,
  "saved_model_prediction_checks": 6,
  "own_calibration_verified": true,
  "common_target_ids_verified": true,
  "training_only_normalization_verified": true,
  "candidate_and_epoch_selection_verified": true,
  "all_run_files_unchanged": true,
  "preparation_resources": {
    "seconds": 7.925918200002343,
    "baseline_rss_bytes": 324919296,
    "peak_rss_bytes": 1231118336,
    "baseline_private_bytes": 282660864,
    "peak_private_bytes": 1203970048,
    "incremental_peak_rss_bytes": 906199040,
    "lifetime_peak_rss_bytes": 1243521024,
    "min_available_ram_bytes": 4189868032,
    "sample_interval_seconds": 0.05,
    "process_cpu_seconds": 7.828125
  },
  "total_validation_resources": {
    "seconds": 10.51376789999631,
    "baseline_rss_bytes": 322686976,
    "peak_rss_bytes": 1165713408,
    "baseline_private_bytes": 281411584,
    "peak_private_bytes": 1203970048,
    "incremental_peak_rss_bytes": 843026432,
    "lifetime_peak_rss_bytes": 1243521024,
    "min_available_ram_bytes": 4256784384,
    "sample_interval_seconds": 0.05,
    "process_cpu_seconds": 10.328125
  },
  "source_hash": "cd907183301a189ddfcc195774dad58c8fa07d5b326d2ac29cf3636383dc681e",
  "protocol_hash": "afeec26a5064a899df55a5081826d94b2ef6a3b5229ee6a692855ac3f89534e2",
  "full_study_ready": false
}
{"command": ["C:/cfs_venv/Scripts/python.exe", "-B", "-m", "src.matched_forecasting005", "validate", "--matrix", "C:\\Users\\nigel\\OneDrive\\Desktop\\GitHub\\confosense\\smart_building_conformal\\outputs\\amendment005\\support_design_v1\\experiment_matrix.csv", "--dataset", "pleia", "--horizon", "1", "--outer-fold", "2", "--model-seed", "42", "--design-dir", "C:\\Users\\nigel\\OneDrive\\Desktop\\GitHub\\confosense\\smart_building_conformal\\protocols\\matched_forecasting005\\pleia_h1_f2_s42_v1", "--out", "C:\\Users\\nigel\\OneDrive\\Desktop\\GitHub\\confosense\\smart_building_conformal\\outputs\\matched_forecasting005\\pleia_h1_f2_s42_v1", "--readiness", "C:\\Users\\nigel\\OneDrive\\Desktop\\GitHub\\confosense\\smart_building_conformal\\protocols\\matched_forecasting005\\pleia_h1_f2_s42_v1\\readiness.json", "--receipt", "C:\\Users\\nigel\\OneDrive\\Desktop\\GitHub\\confosense\\smart_building_conformal\\outputs\\matched_forecasting005\\overnight_batch_v1\\receipts\\pleia_h1_f2_s42_v1\\audit_v1"], "cwd": "C:\\Users\\nigel\\OneDrive\\Desktop\\GitHub\\confosense\\smart_building_conformal", "started_utc": "2026-09-13T18:54:10.318598+00:00", "logger_pid": 10784, "child_pid": 23864, "ended_utc": "2026-09-13T18:54:25.058894+00:00", "seconds": 14.738878099997237, "exit_status": 0}
