{
  "status": "complete",
  "action": "resume",
  "models_fitted": 0,
  "reused_model_units": 3,
  "fresh_data_identity_verified": true,
  "preparation_resources": {
    "seconds": 4.239954299999226,
    "baseline_rss_bytes": 324145152,
    "peak_rss_bytes": 404410368,
    "baseline_private_bytes": 282025984,
    "peak_private_bytes": 359936000,
    "incremental_peak_rss_bytes": 80265216,
    "lifetime_peak_rss_bytes": 411025408,
    "min_available_ram_bytes": 4832591872,
    "sample_interval_seconds": 0.05,
    "process_cpu_seconds": 4.0625
  },
  "protocol_hash": "45c20ac2ea3ebec21844295e8ee7adc51484f1134040e1864ee0068833924297",
  "source_hash": "cd907183301a189ddfcc195774dad58c8fa07d5b326d2ac29cf3636383dc681e",
  "all_run_files_unchanged": true
}
