{
  "passed": true,
  "models_fitted": 0,
  "point_cells": 3,
  "interval_cells": 6,
  "real_tuning_fits_verified": 8,
  "real_final_fits_verified": 2,
  "saved_model_prediction_checks": 6,
  "own_calibration_verified": true,
  "common_target_ids_verified": true,
  "training_only_normalization_verified": true,
  "candidate_and_epoch_selection_verified": true,
  "all_run_files_unchanged": true,
  "preparation_resources": {
    "seconds": 17.066214099992067,
    "baseline_rss_bytes": 325455872,
    "peak_rss_bytes": 468742144,
    "baseline_private_bytes": 283398144,
    "peak_private_bytes": 422440960,
    "incremental_peak_rss_bytes": 143286272,
    "lifetime_peak_rss_bytes": 483917824,
    "min_available_ram_bytes": 4898676736,
    "sample_interval_seconds": 0.05,
    "process_cpu_seconds": 16.875
  },
  "total_validation_resources": {
    "seconds": 19.52503119999892,
    "baseline_rss_bytes": 322715648,
    "peak_rss_bytes": 561307648,
    "baseline_private_bytes": 281587712,
    "peak_private_bytes": 605691904,
    "incremental_peak_rss_bytes": 238592000,
    "lifetime_peak_rss_bytes": 561311744,
    "min_available_ram_bytes": 4807487488,
    "sample_interval_seconds": 0.05,
    "process_cpu_seconds": 19.3125
  },
  "source_hash": "cd907183301a189ddfcc195774dad58c8fa07d5b326d2ac29cf3636383dc681e",
  "protocol_hash": "0db7f0a10aa75d45d291b57c800923360aa803d8a48eb3fa75d6968e1b6a27fe",
  "full_study_ready": false
}
{"command": ["C:/cfs_venv/Scripts/python.exe", "-B", "-m", "src.matched_forecasting005", "validate", "--matrix", "C:\\Users\\nigel\\OneDrive\\Desktop\\GitHub\\confosense\\smart_building_conformal\\outputs\\amendment005\\support_design_v1\\experiment_matrix.csv", "--dataset", "rico", "--horizon", "30", "--outer-fold", "2", "--model-seed", "46", "--design-dir", "C:\\Users\\nigel\\OneDrive\\Desktop\\GitHub\\confosense\\smart_building_conformal\\protocols\\matched_forecasting005\\rico_h30_f2_s46_v1", "--out", "C:\\Users\\nigel\\OneDrive\\Desktop\\GitHub\\confosense\\smart_building_conformal\\outputs\\matched_forecasting005\\rico_h30_f2_s46_v1", "--readiness", "C:\\Users\\nigel\\OneDrive\\Desktop\\GitHub\\confosense\\smart_building_conformal\\protocols\\matched_forecasting005\\rico_h30_f2_s46_v1\\readiness.json", "--receipt", "C:\\Users\\nigel\\OneDrive\\Desktop\\GitHub\\confosense\\smart_building_conformal\\outputs\\matched_forecasting005\\fold2_multiseed_batch_v1\\receipts\\rico_h30_f2_s46_v1\\audit_v1"], "cwd": "C:\\Users\\nigel\\OneDrive\\Desktop\\GitHub\\confosense\\smart_building_conformal", "started_utc": "2026-09-14T02:19:08.943614+00:00", "logger_pid": 25992, "child_pid": 28820, "ended_utc": "2026-09-14T02:19:32.755486+00:00", "seconds": 23.81841859999986, "exit_status": 0}
