{
  "passed": true,
  "models_fitted": 0,
  "point_cells": 3,
  "interval_cells": 6,
  "real_tuning_fits_verified": 8,
  "real_final_fits_verified": 2,
  "saved_model_prediction_checks": 6,
  "own_calibration_verified": true,
  "common_target_ids_verified": true,
  "training_only_normalization_verified": true,
  "candidate_and_epoch_selection_verified": true,
  "all_run_files_unchanged": true,
  "preparation_resources": {
    "seconds": 4.244269799994072,
    "baseline_rss_bytes": 324722688,
    "peak_rss_bytes": 397373440,
    "baseline_private_bytes": 282587136,
    "peak_private_bytes": 352215040,
    "incremental_peak_rss_bytes": 72650752,
    "lifetime_peak_rss_bytes": 408965120,
    "min_available_ram_bytes": 4414889984,
    "sample_interval_seconds": 0.05,
    "process_cpu_seconds": 4.046875
  },
  "total_validation_resources": {
    "seconds": 6.880289499997161,
    "baseline_rss_bytes": 322457600,
    "peak_rss_bytes": 537980928,
    "baseline_private_bytes": 281477120,
    "peak_private_bytes": 586194944,
    "incremental_peak_rss_bytes": 215523328,
    "lifetime_peak_rss_bytes": 539246592,
    "min_available_ram_bytes": 4297261056,
    "sample_interval_seconds": 0.05,
    "process_cpu_seconds": 6.609375
  },
  "source_hash": "cd907183301a189ddfcc195774dad58c8fa07d5b326d2ac29cf3636383dc681e",
  "protocol_hash": "5d84a3cdb1f24e4bae241c0a4e3a47bf0400815a82460b134e1a6e358a87472e",
  "full_study_ready": false
}
