LAUNCH rico_h60_f2_s43_persistence; available RAM=4.17 GiB
START rico_h60_f2_s43_persistence final candidate=0 epochs=None
COMPLETE rico_h60_f2_s43_persistence
LAUNCH rico_h60_f2_s43_xgboost; available RAM=4.16 GiB
START rico_h60_f2_s43_xgboost tuning candidate=0 inner=0
START rico_h60_f2_s43_xgboost tuning candidate=0 inner=1
START rico_h60_f2_s43_xgboost tuning candidate=1 inner=0
START rico_h60_f2_s43_xgboost tuning candidate=1 inner=1
START rico_h60_f2_s43_xgboost final candidate=0 epochs=None
COMPLETE rico_h60_f2_s43_xgboost
LAUNCH rico_h60_f2_s43_attention_lstm; available RAM=4.10 GiB
START rico_h60_f2_s43_attention_lstm tuning candidate=0 inner=0
rico_h60_f2_s43_attention_lstm tuning c0 i0: {'epoch': 1, 'train_mse': 0.6870314646678366, 'validation_mae': 2.5915125243071535}
rico_h60_f2_s43_attention_lstm tuning c0 i0: {'epoch': 5, 'train_mse': 0.015548501052199655, 'validation_mae': 1.6408125212845528}
rico_h60_f2_s43_attention_lstm tuning c0 i0: {'epoch': 10, 'train_mse': 0.010039370089389717, 'validation_mae': 1.8828818015080349}
START rico_h60_f2_s43_attention_lstm tuning candidate=0 inner=1
rico_h60_f2_s43_attention_lstm tuning c0 i1: {'epoch': 1, 'train_mse': 0.4190214912697768, 'validation_mae': 2.378156835077602}
rico_h60_f2_s43_attention_lstm tuning c0 i1: {'epoch': 5, 'train_mse': 0.011621269298966523, 'validation_mae': 2.063016965066009}
rico_h60_f2_s43_attention_lstm tuning c0 i1: {'epoch': 10, 'train_mse': 0.008330517503059215, 'validation_mae': 1.9885244748431117}
rico_h60_f2_s43_attention_lstm tuning c0 i1: {'epoch': 15, 'train_mse': 0.007060918443284597, 'validation_mae': 2.0166297120038474}
START rico_h60_f2_s43_attention_lstm tuning candidate=1 inner=0
rico_h60_f2_s43_attention_lstm tuning c1 i0: {'epoch': 1, 'train_mse': 0.8670437120328284, 'validation_mae': 3.370301530072643}
rico_h60_f2_s43_attention_lstm tuning c1 i0: {'epoch': 5, 'train_mse': 0.025158322025920936, 'validation_mae': 1.7048145846956095}
rico_h60_f2_s43_attention_lstm tuning c1 i0: {'epoch': 10, 'train_mse': 0.01187535527690201, 'validation_mae': 1.8219861696328326}
START rico_h60_f2_s43_attention_lstm tuning candidate=1 inner=1
rico_h60_f2_s43_attention_lstm tuning c1 i1: {'epoch': 1, 'train_mse': 0.6744142990962715, 'validation_mae': 3.075446273877761}
rico_h60_f2_s43_attention_lstm tuning c1 i1: {'epoch': 5, 'train_mse': 0.015418753545185564, 'validation_mae': 2.15267746045729}
rico_h60_f2_s43_attention_lstm tuning c1 i1: {'epoch': 10, 'train_mse': 0.010202829536216654, 'validation_mae': 2.0147412332217187}
rico_h60_f2_s43_attention_lstm tuning c1 i1: {'epoch': 15, 'train_mse': 0.008457964849154091, 'validation_mae': 2.0085181281680153}
START rico_h60_f2_s43_attention_lstm final candidate=0 epochs=9
rico_h60_f2_s43_attention_lstm final_fit c0 iNone: {'epoch': 1, 'train_mse': 0.31047550711025773}
rico_h60_f2_s43_attention_lstm final_fit c0 iNone: {'epoch': 5, 'train_mse': 0.010941150023894562}
COMPLETE rico_h60_f2_s43_attention_lstm
{
  "status": "complete",
  "point_cells": 3,
  "interval_cells": 6,
  "learned_tuning_fits": 8,
  "learned_final_fits": 2,
  "models": [
    "persistence",
    "xgboost",
    "attention_lstm"
  ],
  "source_hash": "cd907183301a189ddfcc195774dad58c8fa07d5b326d2ac29cf3636383dc681e",
  "protocol_hash": "85ad761357274da3f86ef8417ede058f4bfe3615117513b11d0b1ac2c3765dfe",
  "full_study_ready": false,
  "publication_ready": false
}
{"command": ["C:/cfs_venv/Scripts/python.exe", "-B", "-m", "src.matched_forecasting005", "run", "--matrix", "C:\\Users\\nigel\\OneDrive\\Desktop\\GitHub\\confosense\\smart_building_conformal\\outputs\\amendment005\\support_design_v1\\experiment_matrix.csv", "--dataset", "rico", "--horizon", "60", "--outer-fold", "2", "--model-seed", "43", "--design-dir", "C:\\Users\\nigel\\OneDrive\\Desktop\\GitHub\\confosense\\smart_building_conformal\\protocols\\matched_forecasting005\\rico_h60_f2_s43_v1", "--out", "C:\\Users\\nigel\\OneDrive\\Desktop\\GitHub\\confosense\\smart_building_conformal\\outputs\\matched_forecasting005\\rico_h60_f2_s43_v1", "--readiness", "C:\\Users\\nigel\\OneDrive\\Desktop\\GitHub\\confosense\\smart_building_conformal\\protocols\\matched_forecasting005\\rico_h60_f2_s43_v1\\readiness.json"], "cwd": "C:\\Users\\nigel\\OneDrive\\Desktop\\GitHub\\confosense\\smart_building_conformal", "started_utc": "2026-09-13T23:19:02.361255+00:00", "logger_pid": 11524, "child_pid": 25392, "ended_utc": "2026-09-13T23:20:26.780304+00:00", "seconds": 84.42003969999496, "exit_status": 0}
