{
  "status": "complete",
  "action": "resume",
  "models_fitted": 0,
  "reused_model_units": 3,
  "fresh_data_identity_verified": true,
  "preparation_resources": {
    "seconds": 17.437555099997553,
    "baseline_rss_bytes": 324677632,
    "peak_rss_bytes": 479813632,
    "baseline_private_bytes": 282681344,
    "peak_private_bytes": 432001024,
    "incremental_peak_rss_bytes": 155136000,
    "lifetime_peak_rss_bytes": 489590784,
    "min_available_ram_bytes": 4415115264,
    "sample_interval_seconds": 0.05,
    "process_cpu_seconds": 17.09375
  },
  "protocol_hash": "01fd3965e400bdbca1098dcdcbf99395ee6b446384d55833c260e9b9f41206df",
  "source_hash": "cd907183301a189ddfcc195774dad58c8fa07d5b326d2ac29cf3636383dc681e",
  "all_run_files_unchanged": true
}
