{
  "passed": true,
  "models_fitted": 0,
  "point_cells": 3,
  "interval_cells": 6,
  "real_tuning_fits_verified": 8,
  "real_final_fits_verified": 2,
  "saved_model_prediction_checks": 6,
  "own_calibration_verified": true,
  "common_target_ids_verified": true,
  "training_only_normalization_verified": true,
  "candidate_and_epoch_selection_verified": true,
  "all_run_files_unchanged": true,
  "preparation_resources": {
    "seconds": 17.856370499997865,
    "baseline_rss_bytes": 324898816,
    "peak_rss_bytes": 474435584,
    "baseline_private_bytes": 282710016,
    "peak_private_bytes": 430624768,
    "incremental_peak_rss_bytes": 149536768,
    "lifetime_peak_rss_bytes": 489132032,
    "min_available_ram_bytes": 4675485696,
    "sample_interval_seconds": 0.05,
    "process_cpu_seconds": 17.453125
  },
  "total_validation_resources": {
    "seconds": 20.501135400001658,
    "baseline_rss_bytes": 322662400,
    "peak_rss_bytes": 565379072,
    "baseline_private_bytes": 281595904,
    "peak_private_bytes": 608141312,
    "incremental_peak_rss_bytes": 242716672,
    "lifetime_peak_rss_bytes": 566513664,
    "min_available_ram_bytes": 4600360960,
    "sample_interval_seconds": 0.05,
    "process_cpu_seconds": 20.0625
  },
  "source_hash": "cd907183301a189ddfcc195774dad58c8fa07d5b326d2ac29cf3636383dc681e",
  "protocol_hash": "03d1d452482977385b92c01bd2a2ba832e17ca51725e86b5a2d03b6d5399184a",
  "full_study_ready": false
}
{"command": ["C:/cfs_venv/Scripts/python.exe", "-B", "-m", "src.matched_forecasting005", "validate", "--matrix", "C:\\Users\\nigel\\OneDrive\\Desktop\\GitHub\\confosense\\smart_building_conformal\\outputs\\amendment005\\support_design_v1\\experiment_matrix.csv", "--dataset", "rico", "--horizon", "15", "--outer-fold", "2", "--model-seed", "42", "--design-dir", "C:\\Users\\nigel\\OneDrive\\Desktop\\GitHub\\confosense\\smart_building_conformal\\protocols\\matched_forecasting005\\rico_h15_f2_s42_v1", "--out", "C:\\Users\\nigel\\OneDrive\\Desktop\\GitHub\\confosense\\smart_building_conformal\\outputs\\matched_forecasting005\\rico_h15_f2_s42_v1", "--readiness", "C:\\Users\\nigel\\OneDrive\\Desktop\\GitHub\\confosense\\smart_building_conformal\\protocols\\matched_forecasting005\\rico_h15_f2_s42_v1\\readiness.json", "--receipt", "C:\\Users\\nigel\\OneDrive\\Desktop\\GitHub\\confosense\\smart_building_conformal\\outputs\\matched_forecasting005\\overnight_batch_v1\\receipts\\rico_h15_f2_s42_v1\\audit_v1"], "cwd": "C:\\Users\\nigel\\OneDrive\\Desktop\\GitHub\\confosense\\smart_building_conformal", "started_utc": "2026-09-13T18:01:54.237993+00:00", "logger_pid": 196, "child_pid": 1140, "ended_utc": "2026-09-13T18:02:19.066606+00:00", "seconds": 24.82768990000477, "exit_status": 0}
