{
  "status": "complete",
  "action": "resume",
  "models_fitted": 0,
  "reused_model_units": 3,
  "fresh_data_identity_verified": true,
  "preparation_resources": {
    "seconds": 16.99279099999694,
    "baseline_rss_bytes": 324792320,
    "peak_rss_bytes": 886935552,
    "baseline_private_bytes": 282808320,
    "peak_private_bytes": 998645760,
    "incremental_peak_rss_bytes": 562143232,
    "lifetime_peak_rss_bytes": 1032241152,
    "min_available_ram_bytes": 4440772608,
    "sample_interval_seconds": 0.05,
    "process_cpu_seconds": 16.703125
  },
  "protocol_hash": "ce484c863017f245f239e40a1cfb85455667277e7f8f3899f4fecb6301a7ab69",
  "source_hash": "cd907183301a189ddfcc195774dad58c8fa07d5b326d2ac29cf3636383dc681e",
  "all_run_files_unchanged": true
}
