{
  "status": "complete",
  "action": "resume",
  "models_fitted": 0,
  "reused_model_units": 3,
  "fresh_data_identity_verified": true,
  "preparation_resources": {
    "seconds": 8.245306900003925,
    "baseline_rss_bytes": 324403200,
    "peak_rss_bytes": 1241870336,
    "baseline_private_bytes": 282202112,
    "peak_private_bytes": 1208811520,
    "incremental_peak_rss_bytes": 917467136,
    "lifetime_peak_rss_bytes": 1244979200,
    "min_available_ram_bytes": 3899277312,
    "sample_interval_seconds": 0.05,
    "process_cpu_seconds": 8.015625
  },
  "protocol_hash": "7b3af2e5082254e020ca867fb95d22cc2dc6b99331e9a1c7f86c6a385461bbeb",
  "source_hash": "cd907183301a189ddfcc195774dad58c8fa07d5b326d2ac29cf3636383dc681e",
  "all_run_files_unchanged": true
}
