{
  "status": "complete",
  "action": "resume",
  "models_fitted": 0,
  "reused_model_units": 3,
  "fresh_data_identity_verified": true,
  "preparation_resources": {
    "seconds": 17.10819940001238,
    "baseline_rss_bytes": 324931584,
    "peak_rss_bytes": 468697088,
    "baseline_private_bytes": 282656768,
    "peak_private_bytes": 421683200,
    "incremental_peak_rss_bytes": 143765504,
    "lifetime_peak_rss_bytes": 482746368,
    "min_available_ram_bytes": 5464686592,
    "sample_interval_seconds": 0.05,
    "process_cpu_seconds": 16.4375
  },
  "protocol_hash": "5769aea4df39adc1c5884a4ac4950471da7bbe227eea0549a15de94fbdebfb6d",
  "source_hash": "cd907183301a189ddfcc195774dad58c8fa07d5b326d2ac29cf3636383dc681e",
  "all_run_files_unchanged": true
}
