{
  "status": "complete",
  "action": "resume",
  "models_fitted": 0,
  "reused_model_units": 3,
  "fresh_data_identity_verified": true,
  "preparation_resources": {
    "seconds": 4.097383300002548,
    "baseline_rss_bytes": 324640768,
    "peak_rss_bytes": 402972672,
    "baseline_private_bytes": 282468352,
    "peak_private_bytes": 357781504,
    "incremental_peak_rss_bytes": 78331904,
    "lifetime_peak_rss_bytes": 412033024,
    "min_available_ram_bytes": 5284184064,
    "sample_interval_seconds": 0.05,
    "process_cpu_seconds": 4.0
  },
  "protocol_hash": "c4251293278cc903db86fe4f42a91a7108a0c33bdffb224f47cfe4b37bfbafc1",
  "source_hash": "cd907183301a189ddfcc195774dad58c8fa07d5b326d2ac29cf3636383dc681e",
  "all_run_files_unchanged": true
}
