{
  "status": "complete",
  "action": "resume",
  "models_fitted": 0,
  "reused_model_units": 3,
  "fresh_data_identity_verified": true,
  "preparation_resources": {
    "seconds": 4.097383300002548,
    "baseline_rss_bytes": 324640768,
    "peak_rss_bytes": 402972672,
    "baseline_private_bytes": 282468352,
    "peak_private_bytes": 357781504,
    "incremental_peak_rss_bytes": 78331904,
    "lifetime_peak_rss_bytes": 412033024,
    "min_available_ram_bytes": 5284184064,
    "sample_interval_seconds": 0.05,
    "process_cpu_seconds": 4.0
  },
  "protocol_hash": "c4251293278cc903db86fe4f42a91a7108a0c33bdffb224f47cfe4b37bfbafc1",
  "source_hash": "cd907183301a189ddfcc195774dad58c8fa07d5b326d2ac29cf3636383dc681e",
  "all_run_files_unchanged": true
}
{"command": ["C:/cfs_venv/Scripts/python.exe", "-B", "-m", "src.matched_forecasting005", "resume", "--matrix", "C:\\Users\\nigel\\OneDrive\\Desktop\\GitHub\\confosense\\smart_building_conformal\\outputs\\amendment005\\support_design_v1\\experiment_matrix.csv", "--dataset", "pleia_energy", "--horizon", "3", "--outer-fold", "2", "--model-seed", "45", "--design-dir", "C:\\Users\\nigel\\OneDrive\\Desktop\\GitHub\\confosense\\smart_building_conformal\\protocols\\matched_forecasting005\\pleia_energy_h3_f2_s45_v1", "--out", "C:\\Users\\nigel\\OneDrive\\Desktop\\GitHub\\confosense\\smart_building_conformal\\outputs\\matched_forecasting005\\pleia_energy_h3_f2_s45_v1", "--readiness", "C:\\Users\\nigel\\OneDrive\\Desktop\\GitHub\\confosense\\smart_building_conformal\\protocols\\matched_forecasting005\\pleia_energy_h3_f2_s45_v1\\readiness.json", "--receipt", "C:\\Users\\nigel\\OneDrive\\Desktop\\GitHub\\confosense\\smart_building_conformal\\outputs\\matched_forecasting005\\fold2_multiseed_batch_v1\\receipts\\pleia_energy_h3_f2_s45_v1\\resume_v1.json", "--forbid-fits"], "cwd": "C:\\Users\\nigel\\OneDrive\\Desktop\\GitHub\\confosense\\smart_building_conformal", "started_utc": "2026-09-14T01:10:16.067471+00:00", "logger_pid": 20304, "child_pid": 14756, "ended_utc": "2026-09-14T01:10:24.497434+00:00", "seconds": 8.440432799994596, "exit_status": 0}
