{
  "passed": true,
  "utc": "2026-09-23T03:11:37.945351+00:00",
  "model_seed": 46,
  "dataset": "pleia",
  "protocol_sha256": "331a493d058ec671c73fe395eec7a8c16899fd2a4c7f13b3bc926b1dbb2b5dde",
  "complete_sha256": "f0740e2a829669ad4c412fbe1cc87c53cbeff5d3bb369f2bd9fb2c180c6654cd",
  "declared_files": 127161,
  "operation_counts": {
    "cqr_wrapper_fit": 1,
    "quantile_estimator_fit": 3,
    "calibrator_conformalize": 2
  },
  "logical_conformalizations": 1,
  "persistence_radius_computations": 1,
  "native_estimator_random_states": [
    46,
    46,
    46
  ],
  "owner_sha256": "13688e5d189a8d5191d1d2037b4783701623092a3683762dec42df022c225598",
  "full_validation_passed": true,
  "validation_assertions": 271920,
  "validation_violations": 0,
  "completed_resume_zero_fit": true,
  "scientific_artifacts_unchanged": true
}
