{
  "status": "complete",
  "action": "resume",
  "models_fitted": 0,
  "reused_model_units": 3,
  "fresh_data_identity_verified": true,
  "preparation_resources": {
    "seconds": 4.275057099992409,
    "baseline_rss_bytes": 324280320,
    "peak_rss_bytes": 397549568,
    "baseline_private_bytes": 281952256,
    "peak_private_bytes": 352210944,
    "incremental_peak_rss_bytes": 73269248,
    "lifetime_peak_rss_bytes": 410566656,
    "min_available_ram_bytes": 4452515840,
    "sample_interval_seconds": 0.05,
    "process_cpu_seconds": 4.0
  },
  "protocol_hash": "5d84a3cdb1f24e4bae241c0a4e3a47bf0400815a82460b134e1a6e358a87472e",
  "source_hash": "cd907183301a189ddfcc195774dad58c8fa07d5b326d2ac29cf3636383dc681e",
  "all_run_files_unchanged": true
}
