{
  "status": "complete",
  "action": "resume",
  "models_fitted": 0,
  "reused_model_units": 3,
  "fresh_data_identity_verified": true,
  "preparation_resources": {
    "seconds": 4.134807300011744,
    "baseline_rss_bytes": 324554752,
    "peak_rss_bytes": 401080320,
    "baseline_private_bytes": 282472448,
    "peak_private_bytes": 356597760,
    "incremental_peak_rss_bytes": 76525568,
    "lifetime_peak_rss_bytes": 408743936,
    "min_available_ram_bytes": 5084364800,
    "sample_interval_seconds": 0.05,
    "process_cpu_seconds": 4.03125
  },
  "protocol_hash": "d3f48a48b1e9bd268b7a135c9afd44e18a498537f9d3262d88eb1ded5694a0c3",
  "source_hash": "cd907183301a189ddfcc195774dad58c8fa07d5b326d2ac29cf3636383dc681e",
  "all_run_files_unchanged": true
}
{"command": ["C:/cfs_venv/Scripts/python.exe", "-B", "-m", "src.matched_forecasting005", "resume", "--matrix", "C:\\Users\\nigel\\OneDrive\\Desktop\\GitHub\\confosense\\smart_building_conformal\\outputs\\amendment005\\support_design_v1\\experiment_matrix.csv", "--dataset", "pleia_energy", "--horizon", "1", "--outer-fold", "2", "--model-seed", "46", "--design-dir", "C:\\Users\\nigel\\OneDrive\\Desktop\\GitHub\\confosense\\smart_building_conformal\\protocols\\matched_forecasting005\\pleia_energy_h1_f2_s46_v1", "--out", "C:\\Users\\nigel\\OneDrive\\Desktop\\GitHub\\confosense\\smart_building_conformal\\outputs\\matched_forecasting005\\pleia_energy_h1_f2_s46_v1", "--readiness", "C:\\Users\\nigel\\OneDrive\\Desktop\\GitHub\\confosense\\smart_building_conformal\\protocols\\matched_forecasting005\\pleia_energy_h1_f2_s46_v1\\readiness.json", "--receipt", "C:\\Users\\nigel\\OneDrive\\Desktop\\GitHub\\confosense\\smart_building_conformal\\outputs\\matched_forecasting005\\fold2_multiseed_batch_v1\\receipts\\pleia_energy_h1_f2_s46_v1\\resume_v1.json", "--forbid-fits"], "cwd": "C:\\Users\\nigel\\OneDrive\\Desktop\\GitHub\\confosense\\smart_building_conformal", "started_utc": "2026-09-14T02:07:12.124854+00:00", "logger_pid": 20760, "child_pid": 16468, "ended_utc": "2026-09-14T02:07:20.345801+00:00", "seconds": 8.232048299993039, "exit_status": 0}
