{
  "frozen": true,
  "models_fitted": 0,
  "joint_support": {
    "fit": 51534,
    "calibration": 17270,
    "test": 34590
  },
  "source_hash": "5257ba9616206368298f280b80a7accc9e096eb803b51a94e04a5945444659b6"
}
{
  "passed": true,
  "ready": true,
  "source_hash": "5257ba9616206368298f280b80a7accc9e096eb803b51a94e04a5945444659b6",
  "protocol_hash": "f994e885c0e5a0864150da2b6263a4f35d42d7bf2798894f4605289319d121e7",
  "models_fitted": 0,
  "calibrators_fitted": 0,
  "resources": {
    "rss_bytes": 395603968,
    "private_bytes": 348971008,
    "lifetime_peak_rss_bytes": 1035415552,
    "available_ram_bytes": 2205724672,
    "physical_ram_bytes": 16890978304,
    "free_disk_bytes": 33119514624,
    "launch_ram_reference_bytes": 3221225472,
    "launch_ram_reference_met": false,
    "launch_ram_reference_nonblocking": true
  },
  "preparation_resources": {
    "seconds": 40.83766659999674,
    "baseline_rss_bytes": 325050368,
    "peak_rss_bytes": 1010257920,
    "baseline_private_bytes": 282230784,
    "peak_private_bytes": 998731776,
    "incremental_peak_rss_bytes": 685207552,
    "lifetime_peak_rss_bytes": 1035415552,
    "min_available_ram_bytes": 1470320640,
    "sample_interval_seconds": 0.05,
    "process_cpu_seconds": 40.03125
  },
  "utc": "2026-09-14T09:55:08.790183+00:00"
}
{
  "frozen": true,
  "models_fitted": 0,
  "joint_support": {
    "fit": 51534,
    "calibration": 17270,
    "test": 34590
  },
  "source_hash": "5257ba9616206368298f280b80a7accc9e096eb803b51a94e04a5945444659b6"
}
{
  "passed": true,
  "ready": true,
  "source_hash": "5257ba9616206368298f280b80a7accc9e096eb803b51a94e04a5945444659b6",
  "protocol_hash": "cf44406453fd9ea24e22219c436b98ff24972b539dc7d8aedecd290478f1a97c",
  "models_fitted": 0,
  "calibrators_fitted": 0,
  "resources": {
    "rss_bytes": 395264000,
    "private_bytes": 349405184,
    "lifetime_peak_rss_bytes": 1036099584,
    "available_ram_bytes": 2388606976,
    "physical_ram_bytes": 16890978304,
    "free_disk_bytes": 33089171456,
    "launch_ram_reference_bytes": 3221225472,
    "launch_ram_reference_met": false,
    "launch_ram_reference_nonblocking": true
  },
  "preparation_resources": {
    "seconds": 41.00423979999323,
    "baseline_rss_bytes": 324558848,
    "peak_rss_bytes": 1005006848,
    "baseline_private_bytes": 281767936,
    "peak_private_bytes": 1002582016,
    "incremental_peak_rss_bytes": 680448000,
    "lifetime_peak_rss_bytes": 1036099584,
    "min_available_ram_bytes": 1707335680,
    "sample_interval_seconds": 0.05,
    "process_cpu_seconds": 39.890625
  },
  "utc": "2026-09-14T09:56:56.475593+00:00"
}
{
  "frozen": true,
  "models_fitted": 0,
  "joint_support": {
    "fit": 51534,
    "calibration": 17270,
    "test": 34590
  },
  "source_hash": "5257ba9616206368298f280b80a7accc9e096eb803b51a94e04a5945444659b6"
}
{
  "passed": true,
  "ready": true,
  "source_hash": "5257ba9616206368298f280b80a7accc9e096eb803b51a94e04a5945444659b6",
  "protocol_hash": "72a51e3acbb8de18403785bf6428756fcdb15afdd5e1e107b5109a8c05917a99",
  "models_fitted": 0,
  "calibrators_fitted": 0,
  "resources": {
    "rss_bytes": 398544896,
    "private_bytes": 352198656,
    "lifetime_peak_rss_bytes": 1035890688,
    "available_ram_bytes": 2531422208,
    "physical_ram_bytes": 16890978304,
    "free_disk_bytes": 33055830016,
    "launch_ram_reference_bytes": 3221225472,
    "launch_ram_reference_met": false,
    "launch_ram_reference_nonblocking": true
  },
  "preparation_resources": {
    "seconds": 40.92982060000941,
    "baseline_rss_bytes": 324870144,
    "peak_rss_bytes": 954822656,
    "baseline_private_bytes": 282333184,
    "peak_private_bytes": 1000845312,
    "incremental_peak_rss_bytes": 629952512,
    "lifetime_peak_rss_bytes": 1035890688,
    "min_available_ram_bytes": 1995448320,
    "sample_interval_seconds": 0.05,
    "process_cpu_seconds": 39.84375
  },
  "utc": "2026-09-14T09:58:44.778243+00:00"
}
{
  "frozen": true,
  "models_fitted": 0,
  "joint_support": {
    "fit": 51534,
    "calibration": 17270,
    "test": 34590
  },
  "source_hash": "5257ba9616206368298f280b80a7accc9e096eb803b51a94e04a5945444659b6"
}
{
  "passed": true,
  "ready": true,
  "source_hash": "5257ba9616206368298f280b80a7accc9e096eb803b51a94e04a5945444659b6",
  "protocol_hash": "1e51fa18b5f6f2611a88e18a758f1f44a1dfe805509b21f956051e6a99d1394b",
  "models_fitted": 0,
  "calibrators_fitted": 0,
  "resources": {
    "rss_bytes": 399638528,
    "private_bytes": 354066432,
    "lifetime_peak_rss_bytes": 1035853824,
    "available_ram_bytes": 2828050432,
    "physical_ram_bytes": 16890978304,
    "free_disk_bytes": 33026621440,
    "launch_ram_reference_bytes": 3221225472,
    "launch_ram_reference_met": false,
    "launch_ram_reference_nonblocking": true
  },
  "preparation_resources": {
    "seconds": 41.160843799996655,
    "baseline_rss_bytes": 325595136,
    "peak_rss_bytes": 985513984,
    "baseline_private_bytes": 282984448,
    "peak_private_bytes": 998715392,
    "incremental_peak_rss_bytes": 659918848,
    "lifetime_peak_rss_bytes": 1035853824,
    "min_available_ram_bytes": 2137239552,
    "sample_interval_seconds": 0.05,
    "process_cpu_seconds": 40.0625
  },
  "utc": "2026-09-14T10:00:32.830838+00:00"
}
{
  "passed": true,
  "source_commit": "5da318f3bb1ecaedeff83ba97658ebb580222516",
  "source_hash": "5257ba9616206368298f280b80a7accc9e096eb803b51a94e04a5945444659b6",
  "exact_new_keys": 120,
  "seeds": [
    43,
    44,
    45,
    46
  ],
  "commands": [
    {
      "seed": 43,
      "action": "freeze",
      "argv": [
        "C:/cfs_venv/Scripts/python.exe",
        "-B",
        "-m",
        "src.matched_intervals005",
        "freeze",
        "--authorization",
        "C:\\Users\\nigel\\OneDrive\\Desktop\\GitHub\\confosense\\smart_building_conformal\\configs\\matched_intervals005_bdg2_multiseed_s43_v2.json",
        "--synthetic-receipt",
        "C:\\Users\\nigel\\OneDrive\\Desktop\\GitHub\\confosense\\review\\matched_intervals005_bdg2_20260914\\SYNTHETIC_ACCEPTANCE.json",
        "--design-dir",
        "C:\\Users\\nigel\\OneDrive\\Desktop\\GitHub\\confosense\\smart_building_conformal\\protocols\\matched_intervals005\\bdg2_f2_s43_v2"
      ],
      "exit_code": 0
    },
    {
      "seed": 43,
      "action": "readiness",
      "argv": [
        "C:/cfs_venv/Scripts/python.exe",
        "-B",
        "-m",
        "src.matched_intervals005",
        "readiness",
        "--design-dir",
        "C:\\Users\\nigel\\OneDrive\\Desktop\\GitHub\\confosense\\smart_building_conformal\\protocols\\matched_intervals005\\bdg2_f2_s43_v2",
        "--receipt",
        "C:\\Users\\nigel\\OneDrive\\Desktop\\GitHub\\confosense\\smart_building_conformal\\protocols\\matched_intervals005\\bdg2_f2_s43_v2\\readiness.json"
      ],
      "exit_code": 0
    },
    {
      "seed": 44,
      "action": "freeze",
      "argv": [
        "C:/cfs_venv/Scripts/python.exe",
        "-B",
        "-m",
        "src.matched_intervals005",
        "freeze",
        "--authorization",
        "C:\\Users\\nigel\\OneDrive\\Desktop\\GitHub\\confosense\\smart_building_conformal\\configs\\matched_intervals005_bdg2_multiseed_s44_v2.json",
        "--synthetic-receipt",
        "C:\\Users\\nigel\\OneDrive\\Desktop\\GitHub\\confosense\\review\\matched_intervals005_bdg2_20260914\\SYNTHETIC_ACCEPTANCE.json",
        "--design-dir",
        "C:\\Users\\nigel\\OneDrive\\Desktop\\GitHub\\confosense\\smart_building_conformal\\protocols\\matched_intervals005\\bdg2_f2_s44_v2"
      ],
      "exit_code": 0
    },
    {
      "seed": 44,
      "action": "readiness",
      "argv": [
        "C:/cfs_venv/Scripts/python.exe",
        "-B",
        "-m",
        "src.matched_intervals005",
        "readiness",
        "--design-dir",
        "C:\\Users\\nigel\\OneDrive\\Desktop\\GitHub\\confosense\\smart_building_conformal\\protocols\\matched_intervals005\\bdg2_f2_s44_v2",
        "--receipt",
        "C:\\Users\\nigel\\OneDrive\\Desktop\\GitHub\\confosense\\smart_building_conformal\\protocols\\matched_intervals005\\bdg2_f2_s44_v2\\readiness.json"
      ],
      "exit_code": 0
    },
    {
      "seed": 45,
      "action": "freeze",
      "argv": [
        "C:/cfs_venv/Scripts/python.exe",
        "-B",
        "-m",
        "src.matched_intervals005",
        "freeze",
        "--authorization",
        "C:\\Users\\nigel\\OneDrive\\Desktop\\GitHub\\confosense\\smart_building_conformal\\configs\\matched_intervals005_bdg2_multiseed_s45_v2.json",
        "--synthetic-receipt",
        "C:\\Users\\nigel\\OneDrive\\Desktop\\GitHub\\confosense\\review\\matched_intervals005_bdg2_20260914\\SYNTHETIC_ACCEPTANCE.json",
        "--design-dir",
        "C:\\Users\\nigel\\OneDrive\\Desktop\\GitHub\\confosense\\smart_building_conformal\\protocols\\matched_intervals005\\bdg2_f2_s45_v2"
      ],
      "exit_code": 0
    },
    {
      "seed": 45,
      "action": "readiness",
      "argv": [
        "C:/cfs_venv/Scripts/python.exe",
        "-B",
        "-m",
        "src.matched_intervals005",
        "readiness",
        "--design-dir",
        "C:\\Users\\nigel\\OneDrive\\Desktop\\GitHub\\confosense\\smart_building_conformal\\protocols\\matched_intervals005\\bdg2_f2_s45_v2",
        "--receipt",
        "C:\\Users\\nigel\\OneDrive\\Desktop\\GitHub\\confosense\\smart_building_conformal\\protocols\\matched_intervals005\\bdg2_f2_s45_v2\\readiness.json"
      ],
      "exit_code": 0
    },
    {
      "seed": 46,
      "action": "freeze",
      "argv": [
        "C:/cfs_venv/Scripts/python.exe",
        "-B",
        "-m",
        "src.matched_intervals005",
        "freeze",
        "--authorization",
        "C:\\Users\\nigel\\OneDrive\\Desktop\\GitHub\\confosense\\smart_building_conformal\\configs\\matched_intervals005_bdg2_multiseed_s46_v2.json",
        "--synthetic-receipt",
        "C:\\Users\\nigel\\OneDrive\\Desktop\\GitHub\\confosense\\review\\matched_intervals005_bdg2_20260914\\SYNTHETIC_ACCEPTANCE.json",
        "--design-dir",
        "C:\\Users\\nigel\\OneDrive\\Desktop\\GitHub\\confosense\\smart_building_conformal\\protocols\\matched_intervals005\\bdg2_f2_s46_v2"
      ],
      "exit_code": 0
    },
    {
      "seed": 46,
      "action": "readiness",
      "argv": [
        "C:/cfs_venv/Scripts/python.exe",
        "-B",
        "-m",
        "src.matched_intervals005",
        "readiness",
        "--design-dir",
        "C:\\Users\\nigel\\OneDrive\\Desktop\\GitHub\\confosense\\smart_building_conformal\\protocols\\matched_intervals005\\bdg2_f2_s46_v2",
        "--receipt",
        "C:\\Users\\nigel\\OneDrive\\Desktop\\GitHub\\confosense\\smart_building_conformal\\protocols\\matched_intervals005\\bdg2_f2_s46_v2\\readiness.json"
      ],
      "exit_code": 0
    }
  ],
  "protocols": {
    "43": {
      "path": "C:\\Users\\nigel\\OneDrive\\Desktop\\GitHub\\confosense\\smart_building_conformal\\protocols\\matched_intervals005\\bdg2_f2_s43_v2\\frozen_protocol.json",
      "sha256": "f994e885c0e5a0864150da2b6263a4f35d42d7bf2798894f4605289319d121e7",
      "readiness_sha256": "0dff33f09d7f2f5dceff7de5ddff049cd0d7e954a6c0bd186fb2b67407df046d"
    },
    "44": {
      "path": "C:\\Users\\nigel\\OneDrive\\Desktop\\GitHub\\confosense\\smart_building_conformal\\protocols\\matched_intervals005\\bdg2_f2_s44_v2\\frozen_protocol.json",
      "sha256": "cf44406453fd9ea24e22219c436b98ff24972b539dc7d8aedecd290478f1a97c",
      "readiness_sha256": "a78216b9411186bc5e7d5a946cf38e441b7e2476054d793424c41c6d6cde4627"
    },
    "45": {
      "path": "C:\\Users\\nigel\\OneDrive\\Desktop\\GitHub\\confosense\\smart_building_conformal\\protocols\\matched_intervals005\\bdg2_f2_s45_v2\\frozen_protocol.json",
      "sha256": "72a51e3acbb8de18403785bf6428756fcdb15afdd5e1e107b5109a8c05917a99",
      "readiness_sha256": "6f0927c6fa8df33727e05bdcd48bacf1aad39de60e6c3319aa79fe62b28e4f83"
    },
    "46": {
      "path": "C:\\Users\\nigel\\OneDrive\\Desktop\\GitHub\\confosense\\smart_building_conformal\\protocols\\matched_intervals005\\bdg2_f2_s46_v2\\frozen_protocol.json",
      "sha256": "1e51fa18b5f6f2611a88e18a758f1f44a1dfe805509b21f956051e6a99d1394b",
      "readiness_sha256": "90532ce37f13586c22a3e06cc154b19cb6a2af923b8e6a44b9ca4034d3df04f1"
    }
  },
  "models_fitted": 0,
  "calibrators_fitted": 0,
  "utc": "2026-09-14T10:00:33.521552+00:00"
}
