{
  "status": "complete",
  "action": "resume",
  "models_fitted": 0,
  "reused_model_units": 3,
  "fresh_data_identity_verified": true,
  "preparation_resources": {
    "seconds": 17.22817170000053,
    "baseline_rss_bytes": 324673536,
    "peak_rss_bytes": 903856128,
    "baseline_private_bytes": 282193920,
    "peak_private_bytes": 999571456,
    "incremental_peak_rss_bytes": 579182592,
    "lifetime_peak_rss_bytes": 1032474624,
    "min_available_ram_bytes": 4020490240,
    "sample_interval_seconds": 0.05,
    "process_cpu_seconds": 16.765625
  },
  "protocol_hash": "58027826a3a98cb7b4370662f19aaa693ba6370fe417a19ca4c32b3141872a0e",
  "source_hash": "cd907183301a189ddfcc195774dad58c8fa07d5b326d2ac29cf3636383dc681e",
  "all_run_files_unchanged": true
}
