LAUNCH pleia_h6_f2_s46_persistence; available RAM=4.61 GiB
START pleia_h6_f2_s46_persistence final candidate=0 epochs=None
COMPLETE pleia_h6_f2_s46_persistence
LAUNCH pleia_h6_f2_s46_xgboost; available RAM=4.58 GiB
START pleia_h6_f2_s46_xgboost tuning candidate=0 inner=0
START pleia_h6_f2_s46_xgboost tuning candidate=0 inner=1
START pleia_h6_f2_s46_xgboost tuning candidate=1 inner=0
START pleia_h6_f2_s46_xgboost tuning candidate=1 inner=1
START pleia_h6_f2_s46_xgboost final candidate=0 epochs=None
COMPLETE pleia_h6_f2_s46_xgboost
LAUNCH pleia_h6_f2_s46_attention_lstm; available RAM=4.48 GiB
START pleia_h6_f2_s46_attention_lstm tuning candidate=0 inner=0
pleia_h6_f2_s46_attention_lstm tuning c0 i0: {'epoch': 1, 'train_mse': 0.590048926017431, 'validation_mae': 1.1634648093127895}
pleia_h6_f2_s46_attention_lstm tuning c0 i0: {'epoch': 5, 'train_mse': 0.08315802900825889, 'validation_mae': 1.031588303232656}
pleia_h6_f2_s46_attention_lstm tuning c0 i0: {'epoch': 10, 'train_mse': 0.07302584441252125, 'validation_mae': 1.0228565674383663}
pleia_h6_f2_s46_attention_lstm tuning c0 i0: {'epoch': 15, 'train_mse': 0.0604745718894653, 'validation_mae': 1.0166153015056474}
START pleia_h6_f2_s46_attention_lstm tuning candidate=0 inner=1
pleia_h6_f2_s46_attention_lstm tuning c0 i1: {'epoch': 1, 'train_mse': 0.44619231225024536, 'validation_mae': 1.0205856161406546}
pleia_h6_f2_s46_attention_lstm tuning c0 i1: {'epoch': 5, 'train_mse': 0.13093762415608928, 'validation_mae': 0.8623004045197458}
pleia_h6_f2_s46_attention_lstm tuning c0 i1: {'epoch': 10, 'train_mse': 0.08504628303270896, 'validation_mae': 0.8601360140713777}
START pleia_h6_f2_s46_attention_lstm tuning candidate=1 inner=0
pleia_h6_f2_s46_attention_lstm tuning c1 i0: {'epoch': 1, 'train_mse': 0.8046828047357331, 'validation_mae': 1.5549707067822947}
pleia_h6_f2_s46_attention_lstm tuning c1 i0: {'epoch': 5, 'train_mse': 0.0902337027309782, 'validation_mae': 1.0565417300536022}
pleia_h6_f2_s46_attention_lstm tuning c1 i0: {'epoch': 10, 'train_mse': 0.08036898913217594, 'validation_mae': 1.044019879260881}
pleia_h6_f2_s46_attention_lstm tuning c1 i0: {'epoch': 15, 'train_mse': 0.071678571017236, 'validation_mae': 1.0323939929888089}
START pleia_h6_f2_s46_attention_lstm tuning candidate=1 inner=1
pleia_h6_f2_s46_attention_lstm tuning c1 i1: {'epoch': 1, 'train_mse': 0.6314225967937303, 'validation_mae': 1.1755431214149554}
pleia_h6_f2_s46_attention_lstm tuning c1 i1: {'epoch': 5, 'train_mse': 0.15490493460476978, 'validation_mae': 0.9004888887116403}
pleia_h6_f2_s46_attention_lstm tuning c1 i1: {'epoch': 10, 'train_mse': 0.10775379257873424, 'validation_mae': 0.859882947902487}
START pleia_h6_f2_s46_attention_lstm final candidate=0 epochs=10
pleia_h6_f2_s46_attention_lstm final_fit c0 iNone: {'epoch': 1, 'train_mse': 0.3849509981104019}
pleia_h6_f2_s46_attention_lstm final_fit c0 iNone: {'epoch': 5, 'train_mse': 0.14155752601421842}
pleia_h6_f2_s46_attention_lstm final_fit c0 iNone: {'epoch': 10, 'train_mse': 0.12490372431197953}
COMPLETE pleia_h6_f2_s46_attention_lstm
{
  "status": "complete",
  "point_cells": 3,
  "interval_cells": 6,
  "learned_tuning_fits": 8,
  "learned_final_fits": 2,
  "models": [
    "persistence",
    "xgboost",
    "attention_lstm"
  ],
  "source_hash": "cd907183301a189ddfcc195774dad58c8fa07d5b326d2ac29cf3636383dc681e",
  "protocol_hash": "167204fe887068fae49a0bf3704d7bec6197c99a453a7be4422e9f5affd4de08",
  "full_study_ready": false,
  "publication_ready": false
}
