{
  "passed": true,
  "status": "provisional_seed_block",
  "new_paired_units": 26,
  "new_tuning_fits": 208,
  "new_final_fits": 52,
  "new_point_cells": 78,
  "new_interval_cells": 156,
  "saved_model_checks": 156,
  "completed_zero_fit_resumes": 26,
  "actual_seed_checks": 78,
  "observed_max_prediction_difference": 0.0,
  "new_run_exit_codes": [
    0,
    0,
    0,
    0,
    0,
    0,
    0,
    0,
    0,
    0,
    0,
    0,
    0,
    0,
    0,
    0,
    0,
    0,
    0,
    0,
    0,
    0,
    0,
    0,
    0,
    0
  ],
  "completed_paired_units": 44,
  "total_paired_units": 195,
  "completed_point_cells": 132,
  "completed_interval_cells": 264,
  "fold2_paired_units": 39,
  "fold2_point_cells": 117,
  "fold2_interval_cells": 234,
  "remaining_paired_units": 151,
  "remaining_learned_fits": 1510,
  "actual_run_wall_seconds": 5866.888414100031,
  "actual_run_cpu_seconds": 5694.671875,
  "validation_wall_seconds": 540.0843745999591,
  "resume_wall_seconds": 436.3288730000204,
  "maximum_lifetime_peak_rss_MiB": 1186.91796875,
  "remaining_low_model_hours": 3.9667065377910906,
  "remaining_high_model_hours": 102.62471680353373,
  "models_fitted_by_analysis": 0,
  "historical_refits": 0,
  "repeated_learned_fits": 0,
  "full_study_ready": false,
  "additional_fits_authorized": false
}
{"command": ["C:/cfs_venv/Scripts/python.exe", "-B", "C:\\Users\\nigel\\OneDrive\\Desktop\\GitHub\\confosense\\review\\matched_fold2_multiseed_20260914\\analyze.py", "seed", "--out", "C:\\Users\\nigel\\OneDrive\\Desktop\\GitHub\\confosense\\smart_building_conformal\\outputs\\matched_forecasting005\\fold2_multiseed_batch_v1\\seed44_summary_v1"], "cwd": "C:\\Users\\nigel\\OneDrive\\Desktop\\GitHub\\confosense\\smart_building_conformal", "started_utc": "2026-09-14T01:03:56.377398+00:00", "logger_pid": 29092, "child_pid": 29192, "ended_utc": "2026-09-14T01:04:30.719218+00:00", "seconds": 34.34207339999557, "exit_status": 0}
