{
  "status": "complete",
  "action": "resume",
  "models_fitted": 0,
  "reused_model_units": 3,
  "fresh_data_identity_verified": true,
  "preparation_resources": {
    "seconds": 7.80137050000485,
    "baseline_rss_bytes": 324509696,
    "peak_rss_bytes": 1180987392,
    "baseline_private_bytes": 282497024,
    "peak_private_bytes": 1208401920,
    "incremental_peak_rss_bytes": 856477696,
    "lifetime_peak_rss_bytes": 1244905472,
    "min_available_ram_bytes": 4300668928,
    "sample_interval_seconds": 0.05,
    "process_cpu_seconds": 7.6875
  },
  "protocol_hash": "8196306a329a6c9ca8326b0c397aea778201506a8cf246687569ae5edd3a0c84",
  "source_hash": "cd907183301a189ddfcc195774dad58c8fa07d5b326d2ac29cf3636383dc681e",
  "all_run_files_unchanged": true
}
