{
  "passed": true,
  "models_fitted": 0,
  "point_cells": 3,
  "interval_cells": 6,
  "real_tuning_fits_verified": 8,
  "real_final_fits_verified": 2,
  "saved_model_prediction_checks": 6,
  "own_calibration_verified": true,
  "common_target_ids_verified": true,
  "training_only_normalization_verified": true,
  "candidate_and_epoch_selection_verified": true,
  "all_run_files_unchanged": true,
  "preparation_resources": {
    "seconds": 16.56606710000051,
    "baseline_rss_bytes": 325099520,
    "peak_rss_bytes": 452947968,
    "baseline_private_bytes": 282984448,
    "peak_private_bytes": 406151168,
    "incremental_peak_rss_bytes": 127848448,
    "lifetime_peak_rss_bytes": 474095616,
    "min_available_ram_bytes": 5156016128,
    "sample_interval_seconds": 0.05,
    "process_cpu_seconds": 16.265625
  },
  "total_validation_resources": {
    "seconds": 18.762533299995994,
    "baseline_rss_bytes": 323076096,
    "peak_rss_bytes": 551485440,
    "baseline_private_bytes": 282001408,
    "peak_private_bytes": 598687744,
    "incremental_peak_rss_bytes": 228409344,
    "lifetime_peak_rss_bytes": 551485440,
    "min_available_ram_bytes": 5047447552,
    "sample_interval_seconds": 0.05,
    "process_cpu_seconds": 18.40625
  },
  "source_hash": "cd907183301a189ddfcc195774dad58c8fa07d5b326d2ac29cf3636383dc681e",
  "protocol_hash": "1313d1f837d1a817bae522e566b1ae780eac3779acb6c6ce8a1d3c571d0498f2",
  "full_study_ready": false
}
{"command": ["C:/cfs_venv/Scripts/python.exe", "-B", "-m", "src.matched_forecasting005", "validate", "--matrix", "C:\\Users\\nigel\\OneDrive\\Desktop\\GitHub\\confosense\\smart_building_conformal\\outputs\\amendment005\\support_design_v1\\experiment_matrix.csv", "--dataset", "rico", "--horizon", "60", "--outer-fold", "2", "--model-seed", "42", "--design-dir", "C:\\Users\\nigel\\OneDrive\\Desktop\\GitHub\\confosense\\smart_building_conformal\\protocols\\matched_forecasting005\\rico_h60_f2_s42_v1", "--out", "C:\\Users\\nigel\\OneDrive\\Desktop\\GitHub\\confosense\\smart_building_conformal\\outputs\\matched_forecasting005\\rico_h60_f2_s42_v1", "--readiness", "C:\\Users\\nigel\\OneDrive\\Desktop\\GitHub\\confosense\\smart_building_conformal\\protocols\\matched_forecasting005\\rico_h60_f2_s42_v1\\readiness.json", "--receipt", "C:\\Users\\nigel\\OneDrive\\Desktop\\GitHub\\confosense\\smart_building_conformal\\outputs\\matched_forecasting005\\overnight_batch_v1\\receipts\\rico_h60_f2_s42_v1\\audit_v1"], "cwd": "C:\\Users\\nigel\\OneDrive\\Desktop\\GitHub\\confosense\\smart_building_conformal", "started_utc": "2026-09-13T18:06:57.740577+00:00", "logger_pid": 12372, "child_pid": 24992, "ended_utc": "2026-09-13T18:07:20.746461+00:00", "seconds": 23.00515450000239, "exit_status": 0}
