Waiting for the already launched no-fit preparation; no model fitting yet.
[review/matched-fold2-multiseed-20260914 60882c2] Publish matched fold-2 multiseed evidence: prefit
 603 files changed, 98591 insertions(+)
 create mode 100644 MATCHED_FAILURE_DIAGNOSIS.md
 create mode 100644 MATCHED_METHOD_READINESS_MAP.md
 create mode 100644 review/matched_fold2_multiseed_20260914/AUTHORIZING_HANDOFF.md
 create mode 100644 review/matched_fold2_multiseed_20260914/BOOTSTRAP_OUTPUT_RECOVERY.md
 create mode 100644 review/matched_fold2_multiseed_20260914/DATA_NOTICE.md
 create mode 100644 review/matched_fold2_multiseed_20260914/EVIDENCE_INDEX.md
 create mode 100644 review/matched_fold2_multiseed_20260914/EVIDENCE_MANIFEST.csv
 create mode 100644 review/matched_fold2_multiseed_20260914/PREFLIGHT_AND_BOOTSTRAP.md
 create mode 100644 review/matched_fold2_multiseed_20260914/PRE_FIT_RECORD.md
 create mode 100644 review/matched_fold2_multiseed_20260914/PROGRESS_AND_RESTART.md
 create mode 100644 review/matched_fold2_multiseed_20260914/analyze.py
 create mode 100644 review/matched_fold2_multiseed_20260914/bootstrap.py
 create mode 100644 review/matched_fold2_multiseed_20260914/common.py
 create mode 100644 review/matched_fold2_multiseed_20260914/coordinator.py
 create mode 100644 review/matched_fold2_multiseed_20260914/cross_seed_support.csv
 create mode 100644 review/matched_fold2_multiseed_20260914/diagnose.py
 create mode 100644 review/matched_fold2_multiseed_20260914/entry_preservation.json
 create mode 100644 review/matched_fold2_multiseed_20260914/evaluated_source.zip
 create mode 100644 review/matched_fold2_multiseed_20260914/fresh_role_support.csv
 create mode 100644 review/matched_fold2_multiseed_20260914/frozen_scope.csv
 create mode 100644 review/matched_fold2_multiseed_20260914/inventory.py
 create mode 100644 review/matched_fold2_multiseed_20260914/joint_pre_fit_manifest.json
 create mode 100644 review/matched_fold2_multiseed_20260914/launch.ps1
 create mode 100644 review/matched_fold2_multiseed_20260914/prepare.py
 create mode 100644 review/matched_fold2_multiseed_20260914/publish.py
 create mode 100644 review/matched_fold2_multiseed_20260914/seed_checks.py
 create mode 100644 review/matched_fold2_multiseed_20260914/seed_path_preflight.json
 create mode 100644 review/matched_fold2_multiseed_20260914/test_coordinator.py
 create mode 100644 review/matched_fold2_multiseed_20260914/verify_publication.py
 create mode 100644 smart_building_conformal/configs/matched_forecasting005_fold2_multiseed_authorization_v1.json
 create mode 100644 smart_building_conformal/outputs/matched_forecasting005/fold2_multiseed_batch_v1/diagnosis_command_v1.log
 create mode 100644 smart_building_conformal/outputs/matched_forecasting005/fold2_multiseed_batch_v1/diagnosis_command_v1.log.json
 create mode 100644 smart_building_conformal/outputs/matched_forecasting005/fold2_multiseed_batch_v1/diagnosis_command_v1.log.started.json
 create mode 100644 smart_building_conformal/outputs/matched_forecasting005/fold2_multiseed_batch_v1/diagnosis_command_v2.log
 create mode 100644 smart_building_conformal/outputs/matched_forecasting005/fold2_multiseed_batch_v1/diagnosis_command_v2.log.json
 create mode 100644 smart_building_conformal/outputs/matched_forecasting005/fold2_multiseed_batch_v1/diagnosis_command_v2.log.started.json
 create mode 100644 smart_building_conformal/outputs/matched_forecasting005/fold2_multiseed_batch_v1/diagnosis_v1/rico_h5_persistence_saved_model_fit_predictions.csv.gz
 create mode 100644 smart_building_conformal/outputs/matched_forecasting005/fold2_multiseed_batch_v1/diagnosis_v2/COMPLETE.json
 create mode 100644 smart_building_conformal/outputs/matched_forecasting005/fold2_multiseed_batch_v1/diagnosis_v2/artifact_identity.csv
 create mode 100644 smart_building_conformal/outputs/matched_forecasting005/fold2_multiseed_batch_v1/diagnosis_v2/equal_group_bias_diagnostics.csv
 create mode 100644 smart_building_conformal/outputs/matched_forecasting005/fold2_multiseed_batch_v1/diagnosis_v2/frozen_radius_residual_shift.csv
 create mode 100644 smart_building_conformal/outputs/matched_forecasting005/fold2_multiseed_batch_v1/diagnosis_v2/input_manifest.csv
 create mode 100644 smart_building_conformal/outputs/matched_forecasting005/fold2_multiseed_batch_v1/diagnosis_v2/permitted_feature_ranges.csv
 create mode 100644 smart_building_conformal/outputs/matched_forecasting005/fold2_multiseed_batch_v1/diagnosis_v2/pleia_h1_attention_lstm_saved_model_fit_predictions.csv.gz
 create mode 100644 smart_building_conformal/outputs/matched_forecasting005/fold2_multiseed_batch_v1/diagnosis_v2/pleia_h1_persistence_saved_model_fit_predictions.csv.gz
 create mode 100644 smart_building_conformal/outputs/matched_forecasting005/fold2_multiseed_batch_v1/diagnosis_v2/pleia_h1_xgboost_saved_model_fit_predictions.csv.gz
 create mode 100644 smart_building_conformal/outputs/matched_forecasting005/fold2_multiseed_batch_v1/diagnosis_v2/pleia_h3_attention_lstm_saved_model_fit_predictions.csv.gz
 create mode 100644 smart_building_conformal/outputs/matched_forecasting005/fold2_multiseed_batch_v1/diagnosis_v2/pleia_h3_persistence_saved_model_fit_predictions.csv.gz
 create mode 100644 smart_building_conformal/outputs/matched_forecasting005/fold2_multiseed_batch_v1/diagnosis_v2/pleia_h3_xgboost_saved_model_fit_predictions.csv.gz
 create mode 100644 smart_building_conformal/outputs/matched_forecasting005/fold2_multiseed_batch_v1/diagnosis_v2/pleia_h6_attention_lstm_saved_model_fit_predictions.csv.gz
 create mode 100644 smart_building_conformal/outputs/matched_forecasting005/fold2_multiseed_batch_v1/diagnosis_v2/pleia_h6_persistence_saved_model_fit_predictions.csv.gz
 create mode 100644 smart_building_conformal/outputs/matched_forecasting005/fold2_multiseed_batch_v1/diagnosis_v2/pleia_h6_xgboost_saved_model_fit_predictions.csv.gz
 create mode 100644 smart_building_conformal/outputs/matched_forecasting005/fold2_multiseed_batch_v1/diagnosis_v2/point_bias_by_original_group.csv
 create mode 100644 smart_building_conformal/outputs/matched_forecasting005/fold2_multiseed_batch_v1/diagnosis_v2/point_bias_by_role.csv
 create mode 100644 smart_building_conformal/outputs/matched_forecasting005/fold2_multiseed_batch_v1/diagnosis_v2/preserved_tuning_choices.csv
 create mode 100644 smart_building_conformal/outputs/matched_forecasting005/fold2_multiseed_batch_v1/diagnosis_v2/rico_h15_attention_lstm_saved_model_fit_predictions.csv.gz
 create mode 100644 smart_building_conformal/outputs/matched_forecasting005/fold2_multiseed_batch_v1/diagnosis_v2/rico_h15_persistence_saved_model_fit_predictions.csv.gz
 create mode 100644 smart_building_conformal/outputs/matched_forecasting005/fold2_multiseed_batch_v1/diagnosis_v2/rico_h15_xgboost_saved_model_fit_predictions.csv.gz
 create mode 100644 smart_building_conformal/outputs/matched_forecasting005/fold2_multiseed_batch_v1/diagnosis_v2/rico_h30_attention_lstm_saved_model_fit_predictions.csv.gz
 create mode 100644 smart_building_conformal/outputs/matched_forecasting005/fold2_multiseed_batch_v1/diagnosis_v2/rico_h30_persistence_saved_model_fit_predictions.csv.gz
 create mode 100644 smart_building_conformal/outputs/matched_forecasting005/fold2_multiseed_batch_v1/diagnosis_v2/rico_h30_xgboost_saved_model_fit_predictions.csv.gz
 create mode 100644 smart_building_conformal/outputs/matched_forecasting005/fold2_multiseed_batch_v1/diagnosis_v2/rico_h5_attention_lstm_saved_model_fit_predictions.csv.gz
 create mode 100644 smart_building_conformal/outputs/matched_forecasting005/fold2_multiseed_batch_v1/diagnosis_v2/rico_h5_persistence_saved_model_fit_predictions.csv.gz
 create mode 100644 smart_building_conformal/outputs/matched_forecasting005/fold2_multiseed_batch_v1/diagnosis_v2/rico_h5_xgboost_saved_model_fit_predictions.csv.gz
 create mode 100644 smart_building_conformal/outputs/matched_forecasting005/fold2_multiseed_batch_v1/diagnosis_v2/rico_h60_attention_lstm_saved_model_fit_predictions.csv.gz
 create mode 100644 smart_building_conformal/outputs/matched_forecasting005/fold2_multiseed_batch_v1/diagnosis_v2/rico_h60_persistence_saved_model_fit_predictions.csv.gz
 create mode 100644 smart_building_conformal/outputs/matched_forecasting005/fold2_multiseed_batch_v1/diagnosis_v2/rico_h60_xgboost_saved_model_fit_predictions.csv.gz
 create mode 100644 smart_building_conformal/outputs/matched_forecasting005/fold2_multiseed_batch_v1/diagnosis_v2/rico_phase_bias.csv
 create mode 100644 smart_building_conformal/outputs/matched_forecasting005/fold2_multiseed_batch_v1/diagnosis_v2/role_target_ranges.csv
 create mode 100644 smart_building_conformal/outputs/matched_forecasting005/fold2_multiseed_batch_v1/diagnosis_v2/timeblock_group_coverage.csv
 create mode 100644 smart_building_conformal/outputs/matched_forecasting005/fold2_multiseed_batch_v1/diagnosis_v2/validation.json
 create mode 100644 smart_building_conformal/outputs/matched_forecasting005/fold2_multiseed_batch_v1/preflight/01_freeze.log
 create mode 100644 smart_building_conformal/outputs/matched_forecasting005/fold2_multiseed_batch_v1/preflight/01_freeze.log.json
 create mode 100644 smart_building_conformal/outputs/matched_forecasting005/fold2_multiseed_batch_v1/preflight/01_freeze.log.started.json
 create mode 100644 smart_building_conformal/outputs/matched_forecasting005/fold2_multiseed_batch_v1/preflight/01_readiness.log
 create mode 100644 smart_building_conformal/outputs/matched_forecasting005/fold2_multiseed_batch_v1/preflight/01_readiness.log.json
 create mode 100644 smart_building_conformal/outputs/matched_forecasting005/fold2_multiseed_batch_v1/preflight/01_readiness.log.started.json
 create mode 100644 smart_building_conformal/outputs/matched_forecasting005/fold2_multiseed_batch_v1/preflight/02_freeze.log
 create mode 100644 smart_building_conformal/outputs/matched_forecasting005/fold2_multiseed_batch_v1/preflight/02_freeze.log.json
 create mode 100644 smart_building_conformal/outputs/matched_forecasting005/fold2_multiseed_batch_v1/preflight/02_freeze.log.started.json
 create mode 100644 smart_building_conformal/outputs/matched_forecasting005/fold2_multiseed_batch_v1/preflight/02_readiness.log
 create mode 100644 smart_building_conformal/outputs/matched_forecasting005/fold2_multiseed_batch_v1/preflight/02_readiness.log.json
 create mode 100644 smart_building_conformal/outputs/matched_forecasting005/fold2_multiseed_batch_v1/preflight/02_readiness.log.started.json
 create mode 100644 smart_building_conformal/outputs/matched_forecasting005/fold2_multiseed_batch_v1/preflight/03_freeze.log
 create mode 100644 smart_building_conformal/outputs/matched_forecasting005/fold2_multiseed_batch_v1/preflight/03_freeze.log.json
 create mode 100644 smart_building_conformal/outputs/matched_forecasting005/fold2_multiseed_batch_v1/preflight/03_freeze.log.started.json
 create mode 100644 smart_building_conformal/outputs/matched_forecasting005/fold2_multiseed_batch_v1/preflight/03_readiness.log
 create mode 100644 smart_building_conformal/outputs/matched_forecasting005/fold2_multiseed_batch_v1/preflight/03_readiness.log.json
 create mode 100644 smart_building_conformal/outputs/matched_forecasting005/fold2_multiseed_batch_v1/preflight/03_readiness.log.started.json
 create mode 100644 smart_building_conformal/outputs/matched_forecasting005/fold2_multiseed_batch_v1/preflight/04_freeze.log
 create mode 100644 smart_building_conformal/outputs/matched_forecasting005/fold2_multiseed_batch_v1/preflight/04_freeze.log.json
 create mode 100644 smart_building_conformal/outputs/matched_forecasting005/fold2_multiseed_batch_v1/preflight/04_freeze.log.started.json
 create mode 100644 smart_building_conformal/outputs/matched_forecasting005/fold2_multiseed_batch_v1/preflight/04_readiness.log
 create mode 100644 smart_building_conformal/outputs/matched_forecasting005/fold2_multiseed_batch_v1/preflight/04_readiness.log.json
 create mode 100644 smart_building_conformal/outputs/matched_forecasting005/fold2_multiseed_batch_v1/preflight/04_readiness.log.started.json
 create mode 100644 smart_building_conformal/outputs/matched_forecasting005/fold2_multiseed_batch_v1/preflight/05_freeze.log
 create mode 100644 smart_building_conformal/outputs/matched_forecasting005/fold2_multiseed_batch_v1/preflight/05_freeze.log.json
 create mode 100644 smart_building_conformal/outputs/matched_forecasting005/fold2_multiseed_batch_v1/preflight/05_freeze.log.started.json
 create mode 100644 smart_building_conformal/outputs/matched_forecasting005/fold2_multiseed_batch_v1/preflight/05_readiness.log
 create mode 100644 smart_building_conformal/outputs/matched_forecasting005/fold2_multiseed_batch_v1/preflight/05_readiness.log.json
 create mode 100644 smart_building_conformal/outputs/matched_forecasting005/fold2_multiseed_batch_v1/preflight/05_readiness.log.started.json
 create mode 100644 smart_building_conformal/outputs/matched_forecasting005/fold2_multiseed_batch_v1/preflight/06_freeze.log
 create mode 100644 smart_building_conformal/outputs/matched_forecasting005/fold2_multiseed_batch_v1/preflight/06_freeze.log.json
 create mode 100644 smart_building_conformal/outputs/matched_forecasting005/fold2_multiseed_batch_v1/preflight/06_freeze.log.started.json
 create mode 100644 smart_building_conformal/outputs/matched_forecasting005/fold2_multiseed_batch_v1/preflight/06_readiness.log
 create mode 100644 smart_building_conformal/outputs/matched_forecasting005/fold2_multiseed_batch_v1/preflight/06_readiness.log.json
 create mode 100644 smart_building_conformal/outputs/matched_forecasting005/fold2_multiseed_batch_v1/preflight/06_readiness.log.started.json
 create mode 100644 smart_building_conformal/outputs/matched_forecasting005/fold2_multiseed_batch_v1/preflight/07_freeze.log
 create mode 100644 smart_building_conformal/outputs/matched_forecasting005/fold2_multiseed_batch_v1/preflight/07_freeze.log.json
 create mode 100644 smart_building_conformal/outputs/matched_forecasting005/fold2_multiseed_batch_v1/preflight/07_freeze.log.started.json
 create mode 100644 smart_building_conformal/outputs/matched_forecasting005/fold2_multiseed_batch_v1/preflight/07_readiness.log
 create mode 100644 smart_building_conformal/outputs/matched_forecasting005/fold2_multiseed_batch_v1/preflight/07_readiness.log.json
 create mode 100644 smart_building_conformal/outputs/matched_forecasting005/fold2_multiseed_batch_v1/preflight/07_readiness.log.started.json
 create mode 100644 smart_building_conformal/outputs/matched_forecasting005/fold2_multiseed_batch_v1/preflight/08_freeze.log
 create mode 100644 smart_building_conformal/outputs/matched_forecasting005/fold2_multiseed_batch_v1/preflight/08_freeze.log.json
 create mode 100644 smart_building_conformal/outputs/matched_forecasting005/fold2_multiseed_batch_v1/preflight/08_freeze.log.started.json
 create mode 100644 smart_building_conformal/outputs/matched_forecasting005/fold2_multiseed_batch_v1/preflight/08_readiness.log
 create mode 100644 smart_building_conformal/outputs/matched_forecasting005/fold2_multiseed_batch_v1/preflight/08_readiness.log.json
 create mode 100644 smart_building_conformal/outputs/matched_forecasting005/fold2_multiseed_batch_v1/preflight/08_readiness.log.started.json
 create mode 100644 smart_building_conformal/outputs/matched_forecasting005/fold2_multiseed_batch_v1/preflight/09_freeze.log
 create mode 100644 smart_building_conformal/outputs/matched_forecasting005/fold2_multiseed_batch_v1/preflight/09_freeze.log.json
 create mode 100644 smart_building_conformal/outputs/matched_forecasting005/fold2_multiseed_batch_v1/preflight/09_freeze.log.started.json
 create mode 100644 smart_building_conformal/outputs/matched_forecasting005/fold2_multiseed_batch_v1/preflight/09_readiness.log
 create mode 100644 smart_building_conformal/outputs/matched_forecasting005/fold2_multiseed_batch_v1/preflight/09_readiness.log.json
 create mode 100644 smart_building_conformal/outputs/matched_forecasting005/fold2_multiseed_batch_v1/preflight/09_readiness.log.started.json
 create mode 100644 smart_building_conformal/outputs/matched_forecasting005/fold2_multiseed_batch_v1/preflight/10_freeze.log
 create mode 100644 smart_building_conformal/outputs/matched_forecasting005/fold2_multiseed_batch_v1/preflight/10_freeze.log.json
 create mode 100644 smart_building_conformal/outputs/matched_forecasting005/fold2_multiseed_batch_v1/preflight/10_freeze.log.started.json
 create mode 100644 smart_building_conformal/outputs/matched_forecasting005/fold2_multiseed_batch_v1/preflight/10_readiness.log
 create mode 100644 smart_building_conformal/outputs/matched_forecasting005/fold2_multiseed_batch_v1/preflight/10_readiness.log.json
 create mode 100644 smart_building_conformal/outputs/matched_forecasting005/fold2_multiseed_batch_v1/preflight/10_readiness.log.started.json
 create mode 100644 smart_building_conformal/outputs/matched_forecasting005/fold2_multiseed_batch_v1/preflight/11_freeze.log
 create mode 100644 smart_building_conformal/outputs/matched_forecasting005/fold2_multiseed_batch_v1/preflight/11_freeze.log.json
 create mode 100644 smart_building_conformal/outputs/matched_forecasting005/fold2_multiseed_batch_v1/preflight/11_freeze.log.started.json
 create mode 100644 smart_building_conformal/outputs/matched_forecasting005/fold2_multiseed_batch_v1/preflight/11_readiness.log
 create mode 100644 smart_building_conformal/outputs/matched_forecasting005/fold2_multiseed_batch_v1/preflight/11_readiness.log.json
 create mode 100644 smart_building_conformal/outputs/matched_forecasting005/fold2_multiseed_batch_v1/preflight/11_readiness.log.started.json
 create mode 100644 smart_building_conformal/outputs/matched_forecasting005/fold2_multiseed_batch_v1/preflight/12_freeze.log
 create mode 100644 smart_building_conformal/outputs/matched_forecasting005/fold2_multiseed_batch_v1/preflight/12_freeze.log.json
 create mode 100644 smart_building_conformal/outputs/matched_forecasting005/fold2_multiseed_batch_v1/preflight/12_freeze.log.started.json
 create mode 100644 smart_building_conformal/outputs/matched_forecasting005/fold2_multiseed_batch_v1/preflight/12_readiness.log
 create mode 100644 smart_building_conformal/outputs/matched_forecasting005/fold2_multiseed_batch_v1/preflight/12_readiness.log.json
 create mode 100644 smart_building_conformal/outputs/matched_forecasting005/fold2_multiseed_batch_v1/preflight/12_readiness.log.started.json
 create mode 100644 smart_building_conformal/outputs/matched_forecasting005/fold2_multiseed_batch_v1/preflight/13_freeze.log
 create mode 100644 smart_building_conformal/outputs/matched_forecasting005/fold2_multiseed_batch_v1/preflight/13_freeze.log.json
 create mode 100644 smart_building_conformal/outputs/matched_forecasting005/fold2_multiseed_batch_v1/preflight/13_freeze.log.started.json
 create mode 100644 smart_building_conformal/outputs/matched_forecasting005/fold2_multiseed_batch_v1/preflight/13_readiness.log
 create mode 100644 smart_building_conformal/outputs/matched_forecasting005/fold2_multiseed_batch_v1/preflight/13_readiness.log.json
 create mode 100644 smart_building_conformal/outputs/matched_forecasting005/fold2_multiseed_batch_v1/preflight/13_readiness.log.started.json
 create mode 100644 smart_building_conformal/outputs/matched_forecasting005/fold2_multiseed_batch_v1/preflight/14_freeze.log
 create mode 100644 smart_building_conformal/outputs/matched_forecasting005/fold2_multiseed_batch_v1/preflight/14_freeze.log.json
 create mode 100644 smart_building_conformal/outputs/matched_forecasting005/fold2_multiseed_batch_v1/preflight/14_freeze.log.started.json
 create mode 100644 smart_building_conformal/outputs/matched_forecasting005/fold2_multiseed_batch_v1/preflight/14_readiness.log
 create mode 100644 smart_building_conformal/outputs/matched_forecasting005/fold2_multiseed_batch_v1/preflight/14_readiness.log.json
 create mode 100644 smart_building_conformal/outputs/matched_forecasting005/fold2_multiseed_batch_v1/preflight/14_readiness.log.started.json
 create mode 100644 smart_building_conformal/outputs/matched_forecasting005/fold2_multiseed_batch_v1/preflight/15_freeze.log
 create mode 100644 smart_building_conformal/outputs/matched_forecasting005/fold2_multiseed_batch_v1/preflight/15_freeze.log.json
 create mode 100644 smart_building_conformal/outputs/matched_forecasting005/fold2_multiseed_batch_v1/preflight/15_freeze.log.started.json
 create mode 100644 smart_building_conformal/outputs/matched_forecasting005/fold2_multiseed_batch_v1/preflight/15_readiness.log
 create mode 100644 smart_building_conformal/outputs/matched_forecasting005/fold2_multiseed_batch_v1/preflight/15_readiness.log.json
 create mode 100644 smart_building_conformal/outputs/matched_forecasting005/fold2_multiseed_batch_v1/preflight/15_readiness.log.started.json
 create mode 100644 smart_building_conformal/outputs/matched_forecasting005/fold2_multiseed_batch_v1/preflight/16_freeze.log
 create mode 100644 smart_building_conformal/outputs/matched_forecasting005/fold2_multiseed_batch_v1/preflight/16_freeze.log.json
 create mode 100644 smart_building_conformal/outputs/matched_forecasting005/fold2_multiseed_batch_v1/preflight/16_freeze.log.started.json
 create mode 100644 smart_building_conformal/outputs/matched_forecasting005/fold2_multiseed_batch_v1/preflight/16_readiness.log
 create mode 100644 smart_building_conformal/outputs/matched_forecasting005/fold2_multiseed_batch_v1/preflight/16_readiness.log.json
 create mode 100644 smart_building_conformal/outputs/matched_forecasting005/fold2_multiseed_batch_v1/preflight/16_readiness.log.started.json
 create mode 100644 smart_building_conformal/outputs/matched_forecasting005/fold2_multiseed_batch_v1/preflight/17_freeze.log
 create mode 100644 smart_building_conformal/outputs/matched_forecasting005/fold2_multiseed_batch_v1/preflight/17_freeze.log.json
 create mode 100644 smart_building_conformal/outputs/matched_forecasting005/fold2_multiseed_batch_v1/preflight/17_freeze.log.started.json
 create mode 100644 smart_building_conformal/outputs/matched_forecasting005/fold2_multiseed_batch_v1/preflight/17_readiness.log
 create mode 100644 smart_building_conformal/outputs/matched_forecasting005/fold2_multiseed_batch_v1/preflight/17_readiness.log.json
 create mode 100644 smart_building_conformal/outputs/matched_forecasting005/fold2_multiseed_batch_v1/preflight/17_readiness.log.started.json
 create mode 100644 smart_building_conformal/outputs/matched_forecasting005/fold2_multiseed_batch_v1/preflight/18_freeze.log
 create mode 100644 smart_building_conformal/outputs/matched_forecasting005/fold2_multiseed_batch_v1/preflight/18_freeze.log.json
 create mode 100644 smart_building_conformal/outputs/matched_forecasting005/fold2_multiseed_batch_v1/preflight/18_freeze.log.started.json
 create mode 100644 smart_building_conformal/outputs/matched_forecasting005/fold2_multiseed_batch_v1/preflight/18_readiness.log
 create mode 100644 smart_building_conformal/outputs/matched_forecasting005/fold2_multiseed_batch_v1/preflight/18_readiness.log.json
 create mode 100644 smart_building_conformal/outputs/matched_forecasting005/fold2_multiseed_batch_v1/preflight/18_readiness.log.started.json
 create mode 100644 smart_building_conformal/outputs/matched_forecasting005/fold2_multiseed_batch_v1/preflight/19_freeze.log
 create mode 100644 smart_building_conformal/outputs/matched_forecasting005/fold2_multiseed_batch_v1/preflight/19_freeze.log.json
 create mode 100644 smart_building_conformal/outputs/matched_forecasting005/fold2_multiseed_batch_v1/preflight/19_freeze.log.started.json
 create mode 100644 smart_building_conformal/outputs/matched_forecasting005/fold2_multiseed_batch_v1/preflight/19_readiness.log
 create mode 100644 smart_building_conformal/outputs/matched_forecasting005/fold2_multiseed_batch_v1/preflight/19_readiness.log.json
 create mode 100644 smart_building_conformal/outputs/matched_forecasting005/fold2_multiseed_batch_v1/preflight/19_readiness.log.started.json
 create mode 100644 smart_building_conformal/outputs/matched_forecasting005/fold2_multiseed_batch_v1/preflight/20_freeze.log
 create mode 100644 smart_building_conformal/outputs/matched_forecasting005/fold2_multiseed_batch_v1/preflight/20_freeze.log.json
 create mode 100644 smart_building_conformal/outputs/matched_forecasting005/fold2_multiseed_batch_v1/preflight/20_freeze.log.started.json
 create mode 100644 smart_building_conformal/outputs/matched_forecasting005/fold2_multiseed_batch_v1/preflight/20_readiness.log
 create mode 100644 smart_building_conformal/outputs/matched_forecasting005/fold2_multiseed_batch_v1/preflight/20_readiness.log.json
 create mode 100644 smart_building_conformal/outputs/matched_forecasting005/fold2_multiseed_batch_v1/preflight/20_readiness.log.started.json
 create mode 100644 smart_building_conformal/outputs/matched_forecasting005/fold2_multiseed_batch_v1/preflight/21_freeze.log
 create mode 100644 smart_building_conformal/outputs/matched_forecasting005/fold2_multiseed_batch_v1/preflight/21_freeze.log.json
 create mode 100644 smart_building_conformal/outputs/matched_forecasting005/fold2_multiseed_batch_v1/preflight/21_freeze.log.started.json
 create mode 100644 smart_building_conformal/outputs/matched_forecasting005/fold2_multiseed_batch_v1/preflight/21_readiness.log
 create mode 100644 smart_building_conformal/outputs/matched_forecasting005/fold2_multiseed_batch_v1/preflight/21_readiness.log.json
 create mode 100644 smart_building_conformal/outputs/matched_forecasting005/fold2_multiseed_batch_v1/preflight/21_readiness.log.started.json
 create mode 100644 smart_building_conformal/outputs/matched_forecasting005/fold2_multiseed_batch_v1/preflight/22_freeze.log
 create mode 100644 smart_building_conformal/outputs/matched_forecasting005/fold2_multiseed_batch_v1/preflight/22_freeze.log.json
 create mode 100644 smart_building_conformal/outputs/matched_forecasting005/fold2_multiseed_batch_v1/preflight/22_freeze.log.started.json
 create mode 100644 smart_building_conformal/outputs/matched_forecasting005/fold2_multiseed_batch_v1/preflight/22_readiness.log
 create mode 100644 smart_building_conformal/outputs/matched_forecasting005/fold2_multiseed_batch_v1/preflight/22_readiness.log.json
 create mode 100644 smart_building_conformal/outputs/matched_forecasting005/fold2_multiseed_batch_v1/preflight/22_readiness.log.started.json
 create mode 100644 smart_building_conformal/outputs/matched_forecasting005/fold2_multiseed_batch_v1/preflight/23_freeze.log
 create mode 100644 smart_building_conformal/outputs/matched_forecasting005/fold2_multiseed_batch_v1/preflight/23_freeze.log.json
 create mode 100644 smart_building_conformal/outputs/matched_forecasting005/fold2_multiseed_batch_v1/preflight/23_freeze.log.started.json
 create mode 100644 smart_building_conformal/outputs/matched_forecasting005/fold2_multiseed_batch_v1/preflight/23_readiness.log
 create mode 100644 smart_building_conformal/outputs/matched_forecasting005/fold2_multiseed_batch_v1/preflight/23_readiness.log.json
 create mode 100644 smart_building_conformal/outputs/matched_forecasting005/fold2_multiseed_batch_v1/preflight/23_readiness.log.started.json
 create mode 100644 smart_building_conformal/outputs/matched_forecasting005/fold2_multiseed_batch_v1/preflight/24_freeze.log
 create mode 100644 smart_building_conformal/outputs/matched_forecasting005/fold2_multiseed_batch_v1/preflight/24_freeze.log.json
 create mode 100644 smart_building_conformal/outputs/matched_forecasting005/fold2_multiseed_batch_v1/preflight/24_freeze.log.started.json
 create mode 100644 smart_building_conformal/outputs/matched_forecasting005/fold2_multiseed_batch_v1/preflight/24_readiness.log
 create mode 100644 smart_building_conformal/outputs/matched_forecasting005/fold2_multiseed_batch_v1/preflight/24_readiness.log.json
 create mode 100644 smart_building_conformal/outputs/matched_forecasting005/fold2_multiseed_batch_v1/preflight/24_readiness.log.started.json
 create mode 100644 smart_building_conformal/outputs/matched_forecasting005/fold2_multiseed_batch_v1/preflight/25_freeze.log
 create mode 100644 smart_building_conformal/outputs/matched_forecasting005/fold2_multiseed_batch_v1/preflight/25_freeze.log.json
 create mode 100644 smart_building_conformal/outputs/matched_forecasting005/fold2_multiseed_batch_v1/preflight/25_freeze.log.started.json
 create mode 100644 smart_building_conformal/outputs/matched_forecasting005/fold2_multiseed_batch_v1/preflight/25_readiness.log
 create mode 100644 smart_building_conformal/outputs/matched_forecasting005/fold2_multiseed_batch_v1/preflight/25_readiness.log.json
 create mode 100644 smart_building_conformal/outputs/matched_forecasting005/fold2_multiseed_batch_v1/preflight/25_readiness.log.started.json
 create mode 100644 smart_building_conformal/outputs/matched_forecasting005/fold2_multiseed_batch_v1/preflight/26_freeze.log
 create mode 100644 smart_building_conformal/outputs/matched_forecasting005/fold2_multiseed_batch_v1/preflight/26_freeze.log.json
 create mode 100644 smart_building_conformal/outputs/matched_forecasting005/fold2_multiseed_batch_v1/preflight/26_freeze.log.started.json
 create mode 100644 smart_building_conformal/outputs/matched_forecasting005/fold2_multiseed_batch_v1/preflight/26_readiness.log
 create mode 100644 smart_building_conformal/outputs/matched_forecasting005/fold2_multiseed_batch_v1/preflight/26_readiness.log.json
 create mode 100644 smart_building_conformal/outputs/matched_forecasting005/fold2_multiseed_batch_v1/preflight/26_readiness.log.started.json
 create mode 100644 smart_building_conformal/outputs/matched_forecasting005/fold2_multiseed_batch_v1/preflight/27_freeze.log
 create mode 100644 smart_building_conformal/outputs/matched_forecasting005/fold2_multiseed_batch_v1/preflight/27_freeze.log.json
 create mode 100644 smart_building_conformal/outputs/matched_forecasting005/fold2_multiseed_batch_v1/preflight/27_freeze.log.started.json
 create mode 100644 smart_building_conformal/outputs/matched_forecasting005/fold2_multiseed_batch_v1/preflight/27_readiness.log
 create mode 100644 smart_building_conformal/outputs/matched_forecasting005/fold2_multiseed_batch_v1/preflight/27_readiness.log.json
 create mode 100644 smart_building_conformal/outputs/matched_forecasting005/fold2_multiseed_batch_v1/preflight/27_readiness.log.started.json
 create mode 100644 smart_building_conformal/outputs/matched_forecasting005/fold2_multiseed_batch_v1/preflight/28_freeze.log
 create mode 100644 smart_building_conformal/outputs/matched_forecasting005/fold2_multiseed_batch_v1/preflight/28_freeze.log.json
 create mode 100644 smart_building_conformal/outputs/matched_forecasting005/fold2_multiseed_batch_v1/preflight/28_freeze.log.started.json
 create mode 100644 smart_building_conformal/outputs/matched_forecasting005/fold2_multiseed_batch_v1/preflight/28_readiness.log
 create mode 100644 smart_building_conformal/outputs/matched_forecasting005/fold2_multiseed_batch_v1/preflight/28_readiness.log.json
 create mode 100644 smart_building_conformal/outputs/matched_forecasting005/fold2_multiseed_batch_v1/preflight/28_readiness.log.started.json
 create mode 100644 smart_building_conformal/outputs/matched_forecasting005/fold2_multiseed_batch_v1/preflight/29_freeze.log
 create mode 100644 smart_building_conformal/outputs/matched_forecasting005/fold2_multiseed_batch_v1/preflight/29_freeze.log.json
 create mode 100644 smart_building_conformal/outputs/matched_forecasting005/fold2_multiseed_batch_v1/preflight/29_freeze.log.started.json
 create mode 100644 smart_building_conformal/outputs/matched_forecasting005/fold2_multiseed_batch_v1/preflight/29_readiness.log
 create mode 100644 smart_building_conformal/outputs/matched_forecasting005/fold2_multiseed_batch_v1/preflight/29_readiness.log.json
 create mode 100644 smart_building_conformal/outputs/matched_forecasting005/fold2_multiseed_batch_v1/preflight/29_readiness.log.started.json
 create mode 100644 smart_building_conformal/outputs/matched_forecasting005/fold2_multiseed_batch_v1/preflight/30_freeze.log
 create mode 100644 smart_building_conformal/outputs/matched_forecasting005/fold2_multiseed_batch_v1/preflight/30_freeze.log.json
 create mode 100644 smart_building_conformal/outputs/matched_forecasting005/fold2_multiseed_batch_v1/preflight/30_freeze.log.started.json
 create mode 100644 smart_building_conformal/outputs/matched_forecasting005/fold2_multiseed_batch_v1/preflight/30_readiness.log
 create mode 100644 smart_building_conformal/outputs/matched_forecasting005/fold2_multiseed_batch_v1/preflight/30_readiness.log.json
 create mode 100644 smart_building_conformal/outputs/matched_forecasting005/fold2_multiseed_batch_v1/preflight/30_readiness.log.started.json
 create mode 100644 smart_building_conformal/outputs/matched_forecasting005/fold2_multiseed_batch_v1/preflight/31_freeze.log
 create mode 100644 smart_building_conformal/outputs/matched_forecasting005/fold2_multiseed_batch_v1/preflight/31_freeze.log.json
 create mode 100644 smart_building_conformal/outputs/matched_forecasting005/fold2_multiseed_batch_v1/preflight/31_freeze.log.started.json
 create mode 100644 smart_building_conformal/outputs/matched_forecasting005/fold2_multiseed_batch_v1/preflight/31_readiness.log
 create mode 100644 smart_building_conformal/outputs/matched_forecasting005/fold2_multiseed_batch_v1/preflight/31_readiness.log.json
 create mode 100644 smart_building_conformal/outputs/matched_forecasting005/fold2_multiseed_batch_v1/preflight/31_readiness.log.started.json
 create mode 100644 smart_building_conformal/outputs/matched_forecasting005/fold2_multiseed_batch_v1/preflight/32_freeze.log
 create mode 100644 smart_building_conformal/outputs/matched_forecasting005/fold2_multiseed_batch_v1/preflight/32_freeze.log.json
 create mode 100644 smart_building_conformal/outputs/matched_forecasting005/fold2_multiseed_batch_v1/preflight/32_freeze.log.started.json
 create mode 100644 smart_building_conformal/outputs/matched_forecasting005/fold2_multiseed_batch_v1/preflight/32_readiness.log
 create mode 100644 smart_building_conformal/outputs/matched_forecasting005/fold2_multiseed_batch_v1/preflight/32_readiness.log.json
 create mode 100644 smart_building_conformal/outputs/matched_forecasting005/fold2_multiseed_batch_v1/preflight/32_readiness.log.started.json
 create mode 100644 smart_building_conformal/outputs/matched_forecasting005/fold2_multiseed_batch_v1/preflight/33_freeze.log
 create mode 100644 smart_building_conformal/outputs/matched_forecasting005/fold2_multiseed_batch_v1/preflight/33_freeze.log.json
 create mode 100644 smart_building_conformal/outputs/matched_forecasting005/fold2_multiseed_batch_v1/preflight/33_freeze.log.started.json
 create mode 100644 smart_building_conformal/outputs/matched_forecasting005/fold2_multiseed_batch_v1/preflight/33_readiness.log
 create mode 100644 smart_building_conformal/outputs/matched_forecasting005/fold2_multiseed_batch_v1/preflight/33_readiness.log.json
 create mode 100644 smart_building_conformal/outputs/matched_forecasting005/fold2_multiseed_batch_v1/preflight/33_readiness.log.started.json
 create mode 100644 smart_building_conformal/outputs/matched_forecasting005/fold2_multiseed_batch_v1/preflight/34_freeze.log
 create mode 100644 smart_building_conformal/outputs/matched_forecasting005/fold2_multiseed_batch_v1/preflight/34_freeze.log.json
 create mode 100644 smart_building_conformal/outputs/matched_forecasting005/fold2_multiseed_batch_v1/preflight/34_freeze.log.started.json
 create mode 100644 smart_building_conformal/outputs/matched_forecasting005/fold2_multiseed_batch_v1/preflight/34_readiness.log
 create mode 100644 smart_building_conformal/outputs/matched_forecasting005/fold2_multiseed_batch_v1/preflight/34_readiness.log.json
 create mode 100644 smart_building_conformal/outputs/matched_forecasting005/fold2_multiseed_batch_v1/preflight/34_readiness.log.started.json
 create mode 100644 smart_building_conformal/outputs/matched_forecasting005/fold2_multiseed_batch_v1/preflight/35_freeze.log
 create mode 100644 smart_building_conformal/outputs/matched_forecasting005/fold2_multiseed_batch_v1/preflight/35_freeze.log.json
 create mode 100644 smart_building_conformal/outputs/matched_forecasting005/fold2_multiseed_batch_v1/preflight/35_freeze.log.started.json
 create mode 100644 smart_building_conformal/outputs/matched_forecasting005/fold2_multiseed_batch_v1/preflight/35_readiness.log
 create mode 100644 smart_building_conformal/outputs/matched_forecasting005/fold2_multiseed_batch_v1/preflight/35_readiness.log.json
 create mode 100644 smart_building_conformal/outputs/matched_forecasting005/fold2_multiseed_batch_v1/preflight/35_readiness.log.started.json
 create mode 100644 smart_building_conformal/outputs/matched_forecasting005/fold2_multiseed_batch_v1/preflight/36_freeze.log
 create mode 100644 smart_building_conformal/outputs/matched_forecasting005/fold2_multiseed_batch_v1/preflight/36_freeze.log.json
 create mode 100644 smart_building_conformal/outputs/matched_forecasting005/fold2_multiseed_batch_v1/preflight/36_freeze.log.started.json
 create mode 100644 smart_building_conformal/outputs/matched_forecasting005/fold2_multiseed_batch_v1/preflight/36_readiness.log
 create mode 100644 smart_building_conformal/outputs/matched_forecasting005/fold2_multiseed_batch_v1/preflight/36_readiness.log.json
 create mode 100644 smart_building_conformal/outputs/matched_forecasting005/fold2_multiseed_batch_v1/preflight/36_readiness.log.started.json
 create mode 100644 smart_building_conformal/outputs/matched_forecasting005/fold2_multiseed_batch_v1/preflight/37_freeze.log
 create mode 100644 smart_building_conformal/outputs/matched_forecasting005/fold2_multiseed_batch_v1/preflight/37_freeze.log.json
 create mode 100644 smart_building_conformal/outputs/matched_forecasting005/fold2_multiseed_batch_v1/preflight/37_freeze.log.started.json
 create mode 100644 smart_building_conformal/outputs/matched_forecasting005/fold2_multiseed_batch_v1/preflight/37_readiness.log
 create mode 100644 smart_building_conformal/outputs/matched_forecasting005/fold2_multiseed_batch_v1/preflight/37_readiness.log.json
 create mode 100644 smart_building_conformal/outputs/matched_forecasting005/fold2_multiseed_batch_v1/preflight/37_readiness.log.started.json
 create mode 100644 smart_building_conformal/outputs/matched_forecasting005/fold2_multiseed_batch_v1/preflight/38_freeze.log
 create mode 100644 smart_building_conformal/outputs/matched_forecasting005/fold2_multiseed_batch_v1/preflight/38_freeze.log.json
 create mode 100644 smart_building_conformal/outputs/matched_forecasting005/fold2_multiseed_batch_v1/preflight/38_freeze.log.started.json
 create mode 100644 smart_building_conformal/outputs/matched_forecasting005/fold2_multiseed_batch_v1/preflight/38_readiness.log
 create mode 100644 smart_building_conformal/outputs/matched_forecasting005/fold2_multiseed_batch_v1/preflight/38_readiness.log.json
 create mode 100644 smart_building_conformal/outputs/matched_forecasting005/fold2_multiseed_batch_v1/preflight/38_readiness.log.started.json
 create mode 100644 smart_building_conformal/outputs/matched_forecasting005/fold2_multiseed_batch_v1/preflight/39_freeze.log
 create mode 100644 smart_building_conformal/outputs/matched_forecasting005/fold2_multiseed_batch_v1/preflight/39_freeze.log.json
 create mode 100644 smart_building_conformal/outputs/matched_forecasting005/fold2_multiseed_batch_v1/preflight/39_freeze.log.started.json
 create mode 100644 smart_building_conformal/outputs/matched_forecasting005/fold2_multiseed_batch_v1/preflight/39_readiness.log
 create mode 100644 smart_building_conformal/outputs/matched_forecasting005/fold2_multiseed_batch_v1/preflight/39_readiness.log.json
 create mode 100644 smart_building_conformal/outputs/matched_forecasting005/fold2_multiseed_batch_v1/preflight/39_readiness.log.started.json
 create mode 100644 smart_building_conformal/outputs/matched_forecasting005/fold2_multiseed_batch_v1/preflight/40_freeze.log
 create mode 100644 smart_building_conformal/outputs/matched_forecasting005/fold2_multiseed_batch_v1/preflight/40_freeze.log.json
 create mode 100644 smart_building_conformal/outputs/matched_forecasting005/fold2_multiseed_batch_v1/preflight/40_freeze.log.started.json
 create mode 100644 smart_building_conformal/outputs/matched_forecasting005/fold2_multiseed_batch_v1/preflight/40_readiness.log
 create mode 100644 smart_building_conformal/outputs/matched_forecasting005/fold2_multiseed_batch_v1/preflight/40_readiness.log.json
 create mode 100644 smart_building_conformal/outputs/matched_forecasting005/fold2_multiseed_batch_v1/preflight/40_readiness.log.started.json
 create mode 100644 smart_building_conformal/outputs/matched_forecasting005/fold2_multiseed_batch_v1/preflight/41_freeze.log
 create mode 100644 smart_building_conformal/outputs/matched_forecasting005/fold2_multiseed_batch_v1/preflight/41_freeze.log.json
 create mode 100644 smart_building_conformal/outputs/matched_forecasting005/fold2_multiseed_batch_v1/preflight/41_freeze.log.started.json
 create mode 100644 smart_building_conformal/outputs/matched_forecasting005/fold2_multiseed_batch_v1/preflight/41_readiness.log
 create mode 100644 smart_building_conformal/outputs/matched_forecasting005/fold2_multiseed_batch_v1/preflight/41_readiness.log.json
 create mode 100644 smart_building_conformal/outputs/matched_forecasting005/fold2_multiseed_batch_v1/preflight/41_readiness.log.started.json
 create mode 100644 smart_building_conformal/outputs/matched_forecasting005/fold2_multiseed_batch_v1/preflight/42_freeze.log
 create mode 100644 smart_building_conformal/outputs/matched_forecasting005/fold2_multiseed_batch_v1/preflight/42_freeze.log.json
 create mode 100644 smart_building_conformal/outputs/matched_forecasting005/fold2_multiseed_batch_v1/preflight/42_freeze.log.started.json
 create mode 100644 smart_building_conformal/outputs/matched_forecasting005/fold2_multiseed_batch_v1/preflight/42_readiness.log
 create mode 100644 smart_building_conformal/outputs/matched_forecasting005/fold2_multiseed_batch_v1/preflight/42_readiness.log.json
 create mode 100644 smart_building_conformal/outputs/matched_forecasting005/fold2_multiseed_batch_v1/preflight/42_readiness.log.started.json
 create mode 100644 smart_building_conformal/outputs/matched_forecasting005/fold2_multiseed_batch_v1/preflight/43_freeze.log
 create mode 100644 smart_building_conformal/outputs/matched_forecasting005/fold2_multiseed_batch_v1/preflight/43_freeze.log.json
 create mode 100644 smart_building_conformal/outputs/matched_forecasting005/fold2_multiseed_batch_v1/preflight/43_freeze.log.started.json
 create mode 100644 smart_building_conformal/outputs/matched_forecasting005/fold2_multiseed_batch_v1/preflight/43_readiness.log
 create mode 100644 smart_building_conformal/outputs/matched_forecasting005/fold2_multiseed_batch_v1/preflight/43_readiness.log.json
 create mode 100644 smart_building_conformal/outputs/matched_forecasting005/fold2_multiseed_batch_v1/preflight/43_readiness.log.started.json
 create mode 100644 smart_building_conformal/outputs/matched_forecasting005/fold2_multiseed_batch_v1/preflight/44_freeze.log
 create mode 100644 smart_building_conformal/outputs/matched_forecasting005/fold2_multiseed_batch_v1/preflight/44_freeze.log.json
 create mode 100644 smart_building_conformal/outputs/matched_forecasting005/fold2_multiseed_batch_v1/preflight/44_freeze.log.started.json
 create mode 100644 smart_building_conformal/outputs/matched_forecasting005/fold2_multiseed_batch_v1/preflight/44_readiness.log
 create mode 100644 smart_building_conformal/outputs/matched_forecasting005/fold2_multiseed_batch_v1/preflight/44_readiness.log.json
 create mode 100644 smart_building_conformal/outputs/matched_forecasting005/fold2_multiseed_batch_v1/preflight/44_readiness.log.started.json
 create mode 100644 smart_building_conformal/outputs/matched_forecasting005/fold2_multiseed_batch_v1/preflight/45_freeze.log
 create mode 100644 smart_building_conformal/outputs/matched_forecasting005/fold2_multiseed_batch_v1/preflight/45_freeze.log.json
 create mode 100644 smart_building_conformal/outputs/matched_forecasting005/fold2_multiseed_batch_v1/preflight/45_freeze.log.started.json
 create mode 100644 smart_building_conformal/outputs/matched_forecasting005/fold2_multiseed_batch_v1/preflight/45_readiness.log
 create mode 100644 smart_building_conformal/outputs/matched_forecasting005/fold2_multiseed_batch_v1/preflight/45_readiness.log.json
 create mode 100644 smart_building_conformal/outputs/matched_forecasting005/fold2_multiseed_batch_v1/preflight/45_readiness.log.started.json
 create mode 100644 smart_building_conformal/outputs/matched_forecasting005/fold2_multiseed_batch_v1/preflight/46_freeze.log
 create mode 100644 smart_building_conformal/outputs/matched_forecasting005/fold2_multiseed_batch_v1/preflight/46_freeze.log.json
 create mode 100644 smart_building_conformal/outputs/matched_forecasting005/fold2_multiseed_batch_v1/preflight/46_freeze.log.started.json
 create mode 100644 smart_building_conformal/outputs/matched_forecasting005/fold2_multiseed_batch_v1/preflight/46_readiness.log
 create mode 100644 smart_building_conformal/outputs/matched_forecasting005/fold2_multiseed_batch_v1/preflight/46_readiness.log.json
 create mode 100644 smart_building_conformal/outputs/matched_forecasting005/fold2_multiseed_batch_v1/preflight/46_readiness.log.started.json
 create mode 100644 smart_building_conformal/outputs/matched_forecasting005/fold2_multiseed_batch_v1/preflight/47_freeze.log
 create mode 100644 smart_building_conformal/outputs/matched_forecasting005/fold2_multiseed_batch_v1/preflight/47_freeze.log.json
 create mode 100644 smart_building_conformal/outputs/matched_forecasting005/fold2_multiseed_batch_v1/preflight/47_freeze.log.started.json
 create mode 100644 smart_building_conformal/outputs/matched_forecasting005/fold2_multiseed_batch_v1/preflight/47_readiness.log
 create mode 100644 smart_building_conformal/outputs/matched_forecasting005/fold2_multiseed_batch_v1/preflight/47_readiness.log.json
 create mode 100644 smart_building_conformal/outputs/matched_forecasting005/fold2_multiseed_batch_v1/preflight/47_readiness.log.started.json
 create mode 100644 smart_building_conformal/outputs/matched_forecasting005/fold2_multiseed_batch_v1/preflight/48_freeze.log
 create mode 100644 smart_building_conformal/outputs/matched_forecasting005/fold2_multiseed_batch_v1/preflight/48_freeze.log.json
 create mode 100644 smart_building_conformal/outputs/matched_forecasting005/fold2_multiseed_batch_v1/preflight/48_freeze.log.started.json
 create mode 100644 smart_building_conformal/outputs/matched_forecasting005/fold2_multiseed_batch_v1/preflight/48_readiness.log
 create mode 100644 smart_building_conformal/outputs/matched_forecasting005/fold2_multiseed_batch_v1/preflight/48_readiness.log.json
 create mode 100644 smart_building_conformal/outputs/matched_forecasting005/fold2_multiseed_batch_v1/preflight/48_readiness.log.started.json
 create mode 100644 smart_building_conformal/outputs/matched_forecasting005/fold2_multiseed_batch_v1/preflight/49_freeze.log
 create mode 100644 smart_building_conformal/outputs/matched_forecasting005/fold2_multiseed_batch_v1/preflight/49_freeze.log.json
 create mode 100644 smart_building_conformal/outputs/matched_forecasting005/fold2_multiseed_batch_v1/preflight/49_freeze.log.started.json
 create mode 100644 smart_building_conformal/outputs/matched_forecasting005/fold2_multiseed_batch_v1/preflight/49_readiness.log
 create mode 100644 smart_building_conformal/outputs/matched_forecasting005/fold2_multiseed_batch_v1/preflight/49_readiness.log.json
 create mode 100644 smart_building_conformal/outputs/matched_forecasting005/fold2_multiseed_batch_v1/preflight/49_readiness.log.started.json
 create mode 100644 smart_building_conformal/outputs/matched_forecasting005/fold2_multiseed_batch_v1/preflight/50_freeze.log
 create mode 100644 smart_building_conformal/outputs/matched_forecasting005/fold2_multiseed_batch_v1/preflight/50_freeze.log.json
 create mode 100644 smart_building_conformal/outputs/matched_forecasting005/fold2_multiseed_batch_v1/preflight/50_freeze.log.started.json
 create mode 100644 smart_building_conformal/outputs/matched_forecasting005/fold2_multiseed_batch_v1/preflight/50_readiness.log
 create mode 100644 smart_building_conformal/outputs/matched_forecasting005/fold2_multiseed_batch_v1/preflight/50_readiness.log.json
 create mode 100644 smart_building_conformal/outputs/matched_forecasting005/fold2_multiseed_batch_v1/preflight/50_readiness.log.started.json
 create mode 100644 smart_building_conformal/outputs/matched_forecasting005/fold2_multiseed_batch_v1/preflight/51_freeze.log
 create mode 100644 smart_building_conformal/outputs/matched_forecasting005/fold2_multiseed_batch_v1/preflight/51_freeze.log.json
 create mode 100644 smart_building_conformal/outputs/matched_forecasting005/fold2_multiseed_batch_v1/preflight/51_freeze.log.started.json
 create mode 100644 smart_building_conformal/outputs/matched_forecasting005/fold2_multiseed_batch_v1/preflight/51_readiness.log
 create mode 100644 smart_building_conformal/outputs/matched_forecasting005/fold2_multiseed_batch_v1/preflight/51_readiness.log.json
 create mode 100644 smart_building_conformal/outputs/matched_forecasting005/fold2_multiseed_batch_v1/preflight/51_readiness.log.started.json
 create mode 100644 smart_building_conformal/outputs/matched_forecasting005/fold2_multiseed_batch_v1/preflight/52_freeze.log
 create mode 100644 smart_building_conformal/outputs/matched_forecasting005/fold2_multiseed_batch_v1/preflight/52_freeze.log.json
 create mode 100644 smart_building_conformal/outputs/matched_forecasting005/fold2_multiseed_batch_v1/preflight/52_freeze.log.started.json
 create mode 100644 smart_building_conformal/outputs/matched_forecasting005/fold2_multiseed_batch_v1/preflight/52_readiness.log
 create mode 100644 smart_building_conformal/outputs/matched_forecasting005/fold2_multiseed_batch_v1/preflight/52_readiness.log.json
 create mode 100644 smart_building_conformal/outputs/matched_forecasting005/fold2_multiseed_batch_v1/preflight/52_readiness.log.started.json
 create mode 100644 smart_building_conformal/outputs/matched_forecasting005/fold2_multiseed_batch_v1/preflight_progress.json
 create mode 100644 smart_building_conformal/outputs/matched_forecasting005/fold2_multiseed_batch_v1/prepare_command_v1.log
 create mode 100644 smart_building_conformal/outputs/matched_forecasting005/fold2_multiseed_batch_v1/prepare_command_v1.log.json
 create mode 100644 smart_building_conformal/outputs/matched_forecasting005/fold2_multiseed_batch_v1/prepare_command_v1.log.started.json
 create mode 100644 smart_building_conformal/outputs/matched_forecasting005/fold2_multiseed_batch_v1/progress.json
 create mode 100644 smart_building_conformal/outputs/matched_forecasting005/fold2_multiseed_batch_v1/readiness_map_v1/COMPLETE.json
 create mode 100644 smart_building_conformal/outputs/matched_forecasting005/fold2_multiseed_batch_v1/readiness_map_v1/entrypoints_and_owners.csv
 create mode 100644 smart_building_conformal/outputs/matched_forecasting005/fold2_multiseed_batch_v1/readiness_map_v1/validation.json
 create mode 100644 smart_building_conformal/outputs/matched_forecasting005/fold2_multiseed_batch_v1/regression_v1.log
 create mode 100644 smart_building_conformal/outputs/matched_forecasting005/fold2_multiseed_batch_v1/regression_v1.log.json
 create mode 100644 smart_building_conformal/outputs/matched_forecasting005/fold2_multiseed_batch_v1/regression_v1.log.started.json
 create mode 100644 smart_building_conformal/protocols/matched_forecasting005/bdg2_h1_f2_s43_v1/boundaries.csv
 create mode 100644 smart_building_conformal/protocols/matched_forecasting005/bdg2_h1_f2_s43_v1/frozen_protocol.json
 create mode 100644 smart_building_conformal/protocols/matched_forecasting005/bdg2_h1_f2_s43_v1/membership.csv.gz
 create mode 100644 smart_building_conformal/protocols/matched_forecasting005/bdg2_h1_f2_s43_v1/readiness.json
 create mode 100644 smart_building_conformal/protocols/matched_forecasting005/bdg2_h1_f2_s44_v1/boundaries.csv
 create mode 100644 smart_building_conformal/protocols/matched_forecasting005/bdg2_h1_f2_s44_v1/frozen_protocol.json
 create mode 100644 smart_building_conformal/protocols/matched_forecasting005/bdg2_h1_f2_s44_v1/membership.csv.gz
 create mode 100644 smart_building_conformal/protocols/matched_forecasting005/bdg2_h1_f2_s44_v1/readiness.json
 create mode 100644 smart_building_conformal/protocols/matched_forecasting005/bdg2_h1_f2_s45_v1/boundaries.csv
 create mode 100644 smart_building_conformal/protocols/matched_forecasting005/bdg2_h1_f2_s45_v1/frozen_protocol.json
 create mode 100644 smart_building_conformal/protocols/matched_forecasting005/bdg2_h1_f2_s45_v1/membership.csv.gz
 create mode 100644 smart_building_conformal/protocols/matched_forecasting005/bdg2_h1_f2_s45_v1/readiness.json
 create mode 100644 smart_building_conformal/protocols/matched_forecasting005/bdg2_h1_f2_s46_v1/boundaries.csv
 create mode 100644 smart_building_conformal/protocols/matched_forecasting005/bdg2_h1_f2_s46_v1/frozen_protocol.json
 create mode 100644 smart_building_conformal/protocols/matched_forecasting005/bdg2_h1_f2_s46_v1/membership.csv.gz
 create mode 100644 smart_building_conformal/protocols/matched_forecasting005/bdg2_h1_f2_s46_v1/readiness.json
 create mode 100644 smart_building_conformal/protocols/matched_forecasting005/bdg2_h3_f2_s43_v1/boundaries.csv
 create mode 100644 smart_building_conformal/protocols/matched_forecasting005/bdg2_h3_f2_s43_v1/frozen_protocol.json
 create mode 100644 smart_building_conformal/protocols/matched_forecasting005/bdg2_h3_f2_s43_v1/membership.csv.gz
 create mode 100644 smart_building_conformal/protocols/matched_forecasting005/bdg2_h3_f2_s43_v1/readiness.json
 create mode 100644 smart_building_conformal/protocols/matched_forecasting005/bdg2_h3_f2_s44_v1/boundaries.csv
 create mode 100644 smart_building_conformal/protocols/matched_forecasting005/bdg2_h3_f2_s44_v1/frozen_protocol.json
 create mode 100644 smart_building_conformal/protocols/matched_forecasting005/bdg2_h3_f2_s44_v1/membership.csv.gz
 create mode 100644 smart_building_conformal/protocols/matched_forecasting005/bdg2_h3_f2_s44_v1/readiness.json
 create mode 100644 smart_building_conformal/protocols/matched_forecasting005/bdg2_h3_f2_s45_v1/boundaries.csv
 create mode 100644 smart_building_conformal/protocols/matched_forecasting005/bdg2_h3_f2_s45_v1/frozen_protocol.json
 create mode 100644 smart_building_conformal/protocols/matched_forecasting005/bdg2_h3_f2_s45_v1/membership.csv.gz
 create mode 100644 smart_building_conformal/protocols/matched_forecasting005/bdg2_h3_f2_s45_v1/readiness.json
 create mode 100644 smart_building_conformal/protocols/matched_forecasting005/bdg2_h3_f2_s46_v1/boundaries.csv
 create mode 100644 smart_building_conformal/protocols/matched_forecasting005/bdg2_h3_f2_s46_v1/frozen_protocol.json
 create mode 100644 smart_building_conformal/protocols/matched_forecasting005/bdg2_h3_f2_s46_v1/membership.csv.gz
 create mode 100644 smart_building_conformal/protocols/matched_forecasting005/bdg2_h3_f2_s46_v1/readiness.json
 create mode 100644 smart_building_conformal/protocols/matched_forecasting005/bdg2_h6_f2_s43_v1/boundaries.csv
 create mode 100644 smart_building_conformal/protocols/matched_forecasting005/bdg2_h6_f2_s43_v1/frozen_protocol.json
 create mode 100644 smart_building_conformal/protocols/matched_forecasting005/bdg2_h6_f2_s43_v1/membership.csv.gz
 create mode 100644 smart_building_conformal/protocols/matched_forecasting005/bdg2_h6_f2_s43_v1/readiness.json
 create mode 100644 smart_building_conformal/protocols/matched_forecasting005/bdg2_h6_f2_s44_v1/boundaries.csv
 create mode 100644 smart_building_conformal/protocols/matched_forecasting005/bdg2_h6_f2_s44_v1/frozen_protocol.json
 create mode 100644 smart_building_conformal/protocols/matched_forecasting005/bdg2_h6_f2_s44_v1/membership.csv.gz
 create mode 100644 smart_building_conformal/protocols/matched_forecasting005/bdg2_h6_f2_s44_v1/readiness.json
 create mode 100644 smart_building_conformal/protocols/matched_forecasting005/bdg2_h6_f2_s45_v1/boundaries.csv
 create mode 100644 smart_building_conformal/protocols/matched_forecasting005/bdg2_h6_f2_s45_v1/frozen_protocol.json
 create mode 100644 smart_building_conformal/protocols/matched_forecasting005/bdg2_h6_f2_s45_v1/membership.csv.gz
 create mode 100644 smart_building_conformal/protocols/matched_forecasting005/bdg2_h6_f2_s45_v1/readiness.json
 create mode 100644 smart_building_conformal/protocols/matched_forecasting005/bdg2_h6_f2_s46_v1/boundaries.csv
 create mode 100644 smart_building_conformal/protocols/matched_forecasting005/bdg2_h6_f2_s46_v1/frozen_protocol.json
 create mode 100644 smart_building_conformal/protocols/matched_forecasting005/bdg2_h6_f2_s46_v1/membership.csv.gz
 create mode 100644 smart_building_conformal/protocols/matched_forecasting005/bdg2_h6_f2_s46_v1/readiness.json
 create mode 100644 smart_building_conformal/protocols/matched_forecasting005/pleia_energy_h1_f2_s43_v1/boundaries.csv
 create mode 100644 smart_building_conformal/protocols/matched_forecasting005/pleia_energy_h1_f2_s43_v1/frozen_protocol.json
 create mode 100644 smart_building_conformal/protocols/matched_forecasting005/pleia_energy_h1_f2_s43_v1/membership.csv.gz
 create mode 100644 smart_building_conformal/protocols/matched_forecasting005/pleia_energy_h1_f2_s43_v1/readiness.json
 create mode 100644 smart_building_conformal/protocols/matched_forecasting005/pleia_energy_h1_f2_s44_v1/boundaries.csv
 create mode 100644 smart_building_conformal/protocols/matched_forecasting005/pleia_energy_h1_f2_s44_v1/frozen_protocol.json
 create mode 100644 smart_building_conformal/protocols/matched_forecasting005/pleia_energy_h1_f2_s44_v1/membership.csv.gz
 create mode 100644 smart_building_conformal/protocols/matched_forecasting005/pleia_energy_h1_f2_s44_v1/readiness.json
 create mode 100644 smart_building_conformal/protocols/matched_forecasting005/pleia_energy_h1_f2_s45_v1/boundaries.csv
 create mode 100644 smart_building_conformal/protocols/matched_forecasting005/pleia_energy_h1_f2_s45_v1/frozen_protocol.json
 create mode 100644 smart_building_conformal/protocols/matched_forecasting005/pleia_energy_h1_f2_s45_v1/membership.csv.gz
 create mode 100644 smart_building_conformal/protocols/matched_forecasting005/pleia_energy_h1_f2_s45_v1/readiness.json
 create mode 100644 smart_building_conformal/protocols/matched_forecasting005/pleia_energy_h1_f2_s46_v1/boundaries.csv
 create mode 100644 smart_building_conformal/protocols/matched_forecasting005/pleia_energy_h1_f2_s46_v1/frozen_protocol.json
 create mode 100644 smart_building_conformal/protocols/matched_forecasting005/pleia_energy_h1_f2_s46_v1/membership.csv.gz
 create mode 100644 smart_building_conformal/protocols/matched_forecasting005/pleia_energy_h1_f2_s46_v1/readiness.json
 create mode 100644 smart_building_conformal/protocols/matched_forecasting005/pleia_energy_h3_f2_s43_v1/boundaries.csv
 create mode 100644 smart_building_conformal/protocols/matched_forecasting005/pleia_energy_h3_f2_s43_v1/frozen_protocol.json
 create mode 100644 smart_building_conformal/protocols/matched_forecasting005/pleia_energy_h3_f2_s43_v1/membership.csv.gz
 create mode 100644 smart_building_conformal/protocols/matched_forecasting005/pleia_energy_h3_f2_s43_v1/readiness.json
 create mode 100644 smart_building_conformal/protocols/matched_forecasting005/pleia_energy_h3_f2_s44_v1/boundaries.csv
 create mode 100644 smart_building_conformal/protocols/matched_forecasting005/pleia_energy_h3_f2_s44_v1/frozen_protocol.json
 create mode 100644 smart_building_conformal/protocols/matched_forecasting005/pleia_energy_h3_f2_s44_v1/membership.csv.gz
 create mode 100644 smart_building_conformal/protocols/matched_forecasting005/pleia_energy_h3_f2_s44_v1/readiness.json
 create mode 100644 smart_building_conformal/protocols/matched_forecasting005/pleia_energy_h3_f2_s45_v1/boundaries.csv
 create mode 100644 smart_building_conformal/protocols/matched_forecasting005/pleia_energy_h3_f2_s45_v1/frozen_protocol.json
 create mode 100644 smart_building_conformal/protocols/matched_forecasting005/pleia_energy_h3_f2_s45_v1/membership.csv.gz
 create mode 100644 smart_building_conformal/protocols/matched_forecasting005/pleia_energy_h3_f2_s45_v1/readiness.json
 create mode 100644 smart_building_conformal/protocols/matched_forecasting005/pleia_energy_h3_f2_s46_v1/boundaries.csv
 create mode 100644 smart_building_conformal/protocols/matched_forecasting005/pleia_energy_h3_f2_s46_v1/frozen_protocol.json
 create mode 100644 smart_building_conformal/protocols/matched_forecasting005/pleia_energy_h3_f2_s46_v1/membership.csv.gz
 create mode 100644 smart_building_conformal/protocols/matched_forecasting005/pleia_energy_h3_f2_s46_v1/readiness.json
 create mode 100644 smart_building_conformal/protocols/matched_forecasting005/pleia_energy_h6_f2_s43_v1/boundaries.csv
 create mode 100644 smart_building_conformal/protocols/matched_forecasting005/pleia_energy_h6_f2_s43_v1/frozen_protocol.json
 create mode 100644 smart_building_conformal/protocols/matched_forecasting005/pleia_energy_h6_f2_s43_v1/membership.csv.gz
 create mode 100644 smart_building_conformal/protocols/matched_forecasting005/pleia_energy_h6_f2_s43_v1/readiness.json
 create mode 100644 smart_building_conformal/protocols/matched_forecasting005/pleia_energy_h6_f2_s44_v1/boundaries.csv
 create mode 100644 smart_building_conformal/protocols/matched_forecasting005/pleia_energy_h6_f2_s44_v1/frozen_protocol.json
 create mode 100644 smart_building_conformal/protocols/matched_forecasting005/pleia_energy_h6_f2_s44_v1/membership.csv.gz
 create mode 100644 smart_building_conformal/protocols/matched_forecasting005/pleia_energy_h6_f2_s44_v1/readiness.json
 create mode 100644 smart_building_conformal/protocols/matched_forecasting005/pleia_energy_h6_f2_s45_v1/boundaries.csv
 create mode 100644 smart_building_conformal/protocols/matched_forecasting005/pleia_energy_h6_f2_s45_v1/frozen_protocol.json
 create mode 100644 smart_building_conformal/protocols/matched_forecasting005/pleia_energy_h6_f2_s45_v1/membership.csv.gz
 create mode 100644 smart_building_conformal/protocols/matched_forecasting005/pleia_energy_h6_f2_s45_v1/readiness.json
 create mode 100644 smart_building_conformal/protocols/matched_forecasting005/pleia_energy_h6_f2_s46_v1/boundaries.csv
 create mode 100644 smart_building_conformal/protocols/matched_forecasting005/pleia_energy_h6_f2_s46_v1/frozen_protocol.json
 create mode 100644 smart_building_conformal/protocols/matched_forecasting005/pleia_energy_h6_f2_s46_v1/membership.csv.gz
 create mode 100644 smart_building_conformal/protocols/matched_forecasting005/pleia_energy_h6_f2_s46_v1/readiness.json
 create mode 100644 smart_building_conformal/protocols/matched_forecasting005/pleia_h1_f2_s43_v1/boundaries.csv
 create mode 100644 smart_building_conformal/protocols/matched_forecasting005/pleia_h1_f2_s43_v1/frozen_protocol.json
 create mode 100644 smart_building_conformal/protocols/matched_forecasting005/pleia_h1_f2_s43_v1/membership.csv.gz
 create mode 100644 smart_building_conformal/protocols/matched_forecasting005/pleia_h1_f2_s43_v1/readiness.json
 create mode 100644 smart_building_conformal/protocols/matched_forecasting005/pleia_h1_f2_s44_v1/boundaries.csv
 create mode 100644 smart_building_conformal/protocols/matched_forecasting005/pleia_h1_f2_s44_v1/frozen_protocol.json
 create mode 100644 smart_building_conformal/protocols/matched_forecasting005/pleia_h1_f2_s44_v1/membership.csv.gz
 create mode 100644 smart_building_conformal/protocols/matched_forecasting005/pleia_h1_f2_s44_v1/readiness.json
 create mode 100644 smart_building_conformal/protocols/matched_forecasting005/pleia_h1_f2_s45_v1/boundaries.csv
 create mode 100644 smart_building_conformal/protocols/matched_forecasting005/pleia_h1_f2_s45_v1/frozen_protocol.json
 create mode 100644 smart_building_conformal/protocols/matched_forecasting005/pleia_h1_f2_s45_v1/membership.csv.gz
 create mode 100644 smart_building_conformal/protocols/matched_forecasting005/pleia_h1_f2_s45_v1/readiness.json
 create mode 100644 smart_building_conformal/protocols/matched_forecasting005/pleia_h1_f2_s46_v1/boundaries.csv
 create mode 100644 smart_building_conformal/protocols/matched_forecasting005/pleia_h1_f2_s46_v1/frozen_protocol.json
 create mode 100644 smart_building_conformal/protocols/matched_forecasting005/pleia_h1_f2_s46_v1/membership.csv.gz
 create mode 100644 smart_building_conformal/protocols/matched_forecasting005/pleia_h1_f2_s46_v1/readiness.json
 create mode 100644 smart_building_conformal/protocols/matched_forecasting005/pleia_h3_f2_s43_v1/boundaries.csv
 create mode 100644 smart_building_conformal/protocols/matched_forecasting005/pleia_h3_f2_s43_v1/frozen_protocol.json
 create mode 100644 smart_building_conformal/protocols/matched_forecasting005/pleia_h3_f2_s43_v1/membership.csv.gz
 create mode 100644 smart_building_conformal/protocols/matched_forecasting005/pleia_h3_f2_s43_v1/readiness.json
 create mode 100644 smart_building_conformal/protocols/matched_forecasting005/pleia_h3_f2_s44_v1/boundaries.csv
 create mode 100644 smart_building_conformal/protocols/matched_forecasting005/pleia_h3_f2_s44_v1/frozen_protocol.json
 create mode 100644 smart_building_conformal/protocols/matched_forecasting005/pleia_h3_f2_s44_v1/membership.csv.gz
 create mode 100644 smart_building_conformal/protocols/matched_forecasting005/pleia_h3_f2_s44_v1/readiness.json
 create mode 100644 smart_building_conformal/protocols/matched_forecasting005/pleia_h3_f2_s45_v1/boundaries.csv
 create mode 100644 smart_building_conformal/protocols/matched_forecasting005/pleia_h3_f2_s45_v1/frozen_protocol.json
 create mode 100644 smart_building_conformal/protocols/matched_forecasting005/pleia_h3_f2_s45_v1/membership.csv.gz
 create mode 100644 smart_building_conformal/protocols/matched_forecasting005/pleia_h3_f2_s45_v1/readiness.json
 create mode 100644 smart_building_conformal/protocols/matched_forecasting005/pleia_h3_f2_s46_v1/boundaries.csv
 create mode 100644 smart_building_conformal/protocols/matched_forecasting005/pleia_h3_f2_s46_v1/frozen_protocol.json
 create mode 100644 smart_building_conformal/protocols/matched_forecasting005/pleia_h3_f2_s46_v1/membership.csv.gz
 create mode 100644 smart_building_conformal/protocols/matched_forecasting005/pleia_h3_f2_s46_v1/readiness.json
 create mode 100644 smart_building_conformal/protocols/matched_forecasting005/pleia_h6_f2_s43_v1/boundaries.csv
 create mode 100644 smart_building_conformal/protocols/matched_forecasting005/pleia_h6_f2_s43_v1/frozen_protocol.json
 create mode 100644 smart_building_conformal/protocols/matched_forecasting005/pleia_h6_f2_s43_v1/membership.csv.gz
 create mode 100644 smart_building_conformal/protocols/matched_forecasting005/pleia_h6_f2_s43_v1/readiness.json
 create mode 100644 smart_building_conformal/protocols/matched_forecasting005/pleia_h6_f2_s44_v1/boundaries.csv
 create mode 100644 smart_building_conformal/protocols/matched_forecasting005/pleia_h6_f2_s44_v1/frozen_protocol.json
 create mode 100644 smart_building_conformal/protocols/matched_forecasting005/pleia_h6_f2_s44_v1/membership.csv.gz
 create mode 100644 smart_building_conformal/protocols/matched_forecasting005/pleia_h6_f2_s44_v1/readiness.json
 create mode 100644 smart_building_conformal/protocols/matched_forecasting005/pleia_h6_f2_s45_v1/boundaries.csv
 create mode 100644 smart_building_conformal/protocols/matched_forecasting005/pleia_h6_f2_s45_v1/frozen_protocol.json
 create mode 100644 smart_building_conformal/protocols/matched_forecasting005/pleia_h6_f2_s45_v1/membership.csv.gz
 create mode 100644 smart_building_conformal/protocols/matched_forecasting005/pleia_h6_f2_s45_v1/readiness.json
 create mode 100644 smart_building_conformal/protocols/matched_forecasting005/pleia_h6_f2_s46_v1/boundaries.csv
 create mode 100644 smart_building_conformal/protocols/matched_forecasting005/pleia_h6_f2_s46_v1/frozen_protocol.json
 create mode 100644 smart_building_conformal/protocols/matched_forecasting005/pleia_h6_f2_s46_v1/membership.csv.gz
 create mode 100644 smart_building_conformal/protocols/matched_forecasting005/pleia_h6_f2_s46_v1/readiness.json
 create mode 100644 smart_building_conformal/protocols/matched_forecasting005/rico_h15_f2_s43_v1/boundaries.csv
 create mode 100644 smart_building_conformal/protocols/matched_forecasting005/rico_h15_f2_s43_v1/frozen_protocol.json
 create mode 100644 smart_building_conformal/protocols/matched_forecasting005/rico_h15_f2_s43_v1/membership.csv.gz
 create mode 100644 smart_building_conformal/protocols/matched_forecasting005/rico_h15_f2_s43_v1/readiness.json
 create mode 100644 smart_building_conformal/protocols/matched_forecasting005/rico_h15_f2_s44_v1/boundaries.csv
 create mode 100644 smart_building_conformal/protocols/matched_forecasting005/rico_h15_f2_s44_v1/frozen_protocol.json
 create mode 100644 smart_building_conformal/protocols/matched_forecasting005/rico_h15_f2_s44_v1/membership.csv.gz
 create mode 100644 smart_building_conformal/protocols/matched_forecasting005/rico_h15_f2_s44_v1/readiness.json
 create mode 100644 smart_building_conformal/protocols/matched_forecasting005/rico_h15_f2_s45_v1/boundaries.csv
 create mode 100644 smart_building_conformal/protocols/matched_forecasting005/rico_h15_f2_s45_v1/frozen_protocol.json
 create mode 100644 smart_building_conformal/protocols/matched_forecasting005/rico_h15_f2_s45_v1/membership.csv.gz
 create mode 100644 smart_building_conformal/protocols/matched_forecasting005/rico_h15_f2_s45_v1/readiness.json
 create mode 100644 smart_building_conformal/protocols/matched_forecasting005/rico_h15_f2_s46_v1/boundaries.csv
 create mode 100644 smart_building_conformal/protocols/matched_forecasting005/rico_h15_f2_s46_v1/frozen_protocol.json
 create mode 100644 smart_building_conformal/protocols/matched_forecasting005/rico_h15_f2_s46_v1/membership.csv.gz
 create mode 100644 smart_building_conformal/protocols/matched_forecasting005/rico_h15_f2_s46_v1/readiness.json
 create mode 100644 smart_building_conformal/protocols/matched_forecasting005/rico_h30_f2_s43_v1/boundaries.csv
 create mode 100644 smart_building_conformal/protocols/matched_forecasting005/rico_h30_f2_s43_v1/frozen_protocol.json
 create mode 100644 smart_building_conformal/protocols/matched_forecasting005/rico_h30_f2_s43_v1/membership.csv.gz
 create mode 100644 smart_building_conformal/protocols/matched_forecasting005/rico_h30_f2_s43_v1/readiness.json
 create mode 100644 smart_building_conformal/protocols/matched_forecasting005/rico_h30_f2_s44_v1/boundaries.csv
 create mode 100644 smart_building_conformal/protocols/matched_forecasting005/rico_h30_f2_s44_v1/frozen_protocol.json
 create mode 100644 smart_building_conformal/protocols/matched_forecasting005/rico_h30_f2_s44_v1/membership.csv.gz
 create mode 100644 smart_building_conformal/protocols/matched_forecasting005/rico_h30_f2_s44_v1/readiness.json
 create mode 100644 smart_building_conformal/protocols/matched_forecasting005/rico_h30_f2_s45_v1/boundaries.csv
 create mode 100644 smart_building_conformal/protocols/matched_forecasting005/rico_h30_f2_s45_v1/frozen_protocol.json
 create mode 100644 smart_building_conformal/protocols/matched_forecasting005/rico_h30_f2_s45_v1/membership.csv.gz
 create mode 100644 smart_building_conformal/protocols/matched_forecasting005/rico_h30_f2_s45_v1/readiness.json
 create mode 100644 smart_building_conformal/protocols/matched_forecasting005/rico_h30_f2_s46_v1/boundaries.csv
 create mode 100644 smart_building_conformal/protocols/matched_forecasting005/rico_h30_f2_s46_v1/frozen_protocol.json
 create mode 100644 smart_building_conformal/protocols/matched_forecasting005/rico_h30_f2_s46_v1/membership.csv.gz
 create mode 100644 smart_building_conformal/protocols/matched_forecasting005/rico_h30_f2_s46_v1/readiness.json
 create mode 100644 smart_building_conformal/protocols/matched_forecasting005/rico_h5_f2_s43_v1/boundaries.csv
 create mode 100644 smart_building_conformal/protocols/matched_forecasting005/rico_h5_f2_s43_v1/frozen_protocol.json
 create mode 100644 smart_building_conformal/protocols/matched_forecasting005/rico_h5_f2_s43_v1/membership.csv.gz
 create mode 100644 smart_building_conformal/protocols/matched_forecasting005/rico_h5_f2_s43_v1/readiness.json
 create mode 100644 smart_building_conformal/protocols/matched_forecasting005/rico_h5_f2_s44_v1/boundaries.csv
 create mode 100644 smart_building_conformal/protocols/matched_forecasting005/rico_h5_f2_s44_v1/frozen_protocol.json
 create mode 100644 smart_building_conformal/protocols/matched_forecasting005/rico_h5_f2_s44_v1/membership.csv.gz
 create mode 100644 smart_building_conformal/protocols/matched_forecasting005/rico_h5_f2_s44_v1/readiness.json
 create mode 100644 smart_building_conformal/protocols/matched_forecasting005/rico_h5_f2_s45_v1/boundaries.csv
 create mode 100644 smart_building_conformal/protocols/matched_forecasting005/rico_h5_f2_s45_v1/frozen_protocol.json
 create mode 100644 smart_building_conformal/protocols/matched_forecasting005/rico_h5_f2_s45_v1/membership.csv.gz
 create mode 100644 smart_building_conformal/protocols/matched_forecasting005/rico_h5_f2_s45_v1/readiness.json
 create mode 100644 smart_building_conformal/protocols/matched_forecasting005/rico_h5_f2_s46_v1/boundaries.csv
 create mode 100644 smart_building_conformal/protocols/matched_forecasting005/rico_h5_f2_s46_v1/frozen_protocol.json
 create mode 100644 smart_building_conformal/protocols/matched_forecasting005/rico_h5_f2_s46_v1/membership.csv.gz
 create mode 100644 smart_building_conformal/protocols/matched_forecasting005/rico_h5_f2_s46_v1/readiness.json
 create mode 100644 smart_building_conformal/protocols/matched_forecasting005/rico_h60_f2_s43_v1/boundaries.csv
 create mode 100644 smart_building_conformal/protocols/matched_forecasting005/rico_h60_f2_s43_v1/frozen_protocol.json
 create mode 100644 smart_building_conformal/protocols/matched_forecasting005/rico_h60_f2_s43_v1/membership.csv.gz
 create mode 100644 smart_building_conformal/protocols/matched_forecasting005/rico_h60_f2_s43_v1/readiness.json
 create mode 100644 smart_building_conformal/protocols/matched_forecasting005/rico_h60_f2_s44_v1/boundaries.csv
 create mode 100644 smart_building_conformal/protocols/matched_forecasting005/rico_h60_f2_s44_v1/frozen_protocol.json
 create mode 100644 smart_building_conformal/protocols/matched_forecasting005/rico_h60_f2_s44_v1/membership.csv.gz
 create mode 100644 smart_building_conformal/protocols/matched_forecasting005/rico_h60_f2_s44_v1/readiness.json
 create mode 100644 smart_building_conformal/protocols/matched_forecasting005/rico_h60_f2_s45_v1/boundaries.csv
 create mode 100644 smart_building_conformal/protocols/matched_forecasting005/rico_h60_f2_s45_v1/frozen_protocol.json
 create mode 100644 smart_building_conformal/protocols/matched_forecasting005/rico_h60_f2_s45_v1/membership.csv.gz
 create mode 100644 smart_building_conformal/protocols/matched_forecasting005/rico_h60_f2_s45_v1/readiness.json
 create mode 100644 smart_building_conformal/protocols/matched_forecasting005/rico_h60_f2_s46_v1/boundaries.csv
 create mode 100644 smart_building_conformal/protocols/matched_forecasting005/rico_h60_f2_s46_v1/frozen_protocol.json
 create mode 100644 smart_building_conformal/protocols/matched_forecasting005/rico_h60_f2_s46_v1/membership.csv.gz
 create mode 100644 smart_building_conformal/protocols/matched_forecasting005/rico_h60_f2_s46_v1/readiness.json
The bundle contains this ref:
60882c2c405a0e62358c88ea0b8cff3fb52b2f2a refs/heads/review/matched-fold2-multiseed-20260914
The bundle requires this ref:
3df9cbd480ffbfeac640580829e88c274fba2083 
The bundle uses this hash algorithm: sha1
C:/Users/nigel/ConfoSenseBackups/matched_fold2_multiseed_20260914/prefit_60882c2.bundle is okay
{
  "label": "prefit",
  "utc": "2026-09-13T23:04:01.027380+00:00",
  "branch": "review/matched-fold2-multiseed-20260914",
  "commit": "60882c2c405a0e62358c88ea0b8cff3fb52b2f2a",
  "backup": "C:\\Users\\nigel\\ConfoSenseBackups\\matched_fold2_multiseed_20260914\\prefit_60882c2.bundle",
  "backup_sha256": "43be7a0d71ab2a29cb0defbf3f2146ee5a20b5d027f7d2d3818bcc0c1ef29a40",
  "local_science_preserved": true,
  "publication_status": "pending",
  "push_exit": 128,
  "push_output": "fatal: Cannot prompt because user interactivity has been disabled.\nfatal: could not read Username for 'https://github.com': terminal prompts disabled\n"
}
[review/matched-fold2-multiseed-20260914 c1a56e4] Publish matched fold-2 multiseed evidence: prefit_record
 3 files changed, 25 insertions(+), 2 deletions(-)
 create mode 100644 review/matched_fold2_multiseed_20260914/evaluated_commit.json
The bundle contains this ref:
c1a56e47254d306cf472fcdc21187aa1664664b9 refs/heads/review/matched-fold2-multiseed-20260914
The bundle requires this ref:
3df9cbd480ffbfeac640580829e88c274fba2083 
The bundle uses this hash algorithm: sha1
C:/Users/nigel/ConfoSenseBackups/matched_fold2_multiseed_20260914/prefit_record_c1a56e4.bundle is okay
{
  "label": "prefit_record",
  "utc": "2026-09-13T23:04:14.305550+00:00",
  "branch": "review/matched-fold2-multiseed-20260914",
  "commit": "c1a56e47254d306cf472fcdc21187aa1664664b9",
  "backup": "C:\\Users\\nigel\\ConfoSenseBackups\\matched_fold2_multiseed_20260914\\prefit_record_c1a56e4.bundle",
  "backup_sha256": "3fe570b5319caddcf8e86f7c1d95625124ce5de1ff3ec1f5e7aba79978fff407",
  "local_science_preserved": true,
  "publication_status": "pending",
  "push_exit": 128,
  "push_output": "fatal: Cannot prompt because user interactivity has been disabled.\nfatal: could not read Username for 'https://github.com': terminal prompts disabled\n"
}
Preflight, diagnosis, tests and evaluated commits complete. Starting the entire authorized batch.
VALIDATED 1/52 pleia_energy_h1_f2_s43_v1
VALIDATED 2/52 pleia_energy_h3_f2_s43_v1
VALIDATED 3/52 pleia_energy_h6_f2_s43_v1
VALIDATED 4/52 rico_h5_f2_s43_v1
VALIDATED 5/52 rico_h15_f2_s43_v1
VALIDATED 6/52 rico_h30_f2_s43_v1
VALIDATED 7/52 rico_h60_f2_s43_v1
VALIDATED 8/52 bdg2_h1_f2_s43_v1
VALIDATED 9/52 bdg2_h3_f2_s43_v1
VALIDATED 10/52 bdg2_h6_f2_s43_v1
VALIDATED 11/52 pleia_h1_f2_s43_v1
VALIDATED 12/52 pleia_h3_f2_s43_v1
VALIDATED 13/52 pleia_h6_f2_s43_v1
VALIDATED 14/52 pleia_energy_h1_f2_s44_v1
VALIDATED 15/52 pleia_energy_h3_f2_s44_v1
VALIDATED 16/52 pleia_energy_h6_f2_s44_v1
VALIDATED 17/52 rico_h5_f2_s44_v1
VALIDATED 18/52 rico_h15_f2_s44_v1
VALIDATED 19/52 rico_h30_f2_s44_v1
VALIDATED 20/52 rico_h60_f2_s44_v1
VALIDATED 21/52 bdg2_h1_f2_s44_v1
VALIDATED 22/52 bdg2_h3_f2_s44_v1
VALIDATED 23/52 bdg2_h6_f2_s44_v1
VALIDATED 24/52 pleia_h1_f2_s44_v1
VALIDATED 25/52 pleia_h3_f2_s44_v1
VALIDATED 26/52 pleia_h6_f2_s44_v1
VALIDATED 27/52 pleia_energy_h1_f2_s45_v1
VALIDATED 28/52 pleia_energy_h3_f2_s45_v1
VALIDATED 29/52 pleia_energy_h6_f2_s45_v1
VALIDATED 30/52 rico_h5_f2_s45_v1
VALIDATED 31/52 rico_h15_f2_s45_v1
VALIDATED 32/52 rico_h30_f2_s45_v1
VALIDATED 33/52 rico_h60_f2_s45_v1
VALIDATED 34/52 bdg2_h1_f2_s45_v1
VALIDATED 35/52 bdg2_h3_f2_s45_v1
VALIDATED 36/52 bdg2_h6_f2_s45_v1
VALIDATED 37/52 pleia_h1_f2_s45_v1
VALIDATED 38/52 pleia_h3_f2_s45_v1
VALIDATED 39/52 pleia_h6_f2_s45_v1
VALIDATED 40/52 pleia_energy_h1_f2_s46_v1
VALIDATED 41/52 pleia_energy_h3_f2_s46_v1
VALIDATED 42/52 pleia_energy_h6_f2_s46_v1
VALIDATED 43/52 rico_h5_f2_s46_v1
VALIDATED 44/52 rico_h15_f2_s46_v1
VALIDATED 45/52 rico_h30_f2_s46_v1
VALIDATED 46/52 rico_h60_f2_s46_v1
VALIDATED 47/52 bdg2_h1_f2_s46_v1
VALIDATED 48/52 bdg2_h3_f2_s46_v1
VALIDATED 49/52 bdg2_h6_f2_s46_v1
VALIDATED 50/52 pleia_h1_f2_s46_v1
VALIDATED 51/52 pleia_h3_f2_s46_v1
VALIDATED 52/52 pleia_h6_f2_s46_v1
ALL 52 UNITS AND FIVE-SEED REPORTS COMPLETE
{"command": ["C:/cfs_venv/Scripts/python.exe", "-B", "C:\\Users\\nigel\\OneDrive\\Desktop\\GitHub\\confosense\\review\\matched_fold2_multiseed_20260914\\coordinator.py"], "cwd": "C:\\Users\\nigel\\OneDrive\\Desktop\\GitHub\\confosense\\smart_building_conformal", "started_utc": "2026-09-13T23:04:15.414243+00:00", "logger_pid": 9044, "child_pid": 12840, "ended_utc": "2026-09-14T03:06:31.679032+00:00", "seconds": 14536.264073600003, "exit_status": 0}
AUTHORIZED 52-UNIT BATCH AND AUTOMATIC REPORTS FINISHED
