VALIDATED 1/52 pleia_energy_h1_f2_s43_v1
VALIDATED 2/52 pleia_energy_h3_f2_s43_v1
VALIDATED 3/52 pleia_energy_h6_f2_s43_v1
VALIDATED 4/52 rico_h5_f2_s43_v1
VALIDATED 5/52 rico_h15_f2_s43_v1
VALIDATED 6/52 rico_h30_f2_s43_v1
VALIDATED 7/52 rico_h60_f2_s43_v1
VALIDATED 8/52 bdg2_h1_f2_s43_v1
VALIDATED 9/52 bdg2_h3_f2_s43_v1
VALIDATED 10/52 bdg2_h6_f2_s43_v1
VALIDATED 11/52 pleia_h1_f2_s43_v1
VALIDATED 12/52 pleia_h3_f2_s43_v1
VALIDATED 13/52 pleia_h6_f2_s43_v1
VALIDATED 14/52 pleia_energy_h1_f2_s44_v1
VALIDATED 15/52 pleia_energy_h3_f2_s44_v1
VALIDATED 16/52 pleia_energy_h6_f2_s44_v1
VALIDATED 17/52 rico_h5_f2_s44_v1
VALIDATED 18/52 rico_h15_f2_s44_v1
VALIDATED 19/52 rico_h30_f2_s44_v1
VALIDATED 20/52 rico_h60_f2_s44_v1
VALIDATED 21/52 bdg2_h1_f2_s44_v1
VALIDATED 22/52 bdg2_h3_f2_s44_v1
VALIDATED 23/52 bdg2_h6_f2_s44_v1
VALIDATED 24/52 pleia_h1_f2_s44_v1
VALIDATED 25/52 pleia_h3_f2_s44_v1
VALIDATED 26/52 pleia_h6_f2_s44_v1
VALIDATED 27/52 pleia_energy_h1_f2_s45_v1
VALIDATED 28/52 pleia_energy_h3_f2_s45_v1
VALIDATED 29/52 pleia_energy_h6_f2_s45_v1
VALIDATED 30/52 rico_h5_f2_s45_v1
VALIDATED 31/52 rico_h15_f2_s45_v1
VALIDATED 32/52 rico_h30_f2_s45_v1
VALIDATED 33/52 rico_h60_f2_s45_v1
VALIDATED 34/52 bdg2_h1_f2_s45_v1
VALIDATED 35/52 bdg2_h3_f2_s45_v1
VALIDATED 36/52 bdg2_h6_f2_s45_v1
VALIDATED 37/52 pleia_h1_f2_s45_v1
VALIDATED 38/52 pleia_h3_f2_s45_v1
VALIDATED 39/52 pleia_h6_f2_s45_v1
VALIDATED 40/52 pleia_energy_h1_f2_s46_v1
VALIDATED 41/52 pleia_energy_h3_f2_s46_v1
VALIDATED 42/52 pleia_energy_h6_f2_s46_v1
VALIDATED 43/52 rico_h5_f2_s46_v1
VALIDATED 44/52 rico_h15_f2_s46_v1
VALIDATED 45/52 rico_h30_f2_s46_v1
VALIDATED 46/52 rico_h60_f2_s46_v1
VALIDATED 47/52 bdg2_h1_f2_s46_v1
VALIDATED 48/52 bdg2_h3_f2_s46_v1
VALIDATED 49/52 bdg2_h6_f2_s46_v1
VALIDATED 50/52 pleia_h1_f2_s46_v1
VALIDATED 51/52 pleia_h3_f2_s46_v1
VALIDATED 52/52 pleia_h6_f2_s46_v1
ALL 52 UNITS AND FIVE-SEED REPORTS COMPLETE
