{
  "passed": true,
  "utc": "2026-09-14T03:07:41.786672+00:00",
  "evaluated_commit": "60882c2c405a0e62358c88ea0b8cff3fb52b2f2a",
  "source_hash": "cd907183301a189ddfcc195774dad58c8fa07d5b326d2ac29cf3636383dc681e",
  "bootstrap_actual_exit": 0,
  "coordinator_actual_exit": 0,
  "new_run_actual_exits": [
    0,
    0,
    0,
    0,
    0,
    0,
    0,
    0,
    0,
    0,
    0,
    0,
    0,
    0,
    0,
    0,
    0,
    0,
    0,
    0,
    0,
    0,
    0,
    0,
    0,
    0,
    0,
    0,
    0,
    0,
    0,
    0,
    0,
    0,
    0,
    0,
    0,
    0,
    0,
    0,
    0,
    0,
    0,
    0,
    0,
    0,
    0,
    0,
    0,
    0,
    0,
    0
  ],
  "first_model_command_utc": "2026-09-13T23:04:17.358680+00:00",
  "coordinator_completed_utc": "2026-09-14T03:06:31.679032+00:00",
  "first_run_to_coordinator_completion_wall_seconds": 14534.320352,
  "new_learned_fits": 520,
  "regression_checks": 30,
  "tiny_learned_fits": 0,
  "failed_model_fits": 0,
  "repeated_model_fits": 0,
  "models_fitted_by_delivery": 0,
  "external_files_copied": 25,
  "atomic_rename_denials": 1
}
