The bundle contains this ref:
bd80dce7a39935e1b3aabfb4e0e2f24a4253b8a7 refs/heads/review/matched-fold2-multiseed-20260914
The bundle requires this ref:
3df9cbd480ffbfeac640580829e88c274fba2083 
The bundle uses this hash algorithm: sha1
C:/Users/nigel/ConfoSenseBackups/matched_fold2_multiseed_20260914/delivery_bd80dce.bundle is okay
{
  "passed": true,
  "utc": "2026-09-14T03:21:59.252025+00:00",
  "branch": "review/matched-fold2-multiseed-20260914",
  "commit": "bd80dce7a39935e1b3aabfb4e0e2f24a4253b8a7",
  "remote_tree_files": 4619,
  "raw_readbacks": 503,
  "main_unchanged": true,
  "prior_local_review_heads_unchanged": true,
  "entry_remote_head_unchanged": true,
  "clean_worktree": true,
  "backup": "C:\\Users\\nigel\\ConfoSenseBackups\\matched_fold2_multiseed_20260914\\delivery_bd80dce.bundle",
  "backup_sha256": "1eca8fabeac5c1a9492ab6ec536fe669a0611322b3d3a09f4e56ca88d8f34e8c",
  "entry_backup_preserved": "C:\\Users\\nigel\\ConfoSenseBackups\\matched_overnight_20260914\\delivery_verified_3df9cbd.bundle"
}
