{
  "passed": true,
  "models_fitted": 0,
  "point_cells": 3,
  "interval_cells": 6,
  "real_tuning_fits_verified": 8,
  "real_final_fits_verified": 2,
  "saved_model_prediction_checks": 6,
  "own_calibration_verified": true,
  "common_target_ids_verified": true,
  "training_only_normalization_verified": true,
  "candidate_and_epoch_selection_verified": true,
  "all_run_files_unchanged": true,
  "preparation_resources": {
    "seconds": 16.85272700000496,
    "baseline_rss_bytes": 325779456,
    "peak_rss_bytes": 1031516160,
    "baseline_private_bytes": 283525120,
    "peak_private_bytes": 999718912,
    "incremental_peak_rss_bytes": 705736704,
    "lifetime_peak_rss_bytes": 1034113024,
    "min_available_ram_bytes": 4004966400,
    "sample_interval_seconds": 0.05,
    "process_cpu_seconds": 16.6875
  },
  "total_validation_resources": {
    "seconds": 23.168528599999263,
    "baseline_rss_bytes": 323055616,
    "peak_rss_bytes": 1031647232,
    "baseline_private_bytes": 281776128,
    "peak_private_bytes": 999718912,
    "incremental_peak_rss_bytes": 708591616,
    "lifetime_peak_rss_bytes": 1034113024,
    "min_available_ram_bytes": 4004966400,
    "sample_interval_seconds": 0.05,
    "process_cpu_seconds": 22.796875
  },
  "source_hash": "cd907183301a189ddfcc195774dad58c8fa07d5b326d2ac29cf3636383dc681e",
  "protocol_hash": "077b77572186c5f9d9893e3c98265d76a061cc7ec7c7da76d384cccbee2ffa0f",
  "full_study_ready": false
}
{"command": ["C:/cfs_venv/Scripts/python.exe", "-B", "-m", "src.matched_forecasting005", "validate", "--matrix", "C:\\Users\\nigel\\OneDrive\\Desktop\\GitHub\\confosense\\smart_building_conformal\\outputs\\amendment005\\support_design_v1\\experiment_matrix.csv", "--dataset", "bdg2", "--horizon", "6", "--outer-fold", "2", "--model-seed", "43", "--design-dir", "C:\\Users\\nigel\\OneDrive\\Desktop\\GitHub\\confosense\\smart_building_conformal\\protocols\\matched_forecasting005\\bdg2_h6_f2_s43_v1", "--out", "C:\\Users\\nigel\\OneDrive\\Desktop\\GitHub\\confosense\\smart_building_conformal\\outputs\\matched_forecasting005\\bdg2_h6_f2_s43_v1", "--readiness", "C:\\Users\\nigel\\OneDrive\\Desktop\\GitHub\\confosense\\smart_building_conformal\\protocols\\matched_forecasting005\\bdg2_h6_f2_s43_v1\\readiness.json", "--receipt", "C:\\Users\\nigel\\OneDrive\\Desktop\\GitHub\\confosense\\smart_building_conformal\\outputs\\matched_forecasting005\\fold2_multiseed_batch_v1\\receipts\\bdg2_h6_f2_s43_v1\\audit_v1"], "cwd": "C:\\Users\\nigel\\OneDrive\\Desktop\\GitHub\\confosense\\smart_building_conformal", "started_utc": "2026-09-13T23:49:04.702485+00:00", "logger_pid": 21956, "child_pid": 28596, "ended_utc": "2026-09-13T23:49:32.156375+00:00", "seconds": 27.45384699999704, "exit_status": 0}
