{
  "status": "complete",
  "action": "resume",
  "models_fitted": 0,
  "reused_model_units": 3,
  "fresh_data_identity_verified": true,
  "preparation_resources": {
    "seconds": 17.360967000000528,
    "baseline_rss_bytes": 325529600,
    "peak_rss_bytes": 471707648,
    "baseline_private_bytes": 283283456,
    "peak_private_bytes": 425410560,
    "incremental_peak_rss_bytes": 146178048,
    "lifetime_peak_rss_bytes": 488099840,
    "min_available_ram_bytes": 5157933056,
    "sample_interval_seconds": 0.05,
    "process_cpu_seconds": 16.9375
  },
  "protocol_hash": "992e3d20e746f1fcb3e78f8d1a69d9ebf12ed9e0140eadbf817f49e2ed57c3f8",
  "source_hash": "cd907183301a189ddfcc195774dad58c8fa07d5b326d2ac29cf3636383dc681e",
  "all_run_files_unchanged": true
}
