{
  "status": "complete",
  "action": "resume",
  "models_fitted": 0,
  "reused_model_units": 3,
  "fresh_data_identity_verified": true,
  "preparation_resources": {
    "seconds": 4.06675240000186,
    "baseline_rss_bytes": 325083136,
    "peak_rss_bytes": 397750272,
    "baseline_private_bytes": 282972160,
    "peak_private_bytes": 352698368,
    "incremental_peak_rss_bytes": 72667136,
    "lifetime_peak_rss_bytes": 412237824,
    "min_available_ram_bytes": 4929908736,
    "sample_interval_seconds": 0.05,
    "process_cpu_seconds": 3.984375
  },
  "protocol_hash": "fb989e0b28343b79b68029382ab18ade0ee12ee10ed49917a8ceffa6f9970124",
  "source_hash": "cd907183301a189ddfcc195774dad58c8fa07d5b326d2ac29cf3636383dc681e",
  "all_run_files_unchanged": true
}
