{
  "passed": true,
  "models_fitted": 0,
  "point_cells": 3,
  "interval_cells": 6,
  "real_tuning_fits_verified": 8,
  "real_final_fits_verified": 2,
  "saved_model_prediction_checks": 6,
  "own_calibration_verified": true,
  "common_target_ids_verified": true,
  "training_only_normalization_verified": true,
  "candidate_and_epoch_selection_verified": true,
  "all_run_files_unchanged": true,
  "preparation_resources": {
    "seconds": 17.78387999998813,
    "baseline_rss_bytes": 323821568,
    "peak_rss_bytes": 946348032,
    "baseline_private_bytes": 281714688,
    "peak_private_bytes": 1000980480,
    "incremental_peak_rss_bytes": 622526464,
    "lifetime_peak_rss_bytes": 1033654272,
    "min_available_ram_bytes": 4264013824,
    "sample_interval_seconds": 0.05,
    "process_cpu_seconds": 17.15625
  },
  "total_validation_resources": {
    "seconds": 24.20094660000177,
    "baseline_rss_bytes": 321593344,
    "peak_rss_bytes": 946216960,
    "baseline_private_bytes": 280461312,
    "peak_private_bytes": 1000980480,
    "incremental_peak_rss_bytes": 624623616,
    "lifetime_peak_rss_bytes": 1033654272,
    "min_available_ram_bytes": 4264013824,
    "sample_interval_seconds": 0.05,
    "process_cpu_seconds": 23.4375
  },
  "source_hash": "cd907183301a189ddfcc195774dad58c8fa07d5b326d2ac29cf3636383dc681e",
  "protocol_hash": "ce484c863017f245f239e40a1cfb85455667277e7f8f3899f4fecb6301a7ab69",
  "full_study_ready": false
}
