{
  "passed": true,
  "models_fitted": 0,
  "point_cells": 3,
  "interval_cells": 6,
  "real_tuning_fits_verified": 8,
  "real_final_fits_verified": 2,
  "saved_model_prediction_checks": 6,
  "own_calibration_verified": true,
  "common_target_ids_verified": true,
  "training_only_normalization_verified": true,
  "candidate_and_epoch_selection_verified": true,
  "all_run_files_unchanged": true,
  "preparation_resources": {
    "seconds": 16.73860210001294,
    "baseline_rss_bytes": 325120000,
    "peak_rss_bytes": 471396352,
    "baseline_private_bytes": 283090944,
    "peak_private_bytes": 427859968,
    "incremental_peak_rss_bytes": 146276352,
    "lifetime_peak_rss_bytes": 488251392,
    "min_available_ram_bytes": 4772544512,
    "sample_interval_seconds": 0.05,
    "process_cpu_seconds": 16.578125
  },
  "total_validation_resources": {
    "seconds": 19.308271800007788,
    "baseline_rss_bytes": 322875392,
    "peak_rss_bytes": 567812096,
    "baseline_private_bytes": 281841664,
    "peak_private_bytes": 610107392,
    "incremental_peak_rss_bytes": 244936704,
    "lifetime_peak_rss_bytes": 568918016,
    "min_available_ram_bytes": 4574486528,
    "sample_interval_seconds": 0.05,
    "process_cpu_seconds": 19.109375
  },
  "source_hash": "cd907183301a189ddfcc195774dad58c8fa07d5b326d2ac29cf3636383dc681e",
  "protocol_hash": "bc0f06119e0a0e1ed46353afd0b76b2c92cad9e7003e51737073831e86c9ecd3",
  "full_study_ready": false
}
