{
  "passed": true,
  "models_fitted": 0,
  "point_cells": 3,
  "interval_cells": 6,
  "real_tuning_fits_verified": 8,
  "real_final_fits_verified": 2,
  "saved_model_prediction_checks": 6,
  "own_calibration_verified": true,
  "common_target_ids_verified": true,
  "training_only_normalization_verified": true,
  "candidate_and_epoch_selection_verified": true,
  "all_run_files_unchanged": true,
  "preparation_resources": {
    "seconds": 16.73860210001294,
    "baseline_rss_bytes": 325120000,
    "peak_rss_bytes": 471396352,
    "baseline_private_bytes": 283090944,
    "peak_private_bytes": 427859968,
    "incremental_peak_rss_bytes": 146276352,
    "lifetime_peak_rss_bytes": 488251392,
    "min_available_ram_bytes": 4772544512,
    "sample_interval_seconds": 0.05,
    "process_cpu_seconds": 16.578125
  },
  "total_validation_resources": {
    "seconds": 19.308271800007788,
    "baseline_rss_bytes": 322875392,
    "peak_rss_bytes": 567812096,
    "baseline_private_bytes": 281841664,
    "peak_private_bytes": 610107392,
    "incremental_peak_rss_bytes": 244936704,
    "lifetime_peak_rss_bytes": 568918016,
    "min_available_ram_bytes": 4574486528,
    "sample_interval_seconds": 0.05,
    "process_cpu_seconds": 19.109375
  },
  "source_hash": "cd907183301a189ddfcc195774dad58c8fa07d5b326d2ac29cf3636383dc681e",
  "protocol_hash": "bc0f06119e0a0e1ed46353afd0b76b2c92cad9e7003e51737073831e86c9ecd3",
  "full_study_ready": false
}
{"command": ["C:/cfs_venv/Scripts/python.exe", "-B", "-m", "src.matched_forecasting005", "validate", "--matrix", "C:\\Users\\nigel\\OneDrive\\Desktop\\GitHub\\confosense\\smart_building_conformal\\outputs\\amendment005\\support_design_v1\\experiment_matrix.csv", "--dataset", "rico", "--horizon", "5", "--outer-fold", "2", "--model-seed", "46", "--design-dir", "C:\\Users\\nigel\\OneDrive\\Desktop\\GitHub\\confosense\\smart_building_conformal\\protocols\\matched_forecasting005\\rico_h5_f2_s46_v1", "--out", "C:\\Users\\nigel\\OneDrive\\Desktop\\GitHub\\confosense\\smart_building_conformal\\outputs\\matched_forecasting005\\rico_h5_f2_s46_v1", "--readiness", "C:\\Users\\nigel\\OneDrive\\Desktop\\GitHub\\confosense\\smart_building_conformal\\protocols\\matched_forecasting005\\rico_h5_f2_s46_v1\\readiness.json", "--receipt", "C:\\Users\\nigel\\OneDrive\\Desktop\\GitHub\\confosense\\smart_building_conformal\\outputs\\matched_forecasting005\\fold2_multiseed_batch_v1\\receipts\\rico_h5_f2_s46_v1\\audit_v1"], "cwd": "C:\\Users\\nigel\\OneDrive\\Desktop\\GitHub\\confosense\\smart_building_conformal", "started_utc": "2026-09-14T02:13:24.980390+00:00", "logger_pid": 11080, "child_pid": 4148, "ended_utc": "2026-09-14T02:13:48.359246+00:00", "seconds": 23.381054799989215, "exit_status": 0}
