[review/matched-overnight-20260914 9b673b0] Publish matched overnight evidence: unit09
 227 files changed, 6477 insertions(+), 35 deletions(-)
 create mode 100644 smart_building_conformal/outputs/matched_forecasting005/bdg2_h1_f1_s42_v1.process.json
 create mode 100644 smart_building_conformal/outputs/matched_forecasting005/bdg2_h1_f1_s42_v1/checkpoint_io_20260913T184655839717.json
 create mode 100644 smart_building_conformal/outputs/matched_forecasting005/bdg2_h1_f1_s42_v1/checkpoint_manifest.json
 create mode 100644 smart_building_conformal/outputs/matched_forecasting005/bdg2_h1_f1_s42_v1/execution_environment.json
 create mode 100644 smart_building_conformal/outputs/matched_forecasting005/bdg2_h1_f1_s42_v1/fit_calls.jsonl
 create mode 100644 smart_building_conformal/outputs/matched_forecasting005/bdg2_h1_f1_s42_v1/interval_quality.csv
 create mode 100644 smart_building_conformal/outputs/matched_forecasting005/bdg2_h1_f1_s42_v1/point_summary.csv
 create mode 100644 smart_building_conformal/outputs/matched_forecasting005/bdg2_h1_f1_s42_v1/run_summary.json
 create mode 100644 smart_building_conformal/outputs/matched_forecasting005/bdg2_h1_f1_s42_v1/units/bdg2_h1_f1_s42_attention_lstm/COMPLETE.json
 create mode 100644 smart_building_conformal/outputs/matched_forecasting005/bdg2_h1_f1_s42_v1/units/bdg2_h1_f1_s42_attention_lstm/calibration.csv.gz
 create mode 100644 smart_building_conformal/outputs/matched_forecasting005/bdg2_h1_f1_s42_v1/units/bdg2_h1_f1_s42_attention_lstm/fitting_membership.csv.gz
 create mode 100644 smart_building_conformal/outputs/matched_forecasting005/bdg2_h1_f1_s42_v1/units/bdg2_h1_f1_s42_attention_lstm/model.pt
 create mode 100644 smart_building_conformal/outputs/matched_forecasting005/bdg2_h1_f1_s42_v1/units/bdg2_h1_f1_s42_attention_lstm/payload.json
 create mode 100644 smart_building_conformal/outputs/matched_forecasting005/bdg2_h1_f1_s42_v1/units/bdg2_h1_f1_s42_attention_lstm/predictions.csv.gz
 create mode 100644 smart_building_conformal/outputs/matched_forecasting005/bdg2_h1_f1_s42_v1/units/bdg2_h1_f1_s42_attention_lstm/training_history.csv.gz
 create mode 100644 smart_building_conformal/outputs/matched_forecasting005/bdg2_h1_f1_s42_v1/units/bdg2_h1_f1_s42_attention_lstm/tuning.csv.gz
 create mode 100644 smart_building_conformal/outputs/matched_forecasting005/bdg2_h1_f1_s42_v1/units/bdg2_h1_f1_s42_attention_lstm/tuning_predictions.csv.gz
 create mode 100644 smart_building_conformal/outputs/matched_forecasting005/bdg2_h1_f1_s42_v1/units/bdg2_h1_f1_s42_persistence/COMPLETE.json
 create mode 100644 smart_building_conformal/outputs/matched_forecasting005/bdg2_h1_f1_s42_v1/units/bdg2_h1_f1_s42_persistence/calibration.csv.gz
 create mode 100644 smart_building_conformal/outputs/matched_forecasting005/bdg2_h1_f1_s42_v1/units/bdg2_h1_f1_s42_persistence/fitting_membership.csv.gz
 create mode 100644 smart_building_conformal/outputs/matched_forecasting005/bdg2_h1_f1_s42_v1/units/bdg2_h1_f1_s42_persistence/model.json
 create mode 100644 smart_building_conformal/outputs/matched_forecasting005/bdg2_h1_f1_s42_v1/units/bdg2_h1_f1_s42_persistence/payload.json
 create mode 100644 smart_building_conformal/outputs/matched_forecasting005/bdg2_h1_f1_s42_v1/units/bdg2_h1_f1_s42_persistence/predictions.csv.gz
 create mode 100644 smart_building_conformal/outputs/matched_forecasting005/bdg2_h1_f1_s42_v1/units/bdg2_h1_f1_s42_persistence/training_history.csv.gz
 create mode 100644 smart_building_conformal/outputs/matched_forecasting005/bdg2_h1_f1_s42_v1/units/bdg2_h1_f1_s42_persistence/tuning.csv.gz
 create mode 100644 smart_building_conformal/outputs/matched_forecasting005/bdg2_h1_f1_s42_v1/units/bdg2_h1_f1_s42_persistence/tuning_predictions.csv.gz
 create mode 100644 smart_building_conformal/outputs/matched_forecasting005/bdg2_h1_f1_s42_v1/units/bdg2_h1_f1_s42_xgboost/COMPLETE.json
 create mode 100644 smart_building_conformal/outputs/matched_forecasting005/bdg2_h1_f1_s42_v1/units/bdg2_h1_f1_s42_xgboost/booster_config.json
 create mode 100644 smart_building_conformal/outputs/matched_forecasting005/bdg2_h1_f1_s42_v1/units/bdg2_h1_f1_s42_xgboost/calibration.csv.gz
 create mode 100644 smart_building_conformal/outputs/matched_forecasting005/bdg2_h1_f1_s42_v1/units/bdg2_h1_f1_s42_xgboost/fitting_membership.csv.gz
 create mode 100644 smart_building_conformal/outputs/matched_forecasting005/bdg2_h1_f1_s42_v1/units/bdg2_h1_f1_s42_xgboost/model.ubj
 create mode 100644 smart_building_conformal/outputs/matched_forecasting005/bdg2_h1_f1_s42_v1/units/bdg2_h1_f1_s42_xgboost/payload.json
 create mode 100644 smart_building_conformal/outputs/matched_forecasting005/bdg2_h1_f1_s42_v1/units/bdg2_h1_f1_s42_xgboost/predictions.csv.gz
 create mode 100644 smart_building_conformal/outputs/matched_forecasting005/bdg2_h1_f1_s42_v1/units/bdg2_h1_f1_s42_xgboost/training_history.csv.gz
 create mode 100644 smart_building_conformal/outputs/matched_forecasting005/bdg2_h1_f1_s42_v1/units/bdg2_h1_f1_s42_xgboost/tuning.csv.gz
 create mode 100644 smart_building_conformal/outputs/matched_forecasting005/bdg2_h1_f1_s42_v1/units/bdg2_h1_f1_s42_xgboost/tuning_predictions.csv.gz
 create mode 100644 smart_building_conformal/outputs/matched_forecasting005/bdg2_h3_f2_s42_v1.process.json
 create mode 100644 smart_building_conformal/outputs/matched_forecasting005/bdg2_h3_f2_s42_v1/checkpoint_io_20260913T181744568155.json
 create mode 100644 smart_building_conformal/outputs/matched_forecasting005/bdg2_h3_f2_s42_v1/checkpoint_manifest.json
 create mode 100644 smart_building_conformal/outputs/matched_forecasting005/bdg2_h3_f2_s42_v1/execution_environment.json
 create mode 100644 smart_building_conformal/outputs/matched_forecasting005/bdg2_h3_f2_s42_v1/fit_calls.jsonl
 create mode 100644 smart_building_conformal/outputs/matched_forecasting005/bdg2_h3_f2_s42_v1/interval_quality.csv
 create mode 100644 smart_building_conformal/outputs/matched_forecasting005/bdg2_h3_f2_s42_v1/point_summary.csv
 create mode 100644 smart_building_conformal/outputs/matched_forecasting005/bdg2_h3_f2_s42_v1/run_summary.json
 create mode 100644 smart_building_conformal/outputs/matched_forecasting005/bdg2_h3_f2_s42_v1/units/bdg2_h3_f2_s42_attention_lstm/COMPLETE.json
 create mode 100644 smart_building_conformal/outputs/matched_forecasting005/bdg2_h3_f2_s42_v1/units/bdg2_h3_f2_s42_attention_lstm/calibration.csv.gz
 create mode 100644 smart_building_conformal/outputs/matched_forecasting005/bdg2_h3_f2_s42_v1/units/bdg2_h3_f2_s42_attention_lstm/fitting_membership.csv.gz
 create mode 100644 smart_building_conformal/outputs/matched_forecasting005/bdg2_h3_f2_s42_v1/units/bdg2_h3_f2_s42_attention_lstm/model.pt
 create mode 100644 smart_building_conformal/outputs/matched_forecasting005/bdg2_h3_f2_s42_v1/units/bdg2_h3_f2_s42_attention_lstm/payload.json
 create mode 100644 smart_building_conformal/outputs/matched_forecasting005/bdg2_h3_f2_s42_v1/units/bdg2_h3_f2_s42_attention_lstm/predictions.csv.gz
 create mode 100644 smart_building_conformal/outputs/matched_forecasting005/bdg2_h3_f2_s42_v1/units/bdg2_h3_f2_s42_attention_lstm/training_history.csv.gz
 create mode 100644 smart_building_conformal/outputs/matched_forecasting005/bdg2_h3_f2_s42_v1/units/bdg2_h3_f2_s42_attention_lstm/tuning.csv.gz
 create mode 100644 smart_building_conformal/outputs/matched_forecasting005/bdg2_h3_f2_s42_v1/units/bdg2_h3_f2_s42_attention_lstm/tuning_predictions.csv.gz
 create mode 100644 smart_building_conformal/outputs/matched_forecasting005/bdg2_h3_f2_s42_v1/units/bdg2_h3_f2_s42_persistence/COMPLETE.json
 create mode 100644 smart_building_conformal/outputs/matched_forecasting005/bdg2_h3_f2_s42_v1/units/bdg2_h3_f2_s42_persistence/calibration.csv.gz
 create mode 100644 smart_building_conformal/outputs/matched_forecasting005/bdg2_h3_f2_s42_v1/units/bdg2_h3_f2_s42_persistence/fitting_membership.csv.gz
 create mode 100644 smart_building_conformal/outputs/matched_forecasting005/bdg2_h3_f2_s42_v1/units/bdg2_h3_f2_s42_persistence/model.json
 create mode 100644 smart_building_conformal/outputs/matched_forecasting005/bdg2_h3_f2_s42_v1/units/bdg2_h3_f2_s42_persistence/payload.json
 create mode 100644 smart_building_conformal/outputs/matched_forecasting005/bdg2_h3_f2_s42_v1/units/bdg2_h3_f2_s42_persistence/predictions.csv.gz
 create mode 100644 smart_building_conformal/outputs/matched_forecasting005/bdg2_h3_f2_s42_v1/units/bdg2_h3_f2_s42_persistence/training_history.csv.gz
 create mode 100644 smart_building_conformal/outputs/matched_forecasting005/bdg2_h3_f2_s42_v1/units/bdg2_h3_f2_s42_persistence/tuning.csv.gz
 create mode 100644 smart_building_conformal/outputs/matched_forecasting005/bdg2_h3_f2_s42_v1/units/bdg2_h3_f2_s42_persistence/tuning_predictions.csv.gz
 create mode 100644 smart_building_conformal/outputs/matched_forecasting005/bdg2_h3_f2_s42_v1/units/bdg2_h3_f2_s42_xgboost/COMPLETE.json
 create mode 100644 smart_building_conformal/outputs/matched_forecasting005/bdg2_h3_f2_s42_v1/units/bdg2_h3_f2_s42_xgboost/booster_config.json
 create mode 100644 smart_building_conformal/outputs/matched_forecasting005/bdg2_h3_f2_s42_v1/units/bdg2_h3_f2_s42_xgboost/calibration.csv.gz
 create mode 100644 smart_building_conformal/outputs/matched_forecasting005/bdg2_h3_f2_s42_v1/units/bdg2_h3_f2_s42_xgboost/fitting_membership.csv.gz
 create mode 100644 smart_building_conformal/outputs/matched_forecasting005/bdg2_h3_f2_s42_v1/units/bdg2_h3_f2_s42_xgboost/model.ubj
 create mode 100644 smart_building_conformal/outputs/matched_forecasting005/bdg2_h3_f2_s42_v1/units/bdg2_h3_f2_s42_xgboost/payload.json
 create mode 100644 smart_building_conformal/outputs/matched_forecasting005/bdg2_h3_f2_s42_v1/units/bdg2_h3_f2_s42_xgboost/predictions.csv.gz
 create mode 100644 smart_building_conformal/outputs/matched_forecasting005/bdg2_h3_f2_s42_v1/units/bdg2_h3_f2_s42_xgboost/training_history.csv.gz
 create mode 100644 smart_building_conformal/outputs/matched_forecasting005/bdg2_h3_f2_s42_v1/units/bdg2_h3_f2_s42_xgboost/tuning.csv.gz
 create mode 100644 smart_building_conformal/outputs/matched_forecasting005/bdg2_h3_f2_s42_v1/units/bdg2_h3_f2_s42_xgboost/tuning_predictions.csv.gz
 create mode 100644 smart_building_conformal/outputs/matched_forecasting005/bdg2_h6_f2_s42_v1.process.json
 create mode 100644 smart_building_conformal/outputs/matched_forecasting005/bdg2_h6_f2_s42_v1/checkpoint_io_20260913T182605574790.json
 create mode 100644 smart_building_conformal/outputs/matched_forecasting005/bdg2_h6_f2_s42_v1/checkpoint_manifest.json
 create mode 100644 smart_building_conformal/outputs/matched_forecasting005/bdg2_h6_f2_s42_v1/execution_environment.json
 create mode 100644 smart_building_conformal/outputs/matched_forecasting005/bdg2_h6_f2_s42_v1/fit_calls.jsonl
 create mode 100644 smart_building_conformal/outputs/matched_forecasting005/bdg2_h6_f2_s42_v1/interval_quality.csv
 create mode 100644 smart_building_conformal/outputs/matched_forecasting005/bdg2_h6_f2_s42_v1/point_summary.csv
 create mode 100644 smart_building_conformal/outputs/matched_forecasting005/bdg2_h6_f2_s42_v1/run_summary.json
 create mode 100644 smart_building_conformal/outputs/matched_forecasting005/bdg2_h6_f2_s42_v1/units/bdg2_h6_f2_s42_attention_lstm/COMPLETE.json
 create mode 100644 smart_building_conformal/outputs/matched_forecasting005/bdg2_h6_f2_s42_v1/units/bdg2_h6_f2_s42_attention_lstm/calibration.csv.gz
 create mode 100644 smart_building_conformal/outputs/matched_forecasting005/bdg2_h6_f2_s42_v1/units/bdg2_h6_f2_s42_attention_lstm/fitting_membership.csv.gz
 create mode 100644 smart_building_conformal/outputs/matched_forecasting005/bdg2_h6_f2_s42_v1/units/bdg2_h6_f2_s42_attention_lstm/model.pt
 create mode 100644 smart_building_conformal/outputs/matched_forecasting005/bdg2_h6_f2_s42_v1/units/bdg2_h6_f2_s42_attention_lstm/payload.json
 create mode 100644 smart_building_conformal/outputs/matched_forecasting005/bdg2_h6_f2_s42_v1/units/bdg2_h6_f2_s42_attention_lstm/predictions.csv.gz
 create mode 100644 smart_building_conformal/outputs/matched_forecasting005/bdg2_h6_f2_s42_v1/units/bdg2_h6_f2_s42_attention_lstm/training_history.csv.gz
 create mode 100644 smart_building_conformal/outputs/matched_forecasting005/bdg2_h6_f2_s42_v1/units/bdg2_h6_f2_s42_attention_lstm/tuning.csv.gz
 create mode 100644 smart_building_conformal/outputs/matched_forecasting005/bdg2_h6_f2_s42_v1/units/bdg2_h6_f2_s42_attention_lstm/tuning_predictions.csv.gz
 create mode 100644 smart_building_conformal/outputs/matched_forecasting005/bdg2_h6_f2_s42_v1/units/bdg2_h6_f2_s42_persistence/COMPLETE.json
 create mode 100644 smart_building_conformal/outputs/matched_forecasting005/bdg2_h6_f2_s42_v1/units/bdg2_h6_f2_s42_persistence/calibration.csv.gz
 create mode 100644 smart_building_conformal/outputs/matched_forecasting005/bdg2_h6_f2_s42_v1/units/bdg2_h6_f2_s42_persistence/fitting_membership.csv.gz
 create mode 100644 smart_building_conformal/outputs/matched_forecasting005/bdg2_h6_f2_s42_v1/units/bdg2_h6_f2_s42_persistence/model.json
 create mode 100644 smart_building_conformal/outputs/matched_forecasting005/bdg2_h6_f2_s42_v1/units/bdg2_h6_f2_s42_persistence/payload.json
 create mode 100644 smart_building_conformal/outputs/matched_forecasting005/bdg2_h6_f2_s42_v1/units/bdg2_h6_f2_s42_persistence/predictions.csv.gz
 create mode 100644 smart_building_conformal/outputs/matched_forecasting005/bdg2_h6_f2_s42_v1/units/bdg2_h6_f2_s42_persistence/training_history.csv.gz
 create mode 100644 smart_building_conformal/outputs/matched_forecasting005/bdg2_h6_f2_s42_v1/units/bdg2_h6_f2_s42_persistence/tuning.csv.gz
 create mode 100644 smart_building_conformal/outputs/matched_forecasting005/bdg2_h6_f2_s42_v1/units/bdg2_h6_f2_s42_persistence/tuning_predictions.csv.gz
 create mode 100644 smart_building_conformal/outputs/matched_forecasting005/bdg2_h6_f2_s42_v1/units/bdg2_h6_f2_s42_xgboost/COMPLETE.json
 create mode 100644 smart_building_conformal/outputs/matched_forecasting005/bdg2_h6_f2_s42_v1/units/bdg2_h6_f2_s42_xgboost/booster_config.json
 create mode 100644 smart_building_conformal/outputs/matched_forecasting005/bdg2_h6_f2_s42_v1/units/bdg2_h6_f2_s42_xgboost/calibration.csv.gz
 create mode 100644 smart_building_conformal/outputs/matched_forecasting005/bdg2_h6_f2_s42_v1/units/bdg2_h6_f2_s42_xgboost/fitting_membership.csv.gz
 create mode 100644 smart_building_conformal/outputs/matched_forecasting005/bdg2_h6_f2_s42_v1/units/bdg2_h6_f2_s42_xgboost/model.ubj
 create mode 100644 smart_building_conformal/outputs/matched_forecasting005/bdg2_h6_f2_s42_v1/units/bdg2_h6_f2_s42_xgboost/payload.json
 create mode 100644 smart_building_conformal/outputs/matched_forecasting005/bdg2_h6_f2_s42_v1/units/bdg2_h6_f2_s42_xgboost/predictions.csv.gz
 create mode 100644 smart_building_conformal/outputs/matched_forecasting005/bdg2_h6_f2_s42_v1/units/bdg2_h6_f2_s42_xgboost/training_history.csv.gz
 create mode 100644 smart_building_conformal/outputs/matched_forecasting005/bdg2_h6_f2_s42_v1/units/bdg2_h6_f2_s42_xgboost/tuning.csv.gz
 create mode 100644 smart_building_conformal/outputs/matched_forecasting005/bdg2_h6_f2_s42_v1/units/bdg2_h6_f2_s42_xgboost/tuning_predictions.csv.gz
 create mode 100644 smart_building_conformal/outputs/matched_forecasting005/overnight_batch_v1/attempts/2026-09-13T180750424006+0000_e521af65/attempt.json
 create mode 100644 smart_building_conformal/outputs/matched_forecasting005/overnight_batch_v1/attempts/2026-09-13T180750424006+0000_e521af65/command.log
 create mode 100644 smart_building_conformal/outputs/matched_forecasting005/overnight_batch_v1/attempts/2026-09-13T180750424006+0000_e521af65/command.log.json
 create mode 100644 smart_building_conformal/outputs/matched_forecasting005/overnight_batch_v1/attempts/2026-09-13T180750424006+0000_e521af65/command.log.started.json
 create mode 100644 smart_building_conformal/outputs/matched_forecasting005/overnight_batch_v1/attempts/2026-09-13T180750424006+0000_e521af65/logger.stdout.log
 create mode 100644 smart_building_conformal/outputs/matched_forecasting005/overnight_batch_v1/attempts/2026-09-13T180806696428+0000_c9531c6f/attempt.json
 create mode 100644 smart_building_conformal/outputs/matched_forecasting005/overnight_batch_v1/attempts/2026-09-13T180806696428+0000_c9531c6f/command.log
 create mode 100644 smart_building_conformal/outputs/matched_forecasting005/overnight_batch_v1/attempts/2026-09-13T180806696428+0000_c9531c6f/command.log.json
 create mode 100644 smart_building_conformal/outputs/matched_forecasting005/overnight_batch_v1/attempts/2026-09-13T180806696428+0000_c9531c6f/command.log.started.json
 create mode 100644 smart_building_conformal/outputs/matched_forecasting005/overnight_batch_v1/attempts/2026-09-13T180806696428+0000_c9531c6f/logger.stdout.log
 create mode 100644 smart_building_conformal/outputs/matched_forecasting005/overnight_batch_v1/attempts/2026-09-13T181747308044+0000_0dfb30a7/attempt.json
 create mode 100644 smart_building_conformal/outputs/matched_forecasting005/overnight_batch_v1/attempts/2026-09-13T181747308044+0000_0dfb30a7/command.log
 create mode 100644 smart_building_conformal/outputs/matched_forecasting005/overnight_batch_v1/attempts/2026-09-13T181747308044+0000_0dfb30a7/command.log.json
 create mode 100644 smart_building_conformal/outputs/matched_forecasting005/overnight_batch_v1/attempts/2026-09-13T181747308044+0000_0dfb30a7/command.log.started.json
 create mode 100644 smart_building_conformal/outputs/matched_forecasting005/overnight_batch_v1/attempts/2026-09-13T181747308044+0000_0dfb30a7/logger.stdout.log
 create mode 100644 smart_building_conformal/outputs/matched_forecasting005/overnight_batch_v1/attempts/2026-09-13T181815630821+0000_4c4c37d7/attempt.json
 create mode 100644 smart_building_conformal/outputs/matched_forecasting005/overnight_batch_v1/attempts/2026-09-13T181815630821+0000_4c4c37d7/command.log
 create mode 100644 smart_building_conformal/outputs/matched_forecasting005/overnight_batch_v1/attempts/2026-09-13T181815630821+0000_4c4c37d7/command.log.json
 create mode 100644 smart_building_conformal/outputs/matched_forecasting005/overnight_batch_v1/attempts/2026-09-13T181815630821+0000_4c4c37d7/command.log.started.json
 create mode 100644 smart_building_conformal/outputs/matched_forecasting005/overnight_batch_v1/attempts/2026-09-13T181815630821+0000_4c4c37d7/logger.stdout.log
 create mode 100644 smart_building_conformal/outputs/matched_forecasting005/overnight_batch_v1/attempts/2026-09-13T181837892299+0000_060edc79/attempt.json
 create mode 100644 smart_building_conformal/outputs/matched_forecasting005/overnight_batch_v1/attempts/2026-09-13T181837892299+0000_060edc79/command.log
 create mode 100644 smart_building_conformal/outputs/matched_forecasting005/overnight_batch_v1/attempts/2026-09-13T181837892299+0000_060edc79/command.log.json
 create mode 100644 smart_building_conformal/outputs/matched_forecasting005/overnight_batch_v1/attempts/2026-09-13T181837892299+0000_060edc79/command.log.started.json
 create mode 100644 smart_building_conformal/outputs/matched_forecasting005/overnight_batch_v1/attempts/2026-09-13T181837892299+0000_060edc79/groups/comparison.csv
 create mode 100644 smart_building_conformal/outputs/matched_forecasting005/overnight_batch_v1/attempts/2026-09-13T181837892299+0000_060edc79/groups/equal_group_diagnostics.csv
 create mode 100644 smart_building_conformal/outputs/matched_forecasting005/overnight_batch_v1/attempts/2026-09-13T181837892299+0000_060edc79/groups/group_metrics.csv
 create mode 100644 smart_building_conformal/outputs/matched_forecasting005/overnight_batch_v1/attempts/2026-09-13T181837892299+0000_060edc79/groups/model_costs.csv
 create mode 100644 smart_building_conformal/outputs/matched_forecasting005/overnight_batch_v1/attempts/2026-09-13T181837892299+0000_060edc79/groups/rico_phase_metrics.csv
 create mode 100644 smart_building_conformal/outputs/matched_forecasting005/overnight_batch_v1/attempts/2026-09-13T181837892299+0000_060edc79/groups/target_diagnostics.csv
 create mode 100644 smart_building_conformal/outputs/matched_forecasting005/overnight_batch_v1/attempts/2026-09-13T181837892299+0000_060edc79/groups/validation.json
 create mode 100644 smart_building_conformal/outputs/matched_forecasting005/overnight_batch_v1/attempts/2026-09-13T181837892299+0000_060edc79/logger.stdout.log
 create mode 100644 smart_building_conformal/outputs/matched_forecasting005/overnight_batch_v1/attempts/2026-09-13T181844351723+0000_461ecbc3/attempt.json
 create mode 100644 smart_building_conformal/outputs/matched_forecasting005/overnight_batch_v1/attempts/2026-09-13T181844351723+0000_461ecbc3/command.log
 create mode 100644 smart_building_conformal/outputs/matched_forecasting005/overnight_batch_v1/attempts/2026-09-13T181844351723+0000_461ecbc3/command.log.json
 create mode 100644 smart_building_conformal/outputs/matched_forecasting005/overnight_batch_v1/attempts/2026-09-13T181844351723+0000_461ecbc3/command.log.started.json
 create mode 100644 smart_building_conformal/outputs/matched_forecasting005/overnight_batch_v1/attempts/2026-09-13T181844351723+0000_461ecbc3/logger.stdout.log
 create mode 100644 smart_building_conformal/outputs/matched_forecasting005/overnight_batch_v1/attempts/2026-09-13T182607923667+0000_020d2c62/attempt.json
 create mode 100644 smart_building_conformal/outputs/matched_forecasting005/overnight_batch_v1/attempts/2026-09-13T182607923667+0000_020d2c62/command.log
 create mode 100644 smart_building_conformal/outputs/matched_forecasting005/overnight_batch_v1/attempts/2026-09-13T182607923667+0000_020d2c62/command.log.json
 create mode 100644 smart_building_conformal/outputs/matched_forecasting005/overnight_batch_v1/attempts/2026-09-13T182607923667+0000_020d2c62/command.log.started.json
 create mode 100644 smart_building_conformal/outputs/matched_forecasting005/overnight_batch_v1/attempts/2026-09-13T182607923667+0000_020d2c62/logger.stdout.log
 create mode 100644 smart_building_conformal/outputs/matched_forecasting005/overnight_batch_v1/attempts/2026-09-13T182636219885+0000_742b61a3/attempt.json
 create mode 100644 smart_building_conformal/outputs/matched_forecasting005/overnight_batch_v1/attempts/2026-09-13T182636219885+0000_742b61a3/command.log
 create mode 100644 smart_building_conformal/outputs/matched_forecasting005/overnight_batch_v1/attempts/2026-09-13T182636219885+0000_742b61a3/command.log.json
 create mode 100644 smart_building_conformal/outputs/matched_forecasting005/overnight_batch_v1/attempts/2026-09-13T182636219885+0000_742b61a3/command.log.started.json
 create mode 100644 smart_building_conformal/outputs/matched_forecasting005/overnight_batch_v1/attempts/2026-09-13T182636219885+0000_742b61a3/logger.stdout.log
 create mode 100644 smart_building_conformal/outputs/matched_forecasting005/overnight_batch_v1/attempts/2026-09-13T182658471598+0000_7e2b0821/attempt.json
 create mode 100644 smart_building_conformal/outputs/matched_forecasting005/overnight_batch_v1/attempts/2026-09-13T182658471598+0000_7e2b0821/command.log
 create mode 100644 smart_building_conformal/outputs/matched_forecasting005/overnight_batch_v1/attempts/2026-09-13T182658471598+0000_7e2b0821/command.log.json
 create mode 100644 smart_building_conformal/outputs/matched_forecasting005/overnight_batch_v1/attempts/2026-09-13T182658471598+0000_7e2b0821/command.log.started.json
 create mode 100644 smart_building_conformal/outputs/matched_forecasting005/overnight_batch_v1/attempts/2026-09-13T182658471598+0000_7e2b0821/groups/comparison.csv
 create mode 100644 smart_building_conformal/outputs/matched_forecasting005/overnight_batch_v1/attempts/2026-09-13T182658471598+0000_7e2b0821/groups/equal_group_diagnostics.csv
 create mode 100644 smart_building_conformal/outputs/matched_forecasting005/overnight_batch_v1/attempts/2026-09-13T182658471598+0000_7e2b0821/groups/group_metrics.csv
 create mode 100644 smart_building_conformal/outputs/matched_forecasting005/overnight_batch_v1/attempts/2026-09-13T182658471598+0000_7e2b0821/groups/model_costs.csv
 create mode 100644 smart_building_conformal/outputs/matched_forecasting005/overnight_batch_v1/attempts/2026-09-13T182658471598+0000_7e2b0821/groups/rico_phase_metrics.csv
 create mode 100644 smart_building_conformal/outputs/matched_forecasting005/overnight_batch_v1/attempts/2026-09-13T182658471598+0000_7e2b0821/groups/target_diagnostics.csv
 create mode 100644 smart_building_conformal/outputs/matched_forecasting005/overnight_batch_v1/attempts/2026-09-13T182658471598+0000_7e2b0821/groups/validation.json
 create mode 100644 smart_building_conformal/outputs/matched_forecasting005/overnight_batch_v1/attempts/2026-09-13T182658471598+0000_7e2b0821/logger.stdout.log
 create mode 100644 smart_building_conformal/outputs/matched_forecasting005/overnight_batch_v1/attempts/2026-09-13T182704946008+0000_c0fd32a3/attempt.json
 create mode 100644 smart_building_conformal/outputs/matched_forecasting005/overnight_batch_v1/attempts/2026-09-13T182704946008+0000_c0fd32a3/command.log
 create mode 100644 smart_building_conformal/outputs/matched_forecasting005/overnight_batch_v1/attempts/2026-09-13T182704946008+0000_c0fd32a3/command.log.json
 create mode 100644 smart_building_conformal/outputs/matched_forecasting005/overnight_batch_v1/attempts/2026-09-13T182704946008+0000_c0fd32a3/command.log.started.json
 create mode 100644 smart_building_conformal/outputs/matched_forecasting005/overnight_batch_v1/attempts/2026-09-13T182704946008+0000_c0fd32a3/logger.stdout.log
 create mode 100644 smart_building_conformal/outputs/matched_forecasting005/overnight_batch_v1/attempts/2026-09-13T184658679908+0000_12e164eb/attempt.json
 create mode 100644 smart_building_conformal/outputs/matched_forecasting005/overnight_batch_v1/attempts/2026-09-13T184658679908+0000_12e164eb/command.log
 create mode 100644 smart_building_conformal/outputs/matched_forecasting005/overnight_batch_v1/attempts/2026-09-13T184658679908+0000_12e164eb/command.log.json
 create mode 100644 smart_building_conformal/outputs/matched_forecasting005/overnight_batch_v1/attempts/2026-09-13T184658679908+0000_12e164eb/command.log.started.json
 create mode 100644 smart_building_conformal/outputs/matched_forecasting005/overnight_batch_v1/attempts/2026-09-13T184658679908+0000_12e164eb/logger.stdout.log
 create mode 100644 smart_building_conformal/outputs/matched_forecasting005/overnight_batch_v1/attempts/2026-09-13T184731062155+0000_ea242a5b/attempt.json
 create mode 100644 smart_building_conformal/outputs/matched_forecasting005/overnight_batch_v1/attempts/2026-09-13T184731062155+0000_ea242a5b/command.log
 create mode 100644 smart_building_conformal/outputs/matched_forecasting005/overnight_batch_v1/attempts/2026-09-13T184731062155+0000_ea242a5b/command.log.json
 create mode 100644 smart_building_conformal/outputs/matched_forecasting005/overnight_batch_v1/attempts/2026-09-13T184731062155+0000_ea242a5b/command.log.started.json
 create mode 100644 smart_building_conformal/outputs/matched_forecasting005/overnight_batch_v1/attempts/2026-09-13T184731062155+0000_ea242a5b/logger.stdout.log
 create mode 100644 smart_building_conformal/outputs/matched_forecasting005/overnight_batch_v1/attempts/2026-09-13T184755364405+0000_e36d63b5/attempt.json
 create mode 100644 smart_building_conformal/outputs/matched_forecasting005/overnight_batch_v1/attempts/2026-09-13T184755364405+0000_e36d63b5/command.log
 create mode 100644 smart_building_conformal/outputs/matched_forecasting005/overnight_batch_v1/attempts/2026-09-13T184755364405+0000_e36d63b5/command.log.json
 create mode 100644 smart_building_conformal/outputs/matched_forecasting005/overnight_batch_v1/attempts/2026-09-13T184755364405+0000_e36d63b5/command.log.started.json
 create mode 100644 smart_building_conformal/outputs/matched_forecasting005/overnight_batch_v1/attempts/2026-09-13T184755364405+0000_e36d63b5/groups/comparison.csv
 create mode 100644 smart_building_conformal/outputs/matched_forecasting005/overnight_batch_v1/attempts/2026-09-13T184755364405+0000_e36d63b5/groups/equal_group_diagnostics.csv
 create mode 100644 smart_building_conformal/outputs/matched_forecasting005/overnight_batch_v1/attempts/2026-09-13T184755364405+0000_e36d63b5/groups/group_metrics.csv
 create mode 100644 smart_building_conformal/outputs/matched_forecasting005/overnight_batch_v1/attempts/2026-09-13T184755364405+0000_e36d63b5/groups/model_costs.csv
 create mode 100644 smart_building_conformal/outputs/matched_forecasting005/overnight_batch_v1/attempts/2026-09-13T184755364405+0000_e36d63b5/groups/rico_phase_metrics.csv
 create mode 100644 smart_building_conformal/outputs/matched_forecasting005/overnight_batch_v1/attempts/2026-09-13T184755364405+0000_e36d63b5/groups/target_diagnostics.csv
 create mode 100644 smart_building_conformal/outputs/matched_forecasting005/overnight_batch_v1/attempts/2026-09-13T184755364405+0000_e36d63b5/groups/validation.json
 create mode 100644 smart_building_conformal/outputs/matched_forecasting005/overnight_batch_v1/attempts/2026-09-13T184755364405+0000_e36d63b5/logger.stdout.log
 create mode 100644 smart_building_conformal/outputs/matched_forecasting005/overnight_batch_v1/receipts/bdg2_h1_f1_s42_v1/audit_v1/independent_selection.csv
 create mode 100644 smart_building_conformal/outputs/matched_forecasting005/overnight_batch_v1/receipts/bdg2_h1_f1_s42_v1/audit_v1/learned_fit_measurements.csv
 create mode 100644 smart_building_conformal/outputs/matched_forecasting005/overnight_batch_v1/receipts/bdg2_h1_f1_s42_v1/audit_v1/phase_measurements.csv
 create mode 100644 smart_building_conformal/outputs/matched_forecasting005/overnight_batch_v1/receipts/bdg2_h1_f1_s42_v1/audit_v1/recomputed_interval_metrics.csv
 create mode 100644 smart_building_conformal/outputs/matched_forecasting005/overnight_batch_v1/receipts/bdg2_h1_f1_s42_v1/audit_v1/recomputed_point_metrics.csv
 create mode 100644 smart_building_conformal/outputs/matched_forecasting005/overnight_batch_v1/receipts/bdg2_h1_f1_s42_v1/audit_v1/saved_model_verification.csv
 create mode 100644 smart_building_conformal/outputs/matched_forecasting005/overnight_batch_v1/receipts/bdg2_h1_f1_s42_v1/audit_v1/validation.json
 create mode 100644 smart_building_conformal/outputs/matched_forecasting005/overnight_batch_v1/receipts/bdg2_h1_f1_s42_v1/resume_v1.json
 create mode 100644 smart_building_conformal/outputs/matched_forecasting005/overnight_batch_v1/receipts/bdg2_h1_f1_s42_v1/resume_v1.json.process.json
 create mode 100644 smart_building_conformal/outputs/matched_forecasting005/overnight_batch_v1/receipts/bdg2_h3_f2_s42_v1/audit_v1/independent_selection.csv
 create mode 100644 smart_building_conformal/outputs/matched_forecasting005/overnight_batch_v1/receipts/bdg2_h3_f2_s42_v1/audit_v1/learned_fit_measurements.csv
 create mode 100644 smart_building_conformal/outputs/matched_forecasting005/overnight_batch_v1/receipts/bdg2_h3_f2_s42_v1/audit_v1/phase_measurements.csv
 create mode 100644 smart_building_conformal/outputs/matched_forecasting005/overnight_batch_v1/receipts/bdg2_h3_f2_s42_v1/audit_v1/recomputed_interval_metrics.csv
 create mode 100644 smart_building_conformal/outputs/matched_forecasting005/overnight_batch_v1/receipts/bdg2_h3_f2_s42_v1/audit_v1/recomputed_point_metrics.csv
 create mode 100644 smart_building_conformal/outputs/matched_forecasting005/overnight_batch_v1/receipts/bdg2_h3_f2_s42_v1/audit_v1/saved_model_verification.csv
 create mode 100644 smart_building_conformal/outputs/matched_forecasting005/overnight_batch_v1/receipts/bdg2_h3_f2_s42_v1/audit_v1/validation.json
 create mode 100644 smart_building_conformal/outputs/matched_forecasting005/overnight_batch_v1/receipts/bdg2_h3_f2_s42_v1/resume_v1.json
 create mode 100644 smart_building_conformal/outputs/matched_forecasting005/overnight_batch_v1/receipts/bdg2_h3_f2_s42_v1/resume_v1.json.process.json
 create mode 100644 smart_building_conformal/outputs/matched_forecasting005/overnight_batch_v1/receipts/bdg2_h6_f2_s42_v1/audit_v1/independent_selection.csv
 create mode 100644 smart_building_conformal/outputs/matched_forecasting005/overnight_batch_v1/receipts/bdg2_h6_f2_s42_v1/audit_v1/learned_fit_measurements.csv
 create mode 100644 smart_building_conformal/outputs/matched_forecasting005/overnight_batch_v1/receipts/bdg2_h6_f2_s42_v1/audit_v1/phase_measurements.csv
 create mode 100644 smart_building_conformal/outputs/matched_forecasting005/overnight_batch_v1/receipts/bdg2_h6_f2_s42_v1/audit_v1/recomputed_interval_metrics.csv
 create mode 100644 smart_building_conformal/outputs/matched_forecasting005/overnight_batch_v1/receipts/bdg2_h6_f2_s42_v1/audit_v1/recomputed_point_metrics.csv
 create mode 100644 smart_building_conformal/outputs/matched_forecasting005/overnight_batch_v1/receipts/bdg2_h6_f2_s42_v1/audit_v1/saved_model_verification.csv
 create mode 100644 smart_building_conformal/outputs/matched_forecasting005/overnight_batch_v1/receipts/bdg2_h6_f2_s42_v1/audit_v1/validation.json
 create mode 100644 smart_building_conformal/outputs/matched_forecasting005/overnight_batch_v1/receipts/bdg2_h6_f2_s42_v1/resume_v1.json
 create mode 100644 smart_building_conformal/outputs/matched_forecasting005/overnight_batch_v1/receipts/bdg2_h6_f2_s42_v1/resume_v1.json.process.json
The bundle contains this ref:
9b673b084a31e34adafb717eb3f052e52b9be994 refs/heads/review/matched-overnight-20260914
The bundle requires this ref:
d95405a005851dd7ffc3635a51034cb883b98671 
The bundle uses this hash algorithm: sha1
C:/Users/nigel/ConfoSenseBackups/matched_overnight_20260914/unit09_9b673b0.bundle is okay
{
  "label": "unit09",
  "utc": "2026-09-13T18:48:25.156350+00:00",
  "branch": "review/matched-overnight-20260914",
  "commit": "9b673b084a31e34adafb717eb3f052e52b9be994",
  "backup": "C:\\Users\\nigel\\ConfoSenseBackups\\matched_overnight_20260914\\unit09_9b673b0.bundle",
  "backup_sha256": "fd9fa12ef56ce637983bb3dcfe8dd128b0f86238191eef17f1ef560b13dd8439",
  "local_science_preserved": true,
  "publication_status": "pending",
  "push_exit": 128,
  "push_output": "fatal: Cannot prompt because user interactivity has been disabled.\nfatal: could not read Username for 'https://github.com': terminal prompts disabled\n"
}
{"command": ["C:/cfs_venv/Scripts/python.exe", "-B", "C:\\Users\\nigel\\OneDrive\\Desktop\\GitHub\\confosense\\review\\matched_overnight_20260914\\publish.py", "--label", "unit09"], "cwd": "C:\\Users\\nigel\\OneDrive\\Desktop\\GitHub\\confosense\\smart_building_conformal", "started_utc": "2026-09-13T18:48:01.732877+00:00", "logger_pid": 14824, "child_pid": 4144, "ended_utc": "2026-09-13T18:48:26.520564+00:00", "seconds": 24.788370000002033, "exit_status": 0}
