VALIDATE horizon 1
VALIDATE horizon 3
VALIDATE horizon 6
{
  "passed": true,
  "method_cells": 30,
  "native_common_metric_rows": 60,
  "seasonal_interval_cells": 6,
  "seasonal_not_applicable": 0,
  "alert_stream_checks": 30,
  "maximum_observed_difference": 5.8181762740971976e-08,
  "models_fitted": 0,
  "calibrators_fitted": 0,
  "source_artifacts_unchanged": true,
  "resources": {
    "seconds": 223.60734129999764,
    "baseline_rss_bytes": 326246400,
    "peak_rss_bytes": 594763776,
    "baseline_private_bytes": 283975680,
    "peak_private_bytes": 630890496,
    "incremental_peak_rss_bytes": 268517376,
    "lifetime_peak_rss_bytes": 596856832,
    "min_available_ram_bytes": 1500168192,
    "sample_interval_seconds": 0.05,
    "process_cpu_seconds": 216.125
  },
  "source_hash": "3a4c89ff6e653d0e036105eec4c43e6ccd4293ff3aa3fb8abfd934942c7c32a2",
  "protocol_hash": "549940da24cc225129b4c53e766c687f57e4a951d0b815a75e3ee330f18231d9",
  "utc": "2026-09-14T14:01:35.271912+00:00"
}
{"command": ["C:/cfs_venv/Scripts/python.exe", "-B", "C:\\Users\\nigel\\OneDrive\\Desktop\\GitHub\\confosense\\review\\matched_intervals005_four_settings_20260914\\measured_action.py", "--measurement", "C:\\Users\\nigel\\OneDrive\\Desktop\\GitHub\\confosense\\smart_building_conformal\\outputs\\matched_intervals005\\four_settings_f2_s42_v2_coordinator\\pleia_energy_validate_worker_resources.json", "--", "validate", "--design-dir", "C:\\Users\\nigel\\OneDrive\\Desktop\\GitHub\\confosense\\smart_building_conformal\\protocols\\matched_intervals005\\pleia_energy_f2_s42_v2", "--out", "C:\\Users\\nigel\\OneDrive\\Desktop\\GitHub\\confosense\\smart_building_conformal\\outputs\\matched_intervals005\\pleia_energy_f2_s42_v2", "--readiness", "C:\\Users\\nigel\\OneDrive\\Desktop\\GitHub\\confosense\\smart_building_conformal\\protocols\\matched_intervals005\\pleia_energy_f2_s42_v2\\readiness.json", "--receipt", "C:\\Users\\nigel\\OneDrive\\Desktop\\GitHub\\confosense\\smart_building_conformal\\outputs\\matched_intervals005\\four_settings_f2_s42_v2_coordinator\\pleia_energy_validation"], "cwd": "C:\\Users\\nigel\\OneDrive\\Desktop\\GitHub\\confosense\\smart_building_conformal", "started_utc": "2026-09-14T13:57:46.814118+00:00", "logger_pid": 33408, "child_pid": 25516, "ended_utc": "2026-09-14T14:01:35.941274+00:00", "seconds": 229.12425079999957, "exit_status": 0}
