{
  "frozen": true,
  "rows": {
    "final_fit": 14855,
    "final_calibration": 4954,
    "outer_test": 9907
  },
  "contexts": 68,
  "schedules": 2856,
  "models_fitted": 0,
  "resources": {
    "seconds": 2.503051699983189,
    "baseline_rss_bytes": 320299008,
    "peak_rss_bytes": 415248384,
    "baseline_private_bytes": 279056384,
    "peak_private_bytes": 392531968,
    "incremental_peak_rss_bytes": 94949376,
    "lifetime_peak_rss_bytes": 417509376,
    "min_available_ram_bytes": 1826140160,
    "sample_interval_seconds": 0.05,
    "process_cpu_seconds": 2.203125
  }
}
