[review/matched-overnight-20260914 278a893] Publish matched overnight evidence: unit06
 227 files changed, 7009 insertions(+), 35 deletions(-)
 create mode 100644 smart_building_conformal/outputs/matched_forecasting005/overnight_batch_v1/attempts/2026-09-13T175848639123+0000_36b8e63b/attempt.json
 create mode 100644 smart_building_conformal/outputs/matched_forecasting005/overnight_batch_v1/attempts/2026-09-13T175848639123+0000_36b8e63b/command.log
 create mode 100644 smart_building_conformal/outputs/matched_forecasting005/overnight_batch_v1/attempts/2026-09-13T175848639123+0000_36b8e63b/command.log.json
 create mode 100644 smart_building_conformal/outputs/matched_forecasting005/overnight_batch_v1/attempts/2026-09-13T175848639123+0000_36b8e63b/command.log.started.json
 create mode 100644 smart_building_conformal/outputs/matched_forecasting005/overnight_batch_v1/attempts/2026-09-13T175848639123+0000_36b8e63b/logger.stdout.log
 create mode 100644 smart_building_conformal/outputs/matched_forecasting005/overnight_batch_v1/attempts/2026-09-13T175922948665+0000_c4fba73f/attempt.json
 create mode 100644 smart_building_conformal/outputs/matched_forecasting005/overnight_batch_v1/attempts/2026-09-13T175922948665+0000_c4fba73f/command.log
 create mode 100644 smart_building_conformal/outputs/matched_forecasting005/overnight_batch_v1/attempts/2026-09-13T175922948665+0000_c4fba73f/command.log.json
 create mode 100644 smart_building_conformal/outputs/matched_forecasting005/overnight_batch_v1/attempts/2026-09-13T175922948665+0000_c4fba73f/command.log.started.json
 create mode 100644 smart_building_conformal/outputs/matched_forecasting005/overnight_batch_v1/attempts/2026-09-13T175922948665+0000_c4fba73f/logger.stdout.log
 create mode 100644 smart_building_conformal/outputs/matched_forecasting005/overnight_batch_v1/attempts/2026-09-13T180154135239+0000_86c5b4ab/attempt.json
 create mode 100644 smart_building_conformal/outputs/matched_forecasting005/overnight_batch_v1/attempts/2026-09-13T180154135239+0000_86c5b4ab/command.log
 create mode 100644 smart_building_conformal/outputs/matched_forecasting005/overnight_batch_v1/attempts/2026-09-13T180154135239+0000_86c5b4ab/command.log.json
 create mode 100644 smart_building_conformal/outputs/matched_forecasting005/overnight_batch_v1/attempts/2026-09-13T180154135239+0000_86c5b4ab/command.log.started.json
 create mode 100644 smart_building_conformal/outputs/matched_forecasting005/overnight_batch_v1/attempts/2026-09-13T180154135239+0000_86c5b4ab/logger.stdout.log
 create mode 100644 smart_building_conformal/outputs/matched_forecasting005/overnight_batch_v1/attempts/2026-09-13T180220426443+0000_f66d48ce/attempt.json
 create mode 100644 smart_building_conformal/outputs/matched_forecasting005/overnight_batch_v1/attempts/2026-09-13T180220426443+0000_f66d48ce/command.log
 create mode 100644 smart_building_conformal/outputs/matched_forecasting005/overnight_batch_v1/attempts/2026-09-13T180220426443+0000_f66d48ce/command.log.json
 create mode 100644 smart_building_conformal/outputs/matched_forecasting005/overnight_batch_v1/attempts/2026-09-13T180220426443+0000_f66d48ce/command.log.started.json
 create mode 100644 smart_building_conformal/outputs/matched_forecasting005/overnight_batch_v1/attempts/2026-09-13T180220426443+0000_f66d48ce/logger.stdout.log
 create mode 100644 smart_building_conformal/outputs/matched_forecasting005/overnight_batch_v1/attempts/2026-09-13T180242696487+0000_c6c3e823/attempt.json
 create mode 100644 smart_building_conformal/outputs/matched_forecasting005/overnight_batch_v1/attempts/2026-09-13T180242696487+0000_c6c3e823/command.log
 create mode 100644 smart_building_conformal/outputs/matched_forecasting005/overnight_batch_v1/attempts/2026-09-13T180242696487+0000_c6c3e823/command.log.json
 create mode 100644 smart_building_conformal/outputs/matched_forecasting005/overnight_batch_v1/attempts/2026-09-13T180242696487+0000_c6c3e823/command.log.started.json
 create mode 100644 smart_building_conformal/outputs/matched_forecasting005/overnight_batch_v1/attempts/2026-09-13T180242696487+0000_c6c3e823/groups/comparison.csv
 create mode 100644 smart_building_conformal/outputs/matched_forecasting005/overnight_batch_v1/attempts/2026-09-13T180242696487+0000_c6c3e823/groups/equal_group_diagnostics.csv
 create mode 100644 smart_building_conformal/outputs/matched_forecasting005/overnight_batch_v1/attempts/2026-09-13T180242696487+0000_c6c3e823/groups/group_metrics.csv
 create mode 100644 smart_building_conformal/outputs/matched_forecasting005/overnight_batch_v1/attempts/2026-09-13T180242696487+0000_c6c3e823/groups/model_costs.csv
 create mode 100644 smart_building_conformal/outputs/matched_forecasting005/overnight_batch_v1/attempts/2026-09-13T180242696487+0000_c6c3e823/groups/rico_phase_metrics.csv
 create mode 100644 smart_building_conformal/outputs/matched_forecasting005/overnight_batch_v1/attempts/2026-09-13T180242696487+0000_c6c3e823/groups/target_diagnostics.csv
 create mode 100644 smart_building_conformal/outputs/matched_forecasting005/overnight_batch_v1/attempts/2026-09-13T180242696487+0000_c6c3e823/groups/validation.json
 create mode 100644 smart_building_conformal/outputs/matched_forecasting005/overnight_batch_v1/attempts/2026-09-13T180242696487+0000_c6c3e823/logger.stdout.log
 create mode 100644 smart_building_conformal/outputs/matched_forecasting005/overnight_batch_v1/attempts/2026-09-13T180249095490+0000_4a054a39/attempt.json
 create mode 100644 smart_building_conformal/outputs/matched_forecasting005/overnight_batch_v1/attempts/2026-09-13T180249095490+0000_4a054a39/command.log
 create mode 100644 smart_building_conformal/outputs/matched_forecasting005/overnight_batch_v1/attempts/2026-09-13T180249095490+0000_4a054a39/command.log.json
 create mode 100644 smart_building_conformal/outputs/matched_forecasting005/overnight_batch_v1/attempts/2026-09-13T180249095490+0000_4a054a39/command.log.started.json
 create mode 100644 smart_building_conformal/outputs/matched_forecasting005/overnight_batch_v1/attempts/2026-09-13T180249095490+0000_4a054a39/logger.stdout.log
 create mode 100644 smart_building_conformal/outputs/matched_forecasting005/overnight_batch_v1/attempts/2026-09-13T180450061124+0000_dc4ef4d1/attempt.json
 create mode 100644 smart_building_conformal/outputs/matched_forecasting005/overnight_batch_v1/attempts/2026-09-13T180450061124+0000_dc4ef4d1/command.log
 create mode 100644 smart_building_conformal/outputs/matched_forecasting005/overnight_batch_v1/attempts/2026-09-13T180450061124+0000_dc4ef4d1/command.log.json
 create mode 100644 smart_building_conformal/outputs/matched_forecasting005/overnight_batch_v1/attempts/2026-09-13T180450061124+0000_dc4ef4d1/command.log.started.json
 create mode 100644 smart_building_conformal/outputs/matched_forecasting005/overnight_batch_v1/attempts/2026-09-13T180450061124+0000_dc4ef4d1/logger.stdout.log
 create mode 100644 smart_building_conformal/outputs/matched_forecasting005/overnight_batch_v1/attempts/2026-09-13T180516336941+0000_49474558/attempt.json
 create mode 100644 smart_building_conformal/outputs/matched_forecasting005/overnight_batch_v1/attempts/2026-09-13T180516336941+0000_49474558/command.log
 create mode 100644 smart_building_conformal/outputs/matched_forecasting005/overnight_batch_v1/attempts/2026-09-13T180516336941+0000_49474558/command.log.json
 create mode 100644 smart_building_conformal/outputs/matched_forecasting005/overnight_batch_v1/attempts/2026-09-13T180516336941+0000_49474558/command.log.started.json
 create mode 100644 smart_building_conformal/outputs/matched_forecasting005/overnight_batch_v1/attempts/2026-09-13T180516336941+0000_49474558/logger.stdout.log
 create mode 100644 smart_building_conformal/outputs/matched_forecasting005/overnight_batch_v1/attempts/2026-09-13T180538624917+0000_14192dfc/attempt.json
 create mode 100644 smart_building_conformal/outputs/matched_forecasting005/overnight_batch_v1/attempts/2026-09-13T180538624917+0000_14192dfc/command.log
 create mode 100644 smart_building_conformal/outputs/matched_forecasting005/overnight_batch_v1/attempts/2026-09-13T180538624917+0000_14192dfc/command.log.json
 create mode 100644 smart_building_conformal/outputs/matched_forecasting005/overnight_batch_v1/attempts/2026-09-13T180538624917+0000_14192dfc/command.log.started.json
 create mode 100644 smart_building_conformal/outputs/matched_forecasting005/overnight_batch_v1/attempts/2026-09-13T180538624917+0000_14192dfc/groups/comparison.csv
 create mode 100644 smart_building_conformal/outputs/matched_forecasting005/overnight_batch_v1/attempts/2026-09-13T180538624917+0000_14192dfc/groups/equal_group_diagnostics.csv
 create mode 100644 smart_building_conformal/outputs/matched_forecasting005/overnight_batch_v1/attempts/2026-09-13T180538624917+0000_14192dfc/groups/group_metrics.csv
 create mode 100644 smart_building_conformal/outputs/matched_forecasting005/overnight_batch_v1/attempts/2026-09-13T180538624917+0000_14192dfc/groups/model_costs.csv
 create mode 100644 smart_building_conformal/outputs/matched_forecasting005/overnight_batch_v1/attempts/2026-09-13T180538624917+0000_14192dfc/groups/rico_phase_metrics.csv
 create mode 100644 smart_building_conformal/outputs/matched_forecasting005/overnight_batch_v1/attempts/2026-09-13T180538624917+0000_14192dfc/groups/target_diagnostics.csv
 create mode 100644 smart_building_conformal/outputs/matched_forecasting005/overnight_batch_v1/attempts/2026-09-13T180538624917+0000_14192dfc/groups/validation.json
 create mode 100644 smart_building_conformal/outputs/matched_forecasting005/overnight_batch_v1/attempts/2026-09-13T180538624917+0000_14192dfc/logger.stdout.log
 create mode 100644 smart_building_conformal/outputs/matched_forecasting005/overnight_batch_v1/attempts/2026-09-13T180545033322+0000_4dfea6be/attempt.json
 create mode 100644 smart_building_conformal/outputs/matched_forecasting005/overnight_batch_v1/attempts/2026-09-13T180545033322+0000_4dfea6be/command.log
 create mode 100644 smart_building_conformal/outputs/matched_forecasting005/overnight_batch_v1/attempts/2026-09-13T180545033322+0000_4dfea6be/command.log.json
 create mode 100644 smart_building_conformal/outputs/matched_forecasting005/overnight_batch_v1/attempts/2026-09-13T180545033322+0000_4dfea6be/command.log.started.json
 create mode 100644 smart_building_conformal/outputs/matched_forecasting005/overnight_batch_v1/attempts/2026-09-13T180545033322+0000_4dfea6be/logger.stdout.log
 create mode 100644 smart_building_conformal/outputs/matched_forecasting005/overnight_batch_v1/attempts/2026-09-13T180657646491+0000_8150bbbf/attempt.json
 create mode 100644 smart_building_conformal/outputs/matched_forecasting005/overnight_batch_v1/attempts/2026-09-13T180657646491+0000_8150bbbf/command.log
 create mode 100644 smart_building_conformal/outputs/matched_forecasting005/overnight_batch_v1/attempts/2026-09-13T180657646491+0000_8150bbbf/command.log.json
 create mode 100644 smart_building_conformal/outputs/matched_forecasting005/overnight_batch_v1/attempts/2026-09-13T180657646491+0000_8150bbbf/command.log.started.json
 create mode 100644 smart_building_conformal/outputs/matched_forecasting005/overnight_batch_v1/attempts/2026-09-13T180657646491+0000_8150bbbf/logger.stdout.log
 create mode 100644 smart_building_conformal/outputs/matched_forecasting005/overnight_batch_v1/attempts/2026-09-13T180721918118+0000_244efac9/attempt.json
 create mode 100644 smart_building_conformal/outputs/matched_forecasting005/overnight_batch_v1/attempts/2026-09-13T180721918118+0000_244efac9/command.log
 create mode 100644 smart_building_conformal/outputs/matched_forecasting005/overnight_batch_v1/attempts/2026-09-13T180721918118+0000_244efac9/command.log.json
 create mode 100644 smart_building_conformal/outputs/matched_forecasting005/overnight_batch_v1/attempts/2026-09-13T180721918118+0000_244efac9/command.log.started.json
 create mode 100644 smart_building_conformal/outputs/matched_forecasting005/overnight_batch_v1/attempts/2026-09-13T180721918118+0000_244efac9/logger.stdout.log
 create mode 100644 smart_building_conformal/outputs/matched_forecasting005/overnight_batch_v1/attempts/2026-09-13T180744183842+0000_e070c3d7/attempt.json
 create mode 100644 smart_building_conformal/outputs/matched_forecasting005/overnight_batch_v1/attempts/2026-09-13T180744183842+0000_e070c3d7/command.log
 create mode 100644 smart_building_conformal/outputs/matched_forecasting005/overnight_batch_v1/attempts/2026-09-13T180744183842+0000_e070c3d7/command.log.json
 create mode 100644 smart_building_conformal/outputs/matched_forecasting005/overnight_batch_v1/attempts/2026-09-13T180744183842+0000_e070c3d7/command.log.started.json
 create mode 100644 smart_building_conformal/outputs/matched_forecasting005/overnight_batch_v1/attempts/2026-09-13T180744183842+0000_e070c3d7/groups/comparison.csv
 create mode 100644 smart_building_conformal/outputs/matched_forecasting005/overnight_batch_v1/attempts/2026-09-13T180744183842+0000_e070c3d7/groups/equal_group_diagnostics.csv
 create mode 100644 smart_building_conformal/outputs/matched_forecasting005/overnight_batch_v1/attempts/2026-09-13T180744183842+0000_e070c3d7/groups/group_metrics.csv
 create mode 100644 smart_building_conformal/outputs/matched_forecasting005/overnight_batch_v1/attempts/2026-09-13T180744183842+0000_e070c3d7/groups/model_costs.csv
 create mode 100644 smart_building_conformal/outputs/matched_forecasting005/overnight_batch_v1/attempts/2026-09-13T180744183842+0000_e070c3d7/groups/rico_phase_metrics.csv
 create mode 100644 smart_building_conformal/outputs/matched_forecasting005/overnight_batch_v1/attempts/2026-09-13T180744183842+0000_e070c3d7/groups/target_diagnostics.csv
 create mode 100644 smart_building_conformal/outputs/matched_forecasting005/overnight_batch_v1/attempts/2026-09-13T180744183842+0000_e070c3d7/groups/validation.json
 create mode 100644 smart_building_conformal/outputs/matched_forecasting005/overnight_batch_v1/attempts/2026-09-13T180744183842+0000_e070c3d7/logger.stdout.log
 create mode 100644 smart_building_conformal/outputs/matched_forecasting005/overnight_batch_v1/receipts/rico_h15_f2_s42_v1/audit_v1/independent_selection.csv
 create mode 100644 smart_building_conformal/outputs/matched_forecasting005/overnight_batch_v1/receipts/rico_h15_f2_s42_v1/audit_v1/learned_fit_measurements.csv
 create mode 100644 smart_building_conformal/outputs/matched_forecasting005/overnight_batch_v1/receipts/rico_h15_f2_s42_v1/audit_v1/phase_measurements.csv
 create mode 100644 smart_building_conformal/outputs/matched_forecasting005/overnight_batch_v1/receipts/rico_h15_f2_s42_v1/audit_v1/recomputed_interval_metrics.csv
 create mode 100644 smart_building_conformal/outputs/matched_forecasting005/overnight_batch_v1/receipts/rico_h15_f2_s42_v1/audit_v1/recomputed_point_metrics.csv
 create mode 100644 smart_building_conformal/outputs/matched_forecasting005/overnight_batch_v1/receipts/rico_h15_f2_s42_v1/audit_v1/saved_model_verification.csv
 create mode 100644 smart_building_conformal/outputs/matched_forecasting005/overnight_batch_v1/receipts/rico_h15_f2_s42_v1/audit_v1/validation.json
 create mode 100644 smart_building_conformal/outputs/matched_forecasting005/overnight_batch_v1/receipts/rico_h15_f2_s42_v1/resume_v1.json
 create mode 100644 smart_building_conformal/outputs/matched_forecasting005/overnight_batch_v1/receipts/rico_h15_f2_s42_v1/resume_v1.json.process.json
 create mode 100644 smart_building_conformal/outputs/matched_forecasting005/overnight_batch_v1/receipts/rico_h30_f2_s42_v1/audit_v1/independent_selection.csv
 create mode 100644 smart_building_conformal/outputs/matched_forecasting005/overnight_batch_v1/receipts/rico_h30_f2_s42_v1/audit_v1/learned_fit_measurements.csv
 create mode 100644 smart_building_conformal/outputs/matched_forecasting005/overnight_batch_v1/receipts/rico_h30_f2_s42_v1/audit_v1/phase_measurements.csv
 create mode 100644 smart_building_conformal/outputs/matched_forecasting005/overnight_batch_v1/receipts/rico_h30_f2_s42_v1/audit_v1/recomputed_interval_metrics.csv
 create mode 100644 smart_building_conformal/outputs/matched_forecasting005/overnight_batch_v1/receipts/rico_h30_f2_s42_v1/audit_v1/recomputed_point_metrics.csv
 create mode 100644 smart_building_conformal/outputs/matched_forecasting005/overnight_batch_v1/receipts/rico_h30_f2_s42_v1/audit_v1/saved_model_verification.csv
 create mode 100644 smart_building_conformal/outputs/matched_forecasting005/overnight_batch_v1/receipts/rico_h30_f2_s42_v1/audit_v1/validation.json
 create mode 100644 smart_building_conformal/outputs/matched_forecasting005/overnight_batch_v1/receipts/rico_h30_f2_s42_v1/resume_v1.json
 create mode 100644 smart_building_conformal/outputs/matched_forecasting005/overnight_batch_v1/receipts/rico_h30_f2_s42_v1/resume_v1.json.process.json
 create mode 100644 smart_building_conformal/outputs/matched_forecasting005/overnight_batch_v1/receipts/rico_h60_f2_s42_v1/audit_v1/independent_selection.csv
 create mode 100644 smart_building_conformal/outputs/matched_forecasting005/overnight_batch_v1/receipts/rico_h60_f2_s42_v1/audit_v1/learned_fit_measurements.csv
 create mode 100644 smart_building_conformal/outputs/matched_forecasting005/overnight_batch_v1/receipts/rico_h60_f2_s42_v1/audit_v1/phase_measurements.csv
 create mode 100644 smart_building_conformal/outputs/matched_forecasting005/overnight_batch_v1/receipts/rico_h60_f2_s42_v1/audit_v1/recomputed_interval_metrics.csv
 create mode 100644 smart_building_conformal/outputs/matched_forecasting005/overnight_batch_v1/receipts/rico_h60_f2_s42_v1/audit_v1/recomputed_point_metrics.csv
 create mode 100644 smart_building_conformal/outputs/matched_forecasting005/overnight_batch_v1/receipts/rico_h60_f2_s42_v1/audit_v1/saved_model_verification.csv
 create mode 100644 smart_building_conformal/outputs/matched_forecasting005/overnight_batch_v1/receipts/rico_h60_f2_s42_v1/audit_v1/validation.json
 create mode 100644 smart_building_conformal/outputs/matched_forecasting005/overnight_batch_v1/receipts/rico_h60_f2_s42_v1/resume_v1.json
 create mode 100644 smart_building_conformal/outputs/matched_forecasting005/overnight_batch_v1/receipts/rico_h60_f2_s42_v1/resume_v1.json.process.json
 create mode 100644 smart_building_conformal/outputs/matched_forecasting005/rico_h15_f2_s42_v1.process.json
 create mode 100644 smart_building_conformal/outputs/matched_forecasting005/rico_h15_f2_s42_v1/checkpoint_io_20260913T180152552538.json
 create mode 100644 smart_building_conformal/outputs/matched_forecasting005/rico_h15_f2_s42_v1/checkpoint_manifest.json
 create mode 100644 smart_building_conformal/outputs/matched_forecasting005/rico_h15_f2_s42_v1/execution_environment.json
 create mode 100644 smart_building_conformal/outputs/matched_forecasting005/rico_h15_f2_s42_v1/fit_calls.jsonl
 create mode 100644 smart_building_conformal/outputs/matched_forecasting005/rico_h15_f2_s42_v1/interval_quality.csv
 create mode 100644 smart_building_conformal/outputs/matched_forecasting005/rico_h15_f2_s42_v1/point_summary.csv
 create mode 100644 smart_building_conformal/outputs/matched_forecasting005/rico_h15_f2_s42_v1/run_summary.json
 create mode 100644 smart_building_conformal/outputs/matched_forecasting005/rico_h15_f2_s42_v1/units/rico_h15_f2_s42_attention_lstm/COMPLETE.json
 create mode 100644 smart_building_conformal/outputs/matched_forecasting005/rico_h15_f2_s42_v1/units/rico_h15_f2_s42_attention_lstm/calibration.csv.gz
 create mode 100644 smart_building_conformal/outputs/matched_forecasting005/rico_h15_f2_s42_v1/units/rico_h15_f2_s42_attention_lstm/fitting_membership.csv.gz
 create mode 100644 smart_building_conformal/outputs/matched_forecasting005/rico_h15_f2_s42_v1/units/rico_h15_f2_s42_attention_lstm/model.pt
 create mode 100644 smart_building_conformal/outputs/matched_forecasting005/rico_h15_f2_s42_v1/units/rico_h15_f2_s42_attention_lstm/payload.json
 create mode 100644 smart_building_conformal/outputs/matched_forecasting005/rico_h15_f2_s42_v1/units/rico_h15_f2_s42_attention_lstm/predictions.csv.gz
 create mode 100644 smart_building_conformal/outputs/matched_forecasting005/rico_h15_f2_s42_v1/units/rico_h15_f2_s42_attention_lstm/training_history.csv.gz
 create mode 100644 smart_building_conformal/outputs/matched_forecasting005/rico_h15_f2_s42_v1/units/rico_h15_f2_s42_attention_lstm/tuning.csv.gz
 create mode 100644 smart_building_conformal/outputs/matched_forecasting005/rico_h15_f2_s42_v1/units/rico_h15_f2_s42_attention_lstm/tuning_predictions.csv.gz
 create mode 100644 smart_building_conformal/outputs/matched_forecasting005/rico_h15_f2_s42_v1/units/rico_h15_f2_s42_persistence/COMPLETE.json
 create mode 100644 smart_building_conformal/outputs/matched_forecasting005/rico_h15_f2_s42_v1/units/rico_h15_f2_s42_persistence/calibration.csv.gz
 create mode 100644 smart_building_conformal/outputs/matched_forecasting005/rico_h15_f2_s42_v1/units/rico_h15_f2_s42_persistence/fitting_membership.csv.gz
 create mode 100644 smart_building_conformal/outputs/matched_forecasting005/rico_h15_f2_s42_v1/units/rico_h15_f2_s42_persistence/model.json
 create mode 100644 smart_building_conformal/outputs/matched_forecasting005/rico_h15_f2_s42_v1/units/rico_h15_f2_s42_persistence/payload.json
 create mode 100644 smart_building_conformal/outputs/matched_forecasting005/rico_h15_f2_s42_v1/units/rico_h15_f2_s42_persistence/predictions.csv.gz
 create mode 100644 smart_building_conformal/outputs/matched_forecasting005/rico_h15_f2_s42_v1/units/rico_h15_f2_s42_persistence/training_history.csv.gz
 create mode 100644 smart_building_conformal/outputs/matched_forecasting005/rico_h15_f2_s42_v1/units/rico_h15_f2_s42_persistence/tuning.csv.gz
 create mode 100644 smart_building_conformal/outputs/matched_forecasting005/rico_h15_f2_s42_v1/units/rico_h15_f2_s42_persistence/tuning_predictions.csv.gz
 create mode 100644 smart_building_conformal/outputs/matched_forecasting005/rico_h15_f2_s42_v1/units/rico_h15_f2_s42_xgboost/COMPLETE.json
 create mode 100644 smart_building_conformal/outputs/matched_forecasting005/rico_h15_f2_s42_v1/units/rico_h15_f2_s42_xgboost/booster_config.json
 create mode 100644 smart_building_conformal/outputs/matched_forecasting005/rico_h15_f2_s42_v1/units/rico_h15_f2_s42_xgboost/calibration.csv.gz
 create mode 100644 smart_building_conformal/outputs/matched_forecasting005/rico_h15_f2_s42_v1/units/rico_h15_f2_s42_xgboost/fitting_membership.csv.gz
 create mode 100644 smart_building_conformal/outputs/matched_forecasting005/rico_h15_f2_s42_v1/units/rico_h15_f2_s42_xgboost/model.ubj
 create mode 100644 smart_building_conformal/outputs/matched_forecasting005/rico_h15_f2_s42_v1/units/rico_h15_f2_s42_xgboost/payload.json
 create mode 100644 smart_building_conformal/outputs/matched_forecasting005/rico_h15_f2_s42_v1/units/rico_h15_f2_s42_xgboost/predictions.csv.gz
 create mode 100644 smart_building_conformal/outputs/matched_forecasting005/rico_h15_f2_s42_v1/units/rico_h15_f2_s42_xgboost/training_history.csv.gz
 create mode 100644 smart_building_conformal/outputs/matched_forecasting005/rico_h15_f2_s42_v1/units/rico_h15_f2_s42_xgboost/tuning.csv.gz
 create mode 100644 smart_building_conformal/outputs/matched_forecasting005/rico_h15_f2_s42_v1/units/rico_h15_f2_s42_xgboost/tuning_predictions.csv.gz
 create mode 100644 smart_building_conformal/outputs/matched_forecasting005/rico_h30_f2_s42_v1.process.json
 create mode 100644 smart_building_conformal/outputs/matched_forecasting005/rico_h30_f2_s42_v1/checkpoint_io_20260913T180447985416.json
 create mode 100644 smart_building_conformal/outputs/matched_forecasting005/rico_h30_f2_s42_v1/checkpoint_manifest.json
 create mode 100644 smart_building_conformal/outputs/matched_forecasting005/rico_h30_f2_s42_v1/execution_environment.json
 create mode 100644 smart_building_conformal/outputs/matched_forecasting005/rico_h30_f2_s42_v1/fit_calls.jsonl
 create mode 100644 smart_building_conformal/outputs/matched_forecasting005/rico_h30_f2_s42_v1/interval_quality.csv
 create mode 100644 smart_building_conformal/outputs/matched_forecasting005/rico_h30_f2_s42_v1/point_summary.csv
 create mode 100644 smart_building_conformal/outputs/matched_forecasting005/rico_h30_f2_s42_v1/run_summary.json
 create mode 100644 smart_building_conformal/outputs/matched_forecasting005/rico_h30_f2_s42_v1/units/rico_h30_f2_s42_attention_lstm/COMPLETE.json
 create mode 100644 smart_building_conformal/outputs/matched_forecasting005/rico_h30_f2_s42_v1/units/rico_h30_f2_s42_attention_lstm/calibration.csv.gz
 create mode 100644 smart_building_conformal/outputs/matched_forecasting005/rico_h30_f2_s42_v1/units/rico_h30_f2_s42_attention_lstm/fitting_membership.csv.gz
 create mode 100644 smart_building_conformal/outputs/matched_forecasting005/rico_h30_f2_s42_v1/units/rico_h30_f2_s42_attention_lstm/model.pt
 create mode 100644 smart_building_conformal/outputs/matched_forecasting005/rico_h30_f2_s42_v1/units/rico_h30_f2_s42_attention_lstm/payload.json
 create mode 100644 smart_building_conformal/outputs/matched_forecasting005/rico_h30_f2_s42_v1/units/rico_h30_f2_s42_attention_lstm/predictions.csv.gz
 create mode 100644 smart_building_conformal/outputs/matched_forecasting005/rico_h30_f2_s42_v1/units/rico_h30_f2_s42_attention_lstm/training_history.csv.gz
 create mode 100644 smart_building_conformal/outputs/matched_forecasting005/rico_h30_f2_s42_v1/units/rico_h30_f2_s42_attention_lstm/tuning.csv.gz
 create mode 100644 smart_building_conformal/outputs/matched_forecasting005/rico_h30_f2_s42_v1/units/rico_h30_f2_s42_attention_lstm/tuning_predictions.csv.gz
 create mode 100644 smart_building_conformal/outputs/matched_forecasting005/rico_h30_f2_s42_v1/units/rico_h30_f2_s42_persistence/COMPLETE.json
 create mode 100644 smart_building_conformal/outputs/matched_forecasting005/rico_h30_f2_s42_v1/units/rico_h30_f2_s42_persistence/calibration.csv.gz
 create mode 100644 smart_building_conformal/outputs/matched_forecasting005/rico_h30_f2_s42_v1/units/rico_h30_f2_s42_persistence/fitting_membership.csv.gz
 create mode 100644 smart_building_conformal/outputs/matched_forecasting005/rico_h30_f2_s42_v1/units/rico_h30_f2_s42_persistence/model.json
 create mode 100644 smart_building_conformal/outputs/matched_forecasting005/rico_h30_f2_s42_v1/units/rico_h30_f2_s42_persistence/payload.json
 create mode 100644 smart_building_conformal/outputs/matched_forecasting005/rico_h30_f2_s42_v1/units/rico_h30_f2_s42_persistence/predictions.csv.gz
 create mode 100644 smart_building_conformal/outputs/matched_forecasting005/rico_h30_f2_s42_v1/units/rico_h30_f2_s42_persistence/training_history.csv.gz
 create mode 100644 smart_building_conformal/outputs/matched_forecasting005/rico_h30_f2_s42_v1/units/rico_h30_f2_s42_persistence/tuning.csv.gz
 create mode 100644 smart_building_conformal/outputs/matched_forecasting005/rico_h30_f2_s42_v1/units/rico_h30_f2_s42_persistence/tuning_predictions.csv.gz
 create mode 100644 smart_building_conformal/outputs/matched_forecasting005/rico_h30_f2_s42_v1/units/rico_h30_f2_s42_xgboost/COMPLETE.json
 create mode 100644 smart_building_conformal/outputs/matched_forecasting005/rico_h30_f2_s42_v1/units/rico_h30_f2_s42_xgboost/booster_config.json
 create mode 100644 smart_building_conformal/outputs/matched_forecasting005/rico_h30_f2_s42_v1/units/rico_h30_f2_s42_xgboost/calibration.csv.gz
 create mode 100644 smart_building_conformal/outputs/matched_forecasting005/rico_h30_f2_s42_v1/units/rico_h30_f2_s42_xgboost/fitting_membership.csv.gz
 create mode 100644 smart_building_conformal/outputs/matched_forecasting005/rico_h30_f2_s42_v1/units/rico_h30_f2_s42_xgboost/model.ubj
 create mode 100644 smart_building_conformal/outputs/matched_forecasting005/rico_h30_f2_s42_v1/units/rico_h30_f2_s42_xgboost/payload.json
 create mode 100644 smart_building_conformal/outputs/matched_forecasting005/rico_h30_f2_s42_v1/units/rico_h30_f2_s42_xgboost/predictions.csv.gz
 create mode 100644 smart_building_conformal/outputs/matched_forecasting005/rico_h30_f2_s42_v1/units/rico_h30_f2_s42_xgboost/training_history.csv.gz
 create mode 100644 smart_building_conformal/outputs/matched_forecasting005/rico_h30_f2_s42_v1/units/rico_h30_f2_s42_xgboost/tuning.csv.gz
 create mode 100644 smart_building_conformal/outputs/matched_forecasting005/rico_h30_f2_s42_v1/units/rico_h30_f2_s42_xgboost/tuning_predictions.csv.gz
 create mode 100644 smart_building_conformal/outputs/matched_forecasting005/rico_h60_f2_s42_v1.process.json
 create mode 100644 smart_building_conformal/outputs/matched_forecasting005/rico_h60_f2_s42_v1/checkpoint_io_20260913T180654747277.json
 create mode 100644 smart_building_conformal/outputs/matched_forecasting005/rico_h60_f2_s42_v1/checkpoint_manifest.json
 create mode 100644 smart_building_conformal/outputs/matched_forecasting005/rico_h60_f2_s42_v1/execution_environment.json
 create mode 100644 smart_building_conformal/outputs/matched_forecasting005/rico_h60_f2_s42_v1/fit_calls.jsonl
 create mode 100644 smart_building_conformal/outputs/matched_forecasting005/rico_h60_f2_s42_v1/interval_quality.csv
 create mode 100644 smart_building_conformal/outputs/matched_forecasting005/rico_h60_f2_s42_v1/point_summary.csv
 create mode 100644 smart_building_conformal/outputs/matched_forecasting005/rico_h60_f2_s42_v1/run_summary.json
 create mode 100644 smart_building_conformal/outputs/matched_forecasting005/rico_h60_f2_s42_v1/units/rico_h60_f2_s42_attention_lstm/COMPLETE.json
 create mode 100644 smart_building_conformal/outputs/matched_forecasting005/rico_h60_f2_s42_v1/units/rico_h60_f2_s42_attention_lstm/calibration.csv.gz
 create mode 100644 smart_building_conformal/outputs/matched_forecasting005/rico_h60_f2_s42_v1/units/rico_h60_f2_s42_attention_lstm/fitting_membership.csv.gz
 create mode 100644 smart_building_conformal/outputs/matched_forecasting005/rico_h60_f2_s42_v1/units/rico_h60_f2_s42_attention_lstm/model.pt
 create mode 100644 smart_building_conformal/outputs/matched_forecasting005/rico_h60_f2_s42_v1/units/rico_h60_f2_s42_attention_lstm/payload.json
 create mode 100644 smart_building_conformal/outputs/matched_forecasting005/rico_h60_f2_s42_v1/units/rico_h60_f2_s42_attention_lstm/predictions.csv.gz
 create mode 100644 smart_building_conformal/outputs/matched_forecasting005/rico_h60_f2_s42_v1/units/rico_h60_f2_s42_attention_lstm/training_history.csv.gz
 create mode 100644 smart_building_conformal/outputs/matched_forecasting005/rico_h60_f2_s42_v1/units/rico_h60_f2_s42_attention_lstm/tuning.csv.gz
 create mode 100644 smart_building_conformal/outputs/matched_forecasting005/rico_h60_f2_s42_v1/units/rico_h60_f2_s42_attention_lstm/tuning_predictions.csv.gz
 create mode 100644 smart_building_conformal/outputs/matched_forecasting005/rico_h60_f2_s42_v1/units/rico_h60_f2_s42_persistence/COMPLETE.json
 create mode 100644 smart_building_conformal/outputs/matched_forecasting005/rico_h60_f2_s42_v1/units/rico_h60_f2_s42_persistence/calibration.csv.gz
 create mode 100644 smart_building_conformal/outputs/matched_forecasting005/rico_h60_f2_s42_v1/units/rico_h60_f2_s42_persistence/fitting_membership.csv.gz
 create mode 100644 smart_building_conformal/outputs/matched_forecasting005/rico_h60_f2_s42_v1/units/rico_h60_f2_s42_persistence/model.json
 create mode 100644 smart_building_conformal/outputs/matched_forecasting005/rico_h60_f2_s42_v1/units/rico_h60_f2_s42_persistence/payload.json
 create mode 100644 smart_building_conformal/outputs/matched_forecasting005/rico_h60_f2_s42_v1/units/rico_h60_f2_s42_persistence/predictions.csv.gz
 create mode 100644 smart_building_conformal/outputs/matched_forecasting005/rico_h60_f2_s42_v1/units/rico_h60_f2_s42_persistence/training_history.csv.gz
 create mode 100644 smart_building_conformal/outputs/matched_forecasting005/rico_h60_f2_s42_v1/units/rico_h60_f2_s42_persistence/tuning.csv.gz
 create mode 100644 smart_building_conformal/outputs/matched_forecasting005/rico_h60_f2_s42_v1/units/rico_h60_f2_s42_persistence/tuning_predictions.csv.gz
 create mode 100644 smart_building_conformal/outputs/matched_forecasting005/rico_h60_f2_s42_v1/units/rico_h60_f2_s42_xgboost/COMPLETE.json
 create mode 100644 smart_building_conformal/outputs/matched_forecasting005/rico_h60_f2_s42_v1/units/rico_h60_f2_s42_xgboost/booster_config.json
 create mode 100644 smart_building_conformal/outputs/matched_forecasting005/rico_h60_f2_s42_v1/units/rico_h60_f2_s42_xgboost/calibration.csv.gz
 create mode 100644 smart_building_conformal/outputs/matched_forecasting005/rico_h60_f2_s42_v1/units/rico_h60_f2_s42_xgboost/fitting_membership.csv.gz
 create mode 100644 smart_building_conformal/outputs/matched_forecasting005/rico_h60_f2_s42_v1/units/rico_h60_f2_s42_xgboost/model.ubj
 create mode 100644 smart_building_conformal/outputs/matched_forecasting005/rico_h60_f2_s42_v1/units/rico_h60_f2_s42_xgboost/payload.json
 create mode 100644 smart_building_conformal/outputs/matched_forecasting005/rico_h60_f2_s42_v1/units/rico_h60_f2_s42_xgboost/predictions.csv.gz
 create mode 100644 smart_building_conformal/outputs/matched_forecasting005/rico_h60_f2_s42_v1/units/rico_h60_f2_s42_xgboost/training_history.csv.gz
 create mode 100644 smart_building_conformal/outputs/matched_forecasting005/rico_h60_f2_s42_v1/units/rico_h60_f2_s42_xgboost/tuning.csv.gz
 create mode 100644 smart_building_conformal/outputs/matched_forecasting005/rico_h60_f2_s42_v1/units/rico_h60_f2_s42_xgboost/tuning_predictions.csv.gz
The bundle contains this ref:
278a89377c932a4360311e7cec4b0c01ade27659 refs/heads/review/matched-overnight-20260914
The bundle requires this ref:
d95405a005851dd7ffc3635a51034cb883b98671 
The bundle uses this hash algorithm: sha1
C:/Users/nigel/ConfoSenseBackups/matched_overnight_20260914/unit06_278a893.bundle is okay
{
  "label": "unit06",
  "utc": "2026-09-13T18:08:04.368863+00:00",
  "branch": "review/matched-overnight-20260914",
  "commit": "278a89377c932a4360311e7cec4b0c01ade27659",
  "backup": "C:\\Users\\nigel\\ConfoSenseBackups\\matched_overnight_20260914\\unit06_278a893.bundle",
  "backup_sha256": "05b1c3fd33cdfc08414611558f7a36a85cfbdee2a2317541ce411548646d2c9e",
  "local_science_preserved": true,
  "publication_status": "pending",
  "push_exit": 128,
  "push_output": "fatal: Cannot prompt because user interactivity has been disabled.\nfatal: could not read Username for 'https://github.com': terminal prompts disabled\n"
}
