Traceback (most recent call last):
  File "<frozen runpy>", line 198, in _run_module_as_main
  File "<frozen runpy>", line 88, in _run_code
  File "C:\Users\nigel\OneDrive\Desktop\GitHub\confosense\smart_building_conformal\src\conditional_context005.py", line 242, in <module>
    if __name__=='__main__':main()
                            ^^^^^^
  File "C:\Users\nigel\OneDrive\Desktop\GitHub\confosense\smart_building_conformal\src\conditional_context005.py", line 239, in main
    result=validate(a.design,a.out,a.receipt)
           ^^^^^^^^^^^^^^^^^^^^^^^^^^^^^^^^^^
  File "C:\Users\nigel\OneDrive\Desktop\GitHub\confosense\smart_building_conformal\src\context005_validate.py", line 116, in validate
    observations=table(path/'observations.csv.gz');close(observations.observed,obs,'independent_observations')
                                                   ^^^^^^^^^^^^^^^^^^^^^^^^^^^^^^^^^^^^^^^^^^^^^^^^^^^^^^^^^^^
  File "C:\Users\nigel\OneDrive\Desktop\GitHub\confosense\smart_building_conformal\src\context005_validate.py", line 100, in close
    aa=np.asarray(a,float);bb=np.asarray(b,float)
       ^^^^^^^^^^^^^^^^^^^
  File "C:\cfs_venv\Lib\site-packages\pandas\core\series.py", line 1031, in __array__
    arr = np.asarray(values, dtype=dtype)
          ^^^^^^^^^^^^^^^^^^^^^^^^^^^^^^^
ValueError: could not convert string to float: ''
{"command": ["C:/cfs_venv/Scripts/python.exe", "-B", "-m", "src.conditional_context005", "validate", "--manifest", "C:\\Users\\nigel\\OneDrive\\Desktop\\GitHub\\confosense\\review\\context_replay005_implementation_20260914\\synthetic_pleia_energy_v1.json", "--design", "C:\\Users\\nigel\\OneDrive\\Desktop\\GitHub\\confosense\\smart_building_conformal\\protocols\\conditional_context005\\synthetic_pleia_energy_v1", "--out", "C:\\Users\\nigel\\OneDrive\\Desktop\\GitHub\\confosense\\smart_building_conformal\\outputs\\conditional_context005\\synthetic_pleia_energy_v1", "--readiness", "C:\\Users\\nigel\\OneDrive\\Desktop\\GitHub\\confosense\\smart_building_conformal\\protocols\\conditional_context005\\synthetic_pleia_energy_v1\\readiness.json", "--receipt", "C:\\Users\\nigel\\OneDrive\\Desktop\\GitHub\\confosense\\smart_building_conformal\\outputs\\conditional_context005\\synthetic_v1_coordinator\\pleia_energy_validation"], "cwd": "C:\\Users\\nigel\\OneDrive\\Desktop\\GitHub\\confosense\\smart_building_conformal", "started_utc": "2026-09-14T15:31:40.304293+00:00", "logger_pid": 16148, "child_pid": 29180, "ended_utc": "2026-09-14T15:31:58.376711+00:00", "seconds": 18.074823400005698, "exit_status": 1}
