{
  "passed": true,
  "status": "provisional_seed_block",
  "new_paired_units": 13,
  "new_tuning_fits": 104,
  "new_final_fits": 26,
  "new_point_cells": 39,
  "new_interval_cells": 78,
  "saved_model_checks": 78,
  "completed_zero_fit_resumes": 13,
  "actual_seed_checks": 39,
  "observed_max_prediction_difference": 0.0,
  "new_run_exit_codes": [
    0,
    0,
    0,
    0,
    0,
    0,
    0,
    0,
    0,
    0,
    0,
    0,
    0
  ],
  "completed_paired_units": 31,
  "total_paired_units": 195,
  "completed_point_cells": 93,
  "completed_interval_cells": 186,
  "fold2_paired_units": 26,
  "fold2_point_cells": 78,
  "fold2_interval_cells": 156,
  "remaining_paired_units": 164,
  "remaining_learned_fits": 1640,
  "actual_run_wall_seconds": 2784.459846800033,
  "actual_run_cpu_seconds": 2707.359375,
  "validation_wall_seconds": 259.5100317999895,
  "resume_wall_seconds": 215.39743340002315,
  "maximum_lifetime_peak_rss_MiB": 1186.91796875,
  "remaining_low_model_hours": 4.177565171449083,
  "remaining_high_model_hours": 107.70317807724568,
  "models_fitted_by_analysis": 0,
  "historical_refits": 0,
  "repeated_learned_fits": 0,
  "full_study_ready": false,
  "additional_fits_authorized": false
}
{"command": ["C:/cfs_venv/Scripts/python.exe", "-B", "C:\\Users\\nigel\\OneDrive\\Desktop\\GitHub\\confosense\\review\\matched_fold2_multiseed_20260914\\analyze.py", "seed", "--out", "C:\\Users\\nigel\\OneDrive\\Desktop\\GitHub\\confosense\\smart_building_conformal\\outputs\\matched_forecasting005\\fold2_multiseed_batch_v1\\seed43_summary_v1"], "cwd": "C:\\Users\\nigel\\OneDrive\\Desktop\\GitHub\\confosense\\smart_building_conformal", "started_utc": "2026-09-14T00:00:56.744790+00:00", "logger_pid": 28252, "child_pid": 27544, "ended_utc": "2026-09-14T00:01:08.391794+00:00", "seconds": 11.649202200002037, "exit_status": 0}
