{
  "frozen": true,
  "rows": {
    "final_fit": 14855,
    "final_calibration": 4954,
    "outer_test": 9907
  },
  "contexts": 68,
  "schedules": 2856,
  "models_fitted": 0,
  "resources": {
    "seconds": 2.2065748000022722,
    "baseline_rss_bytes": 319963136,
    "peak_rss_bytes": 420978688,
    "baseline_private_bytes": 278904832,
    "peak_private_bytes": 398626816,
    "incremental_peak_rss_bytes": 101015552,
    "lifetime_peak_rss_bytes": 424636416,
    "min_available_ram_bytes": 2854477824,
    "sample_interval_seconds": 0.05,
    "process_cpu_seconds": 2.171875
  }
}
