{
  "passed": true,
  "models_fitted": 0,
  "point_cells": 3,
  "interval_cells": 6,
  "real_tuning_fits_verified": 8,
  "real_final_fits_verified": 2,
  "saved_model_prediction_checks": 6,
  "own_calibration_verified": true,
  "common_target_ids_verified": true,
  "training_only_normalization_verified": true,
  "candidate_and_epoch_selection_verified": true,
  "all_run_files_unchanged": true,
  "preparation_resources": {
    "seconds": 17.044446500003687,
    "baseline_rss_bytes": 325251072,
    "peak_rss_bytes": 475103232,
    "baseline_private_bytes": 282996736,
    "peak_private_bytes": 428474368,
    "incremental_peak_rss_bytes": 149852160,
    "lifetime_peak_rss_bytes": 484130816,
    "min_available_ram_bytes": 4492480512,
    "sample_interval_seconds": 0.05,
    "process_cpu_seconds": 16.765625
  },
  "total_validation_resources": {
    "seconds": 19.477436999994097,
    "baseline_rss_bytes": 323112960,
    "peak_rss_bytes": 560947200,
    "baseline_private_bytes": 281882624,
    "peak_private_bytes": 605655040,
    "incremental_peak_rss_bytes": 237834240,
    "lifetime_peak_rss_bytes": 560951296,
    "min_available_ram_bytes": 4414984192,
    "sample_interval_seconds": 0.05,
    "process_cpu_seconds": 19.1875
  },
  "source_hash": "cd907183301a189ddfcc195774dad58c8fa07d5b326d2ac29cf3636383dc681e",
  "protocol_hash": "050b5ce09462d58b7bce831cbc47f90ab7c8a1dad2cdbf0f11daf141c77b099b",
  "full_study_ready": false
}
{"command": ["C:/cfs_venv/Scripts/python.exe", "-B", "-m", "src.matched_forecasting005", "validate", "--matrix", "C:\\Users\\nigel\\OneDrive\\Desktop\\GitHub\\confosense\\smart_building_conformal\\outputs\\amendment005\\support_design_v1\\experiment_matrix.csv", "--dataset", "rico", "--horizon", "30", "--outer-fold", "2", "--model-seed", "43", "--design-dir", "C:\\Users\\nigel\\OneDrive\\Desktop\\GitHub\\confosense\\smart_building_conformal\\protocols\\matched_forecasting005\\rico_h30_f2_s43_v1", "--out", "C:\\Users\\nigel\\OneDrive\\Desktop\\GitHub\\confosense\\smart_building_conformal\\outputs\\matched_forecasting005\\rico_h30_f2_s43_v1", "--readiness", "C:\\Users\\nigel\\OneDrive\\Desktop\\GitHub\\confosense\\smart_building_conformal\\protocols\\matched_forecasting005\\rico_h30_f2_s43_v1\\readiness.json", "--receipt", "C:\\Users\\nigel\\OneDrive\\Desktop\\GitHub\\confosense\\smart_building_conformal\\outputs\\matched_forecasting005\\fold2_multiseed_batch_v1\\receipts\\rico_h30_f2_s43_v1\\audit_v1"], "cwd": "C:\\Users\\nigel\\OneDrive\\Desktop\\GitHub\\confosense\\smart_building_conformal", "started_utc": "2026-09-13T23:18:09.002014+00:00", "logger_pid": 4700, "child_pid": 26752, "ended_utc": "2026-09-13T23:18:32.704118+00:00", "seconds": 23.70653329999186, "exit_status": 0}
