{
  "passed": true,
  "new_paired_units": 12,
  "new_tuning_fits": 96,
  "new_final_fits": 24,
  "new_point_cells": 36,
  "new_interval_cells": 72,
  "saved_model_checks": 72,
  "completed_zero_fit_resumes": 12,
  "observed_max_prediction_difference": 0.0,
  "new_run_exit_codes": [
    0,
    0,
    0,
    0,
    0,
    0,
    0,
    0,
    0,
    0,
    0,
    0
  ],
  "completed_paired_units": 18,
  "total_paired_units": 195,
  "completed_point_cells": 54,
  "total_point_cells": 585,
  "completed_interval_cells": 108,
  "total_interval_cells": 1170,
  "fold2_seed42_task_horizon_combinations": 13,
  "remaining_paired_units": 177,
  "remaining_learned_fits": 1770,
  "actual_run_wall_seconds": 3378.053115499999,
  "actual_run_cpu_seconds": 3277.046875,
  "validation_wall_seconds": 259.87749820001045,
  "resume_wall_seconds": 196.1538274999839,
  "maximum_lifetime_peak_rss_MiB": 1186.96875,
  "remaining_low_model_hours": 5.765620043355729,
  "remaining_high_model_hours": 113.10721287764596,
  "models_fitted_by_analysis": 0,
  "historical_refits": 0,
  "full_study_ready": false,
  "additional_fits_authorized": false
}
{"command": ["C:/cfs_venv/Scripts/python.exe", "-B", "C:\\Users\\nigel\\OneDrive\\Desktop\\GitHub\\confosense\\review\\matched_overnight_20260914\\analyze.py", "final", "--out", "C:\\Users\\nigel\\OneDrive\\Desktop\\GitHub\\confosense\\smart_building_conformal\\outputs\\matched_forecasting005\\overnight_batch_v1\\analysis_v1"], "cwd": "C:\\Users\\nigel\\OneDrive\\Desktop\\GitHub\\confosense\\smart_building_conformal", "started_utc": "2026-09-13T19:01:11.715134+00:00", "logger_pid": 14728, "child_pid": 17800, "ended_utc": "2026-09-13T19:01:40.176737+00:00", "seconds": 28.45856790000107, "exit_status": 0}
