{
  "frozen": true,
  "rows": {
    "final_fit": 14855,
    "final_calibration": 4954,
    "outer_test": 9907
  },
  "contexts": 68,
  "schedules": 2856,
  "models_fitted": 0,
  "resources": {
    "seconds": 2.2096152999874903,
    "baseline_rss_bytes": 320811008,
    "peak_rss_bytes": 415883264,
    "baseline_private_bytes": 279265280,
    "peak_private_bytes": 393207808,
    "incremental_peak_rss_bytes": 95072256,
    "lifetime_peak_rss_bytes": 417959936,
    "min_available_ram_bytes": 2678980608,
    "sample_interval_seconds": 0.05,
    "process_cpu_seconds": 2.171875
  }
}
