{
  "frozen": true,
  "rows": {
    "final_fit": 14855,
    "final_calibration": 4954,
    "outer_test": 9907
  },
  "contexts": 68,
  "schedules": 2856,
  "models_fitted": 0,
  "resources": {
    "seconds": 2.2442614999890793,
    "baseline_rss_bytes": 320217088,
    "peak_rss_bytes": 415449088,
    "baseline_private_bytes": 278945792,
    "peak_private_bytes": 392859648,
    "incremental_peak_rss_bytes": 95232000,
    "lifetime_peak_rss_bytes": 417382400,
    "min_available_ram_bytes": 2291826688,
    "sample_interval_seconds": 0.05,
    "process_cpu_seconds": 2.09375
  }
}
