{
  "frozen": true,
  "rows": {
    "final_fit": 14855,
    "final_calibration": 4954,
    "outer_test": 9907
  },
  "contexts": 68,
  "schedules": 2856,
  "models_fitted": 0,
  "resources": {
    "seconds": 2.2502400999946985,
    "baseline_rss_bytes": 320585728,
    "peak_rss_bytes": 414781440,
    "baseline_private_bytes": 279339008,
    "peak_private_bytes": 392237056,
    "incremental_peak_rss_bytes": 94195712,
    "lifetime_peak_rss_bytes": 418226176,
    "min_available_ram_bytes": 2653515776,
    "sample_interval_seconds": 0.05,
    "process_cpu_seconds": 2.046875
  }
}
