{
  "passed": true,
  "models_fitted": 0,
  "point_cells": 3,
  "interval_cells": 6,
  "real_tuning_fits_verified": 8,
  "real_final_fits_verified": 2,
  "saved_model_prediction_checks": 6,
  "own_calibration_verified": true,
  "common_target_ids_verified": true,
  "training_only_normalization_verified": true,
  "candidate_and_epoch_selection_verified": true,
  "all_run_files_unchanged": true,
  "preparation_resources": {
    "seconds": 8.760477899995749,
    "baseline_rss_bytes": 325763072,
    "peak_rss_bytes": 1209802752,
    "baseline_private_bytes": 283230208,
    "peak_private_bytes": 1207537664,
    "incremental_peak_rss_bytes": 884039680,
    "lifetime_peak_rss_bytes": 1244942336,
    "min_available_ram_bytes": 4781924352,
    "sample_interval_seconds": 0.05,
    "process_cpu_seconds": 8.46875
  },
  "total_validation_resources": {
    "seconds": 11.465557400006219,
    "baseline_rss_bytes": 323416064,
    "peak_rss_bytes": 1209409536,
    "baseline_private_bytes": 281862144,
    "peak_private_bytes": 1207537664,
    "incremental_peak_rss_bytes": 885993472,
    "lifetime_peak_rss_bytes": 1244942336,
    "min_available_ram_bytes": 4781928448,
    "sample_interval_seconds": 0.05,
    "process_cpu_seconds": 11.0625
  },
  "source_hash": "cd907183301a189ddfcc195774dad58c8fa07d5b326d2ac29cf3636383dc681e",
  "protocol_hash": "b7e3fa5ed8095f5fd84d9934e8cfc8e570437f6da1fa9ab9bb67e1ef8b940f33",
  "full_study_ready": false
}
