[review/matched-overnight-20260914 1dc6fac] Publish matched overnight evidence: unit03
 222 files changed, 5843 insertions(+), 20 deletions(-)
 create mode 100644 review/matched_overnight_20260914/EVIDENCE_MANIFEST.csv
 create mode 100644 smart_building_conformal/outputs/matched_forecasting005/overnight_batch_v1/attempts.jsonl
 create mode 100644 smart_building_conformal/outputs/matched_forecasting005/overnight_batch_v1/attempts/2026-09-13T175215827666+0000_3afde835/attempt.json
 create mode 100644 smart_building_conformal/outputs/matched_forecasting005/overnight_batch_v1/attempts/2026-09-13T175215827666+0000_3afde835/command.log
 create mode 100644 smart_building_conformal/outputs/matched_forecasting005/overnight_batch_v1/attempts/2026-09-13T175215827666+0000_3afde835/command.log.json
 create mode 100644 smart_building_conformal/outputs/matched_forecasting005/overnight_batch_v1/attempts/2026-09-13T175215827666+0000_3afde835/command.log.started.json
 create mode 100644 smart_building_conformal/outputs/matched_forecasting005/overnight_batch_v1/attempts/2026-09-13T175215827666+0000_3afde835/logger.stdout.log
 create mode 100644 smart_building_conformal/outputs/matched_forecasting005/overnight_batch_v1/attempts/2026-09-13T175408637338+0000_b7cf9b7c/attempt.json
 create mode 100644 smart_building_conformal/outputs/matched_forecasting005/overnight_batch_v1/attempts/2026-09-13T175408637338+0000_b7cf9b7c/command.log
 create mode 100644 smart_building_conformal/outputs/matched_forecasting005/overnight_batch_v1/attempts/2026-09-13T175408637338+0000_b7cf9b7c/command.log.json
 create mode 100644 smart_building_conformal/outputs/matched_forecasting005/overnight_batch_v1/attempts/2026-09-13T175408637338+0000_b7cf9b7c/command.log.started.json
 create mode 100644 smart_building_conformal/outputs/matched_forecasting005/overnight_batch_v1/attempts/2026-09-13T175408637338+0000_b7cf9b7c/logger.stdout.log
 create mode 100644 smart_building_conformal/outputs/matched_forecasting005/overnight_batch_v1/attempts/2026-09-13T175440957474+0000_58ba3389/attempt.json
 create mode 100644 smart_building_conformal/outputs/matched_forecasting005/overnight_batch_v1/attempts/2026-09-13T175440957474+0000_58ba3389/command.log
 create mode 100644 smart_building_conformal/outputs/matched_forecasting005/overnight_batch_v1/attempts/2026-09-13T175440957474+0000_58ba3389/command.log.json
 create mode 100644 smart_building_conformal/outputs/matched_forecasting005/overnight_batch_v1/attempts/2026-09-13T175440957474+0000_58ba3389/command.log.started.json
 create mode 100644 smart_building_conformal/outputs/matched_forecasting005/overnight_batch_v1/attempts/2026-09-13T175440957474+0000_58ba3389/logger.stdout.log
 create mode 100644 smart_building_conformal/outputs/matched_forecasting005/overnight_batch_v1/attempts/2026-09-13T175451127038+0000_5099e874/attempt.json
 create mode 100644 smart_building_conformal/outputs/matched_forecasting005/overnight_batch_v1/attempts/2026-09-13T175451127038+0000_5099e874/command.log
 create mode 100644 smart_building_conformal/outputs/matched_forecasting005/overnight_batch_v1/attempts/2026-09-13T175451127038+0000_5099e874/command.log.json
 create mode 100644 smart_building_conformal/outputs/matched_forecasting005/overnight_batch_v1/attempts/2026-09-13T175451127038+0000_5099e874/command.log.started.json
 create mode 100644 smart_building_conformal/outputs/matched_forecasting005/overnight_batch_v1/attempts/2026-09-13T175451127038+0000_5099e874/groups/comparison.csv
 create mode 100644 smart_building_conformal/outputs/matched_forecasting005/overnight_batch_v1/attempts/2026-09-13T175451127038+0000_5099e874/groups/equal_group_diagnostics.csv
 create mode 100644 smart_building_conformal/outputs/matched_forecasting005/overnight_batch_v1/attempts/2026-09-13T175451127038+0000_5099e874/groups/group_metrics.csv
 create mode 100644 smart_building_conformal/outputs/matched_forecasting005/overnight_batch_v1/attempts/2026-09-13T175451127038+0000_5099e874/groups/model_costs.csv
 create mode 100644 smart_building_conformal/outputs/matched_forecasting005/overnight_batch_v1/attempts/2026-09-13T175451127038+0000_5099e874/groups/rico_phase_metrics.csv
 create mode 100644 smart_building_conformal/outputs/matched_forecasting005/overnight_batch_v1/attempts/2026-09-13T175451127038+0000_5099e874/groups/target_diagnostics.csv
 create mode 100644 smart_building_conformal/outputs/matched_forecasting005/overnight_batch_v1/attempts/2026-09-13T175451127038+0000_5099e874/groups/validation.json
 create mode 100644 smart_building_conformal/outputs/matched_forecasting005/overnight_batch_v1/attempts/2026-09-13T175451127038+0000_5099e874/logger.stdout.log
 create mode 100644 smart_building_conformal/outputs/matched_forecasting005/overnight_batch_v1/attempts/2026-09-13T175457950487+0000_2fbdf2e3/attempt.json
 create mode 100644 smart_building_conformal/outputs/matched_forecasting005/overnight_batch_v1/attempts/2026-09-13T175457950487+0000_2fbdf2e3/command.log
 create mode 100644 smart_building_conformal/outputs/matched_forecasting005/overnight_batch_v1/attempts/2026-09-13T175457950487+0000_2fbdf2e3/command.log.json
 create mode 100644 smart_building_conformal/outputs/matched_forecasting005/overnight_batch_v1/attempts/2026-09-13T175457950487+0000_2fbdf2e3/command.log.started.json
 create mode 100644 smart_building_conformal/outputs/matched_forecasting005/overnight_batch_v1/attempts/2026-09-13T175457950487+0000_2fbdf2e3/logger.stdout.log
 create mode 100644 smart_building_conformal/outputs/matched_forecasting005/overnight_batch_v1/attempts/2026-09-13T175632640337+0000_0660fa0e/attempt.json
 create mode 100644 smart_building_conformal/outputs/matched_forecasting005/overnight_batch_v1/attempts/2026-09-13T175632640337+0000_0660fa0e/command.log
 create mode 100644 smart_building_conformal/outputs/matched_forecasting005/overnight_batch_v1/attempts/2026-09-13T175632640337+0000_0660fa0e/command.log.json
 create mode 100644 smart_building_conformal/outputs/matched_forecasting005/overnight_batch_v1/attempts/2026-09-13T175632640337+0000_0660fa0e/command.log.started.json
 create mode 100644 smart_building_conformal/outputs/matched_forecasting005/overnight_batch_v1/attempts/2026-09-13T175632640337+0000_0660fa0e/logger.stdout.log
 create mode 100644 smart_building_conformal/outputs/matched_forecasting005/overnight_batch_v1/attempts/2026-09-13T175644845020+0000_243ea278/attempt.json
 create mode 100644 smart_building_conformal/outputs/matched_forecasting005/overnight_batch_v1/attempts/2026-09-13T175644845020+0000_243ea278/command.log
 create mode 100644 smart_building_conformal/outputs/matched_forecasting005/overnight_batch_v1/attempts/2026-09-13T175644845020+0000_243ea278/command.log.json
 create mode 100644 smart_building_conformal/outputs/matched_forecasting005/overnight_batch_v1/attempts/2026-09-13T175644845020+0000_243ea278/command.log.started.json
 create mode 100644 smart_building_conformal/outputs/matched_forecasting005/overnight_batch_v1/attempts/2026-09-13T175644845020+0000_243ea278/logger.stdout.log
 create mode 100644 smart_building_conformal/outputs/matched_forecasting005/overnight_batch_v1/attempts/2026-09-13T175654996816+0000_eac0c088/attempt.json
 create mode 100644 smart_building_conformal/outputs/matched_forecasting005/overnight_batch_v1/attempts/2026-09-13T175654996816+0000_eac0c088/command.log
 create mode 100644 smart_building_conformal/outputs/matched_forecasting005/overnight_batch_v1/attempts/2026-09-13T175654996816+0000_eac0c088/command.log.json
 create mode 100644 smart_building_conformal/outputs/matched_forecasting005/overnight_batch_v1/attempts/2026-09-13T175654996816+0000_eac0c088/command.log.started.json
 create mode 100644 smart_building_conformal/outputs/matched_forecasting005/overnight_batch_v1/attempts/2026-09-13T175654996816+0000_eac0c088/groups/comparison.csv
 create mode 100644 smart_building_conformal/outputs/matched_forecasting005/overnight_batch_v1/attempts/2026-09-13T175654996816+0000_eac0c088/groups/equal_group_diagnostics.csv
 create mode 100644 smart_building_conformal/outputs/matched_forecasting005/overnight_batch_v1/attempts/2026-09-13T175654996816+0000_eac0c088/groups/group_metrics.csv
 create mode 100644 smart_building_conformal/outputs/matched_forecasting005/overnight_batch_v1/attempts/2026-09-13T175654996816+0000_eac0c088/groups/model_costs.csv
 create mode 100644 smart_building_conformal/outputs/matched_forecasting005/overnight_batch_v1/attempts/2026-09-13T175654996816+0000_eac0c088/groups/rico_phase_metrics.csv
 create mode 100644 smart_building_conformal/outputs/matched_forecasting005/overnight_batch_v1/attempts/2026-09-13T175654996816+0000_eac0c088/groups/target_diagnostics.csv
 create mode 100644 smart_building_conformal/outputs/matched_forecasting005/overnight_batch_v1/attempts/2026-09-13T175654996816+0000_eac0c088/groups/validation.json
 create mode 100644 smart_building_conformal/outputs/matched_forecasting005/overnight_batch_v1/attempts/2026-09-13T175654996816+0000_eac0c088/logger.stdout.log
 create mode 100644 smart_building_conformal/outputs/matched_forecasting005/overnight_batch_v1/attempts/2026-09-13T175701441290+0000_997d3039/attempt.json
 create mode 100644 smart_building_conformal/outputs/matched_forecasting005/overnight_batch_v1/attempts/2026-09-13T175701441290+0000_997d3039/command.log
 create mode 100644 smart_building_conformal/outputs/matched_forecasting005/overnight_batch_v1/attempts/2026-09-13T175701441290+0000_997d3039/command.log.json
 create mode 100644 smart_building_conformal/outputs/matched_forecasting005/overnight_batch_v1/attempts/2026-09-13T175701441290+0000_997d3039/command.log.started.json
 create mode 100644 smart_building_conformal/outputs/matched_forecasting005/overnight_batch_v1/attempts/2026-09-13T175701441290+0000_997d3039/logger.stdout.log
 create mode 100644 smart_building_conformal/outputs/matched_forecasting005/overnight_batch_v1/attempts/2026-09-13T175820043005+0000_18717533/attempt.json
 create mode 100644 smart_building_conformal/outputs/matched_forecasting005/overnight_batch_v1/attempts/2026-09-13T175820043005+0000_18717533/command.log
 create mode 100644 smart_building_conformal/outputs/matched_forecasting005/overnight_batch_v1/attempts/2026-09-13T175820043005+0000_18717533/command.log.json
 create mode 100644 smart_building_conformal/outputs/matched_forecasting005/overnight_batch_v1/attempts/2026-09-13T175820043005+0000_18717533/command.log.started.json
 create mode 100644 smart_building_conformal/outputs/matched_forecasting005/overnight_batch_v1/attempts/2026-09-13T175820043005+0000_18717533/logger.stdout.log
 create mode 100644 smart_building_conformal/outputs/matched_forecasting005/overnight_batch_v1/attempts/2026-09-13T175832222585+0000_4319bcc2/attempt.json
 create mode 100644 smart_building_conformal/outputs/matched_forecasting005/overnight_batch_v1/attempts/2026-09-13T175832222585+0000_4319bcc2/command.log
 create mode 100644 smart_building_conformal/outputs/matched_forecasting005/overnight_batch_v1/attempts/2026-09-13T175832222585+0000_4319bcc2/command.log.json
 create mode 100644 smart_building_conformal/outputs/matched_forecasting005/overnight_batch_v1/attempts/2026-09-13T175832222585+0000_4319bcc2/command.log.started.json
 create mode 100644 smart_building_conformal/outputs/matched_forecasting005/overnight_batch_v1/attempts/2026-09-13T175832222585+0000_4319bcc2/logger.stdout.log
 create mode 100644 smart_building_conformal/outputs/matched_forecasting005/overnight_batch_v1/attempts/2026-09-13T175842382106+0000_1622dd0b/attempt.json
 create mode 100644 smart_building_conformal/outputs/matched_forecasting005/overnight_batch_v1/attempts/2026-09-13T175842382106+0000_1622dd0b/command.log
 create mode 100644 smart_building_conformal/outputs/matched_forecasting005/overnight_batch_v1/attempts/2026-09-13T175842382106+0000_1622dd0b/command.log.json
 create mode 100644 smart_building_conformal/outputs/matched_forecasting005/overnight_batch_v1/attempts/2026-09-13T175842382106+0000_1622dd0b/command.log.started.json
 create mode 100644 smart_building_conformal/outputs/matched_forecasting005/overnight_batch_v1/attempts/2026-09-13T175842382106+0000_1622dd0b/groups/comparison.csv
 create mode 100644 smart_building_conformal/outputs/matched_forecasting005/overnight_batch_v1/attempts/2026-09-13T175842382106+0000_1622dd0b/groups/equal_group_diagnostics.csv
 create mode 100644 smart_building_conformal/outputs/matched_forecasting005/overnight_batch_v1/attempts/2026-09-13T175842382106+0000_1622dd0b/groups/group_metrics.csv
 create mode 100644 smart_building_conformal/outputs/matched_forecasting005/overnight_batch_v1/attempts/2026-09-13T175842382106+0000_1622dd0b/groups/model_costs.csv
 create mode 100644 smart_building_conformal/outputs/matched_forecasting005/overnight_batch_v1/attempts/2026-09-13T175842382106+0000_1622dd0b/groups/rico_phase_metrics.csv
 create mode 100644 smart_building_conformal/outputs/matched_forecasting005/overnight_batch_v1/attempts/2026-09-13T175842382106+0000_1622dd0b/groups/target_diagnostics.csv
 create mode 100644 smart_building_conformal/outputs/matched_forecasting005/overnight_batch_v1/attempts/2026-09-13T175842382106+0000_1622dd0b/groups/validation.json
 create mode 100644 smart_building_conformal/outputs/matched_forecasting005/overnight_batch_v1/attempts/2026-09-13T175842382106+0000_1622dd0b/logger.stdout.log
 create mode 100644 smart_building_conformal/outputs/matched_forecasting005/overnight_batch_v1/receipts/pleia_energy_h1_f2_s42_v1/audit_v1/independent_selection.csv
 create mode 100644 smart_building_conformal/outputs/matched_forecasting005/overnight_batch_v1/receipts/pleia_energy_h1_f2_s42_v1/audit_v1/learned_fit_measurements.csv
 create mode 100644 smart_building_conformal/outputs/matched_forecasting005/overnight_batch_v1/receipts/pleia_energy_h1_f2_s42_v1/audit_v1/phase_measurements.csv
 create mode 100644 smart_building_conformal/outputs/matched_forecasting005/overnight_batch_v1/receipts/pleia_energy_h1_f2_s42_v1/audit_v1/recomputed_interval_metrics.csv
 create mode 100644 smart_building_conformal/outputs/matched_forecasting005/overnight_batch_v1/receipts/pleia_energy_h1_f2_s42_v1/audit_v1/recomputed_point_metrics.csv
 create mode 100644 smart_building_conformal/outputs/matched_forecasting005/overnight_batch_v1/receipts/pleia_energy_h1_f2_s42_v1/audit_v1/saved_model_verification.csv
 create mode 100644 smart_building_conformal/outputs/matched_forecasting005/overnight_batch_v1/receipts/pleia_energy_h1_f2_s42_v1/audit_v1/validation.json
 create mode 100644 smart_building_conformal/outputs/matched_forecasting005/overnight_batch_v1/receipts/pleia_energy_h1_f2_s42_v1/resume_v1.json
 create mode 100644 smart_building_conformal/outputs/matched_forecasting005/overnight_batch_v1/receipts/pleia_energy_h1_f2_s42_v1/resume_v1.json.process.json
 create mode 100644 smart_building_conformal/outputs/matched_forecasting005/overnight_batch_v1/receipts/pleia_energy_h3_f2_s42_v1/audit_v1/independent_selection.csv
 create mode 100644 smart_building_conformal/outputs/matched_forecasting005/overnight_batch_v1/receipts/pleia_energy_h3_f2_s42_v1/audit_v1/learned_fit_measurements.csv
 create mode 100644 smart_building_conformal/outputs/matched_forecasting005/overnight_batch_v1/receipts/pleia_energy_h3_f2_s42_v1/audit_v1/phase_measurements.csv
 create mode 100644 smart_building_conformal/outputs/matched_forecasting005/overnight_batch_v1/receipts/pleia_energy_h3_f2_s42_v1/audit_v1/recomputed_interval_metrics.csv
 create mode 100644 smart_building_conformal/outputs/matched_forecasting005/overnight_batch_v1/receipts/pleia_energy_h3_f2_s42_v1/audit_v1/recomputed_point_metrics.csv
 create mode 100644 smart_building_conformal/outputs/matched_forecasting005/overnight_batch_v1/receipts/pleia_energy_h3_f2_s42_v1/audit_v1/saved_model_verification.csv
 create mode 100644 smart_building_conformal/outputs/matched_forecasting005/overnight_batch_v1/receipts/pleia_energy_h3_f2_s42_v1/audit_v1/validation.json
 create mode 100644 smart_building_conformal/outputs/matched_forecasting005/overnight_batch_v1/receipts/pleia_energy_h3_f2_s42_v1/resume_v1.json
 create mode 100644 smart_building_conformal/outputs/matched_forecasting005/overnight_batch_v1/receipts/pleia_energy_h3_f2_s42_v1/resume_v1.json.process.json
 create mode 100644 smart_building_conformal/outputs/matched_forecasting005/overnight_batch_v1/receipts/pleia_energy_h6_f2_s42_v1/audit_v1/independent_selection.csv
 create mode 100644 smart_building_conformal/outputs/matched_forecasting005/overnight_batch_v1/receipts/pleia_energy_h6_f2_s42_v1/audit_v1/learned_fit_measurements.csv
 create mode 100644 smart_building_conformal/outputs/matched_forecasting005/overnight_batch_v1/receipts/pleia_energy_h6_f2_s42_v1/audit_v1/phase_measurements.csv
 create mode 100644 smart_building_conformal/outputs/matched_forecasting005/overnight_batch_v1/receipts/pleia_energy_h6_f2_s42_v1/audit_v1/recomputed_interval_metrics.csv
 create mode 100644 smart_building_conformal/outputs/matched_forecasting005/overnight_batch_v1/receipts/pleia_energy_h6_f2_s42_v1/audit_v1/recomputed_point_metrics.csv
 create mode 100644 smart_building_conformal/outputs/matched_forecasting005/overnight_batch_v1/receipts/pleia_energy_h6_f2_s42_v1/audit_v1/saved_model_verification.csv
 create mode 100644 smart_building_conformal/outputs/matched_forecasting005/overnight_batch_v1/receipts/pleia_energy_h6_f2_s42_v1/audit_v1/validation.json
 create mode 100644 smart_building_conformal/outputs/matched_forecasting005/overnight_batch_v1/receipts/pleia_energy_h6_f2_s42_v1/resume_v1.json
 create mode 100644 smart_building_conformal/outputs/matched_forecasting005/overnight_batch_v1/receipts/pleia_energy_h6_f2_s42_v1/resume_v1.json.process.json
 create mode 100644 smart_building_conformal/outputs/matched_forecasting005/overnight_batch_v1/resources.jsonl
 create mode 100644 smart_building_conformal/outputs/matched_forecasting005/pleia_energy_h1_f2_s42_v1.process.json
 create mode 100644 smart_building_conformal/outputs/matched_forecasting005/pleia_energy_h1_f2_s42_v1/checkpoint_io_20260913T175404923514.json
 create mode 100644 smart_building_conformal/outputs/matched_forecasting005/pleia_energy_h1_f2_s42_v1/checkpoint_manifest.json
 create mode 100644 smart_building_conformal/outputs/matched_forecasting005/pleia_energy_h1_f2_s42_v1/execution_environment.json
 create mode 100644 smart_building_conformal/outputs/matched_forecasting005/pleia_energy_h1_f2_s42_v1/fit_calls.jsonl
 create mode 100644 smart_building_conformal/outputs/matched_forecasting005/pleia_energy_h1_f2_s42_v1/interval_quality.csv
 create mode 100644 smart_building_conformal/outputs/matched_forecasting005/pleia_energy_h1_f2_s42_v1/point_summary.csv
 create mode 100644 smart_building_conformal/outputs/matched_forecasting005/pleia_energy_h1_f2_s42_v1/run_summary.json
 create mode 100644 smart_building_conformal/outputs/matched_forecasting005/pleia_energy_h1_f2_s42_v1/units/pleia_energy_h1_f2_s42_attention_lstm/COMPLETE.json
 create mode 100644 smart_building_conformal/outputs/matched_forecasting005/pleia_energy_h1_f2_s42_v1/units/pleia_energy_h1_f2_s42_attention_lstm/calibration.csv.gz
 create mode 100644 smart_building_conformal/outputs/matched_forecasting005/pleia_energy_h1_f2_s42_v1/units/pleia_energy_h1_f2_s42_attention_lstm/fitting_membership.csv.gz
 create mode 100644 smart_building_conformal/outputs/matched_forecasting005/pleia_energy_h1_f2_s42_v1/units/pleia_energy_h1_f2_s42_attention_lstm/model.pt
 create mode 100644 smart_building_conformal/outputs/matched_forecasting005/pleia_energy_h1_f2_s42_v1/units/pleia_energy_h1_f2_s42_attention_lstm/payload.json
 create mode 100644 smart_building_conformal/outputs/matched_forecasting005/pleia_energy_h1_f2_s42_v1/units/pleia_energy_h1_f2_s42_attention_lstm/predictions.csv.gz
 create mode 100644 smart_building_conformal/outputs/matched_forecasting005/pleia_energy_h1_f2_s42_v1/units/pleia_energy_h1_f2_s42_attention_lstm/training_history.csv.gz
 create mode 100644 smart_building_conformal/outputs/matched_forecasting005/pleia_energy_h1_f2_s42_v1/units/pleia_energy_h1_f2_s42_attention_lstm/tuning.csv.gz
 create mode 100644 smart_building_conformal/outputs/matched_forecasting005/pleia_energy_h1_f2_s42_v1/units/pleia_energy_h1_f2_s42_attention_lstm/tuning_predictions.csv.gz
 create mode 100644 smart_building_conformal/outputs/matched_forecasting005/pleia_energy_h1_f2_s42_v1/units/pleia_energy_h1_f2_s42_persistence/COMPLETE.json
 create mode 100644 smart_building_conformal/outputs/matched_forecasting005/pleia_energy_h1_f2_s42_v1/units/pleia_energy_h1_f2_s42_persistence/calibration.csv.gz
 create mode 100644 smart_building_conformal/outputs/matched_forecasting005/pleia_energy_h1_f2_s42_v1/units/pleia_energy_h1_f2_s42_persistence/fitting_membership.csv.gz
 create mode 100644 smart_building_conformal/outputs/matched_forecasting005/pleia_energy_h1_f2_s42_v1/units/pleia_energy_h1_f2_s42_persistence/model.json
 create mode 100644 smart_building_conformal/outputs/matched_forecasting005/pleia_energy_h1_f2_s42_v1/units/pleia_energy_h1_f2_s42_persistence/payload.json
 create mode 100644 smart_building_conformal/outputs/matched_forecasting005/pleia_energy_h1_f2_s42_v1/units/pleia_energy_h1_f2_s42_persistence/predictions.csv.gz
 create mode 100644 smart_building_conformal/outputs/matched_forecasting005/pleia_energy_h1_f2_s42_v1/units/pleia_energy_h1_f2_s42_persistence/training_history.csv.gz
 create mode 100644 smart_building_conformal/outputs/matched_forecasting005/pleia_energy_h1_f2_s42_v1/units/pleia_energy_h1_f2_s42_persistence/tuning.csv.gz
 create mode 100644 smart_building_conformal/outputs/matched_forecasting005/pleia_energy_h1_f2_s42_v1/units/pleia_energy_h1_f2_s42_persistence/tuning_predictions.csv.gz
 create mode 100644 smart_building_conformal/outputs/matched_forecasting005/pleia_energy_h1_f2_s42_v1/units/pleia_energy_h1_f2_s42_xgboost/COMPLETE.json
 create mode 100644 smart_building_conformal/outputs/matched_forecasting005/pleia_energy_h1_f2_s42_v1/units/pleia_energy_h1_f2_s42_xgboost/booster_config.json
 create mode 100644 smart_building_conformal/outputs/matched_forecasting005/pleia_energy_h1_f2_s42_v1/units/pleia_energy_h1_f2_s42_xgboost/calibration.csv.gz
 create mode 100644 smart_building_conformal/outputs/matched_forecasting005/pleia_energy_h1_f2_s42_v1/units/pleia_energy_h1_f2_s42_xgboost/fitting_membership.csv.gz
 create mode 100644 smart_building_conformal/outputs/matched_forecasting005/pleia_energy_h1_f2_s42_v1/units/pleia_energy_h1_f2_s42_xgboost/model.ubj
 create mode 100644 smart_building_conformal/outputs/matched_forecasting005/pleia_energy_h1_f2_s42_v1/units/pleia_energy_h1_f2_s42_xgboost/payload.json
 create mode 100644 smart_building_conformal/outputs/matched_forecasting005/pleia_energy_h1_f2_s42_v1/units/pleia_energy_h1_f2_s42_xgboost/predictions.csv.gz
 create mode 100644 smart_building_conformal/outputs/matched_forecasting005/pleia_energy_h1_f2_s42_v1/units/pleia_energy_h1_f2_s42_xgboost/training_history.csv.gz
 create mode 100644 smart_building_conformal/outputs/matched_forecasting005/pleia_energy_h1_f2_s42_v1/units/pleia_energy_h1_f2_s42_xgboost/tuning.csv.gz
 create mode 100644 smart_building_conformal/outputs/matched_forecasting005/pleia_energy_h1_f2_s42_v1/units/pleia_energy_h1_f2_s42_xgboost/tuning_predictions.csv.gz
 create mode 100644 smart_building_conformal/outputs/matched_forecasting005/pleia_energy_h3_f2_s42_v1.process.json
 create mode 100644 smart_building_conformal/outputs/matched_forecasting005/pleia_energy_h3_f2_s42_v1/checkpoint_io_20260913T175630578539.json
 create mode 100644 smart_building_conformal/outputs/matched_forecasting005/pleia_energy_h3_f2_s42_v1/checkpoint_manifest.json
 create mode 100644 smart_building_conformal/outputs/matched_forecasting005/pleia_energy_h3_f2_s42_v1/execution_environment.json
 create mode 100644 smart_building_conformal/outputs/matched_forecasting005/pleia_energy_h3_f2_s42_v1/fit_calls.jsonl
 create mode 100644 smart_building_conformal/outputs/matched_forecasting005/pleia_energy_h3_f2_s42_v1/interval_quality.csv
 create mode 100644 smart_building_conformal/outputs/matched_forecasting005/pleia_energy_h3_f2_s42_v1/point_summary.csv
 create mode 100644 smart_building_conformal/outputs/matched_forecasting005/pleia_energy_h3_f2_s42_v1/run_summary.json
 create mode 100644 smart_building_conformal/outputs/matched_forecasting005/pleia_energy_h3_f2_s42_v1/units/pleia_energy_h3_f2_s42_attention_lstm/COMPLETE.json
 create mode 100644 smart_building_conformal/outputs/matched_forecasting005/pleia_energy_h3_f2_s42_v1/units/pleia_energy_h3_f2_s42_attention_lstm/calibration.csv.gz
 create mode 100644 smart_building_conformal/outputs/matched_forecasting005/pleia_energy_h3_f2_s42_v1/units/pleia_energy_h3_f2_s42_attention_lstm/fitting_membership.csv.gz
 create mode 100644 smart_building_conformal/outputs/matched_forecasting005/pleia_energy_h3_f2_s42_v1/units/pleia_energy_h3_f2_s42_attention_lstm/model.pt
 create mode 100644 smart_building_conformal/outputs/matched_forecasting005/pleia_energy_h3_f2_s42_v1/units/pleia_energy_h3_f2_s42_attention_lstm/payload.json
 create mode 100644 smart_building_conformal/outputs/matched_forecasting005/pleia_energy_h3_f2_s42_v1/units/pleia_energy_h3_f2_s42_attention_lstm/predictions.csv.gz
 create mode 100644 smart_building_conformal/outputs/matched_forecasting005/pleia_energy_h3_f2_s42_v1/units/pleia_energy_h3_f2_s42_attention_lstm/training_history.csv.gz
 create mode 100644 smart_building_conformal/outputs/matched_forecasting005/pleia_energy_h3_f2_s42_v1/units/pleia_energy_h3_f2_s42_attention_lstm/tuning.csv.gz
 create mode 100644 smart_building_conformal/outputs/matched_forecasting005/pleia_energy_h3_f2_s42_v1/units/pleia_energy_h3_f2_s42_attention_lstm/tuning_predictions.csv.gz
 create mode 100644 smart_building_conformal/outputs/matched_forecasting005/pleia_energy_h3_f2_s42_v1/units/pleia_energy_h3_f2_s42_persistence/COMPLETE.json
 create mode 100644 smart_building_conformal/outputs/matched_forecasting005/pleia_energy_h3_f2_s42_v1/units/pleia_energy_h3_f2_s42_persistence/calibration.csv.gz
 create mode 100644 smart_building_conformal/outputs/matched_forecasting005/pleia_energy_h3_f2_s42_v1/units/pleia_energy_h3_f2_s42_persistence/fitting_membership.csv.gz
 create mode 100644 smart_building_conformal/outputs/matched_forecasting005/pleia_energy_h3_f2_s42_v1/units/pleia_energy_h3_f2_s42_persistence/model.json
 create mode 100644 smart_building_conformal/outputs/matched_forecasting005/pleia_energy_h3_f2_s42_v1/units/pleia_energy_h3_f2_s42_persistence/payload.json
 create mode 100644 smart_building_conformal/outputs/matched_forecasting005/pleia_energy_h3_f2_s42_v1/units/pleia_energy_h3_f2_s42_persistence/predictions.csv.gz
 create mode 100644 smart_building_conformal/outputs/matched_forecasting005/pleia_energy_h3_f2_s42_v1/units/pleia_energy_h3_f2_s42_persistence/training_history.csv.gz
 create mode 100644 smart_building_conformal/outputs/matched_forecasting005/pleia_energy_h3_f2_s42_v1/units/pleia_energy_h3_f2_s42_persistence/tuning.csv.gz
 create mode 100644 smart_building_conformal/outputs/matched_forecasting005/pleia_energy_h3_f2_s42_v1/units/pleia_energy_h3_f2_s42_persistence/tuning_predictions.csv.gz
 create mode 100644 smart_building_conformal/outputs/matched_forecasting005/pleia_energy_h3_f2_s42_v1/units/pleia_energy_h3_f2_s42_xgboost/COMPLETE.json
 create mode 100644 smart_building_conformal/outputs/matched_forecasting005/pleia_energy_h3_f2_s42_v1/units/pleia_energy_h3_f2_s42_xgboost/booster_config.json
 create mode 100644 smart_building_conformal/outputs/matched_forecasting005/pleia_energy_h3_f2_s42_v1/units/pleia_energy_h3_f2_s42_xgboost/calibration.csv.gz
 create mode 100644 smart_building_conformal/outputs/matched_forecasting005/pleia_energy_h3_f2_s42_v1/units/pleia_energy_h3_f2_s42_xgboost/fitting_membership.csv.gz
 create mode 100644 smart_building_conformal/outputs/matched_forecasting005/pleia_energy_h3_f2_s42_v1/units/pleia_energy_h3_f2_s42_xgboost/model.ubj
 create mode 100644 smart_building_conformal/outputs/matched_forecasting005/pleia_energy_h3_f2_s42_v1/units/pleia_energy_h3_f2_s42_xgboost/payload.json
 create mode 100644 smart_building_conformal/outputs/matched_forecasting005/pleia_energy_h3_f2_s42_v1/units/pleia_energy_h3_f2_s42_xgboost/predictions.csv.gz
 create mode 100644 smart_building_conformal/outputs/matched_forecasting005/pleia_energy_h3_f2_s42_v1/units/pleia_energy_h3_f2_s42_xgboost/training_history.csv.gz
 create mode 100644 smart_building_conformal/outputs/matched_forecasting005/pleia_energy_h3_f2_s42_v1/units/pleia_energy_h3_f2_s42_xgboost/tuning.csv.gz
 create mode 100644 smart_building_conformal/outputs/matched_forecasting005/pleia_energy_h3_f2_s42_v1/units/pleia_energy_h3_f2_s42_xgboost/tuning_predictions.csv.gz
 create mode 100644 smart_building_conformal/outputs/matched_forecasting005/pleia_energy_h6_f2_s42_v1.process.json
 create mode 100644 smart_building_conformal/outputs/matched_forecasting005/pleia_energy_h6_f2_s42_v1/checkpoint_io_20260913T175818143019.json
 create mode 100644 smart_building_conformal/outputs/matched_forecasting005/pleia_energy_h6_f2_s42_v1/checkpoint_manifest.json
 create mode 100644 smart_building_conformal/outputs/matched_forecasting005/pleia_energy_h6_f2_s42_v1/execution_environment.json
 create mode 100644 smart_building_conformal/outputs/matched_forecasting005/pleia_energy_h6_f2_s42_v1/fit_calls.jsonl
 create mode 100644 smart_building_conformal/outputs/matched_forecasting005/pleia_energy_h6_f2_s42_v1/interval_quality.csv
 create mode 100644 smart_building_conformal/outputs/matched_forecasting005/pleia_energy_h6_f2_s42_v1/point_summary.csv
 create mode 100644 smart_building_conformal/outputs/matched_forecasting005/pleia_energy_h6_f2_s42_v1/run_summary.json
 create mode 100644 smart_building_conformal/outputs/matched_forecasting005/pleia_energy_h6_f2_s42_v1/units/pleia_energy_h6_f2_s42_attention_lstm/COMPLETE.json
 create mode 100644 smart_building_conformal/outputs/matched_forecasting005/pleia_energy_h6_f2_s42_v1/units/pleia_energy_h6_f2_s42_attention_lstm/calibration.csv.gz
 create mode 100644 smart_building_conformal/outputs/matched_forecasting005/pleia_energy_h6_f2_s42_v1/units/pleia_energy_h6_f2_s42_attention_lstm/fitting_membership.csv.gz
 create mode 100644 smart_building_conformal/outputs/matched_forecasting005/pleia_energy_h6_f2_s42_v1/units/pleia_energy_h6_f2_s42_attention_lstm/model.pt
 create mode 100644 smart_building_conformal/outputs/matched_forecasting005/pleia_energy_h6_f2_s42_v1/units/pleia_energy_h6_f2_s42_attention_lstm/payload.json
 create mode 100644 smart_building_conformal/outputs/matched_forecasting005/pleia_energy_h6_f2_s42_v1/units/pleia_energy_h6_f2_s42_attention_lstm/predictions.csv.gz
 create mode 100644 smart_building_conformal/outputs/matched_forecasting005/pleia_energy_h6_f2_s42_v1/units/pleia_energy_h6_f2_s42_attention_lstm/training_history.csv.gz
 create mode 100644 smart_building_conformal/outputs/matched_forecasting005/pleia_energy_h6_f2_s42_v1/units/pleia_energy_h6_f2_s42_attention_lstm/tuning.csv.gz
 create mode 100644 smart_building_conformal/outputs/matched_forecasting005/pleia_energy_h6_f2_s42_v1/units/pleia_energy_h6_f2_s42_attention_lstm/tuning_predictions.csv.gz
 create mode 100644 smart_building_conformal/outputs/matched_forecasting005/pleia_energy_h6_f2_s42_v1/units/pleia_energy_h6_f2_s42_persistence/COMPLETE.json
 create mode 100644 smart_building_conformal/outputs/matched_forecasting005/pleia_energy_h6_f2_s42_v1/units/pleia_energy_h6_f2_s42_persistence/calibration.csv.gz
 create mode 100644 smart_building_conformal/outputs/matched_forecasting005/pleia_energy_h6_f2_s42_v1/units/pleia_energy_h6_f2_s42_persistence/fitting_membership.csv.gz
 create mode 100644 smart_building_conformal/outputs/matched_forecasting005/pleia_energy_h6_f2_s42_v1/units/pleia_energy_h6_f2_s42_persistence/model.json
 create mode 100644 smart_building_conformal/outputs/matched_forecasting005/pleia_energy_h6_f2_s42_v1/units/pleia_energy_h6_f2_s42_persistence/payload.json
 create mode 100644 smart_building_conformal/outputs/matched_forecasting005/pleia_energy_h6_f2_s42_v1/units/pleia_energy_h6_f2_s42_persistence/predictions.csv.gz
 create mode 100644 smart_building_conformal/outputs/matched_forecasting005/pleia_energy_h6_f2_s42_v1/units/pleia_energy_h6_f2_s42_persistence/training_history.csv.gz
 create mode 100644 smart_building_conformal/outputs/matched_forecasting005/pleia_energy_h6_f2_s42_v1/units/pleia_energy_h6_f2_s42_persistence/tuning.csv.gz
 create mode 100644 smart_building_conformal/outputs/matched_forecasting005/pleia_energy_h6_f2_s42_v1/units/pleia_energy_h6_f2_s42_persistence/tuning_predictions.csv.gz
 create mode 100644 smart_building_conformal/outputs/matched_forecasting005/pleia_energy_h6_f2_s42_v1/units/pleia_energy_h6_f2_s42_xgboost/COMPLETE.json
 create mode 100644 smart_building_conformal/outputs/matched_forecasting005/pleia_energy_h6_f2_s42_v1/units/pleia_energy_h6_f2_s42_xgboost/booster_config.json
 create mode 100644 smart_building_conformal/outputs/matched_forecasting005/pleia_energy_h6_f2_s42_v1/units/pleia_energy_h6_f2_s42_xgboost/calibration.csv.gz
 create mode 100644 smart_building_conformal/outputs/matched_forecasting005/pleia_energy_h6_f2_s42_v1/units/pleia_energy_h6_f2_s42_xgboost/fitting_membership.csv.gz
 create mode 100644 smart_building_conformal/outputs/matched_forecasting005/pleia_energy_h6_f2_s42_v1/units/pleia_energy_h6_f2_s42_xgboost/model.ubj
 create mode 100644 smart_building_conformal/outputs/matched_forecasting005/pleia_energy_h6_f2_s42_v1/units/pleia_energy_h6_f2_s42_xgboost/payload.json
 create mode 100644 smart_building_conformal/outputs/matched_forecasting005/pleia_energy_h6_f2_s42_v1/units/pleia_energy_h6_f2_s42_xgboost/predictions.csv.gz
 create mode 100644 smart_building_conformal/outputs/matched_forecasting005/pleia_energy_h6_f2_s42_v1/units/pleia_energy_h6_f2_s42_xgboost/training_history.csv.gz
 create mode 100644 smart_building_conformal/outputs/matched_forecasting005/pleia_energy_h6_f2_s42_v1/units/pleia_energy_h6_f2_s42_xgboost/tuning.csv.gz
 create mode 100644 smart_building_conformal/outputs/matched_forecasting005/pleia_energy_h6_f2_s42_v1/units/pleia_energy_h6_f2_s42_xgboost/tuning_predictions.csv.gz
The bundle contains this ref:
1dc6facbbfb9758b0f8388bb775976757038b766 refs/heads/review/matched-overnight-20260914
The bundle requires this ref:
d95405a005851dd7ffc3635a51034cb883b98671 
The bundle uses this hash algorithm: sha1
C:/Users/nigel/ConfoSenseBackups/matched_overnight_20260914/unit03_1dc6fac.bundle is okay
{
  "label": "unit03",
  "utc": "2026-09-13T17:59:20.114112+00:00",
  "branch": "review/matched-overnight-20260914",
  "commit": "1dc6facbbfb9758b0f8388bb775976757038b766",
  "backup": "C:\\Users\\nigel\\ConfoSenseBackups\\matched_overnight_20260914\\unit03_1dc6fac.bundle",
  "backup_sha256": "0c384e93afa04d4846f9f9a011608df1e954ebd22911a1f7ac5acf6b44f7fb43",
  "local_science_preserved": true,
  "publication_status": "pending",
  "push_exit": 128,
  "push_output": "fatal: Cannot prompt because user interactivity has been disabled.\nfatal: could not read Username for 'https://github.com': terminal prompts disabled\n"
}
