[review/matched-overnight-20260914 cc43835] Publish matched overnight evidence: final
 274 files changed, 10911 insertions(+), 41 deletions(-)
 create mode 100644 MATCHED_OVERNIGHT_BATCH_REPORT.md
 create mode 100644 review/matched_overnight_20260914/PANEL2_NUMERICAL_RESPONSE.md
 create mode 100644 smart_building_conformal/outputs/matched_forecasting005/overnight_batch_v1/analysis_v1/COMPLETE.json
 create mode 100644 smart_building_conformal/outputs/matched_forecasting005/overnight_batch_v1/analysis_v1/additional_folds_comparison.csv
 create mode 100644 smart_building_conformal/outputs/matched_forecasting005/overnight_batch_v1/analysis_v1/analysis_validation.json
 create mode 100644 smart_building_conformal/outputs/matched_forecasting005/overnight_batch_v1/analysis_v1/checkpoint_io.csv
 create mode 100644 smart_building_conformal/outputs/matched_forecasting005/overnight_batch_v1/analysis_v1/combined_comparison.csv
 create mode 100644 smart_building_conformal/outputs/matched_forecasting005/overnight_batch_v1/analysis_v1/command_attempts.csv
 create mode 100644 smart_building_conformal/outputs/matched_forecasting005/overnight_batch_v1/analysis_v1/completion_overlay.csv
 create mode 100644 smart_building_conformal/outputs/matched_forecasting005/overnight_batch_v1/analysis_v1/coordinator_recovery_validation.json
 create mode 100644 smart_building_conformal/outputs/matched_forecasting005/overnight_batch_v1/analysis_v1/equal_group_diagnostics.csv
 create mode 100644 smart_building_conformal/outputs/matched_forecasting005/overnight_batch_v1/analysis_v1/evidence_reuse_ledger.csv
 create mode 100644 smart_building_conformal/outputs/matched_forecasting005/overnight_batch_v1/analysis_v1/figures/cost_and_error.pdf
 create mode 100644 smart_building_conformal/outputs/matched_forecasting005/overnight_batch_v1/analysis_v1/figures/cost_and_error.png
 create mode 100644 smart_building_conformal/outputs/matched_forecasting005/overnight_batch_v1/analysis_v1/figures/cost_and_error.sources.json
 create mode 100644 smart_building_conformal/outputs/matched_forecasting005/overnight_batch_v1/analysis_v1/figures/coverage.pdf
 create mode 100644 smart_building_conformal/outputs/matched_forecasting005/overnight_batch_v1/analysis_v1/figures/coverage.png
 create mode 100644 smart_building_conformal/outputs/matched_forecasting005/overnight_batch_v1/analysis_v1/figures/coverage.sources.json
 create mode 100644 smart_building_conformal/outputs/matched_forecasting005/overnight_batch_v1/analysis_v1/figures/forecast_error.pdf
 create mode 100644 smart_building_conformal/outputs/matched_forecasting005/overnight_batch_v1/analysis_v1/figures/forecast_error.png
 create mode 100644 smart_building_conformal/outputs/matched_forecasting005/overnight_batch_v1/analysis_v1/figures/forecast_error.sources.json
 create mode 100644 smart_building_conformal/outputs/matched_forecasting005/overnight_batch_v1/analysis_v1/figures/interval_width.pdf
 create mode 100644 smart_building_conformal/outputs/matched_forecasting005/overnight_batch_v1/analysis_v1/figures/interval_width.png
 create mode 100644 smart_building_conformal/outputs/matched_forecasting005/overnight_batch_v1/analysis_v1/figures/interval_width.sources.json
 create mode 100644 smart_building_conformal/outputs/matched_forecasting005/overnight_batch_v1/analysis_v1/figures/winkler.pdf
 create mode 100644 smart_building_conformal/outputs/matched_forecasting005/overnight_batch_v1/analysis_v1/figures/winkler.png
 create mode 100644 smart_building_conformal/outputs/matched_forecasting005/overnight_batch_v1/analysis_v1/figures/winkler.sources.json
 create mode 100644 smart_building_conformal/outputs/matched_forecasting005/overnight_batch_v1/analysis_v1/fit_attempts.csv
 create mode 100644 smart_building_conformal/outputs/matched_forecasting005/overnight_batch_v1/analysis_v1/fold2_seed42_all_horizons.csv
 create mode 100644 smart_building_conformal/outputs/matched_forecasting005/overnight_batch_v1/analysis_v1/group_metrics.csv
 create mode 100644 smart_building_conformal/outputs/matched_forecasting005/overnight_batch_v1/analysis_v1/measured_timing_references.csv
 create mode 100644 smart_building_conformal/outputs/matched_forecasting005/overnight_batch_v1/analysis_v1/model_costs.csv
 create mode 100644 smart_building_conformal/outputs/matched_forecasting005/overnight_batch_v1/analysis_v1/new_only_comparison.csv
 create mode 100644 smart_building_conformal/outputs/matched_forecasting005/overnight_batch_v1/analysis_v1/paired_model_contrasts.csv
 create mode 100644 smart_building_conformal/outputs/matched_forecasting005/overnight_batch_v1/analysis_v1/remaining_queue_updated.csv
 create mode 100644 smart_building_conformal/outputs/matched_forecasting005/overnight_batch_v1/analysis_v1/rico_phase_metrics.csv
 create mode 100644 smart_building_conformal/outputs/matched_forecasting005/overnight_batch_v1/analysis_v1/run_costs.csv
 create mode 100644 smart_building_conformal/outputs/matched_forecasting005/overnight_batch_v1/analysis_v1/target_diagnostics.csv
 create mode 100644 smart_building_conformal/outputs/matched_forecasting005/overnight_batch_v1/analysis_v1/verification_summary.csv
 create mode 100644 smart_building_conformal/outputs/matched_forecasting005/overnight_batch_v1/attempts/2026-09-13T184801636370+0000_ace43729/attempt.json
 create mode 100644 smart_building_conformal/outputs/matched_forecasting005/overnight_batch_v1/attempts/2026-09-13T184801636370+0000_ace43729/command.log
 create mode 100644 smart_building_conformal/outputs/matched_forecasting005/overnight_batch_v1/attempts/2026-09-13T184801636370+0000_ace43729/command.log.json
 create mode 100644 smart_building_conformal/outputs/matched_forecasting005/overnight_batch_v1/attempts/2026-09-13T184801636370+0000_ace43729/command.log.started.json
 create mode 100644 smart_building_conformal/outputs/matched_forecasting005/overnight_batch_v1/attempts/2026-09-13T184801636370+0000_ace43729/logger.stdout.log
 create mode 100644 smart_building_conformal/outputs/matched_forecasting005/overnight_batch_v1/attempts/2026-09-13T184827926478+0000_f41d778a/attempt.json
 create mode 100644 smart_building_conformal/outputs/matched_forecasting005/overnight_batch_v1/attempts/2026-09-13T184827926478+0000_f41d778a/command.log
 create mode 100644 smart_building_conformal/outputs/matched_forecasting005/overnight_batch_v1/attempts/2026-09-13T184827926478+0000_f41d778a/command.log.json
 create mode 100644 smart_building_conformal/outputs/matched_forecasting005/overnight_batch_v1/attempts/2026-09-13T184827926478+0000_f41d778a/command.log.started.json
 create mode 100644 smart_building_conformal/outputs/matched_forecasting005/overnight_batch_v1/attempts/2026-09-13T184827926478+0000_f41d778a/logger.stdout.log
 create mode 100644 smart_building_conformal/outputs/matched_forecasting005/overnight_batch_v1/attempts/2026-09-13T185410237265+0000_aca07dff/attempt.json
 create mode 100644 smart_building_conformal/outputs/matched_forecasting005/overnight_batch_v1/attempts/2026-09-13T185410237265+0000_aca07dff/command.log
 create mode 100644 smart_building_conformal/outputs/matched_forecasting005/overnight_batch_v1/attempts/2026-09-13T185410237265+0000_aca07dff/command.log.json
 create mode 100644 smart_building_conformal/outputs/matched_forecasting005/overnight_batch_v1/attempts/2026-09-13T185410237265+0000_aca07dff/command.log.started.json
 create mode 100644 smart_building_conformal/outputs/matched_forecasting005/overnight_batch_v1/attempts/2026-09-13T185410237265+0000_aca07dff/logger.stdout.log
 create mode 100644 smart_building_conformal/outputs/matched_forecasting005/overnight_batch_v1/attempts/2026-09-13T185426454504+0000_b1663bb9/attempt.json
 create mode 100644 smart_building_conformal/outputs/matched_forecasting005/overnight_batch_v1/attempts/2026-09-13T185426454504+0000_b1663bb9/command.log
 create mode 100644 smart_building_conformal/outputs/matched_forecasting005/overnight_batch_v1/attempts/2026-09-13T185426454504+0000_b1663bb9/command.log.json
 create mode 100644 smart_building_conformal/outputs/matched_forecasting005/overnight_batch_v1/attempts/2026-09-13T185426454504+0000_b1663bb9/command.log.started.json
 create mode 100644 smart_building_conformal/outputs/matched_forecasting005/overnight_batch_v1/attempts/2026-09-13T185426454504+0000_b1663bb9/logger.stdout.log
 create mode 100644 smart_building_conformal/outputs/matched_forecasting005/overnight_batch_v1/attempts/2026-09-13T185440675612+0000_64b0eda7/attempt.json
 create mode 100644 smart_building_conformal/outputs/matched_forecasting005/overnight_batch_v1/attempts/2026-09-13T185440675612+0000_64b0eda7/command.log
 create mode 100644 smart_building_conformal/outputs/matched_forecasting005/overnight_batch_v1/attempts/2026-09-13T185440675612+0000_64b0eda7/command.log.json
 create mode 100644 smart_building_conformal/outputs/matched_forecasting005/overnight_batch_v1/attempts/2026-09-13T185440675612+0000_64b0eda7/command.log.started.json
 create mode 100644 smart_building_conformal/outputs/matched_forecasting005/overnight_batch_v1/attempts/2026-09-13T185440675612+0000_64b0eda7/groups/comparison.csv
 create mode 100644 smart_building_conformal/outputs/matched_forecasting005/overnight_batch_v1/attempts/2026-09-13T185440675612+0000_64b0eda7/groups/equal_group_diagnostics.csv
 create mode 100644 smart_building_conformal/outputs/matched_forecasting005/overnight_batch_v1/attempts/2026-09-13T185440675612+0000_64b0eda7/groups/group_metrics.csv
 create mode 100644 smart_building_conformal/outputs/matched_forecasting005/overnight_batch_v1/attempts/2026-09-13T185440675612+0000_64b0eda7/groups/model_costs.csv
 create mode 100644 smart_building_conformal/outputs/matched_forecasting005/overnight_batch_v1/attempts/2026-09-13T185440675612+0000_64b0eda7/groups/rico_phase_metrics.csv
 create mode 100644 smart_building_conformal/outputs/matched_forecasting005/overnight_batch_v1/attempts/2026-09-13T185440675612+0000_64b0eda7/groups/target_diagnostics.csv
 create mode 100644 smart_building_conformal/outputs/matched_forecasting005/overnight_batch_v1/attempts/2026-09-13T185440675612+0000_64b0eda7/groups/validation.json
 create mode 100644 smart_building_conformal/outputs/matched_forecasting005/overnight_batch_v1/attempts/2026-09-13T185440675612+0000_64b0eda7/logger.stdout.log
 create mode 100644 smart_building_conformal/outputs/matched_forecasting005/overnight_batch_v1/attempts/2026-09-13T185447155725+0000_c6490b8a/attempt.json
 create mode 100644 smart_building_conformal/outputs/matched_forecasting005/overnight_batch_v1/attempts/2026-09-13T185447155725+0000_c6490b8a/command.log
 create mode 100644 smart_building_conformal/outputs/matched_forecasting005/overnight_batch_v1/attempts/2026-09-13T185447155725+0000_c6490b8a/command.log.json
 create mode 100644 smart_building_conformal/outputs/matched_forecasting005/overnight_batch_v1/attempts/2026-09-13T185447155725+0000_c6490b8a/command.log.started.json
 create mode 100644 smart_building_conformal/outputs/matched_forecasting005/overnight_batch_v1/attempts/2026-09-13T185447155725+0000_c6490b8a/logger.stdout.log
 create mode 100644 smart_building_conformal/outputs/matched_forecasting005/overnight_batch_v1/attempts/2026-09-13T185754804479+0000_2aa685b2/attempt.json
 create mode 100644 smart_building_conformal/outputs/matched_forecasting005/overnight_batch_v1/attempts/2026-09-13T185754804479+0000_2aa685b2/command.log
 create mode 100644 smart_building_conformal/outputs/matched_forecasting005/overnight_batch_v1/attempts/2026-09-13T185754804479+0000_2aa685b2/command.log.json
 create mode 100644 smart_building_conformal/outputs/matched_forecasting005/overnight_batch_v1/attempts/2026-09-13T185754804479+0000_2aa685b2/command.log.started.json
 create mode 100644 smart_building_conformal/outputs/matched_forecasting005/overnight_batch_v1/attempts/2026-09-13T185754804479+0000_2aa685b2/logger.stdout.log
 create mode 100644 smart_building_conformal/outputs/matched_forecasting005/overnight_batch_v1/attempts/2026-09-13T185811034899+0000_e3cfbf56/attempt.json
 create mode 100644 smart_building_conformal/outputs/matched_forecasting005/overnight_batch_v1/attempts/2026-09-13T185811034899+0000_e3cfbf56/command.log
 create mode 100644 smart_building_conformal/outputs/matched_forecasting005/overnight_batch_v1/attempts/2026-09-13T185811034899+0000_e3cfbf56/command.log.json
 create mode 100644 smart_building_conformal/outputs/matched_forecasting005/overnight_batch_v1/attempts/2026-09-13T185811034899+0000_e3cfbf56/command.log.started.json
 create mode 100644 smart_building_conformal/outputs/matched_forecasting005/overnight_batch_v1/attempts/2026-09-13T185811034899+0000_e3cfbf56/logger.stdout.log
 create mode 100644 smart_building_conformal/outputs/matched_forecasting005/overnight_batch_v1/attempts/2026-09-13T185825252230+0000_f64529f9/attempt.json
 create mode 100644 smart_building_conformal/outputs/matched_forecasting005/overnight_batch_v1/attempts/2026-09-13T185825252230+0000_f64529f9/command.log
 create mode 100644 smart_building_conformal/outputs/matched_forecasting005/overnight_batch_v1/attempts/2026-09-13T185825252230+0000_f64529f9/command.log.json
 create mode 100644 smart_building_conformal/outputs/matched_forecasting005/overnight_batch_v1/attempts/2026-09-13T185825252230+0000_f64529f9/command.log.started.json
 create mode 100644 smart_building_conformal/outputs/matched_forecasting005/overnight_batch_v1/attempts/2026-09-13T185825252230+0000_f64529f9/groups/comparison.csv
 create mode 100644 smart_building_conformal/outputs/matched_forecasting005/overnight_batch_v1/attempts/2026-09-13T185825252230+0000_f64529f9/groups/equal_group_diagnostics.csv
 create mode 100644 smart_building_conformal/outputs/matched_forecasting005/overnight_batch_v1/attempts/2026-09-13T185825252230+0000_f64529f9/groups/group_metrics.csv
 create mode 100644 smart_building_conformal/outputs/matched_forecasting005/overnight_batch_v1/attempts/2026-09-13T185825252230+0000_f64529f9/groups/model_costs.csv
 create mode 100644 smart_building_conformal/outputs/matched_forecasting005/overnight_batch_v1/attempts/2026-09-13T185825252230+0000_f64529f9/groups/rico_phase_metrics.csv
 create mode 100644 smart_building_conformal/outputs/matched_forecasting005/overnight_batch_v1/attempts/2026-09-13T185825252230+0000_f64529f9/groups/target_diagnostics.csv
 create mode 100644 smart_building_conformal/outputs/matched_forecasting005/overnight_batch_v1/attempts/2026-09-13T185825252230+0000_f64529f9/groups/validation.json
 create mode 100644 smart_building_conformal/outputs/matched_forecasting005/overnight_batch_v1/attempts/2026-09-13T185825252230+0000_f64529f9/logger.stdout.log
 create mode 100644 smart_building_conformal/outputs/matched_forecasting005/overnight_batch_v1/attempts/2026-09-13T185831706425+0000_08c56554/attempt.json
 create mode 100644 smart_building_conformal/outputs/matched_forecasting005/overnight_batch_v1/attempts/2026-09-13T185831706425+0000_08c56554/command.log
 create mode 100644 smart_building_conformal/outputs/matched_forecasting005/overnight_batch_v1/attempts/2026-09-13T185831706425+0000_08c56554/command.log.json
 create mode 100644 smart_building_conformal/outputs/matched_forecasting005/overnight_batch_v1/attempts/2026-09-13T185831706425+0000_08c56554/command.log.started.json
 create mode 100644 smart_building_conformal/outputs/matched_forecasting005/overnight_batch_v1/attempts/2026-09-13T185831706425+0000_08c56554/logger.stdout.log
 create mode 100644 smart_building_conformal/outputs/matched_forecasting005/overnight_batch_v1/attempts/2026-09-13T190034850280+0000_2d139871/attempt.json
 create mode 100644 smart_building_conformal/outputs/matched_forecasting005/overnight_batch_v1/attempts/2026-09-13T190034850280+0000_2d139871/command.log
 create mode 100644 smart_building_conformal/outputs/matched_forecasting005/overnight_batch_v1/attempts/2026-09-13T190034850280+0000_2d139871/command.log.json
 create mode 100644 smart_building_conformal/outputs/matched_forecasting005/overnight_batch_v1/attempts/2026-09-13T190034850280+0000_2d139871/command.log.started.json
 create mode 100644 smart_building_conformal/outputs/matched_forecasting005/overnight_batch_v1/attempts/2026-09-13T190034850280+0000_2d139871/logger.stdout.log
 create mode 100644 smart_building_conformal/outputs/matched_forecasting005/overnight_batch_v1/attempts/2026-09-13T190051097208+0000_9277929b/attempt.json
 create mode 100644 smart_building_conformal/outputs/matched_forecasting005/overnight_batch_v1/attempts/2026-09-13T190051097208+0000_9277929b/command.log
 create mode 100644 smart_building_conformal/outputs/matched_forecasting005/overnight_batch_v1/attempts/2026-09-13T190051097208+0000_9277929b/command.log.json
 create mode 100644 smart_building_conformal/outputs/matched_forecasting005/overnight_batch_v1/attempts/2026-09-13T190051097208+0000_9277929b/command.log.started.json
 create mode 100644 smart_building_conformal/outputs/matched_forecasting005/overnight_batch_v1/attempts/2026-09-13T190051097208+0000_9277929b/logger.stdout.log
 create mode 100644 smart_building_conformal/outputs/matched_forecasting005/overnight_batch_v1/attempts/2026-09-13T190105327298+0000_ddcb9054/attempt.json
 create mode 100644 smart_building_conformal/outputs/matched_forecasting005/overnight_batch_v1/attempts/2026-09-13T190105327298+0000_ddcb9054/command.log
 create mode 100644 smart_building_conformal/outputs/matched_forecasting005/overnight_batch_v1/attempts/2026-09-13T190105327298+0000_ddcb9054/command.log.json
 create mode 100644 smart_building_conformal/outputs/matched_forecasting005/overnight_batch_v1/attempts/2026-09-13T190105327298+0000_ddcb9054/command.log.started.json
 create mode 100644 smart_building_conformal/outputs/matched_forecasting005/overnight_batch_v1/attempts/2026-09-13T190105327298+0000_ddcb9054/groups/comparison.csv
 create mode 100644 smart_building_conformal/outputs/matched_forecasting005/overnight_batch_v1/attempts/2026-09-13T190105327298+0000_ddcb9054/groups/equal_group_diagnostics.csv
 create mode 100644 smart_building_conformal/outputs/matched_forecasting005/overnight_batch_v1/attempts/2026-09-13T190105327298+0000_ddcb9054/groups/group_metrics.csv
 create mode 100644 smart_building_conformal/outputs/matched_forecasting005/overnight_batch_v1/attempts/2026-09-13T190105327298+0000_ddcb9054/groups/model_costs.csv
 create mode 100644 smart_building_conformal/outputs/matched_forecasting005/overnight_batch_v1/attempts/2026-09-13T190105327298+0000_ddcb9054/groups/rico_phase_metrics.csv
 create mode 100644 smart_building_conformal/outputs/matched_forecasting005/overnight_batch_v1/attempts/2026-09-13T190105327298+0000_ddcb9054/groups/target_diagnostics.csv
 create mode 100644 smart_building_conformal/outputs/matched_forecasting005/overnight_batch_v1/attempts/2026-09-13T190105327298+0000_ddcb9054/groups/validation.json
 create mode 100644 smart_building_conformal/outputs/matched_forecasting005/overnight_batch_v1/attempts/2026-09-13T190105327298+0000_ddcb9054/logger.stdout.log
 create mode 100644 smart_building_conformal/outputs/matched_forecasting005/overnight_batch_v1/attempts/2026-09-13T190111624311+0000_89bb8c58/attempt.json
 create mode 100644 smart_building_conformal/outputs/matched_forecasting005/overnight_batch_v1/attempts/2026-09-13T190111624311+0000_89bb8c58/command.log
 create mode 100644 smart_building_conformal/outputs/matched_forecasting005/overnight_batch_v1/attempts/2026-09-13T190111624311+0000_89bb8c58/command.log.json
 create mode 100644 smart_building_conformal/outputs/matched_forecasting005/overnight_batch_v1/attempts/2026-09-13T190111624311+0000_89bb8c58/command.log.started.json
 create mode 100644 smart_building_conformal/outputs/matched_forecasting005/overnight_batch_v1/attempts/2026-09-13T190111624311+0000_89bb8c58/logger.stdout.log
 create mode 100644 smart_building_conformal/outputs/matched_forecasting005/overnight_batch_v1/receipts/pleia_h1_f2_s42_v1/audit_v1/independent_selection.csv
 create mode 100644 smart_building_conformal/outputs/matched_forecasting005/overnight_batch_v1/receipts/pleia_h1_f2_s42_v1/audit_v1/learned_fit_measurements.csv
 create mode 100644 smart_building_conformal/outputs/matched_forecasting005/overnight_batch_v1/receipts/pleia_h1_f2_s42_v1/audit_v1/phase_measurements.csv
 create mode 100644 smart_building_conformal/outputs/matched_forecasting005/overnight_batch_v1/receipts/pleia_h1_f2_s42_v1/audit_v1/recomputed_interval_metrics.csv
 create mode 100644 smart_building_conformal/outputs/matched_forecasting005/overnight_batch_v1/receipts/pleia_h1_f2_s42_v1/audit_v1/recomputed_point_metrics.csv
 create mode 100644 smart_building_conformal/outputs/matched_forecasting005/overnight_batch_v1/receipts/pleia_h1_f2_s42_v1/audit_v1/saved_model_verification.csv
 create mode 100644 smart_building_conformal/outputs/matched_forecasting005/overnight_batch_v1/receipts/pleia_h1_f2_s42_v1/audit_v1/validation.json
 create mode 100644 smart_building_conformal/outputs/matched_forecasting005/overnight_batch_v1/receipts/pleia_h1_f2_s42_v1/resume_v1.json
 create mode 100644 smart_building_conformal/outputs/matched_forecasting005/overnight_batch_v1/receipts/pleia_h1_f2_s42_v1/resume_v1.json.process.json
 create mode 100644 smart_building_conformal/outputs/matched_forecasting005/overnight_batch_v1/receipts/pleia_h3_f2_s42_v1/audit_v1/independent_selection.csv
 create mode 100644 smart_building_conformal/outputs/matched_forecasting005/overnight_batch_v1/receipts/pleia_h3_f2_s42_v1/audit_v1/learned_fit_measurements.csv
 create mode 100644 smart_building_conformal/outputs/matched_forecasting005/overnight_batch_v1/receipts/pleia_h3_f2_s42_v1/audit_v1/phase_measurements.csv
 create mode 100644 smart_building_conformal/outputs/matched_forecasting005/overnight_batch_v1/receipts/pleia_h3_f2_s42_v1/audit_v1/recomputed_interval_metrics.csv
 create mode 100644 smart_building_conformal/outputs/matched_forecasting005/overnight_batch_v1/receipts/pleia_h3_f2_s42_v1/audit_v1/recomputed_point_metrics.csv
 create mode 100644 smart_building_conformal/outputs/matched_forecasting005/overnight_batch_v1/receipts/pleia_h3_f2_s42_v1/audit_v1/saved_model_verification.csv
 create mode 100644 smart_building_conformal/outputs/matched_forecasting005/overnight_batch_v1/receipts/pleia_h3_f2_s42_v1/audit_v1/validation.json
 create mode 100644 smart_building_conformal/outputs/matched_forecasting005/overnight_batch_v1/receipts/pleia_h3_f2_s42_v1/resume_v1.json
 create mode 100644 smart_building_conformal/outputs/matched_forecasting005/overnight_batch_v1/receipts/pleia_h3_f2_s42_v1/resume_v1.json.process.json
 create mode 100644 smart_building_conformal/outputs/matched_forecasting005/overnight_batch_v1/receipts/pleia_h6_f2_s42_v1/audit_v1/independent_selection.csv
 create mode 100644 smart_building_conformal/outputs/matched_forecasting005/overnight_batch_v1/receipts/pleia_h6_f2_s42_v1/audit_v1/learned_fit_measurements.csv
 create mode 100644 smart_building_conformal/outputs/matched_forecasting005/overnight_batch_v1/receipts/pleia_h6_f2_s42_v1/audit_v1/phase_measurements.csv
 create mode 100644 smart_building_conformal/outputs/matched_forecasting005/overnight_batch_v1/receipts/pleia_h6_f2_s42_v1/audit_v1/recomputed_interval_metrics.csv
 create mode 100644 smart_building_conformal/outputs/matched_forecasting005/overnight_batch_v1/receipts/pleia_h6_f2_s42_v1/audit_v1/recomputed_point_metrics.csv
 create mode 100644 smart_building_conformal/outputs/matched_forecasting005/overnight_batch_v1/receipts/pleia_h6_f2_s42_v1/audit_v1/saved_model_verification.csv
 create mode 100644 smart_building_conformal/outputs/matched_forecasting005/overnight_batch_v1/receipts/pleia_h6_f2_s42_v1/audit_v1/validation.json
 create mode 100644 smart_building_conformal/outputs/matched_forecasting005/overnight_batch_v1/receipts/pleia_h6_f2_s42_v1/resume_v1.json
 create mode 100644 smart_building_conformal/outputs/matched_forecasting005/overnight_batch_v1/receipts/pleia_h6_f2_s42_v1/resume_v1.json.process.json
 create mode 100644 smart_building_conformal/outputs/matched_forecasting005/pleia_h1_f2_s42_v1.process.json
 create mode 100644 smart_building_conformal/outputs/matched_forecasting005/pleia_h1_f2_s42_v1/checkpoint_io_20260913T185221727358.json
 create mode 100644 smart_building_conformal/outputs/matched_forecasting005/pleia_h1_f2_s42_v1/checkpoint_manifest.json
 create mode 100644 smart_building_conformal/outputs/matched_forecasting005/pleia_h1_f2_s42_v1/execution_environment.json
 create mode 100644 smart_building_conformal/outputs/matched_forecasting005/pleia_h1_f2_s42_v1/fit_calls.jsonl
 create mode 100644 smart_building_conformal/outputs/matched_forecasting005/pleia_h1_f2_s42_v1/interval_quality.csv
 create mode 100644 smart_building_conformal/outputs/matched_forecasting005/pleia_h1_f2_s42_v1/point_summary.csv
 create mode 100644 smart_building_conformal/outputs/matched_forecasting005/pleia_h1_f2_s42_v1/run_summary.json
 create mode 100644 smart_building_conformal/outputs/matched_forecasting005/pleia_h1_f2_s42_v1/units/pleia_h1_f2_s42_attention_lstm/COMPLETE.json
 create mode 100644 smart_building_conformal/outputs/matched_forecasting005/pleia_h1_f2_s42_v1/units/pleia_h1_f2_s42_attention_lstm/calibration.csv.gz
 create mode 100644 smart_building_conformal/outputs/matched_forecasting005/pleia_h1_f2_s42_v1/units/pleia_h1_f2_s42_attention_lstm/fitting_membership.csv.gz
 create mode 100644 smart_building_conformal/outputs/matched_forecasting005/pleia_h1_f2_s42_v1/units/pleia_h1_f2_s42_attention_lstm/model.pt
 create mode 100644 smart_building_conformal/outputs/matched_forecasting005/pleia_h1_f2_s42_v1/units/pleia_h1_f2_s42_attention_lstm/payload.json
 create mode 100644 smart_building_conformal/outputs/matched_forecasting005/pleia_h1_f2_s42_v1/units/pleia_h1_f2_s42_attention_lstm/predictions.csv.gz
 create mode 100644 smart_building_conformal/outputs/matched_forecasting005/pleia_h1_f2_s42_v1/units/pleia_h1_f2_s42_attention_lstm/training_history.csv.gz
 create mode 100644 smart_building_conformal/outputs/matched_forecasting005/pleia_h1_f2_s42_v1/units/pleia_h1_f2_s42_attention_lstm/tuning.csv.gz
 create mode 100644 smart_building_conformal/outputs/matched_forecasting005/pleia_h1_f2_s42_v1/units/pleia_h1_f2_s42_attention_lstm/tuning_predictions.csv.gz
 create mode 100644 smart_building_conformal/outputs/matched_forecasting005/pleia_h1_f2_s42_v1/units/pleia_h1_f2_s42_persistence/COMPLETE.json
 create mode 100644 smart_building_conformal/outputs/matched_forecasting005/pleia_h1_f2_s42_v1/units/pleia_h1_f2_s42_persistence/calibration.csv.gz
 create mode 100644 smart_building_conformal/outputs/matched_forecasting005/pleia_h1_f2_s42_v1/units/pleia_h1_f2_s42_persistence/fitting_membership.csv.gz
 create mode 100644 smart_building_conformal/outputs/matched_forecasting005/pleia_h1_f2_s42_v1/units/pleia_h1_f2_s42_persistence/model.json
 create mode 100644 smart_building_conformal/outputs/matched_forecasting005/pleia_h1_f2_s42_v1/units/pleia_h1_f2_s42_persistence/payload.json
 create mode 100644 smart_building_conformal/outputs/matched_forecasting005/pleia_h1_f2_s42_v1/units/pleia_h1_f2_s42_persistence/predictions.csv.gz
 create mode 100644 smart_building_conformal/outputs/matched_forecasting005/pleia_h1_f2_s42_v1/units/pleia_h1_f2_s42_persistence/training_history.csv.gz
 create mode 100644 smart_building_conformal/outputs/matched_forecasting005/pleia_h1_f2_s42_v1/units/pleia_h1_f2_s42_persistence/tuning.csv.gz
 create mode 100644 smart_building_conformal/outputs/matched_forecasting005/pleia_h1_f2_s42_v1/units/pleia_h1_f2_s42_persistence/tuning_predictions.csv.gz
 create mode 100644 smart_building_conformal/outputs/matched_forecasting005/pleia_h1_f2_s42_v1/units/pleia_h1_f2_s42_xgboost/COMPLETE.json
 create mode 100644 smart_building_conformal/outputs/matched_forecasting005/pleia_h1_f2_s42_v1/units/pleia_h1_f2_s42_xgboost/booster_config.json
 create mode 100644 smart_building_conformal/outputs/matched_forecasting005/pleia_h1_f2_s42_v1/units/pleia_h1_f2_s42_xgboost/calibration.csv.gz
 create mode 100644 smart_building_conformal/outputs/matched_forecasting005/pleia_h1_f2_s42_v1/units/pleia_h1_f2_s42_xgboost/fitting_membership.csv.gz
 create mode 100644 smart_building_conformal/outputs/matched_forecasting005/pleia_h1_f2_s42_v1/units/pleia_h1_f2_s42_xgboost/model.ubj
 create mode 100644 smart_building_conformal/outputs/matched_forecasting005/pleia_h1_f2_s42_v1/units/pleia_h1_f2_s42_xgboost/payload.json
 create mode 100644 smart_building_conformal/outputs/matched_forecasting005/pleia_h1_f2_s42_v1/units/pleia_h1_f2_s42_xgboost/predictions.csv.gz
 create mode 100644 smart_building_conformal/outputs/matched_forecasting005/pleia_h1_f2_s42_v1/units/pleia_h1_f2_s42_xgboost/training_history.csv.gz
 create mode 100644 smart_building_conformal/outputs/matched_forecasting005/pleia_h1_f2_s42_v1/units/pleia_h1_f2_s42_xgboost/tuning.csv.gz
 create mode 100644 smart_building_conformal/outputs/matched_forecasting005/pleia_h1_f2_s42_v1/units/pleia_h1_f2_s42_xgboost/tuning_predictions.csv.gz
 create mode 100644 smart_building_conformal/outputs/matched_forecasting005/pleia_h3_f2_s42_v1.process.json
 create mode 100644 smart_building_conformal/outputs/matched_forecasting005/pleia_h3_f2_s42_v1/checkpoint_io_20260913T185752172733.json
 create mode 100644 smart_building_conformal/outputs/matched_forecasting005/pleia_h3_f2_s42_v1/checkpoint_manifest.json
 create mode 100644 smart_building_conformal/outputs/matched_forecasting005/pleia_h3_f2_s42_v1/execution_environment.json
 create mode 100644 smart_building_conformal/outputs/matched_forecasting005/pleia_h3_f2_s42_v1/fit_calls.jsonl
 create mode 100644 smart_building_conformal/outputs/matched_forecasting005/pleia_h3_f2_s42_v1/interval_quality.csv
 create mode 100644 smart_building_conformal/outputs/matched_forecasting005/pleia_h3_f2_s42_v1/point_summary.csv
 create mode 100644 smart_building_conformal/outputs/matched_forecasting005/pleia_h3_f2_s42_v1/run_summary.json
 create mode 100644 smart_building_conformal/outputs/matched_forecasting005/pleia_h3_f2_s42_v1/units/pleia_h3_f2_s42_attention_lstm/COMPLETE.json
 create mode 100644 smart_building_conformal/outputs/matched_forecasting005/pleia_h3_f2_s42_v1/units/pleia_h3_f2_s42_attention_lstm/calibration.csv.gz
 create mode 100644 smart_building_conformal/outputs/matched_forecasting005/pleia_h3_f2_s42_v1/units/pleia_h3_f2_s42_attention_lstm/fitting_membership.csv.gz
 create mode 100644 smart_building_conformal/outputs/matched_forecasting005/pleia_h3_f2_s42_v1/units/pleia_h3_f2_s42_attention_lstm/model.pt
 create mode 100644 smart_building_conformal/outputs/matched_forecasting005/pleia_h3_f2_s42_v1/units/pleia_h3_f2_s42_attention_lstm/payload.json
 create mode 100644 smart_building_conformal/outputs/matched_forecasting005/pleia_h3_f2_s42_v1/units/pleia_h3_f2_s42_attention_lstm/predictions.csv.gz
 create mode 100644 smart_building_conformal/outputs/matched_forecasting005/pleia_h3_f2_s42_v1/units/pleia_h3_f2_s42_attention_lstm/training_history.csv.gz
 create mode 100644 smart_building_conformal/outputs/matched_forecasting005/pleia_h3_f2_s42_v1/units/pleia_h3_f2_s42_attention_lstm/tuning.csv.gz
 create mode 100644 smart_building_conformal/outputs/matched_forecasting005/pleia_h3_f2_s42_v1/units/pleia_h3_f2_s42_attention_lstm/tuning_predictions.csv.gz
 create mode 100644 smart_building_conformal/outputs/matched_forecasting005/pleia_h3_f2_s42_v1/units/pleia_h3_f2_s42_persistence/COMPLETE.json
 create mode 100644 smart_building_conformal/outputs/matched_forecasting005/pleia_h3_f2_s42_v1/units/pleia_h3_f2_s42_persistence/calibration.csv.gz
 create mode 100644 smart_building_conformal/outputs/matched_forecasting005/pleia_h3_f2_s42_v1/units/pleia_h3_f2_s42_persistence/fitting_membership.csv.gz
 create mode 100644 smart_building_conformal/outputs/matched_forecasting005/pleia_h3_f2_s42_v1/units/pleia_h3_f2_s42_persistence/model.json
 create mode 100644 smart_building_conformal/outputs/matched_forecasting005/pleia_h3_f2_s42_v1/units/pleia_h3_f2_s42_persistence/payload.json
 create mode 100644 smart_building_conformal/outputs/matched_forecasting005/pleia_h3_f2_s42_v1/units/pleia_h3_f2_s42_persistence/predictions.csv.gz
 create mode 100644 smart_building_conformal/outputs/matched_forecasting005/pleia_h3_f2_s42_v1/units/pleia_h3_f2_s42_persistence/training_history.csv.gz
 create mode 100644 smart_building_conformal/outputs/matched_forecasting005/pleia_h3_f2_s42_v1/units/pleia_h3_f2_s42_persistence/tuning.csv.gz
 create mode 100644 smart_building_conformal/outputs/matched_forecasting005/pleia_h3_f2_s42_v1/units/pleia_h3_f2_s42_persistence/tuning_predictions.csv.gz
 create mode 100644 smart_building_conformal/outputs/matched_forecasting005/pleia_h3_f2_s42_v1/units/pleia_h3_f2_s42_xgboost/COMPLETE.json
 create mode 100644 smart_building_conformal/outputs/matched_forecasting005/pleia_h3_f2_s42_v1/units/pleia_h3_f2_s42_xgboost/booster_config.json
 create mode 100644 smart_building_conformal/outputs/matched_forecasting005/pleia_h3_f2_s42_v1/units/pleia_h3_f2_s42_xgboost/calibration.csv.gz
 create mode 100644 smart_building_conformal/outputs/matched_forecasting005/pleia_h3_f2_s42_v1/units/pleia_h3_f2_s42_xgboost/fitting_membership.csv.gz
 create mode 100644 smart_building_conformal/outputs/matched_forecasting005/pleia_h3_f2_s42_v1/units/pleia_h3_f2_s42_xgboost/model.ubj
 create mode 100644 smart_building_conformal/outputs/matched_forecasting005/pleia_h3_f2_s42_v1/units/pleia_h3_f2_s42_xgboost/payload.json
 create mode 100644 smart_building_conformal/outputs/matched_forecasting005/pleia_h3_f2_s42_v1/units/pleia_h3_f2_s42_xgboost/predictions.csv.gz
 create mode 100644 smart_building_conformal/outputs/matched_forecasting005/pleia_h3_f2_s42_v1/units/pleia_h3_f2_s42_xgboost/training_history.csv.gz
 create mode 100644 smart_building_conformal/outputs/matched_forecasting005/pleia_h3_f2_s42_v1/units/pleia_h3_f2_s42_xgboost/tuning.csv.gz
 create mode 100644 smart_building_conformal/outputs/matched_forecasting005/pleia_h3_f2_s42_v1/units/pleia_h3_f2_s42_xgboost/tuning_predictions.csv.gz
 create mode 100644 smart_building_conformal/outputs/matched_forecasting005/pleia_h6_f2_s42_v1.process.json
 create mode 100644 smart_building_conformal/outputs/matched_forecasting005/pleia_h6_f2_s42_v1/checkpoint_io_20260913T190033928006.json
 create mode 100644 smart_building_conformal/outputs/matched_forecasting005/pleia_h6_f2_s42_v1/checkpoint_manifest.json
 create mode 100644 smart_building_conformal/outputs/matched_forecasting005/pleia_h6_f2_s42_v1/execution_environment.json
 create mode 100644 smart_building_conformal/outputs/matched_forecasting005/pleia_h6_f2_s42_v1/fit_calls.jsonl
 create mode 100644 smart_building_conformal/outputs/matched_forecasting005/pleia_h6_f2_s42_v1/interval_quality.csv
 create mode 100644 smart_building_conformal/outputs/matched_forecasting005/pleia_h6_f2_s42_v1/point_summary.csv
 create mode 100644 smart_building_conformal/outputs/matched_forecasting005/pleia_h6_f2_s42_v1/run_summary.json
 create mode 100644 smart_building_conformal/outputs/matched_forecasting005/pleia_h6_f2_s42_v1/units/pleia_h6_f2_s42_attention_lstm/COMPLETE.json
 create mode 100644 smart_building_conformal/outputs/matched_forecasting005/pleia_h6_f2_s42_v1/units/pleia_h6_f2_s42_attention_lstm/calibration.csv.gz
 create mode 100644 smart_building_conformal/outputs/matched_forecasting005/pleia_h6_f2_s42_v1/units/pleia_h6_f2_s42_attention_lstm/fitting_membership.csv.gz
 create mode 100644 smart_building_conformal/outputs/matched_forecasting005/pleia_h6_f2_s42_v1/units/pleia_h6_f2_s42_attention_lstm/model.pt
 create mode 100644 smart_building_conformal/outputs/matched_forecasting005/pleia_h6_f2_s42_v1/units/pleia_h6_f2_s42_attention_lstm/payload.json
 create mode 100644 smart_building_conformal/outputs/matched_forecasting005/pleia_h6_f2_s42_v1/units/pleia_h6_f2_s42_attention_lstm/predictions.csv.gz
 create mode 100644 smart_building_conformal/outputs/matched_forecasting005/pleia_h6_f2_s42_v1/units/pleia_h6_f2_s42_attention_lstm/training_history.csv.gz
 create mode 100644 smart_building_conformal/outputs/matched_forecasting005/pleia_h6_f2_s42_v1/units/pleia_h6_f2_s42_attention_lstm/tuning.csv.gz
 create mode 100644 smart_building_conformal/outputs/matched_forecasting005/pleia_h6_f2_s42_v1/units/pleia_h6_f2_s42_attention_lstm/tuning_predictions.csv.gz
 create mode 100644 smart_building_conformal/outputs/matched_forecasting005/pleia_h6_f2_s42_v1/units/pleia_h6_f2_s42_persistence/COMPLETE.json
 create mode 100644 smart_building_conformal/outputs/matched_forecasting005/pleia_h6_f2_s42_v1/units/pleia_h6_f2_s42_persistence/calibration.csv.gz
 create mode 100644 smart_building_conformal/outputs/matched_forecasting005/pleia_h6_f2_s42_v1/units/pleia_h6_f2_s42_persistence/fitting_membership.csv.gz
 create mode 100644 smart_building_conformal/outputs/matched_forecasting005/pleia_h6_f2_s42_v1/units/pleia_h6_f2_s42_persistence/model.json
 create mode 100644 smart_building_conformal/outputs/matched_forecasting005/pleia_h6_f2_s42_v1/units/pleia_h6_f2_s42_persistence/payload.json
 create mode 100644 smart_building_conformal/outputs/matched_forecasting005/pleia_h6_f2_s42_v1/units/pleia_h6_f2_s42_persistence/predictions.csv.gz
 create mode 100644 smart_building_conformal/outputs/matched_forecasting005/pleia_h6_f2_s42_v1/units/pleia_h6_f2_s42_persistence/training_history.csv.gz
 create mode 100644 smart_building_conformal/outputs/matched_forecasting005/pleia_h6_f2_s42_v1/units/pleia_h6_f2_s42_persistence/tuning.csv.gz
 create mode 100644 smart_building_conformal/outputs/matched_forecasting005/pleia_h6_f2_s42_v1/units/pleia_h6_f2_s42_persistence/tuning_predictions.csv.gz
 create mode 100644 smart_building_conformal/outputs/matched_forecasting005/pleia_h6_f2_s42_v1/units/pleia_h6_f2_s42_xgboost/COMPLETE.json
 create mode 100644 smart_building_conformal/outputs/matched_forecasting005/pleia_h6_f2_s42_v1/units/pleia_h6_f2_s42_xgboost/booster_config.json
 create mode 100644 smart_building_conformal/outputs/matched_forecasting005/pleia_h6_f2_s42_v1/units/pleia_h6_f2_s42_xgboost/calibration.csv.gz
 create mode 100644 smart_building_conformal/outputs/matched_forecasting005/pleia_h6_f2_s42_v1/units/pleia_h6_f2_s42_xgboost/fitting_membership.csv.gz
 create mode 100644 smart_building_conformal/outputs/matched_forecasting005/pleia_h6_f2_s42_v1/units/pleia_h6_f2_s42_xgboost/model.ubj
 create mode 100644 smart_building_conformal/outputs/matched_forecasting005/pleia_h6_f2_s42_v1/units/pleia_h6_f2_s42_xgboost/payload.json
 create mode 100644 smart_building_conformal/outputs/matched_forecasting005/pleia_h6_f2_s42_v1/units/pleia_h6_f2_s42_xgboost/predictions.csv.gz
 create mode 100644 smart_building_conformal/outputs/matched_forecasting005/pleia_h6_f2_s42_v1/units/pleia_h6_f2_s42_xgboost/training_history.csv.gz
 create mode 100644 smart_building_conformal/outputs/matched_forecasting005/pleia_h6_f2_s42_v1/units/pleia_h6_f2_s42_xgboost/tuning.csv.gz
 create mode 100644 smart_building_conformal/outputs/matched_forecasting005/pleia_h6_f2_s42_v1/units/pleia_h6_f2_s42_xgboost/tuning_predictions.csv.gz
The bundle contains this ref:
cc438358429db5c82810246062c3ccecfa14ccdf refs/heads/review/matched-overnight-20260914
The bundle requires this ref:
d95405a005851dd7ffc3635a51034cb883b98671 
The bundle uses this hash algorithm: sha1
C:/Users/nigel/ConfoSenseBackups/matched_overnight_20260914/final_cc43835.bundle is okay
{
  "label": "final",
  "utc": "2026-09-13T19:02:05.865300+00:00",
  "branch": "review/matched-overnight-20260914",
  "commit": "cc438358429db5c82810246062c3ccecfa14ccdf",
  "backup": "C:\\Users\\nigel\\ConfoSenseBackups\\matched_overnight_20260914\\final_cc43835.bundle",
  "backup_sha256": "a59207f2553566e791591f4a8ebdd939de7a9074eb9d6b09a8b29a42d0a50113",
  "local_science_preserved": true,
  "publication_status": "pending",
  "push_exit": 128,
  "push_output": "fatal: Cannot prompt because user interactivity has been disabled.\nfatal: could not read Username for 'https://github.com': terminal prompts disabled\n"
}
