{
  "frozen": true,
  "rows": {
    "final_fit": 14855,
    "final_calibration": 4954,
    "outer_test": 9907
  },
  "contexts": 68,
  "schedules": 2856,
  "models_fitted": 0,
  "resources": {
    "seconds": 2.2714580000028946,
    "baseline_rss_bytes": 320299008,
    "peak_rss_bytes": 414363648,
    "baseline_private_bytes": 279007232,
    "peak_private_bytes": 391974912,
    "incremental_peak_rss_bytes": 94064640,
    "lifetime_peak_rss_bytes": 417640448,
    "min_available_ram_bytes": 2997669888,
    "sample_interval_seconds": 0.05,
    "process_cpu_seconds": 2.171875
  }
}
