{
  "frozen": true,
  "rows": {
    "final_fit": 14855,
    "final_calibration": 4954,
    "outer_test": 9907
  },
  "contexts": 68,
  "schedules": 2856,
  "models_fitted": 0,
  "resources": {
    "seconds": 2.2714580000028946,
    "baseline_rss_bytes": 320299008,
    "peak_rss_bytes": 414363648,
    "baseline_private_bytes": 279007232,
    "peak_private_bytes": 391974912,
    "incremental_peak_rss_bytes": 94064640,
    "lifetime_peak_rss_bytes": 417640448,
    "min_available_ram_bytes": 2997669888,
    "sample_interval_seconds": 0.05,
    "process_cpu_seconds": 2.171875
  }
}
{"command": ["C:/cfs_venv/Scripts/python.exe", "-B", "-m", "src.conditional_context005", "freeze", "--manifest", "C:\\Users\\nigel\\OneDrive\\Desktop\\GitHub\\confosense\\review\\pleia_energy_context005_multiseed_20260915\\pleia_energy_f2_s44_C_v1_execution_manifest.json", "--design", "C:\\Users\\nigel\\OneDrive\\Desktop\\GitHub\\confosense\\smart_building_conformal\\protocols\\conditional_context005\\pleia_energy_f2_s44_C_v1", "--out", "C:\\Users\\nigel\\OneDrive\\Desktop\\GitHub\\confosense\\smart_building_conformal\\outputs\\conditional_context005\\pleia_energy_f2_s44_C_v1", "--readiness", "C:\\Users\\nigel\\OneDrive\\Desktop\\GitHub\\confosense\\smart_building_conformal\\protocols\\conditional_context005\\pleia_energy_f2_s44_C_v1\\readiness.json", "--receipt", "C:\\Users\\nigel\\OneDrive\\Desktop\\GitHub\\confosense\\smart_building_conformal\\protocols\\conditional_context005\\pleia_energy_f2_s44_C_v1\\readiness.json"], "cwd": "C:\\Users\\nigel\\OneDrive\\Desktop\\GitHub\\confosense\\smart_building_conformal", "started_utc": "2026-09-14T23:38:03.498545+00:00", "logger_pid": 6776, "child_pid": 7716, "ended_utc": "2026-09-14T23:38:09.669325+00:00", "seconds": 6.166117899992969, "exit_status": 0}
