{
  "status": "complete",
  "action": "resume",
  "models_fitted": 0,
  "reused_model_units": 3,
  "fresh_data_identity_verified": true,
  "preparation_resources": {
    "seconds": 17.522672999999486,
    "baseline_rss_bytes": 325369856,
    "peak_rss_bytes": 951496704,
    "baseline_private_bytes": 283295744,
    "peak_private_bytes": 998768640,
    "incremental_peak_rss_bytes": 626126848,
    "lifetime_peak_rss_bytes": 1033379840,
    "min_available_ram_bytes": 4233187328,
    "sample_interval_seconds": 0.05,
    "process_cpu_seconds": 17.125
  },
  "protocol_hash": "b6643b6b0997a0780ea6392f425b4a0cb5398cc5509f4332b3c8d5941770a46d",
  "source_hash": "cd907183301a189ddfcc195774dad58c8fa07d5b326d2ac29cf3636383dc681e",
  "all_run_files_unchanged": true
}
{"command": ["C:/cfs_venv/Scripts/python.exe", "-B", "-m", "src.matched_forecasting005", "resume", "--matrix", "C:\\Users\\nigel\\OneDrive\\Desktop\\GitHub\\confosense\\smart_building_conformal\\outputs\\amendment005\\support_design_v1\\experiment_matrix.csv", "--dataset", "bdg2", "--horizon", "1", "--outer-fold", "2", "--model-seed", "46", "--design-dir", "C:\\Users\\nigel\\OneDrive\\Desktop\\GitHub\\confosense\\smart_building_conformal\\protocols\\matched_forecasting005\\bdg2_h1_f2_s46_v1", "--out", "C:\\Users\\nigel\\OneDrive\\Desktop\\GitHub\\confosense\\smart_building_conformal\\outputs\\matched_forecasting005\\bdg2_h1_f2_s46_v1", "--readiness", "C:\\Users\\nigel\\OneDrive\\Desktop\\GitHub\\confosense\\smart_building_conformal\\protocols\\matched_forecasting005\\bdg2_h1_f2_s46_v1\\readiness.json", "--receipt", "C:\\Users\\nigel\\OneDrive\\Desktop\\GitHub\\confosense\\smart_building_conformal\\outputs\\matched_forecasting005\\fold2_multiseed_batch_v1\\receipts\\bdg2_h1_f2_s46_v1\\resume_v1.json", "--forbid-fits"], "cwd": "C:\\Users\\nigel\\OneDrive\\Desktop\\GitHub\\confosense\\smart_building_conformal", "started_utc": "2026-09-14T02:34:05.568937+00:00", "logger_pid": 17580, "child_pid": 23948, "ended_utc": "2026-09-14T02:34:27.688220+00:00", "seconds": 22.121081599994795, "exit_status": 0}
