{
  "frozen": true,
  "rows": {
    "final_fit": 14855,
    "final_calibration": 4954,
    "outer_test": 9907
  },
  "contexts": 68,
  "schedules": 2856,
  "models_fitted": 0,
  "resources": {
    "seconds": 2.2396368000045186,
    "baseline_rss_bytes": 320573440,
    "peak_rss_bytes": 422928384,
    "baseline_private_bytes": 279236608,
    "peak_private_bytes": 400277504,
    "incremental_peak_rss_bytes": 102354944,
    "lifetime_peak_rss_bytes": 425095168,
    "min_available_ram_bytes": 2971426816,
    "sample_interval_seconds": 0.05,
    "process_cpu_seconds": 2.15625
  }
}
