{
  "passed": true,
  "models_fitted": 0,
  "point_cells": 3,
  "interval_cells": 6,
  "real_tuning_fits_verified": 8,
  "real_final_fits_verified": 2,
  "saved_model_prediction_checks": 6,
  "own_calibration_verified": true,
  "common_target_ids_verified": true,
  "training_only_normalization_verified": true,
  "candidate_and_epoch_selection_verified": true,
  "all_run_files_unchanged": true,
  "preparation_resources": {
    "seconds": 8.625945399995544,
    "baseline_rss_bytes": 325283840,
    "peak_rss_bytes": 1161080832,
    "baseline_private_bytes": 283328512,
    "peak_private_bytes": 1201717248,
    "incremental_peak_rss_bytes": 835796992,
    "lifetime_peak_rss_bytes": 1242353664,
    "min_available_ram_bytes": 3863420928,
    "sample_interval_seconds": 0.05,
    "process_cpu_seconds": 8.375
  },
  "total_validation_resources": {
    "seconds": 11.3085085000057,
    "baseline_rss_bytes": 323022848,
    "peak_rss_bytes": 1161146368,
    "baseline_private_bytes": 282214400,
    "peak_private_bytes": 1201717248,
    "incremental_peak_rss_bytes": 838123520,
    "lifetime_peak_rss_bytes": 1242353664,
    "min_available_ram_bytes": 3863420928,
    "sample_interval_seconds": 0.05,
    "process_cpu_seconds": 10.875
  },
  "source_hash": "cd907183301a189ddfcc195774dad58c8fa07d5b326d2ac29cf3636383dc681e",
  "protocol_hash": "7b3af2e5082254e020ca867fb95d22cc2dc6b99331e9a1c7f86c6a385461bbeb",
  "full_study_ready": false
}
{"command": ["C:/cfs_venv/Scripts/python.exe", "-B", "-m", "src.matched_forecasting005", "validate", "--matrix", "C:\\Users\\nigel\\OneDrive\\Desktop\\GitHub\\confosense\\smart_building_conformal\\outputs\\amendment005\\support_design_v1\\experiment_matrix.csv", "--dataset", "pleia", "--horizon", "6", "--outer-fold", "2", "--model-seed", "45", "--design-dir", "C:\\Users\\nigel\\OneDrive\\Desktop\\GitHub\\confosense\\smart_building_conformal\\protocols\\matched_forecasting005\\pleia_h6_f2_s45_v1", "--out", "C:\\Users\\nigel\\OneDrive\\Desktop\\GitHub\\confosense\\smart_building_conformal\\outputs\\matched_forecasting005\\pleia_h6_f2_s45_v1", "--readiness", "C:\\Users\\nigel\\OneDrive\\Desktop\\GitHub\\confosense\\smart_building_conformal\\protocols\\matched_forecasting005\\pleia_h6_f2_s45_v1\\readiness.json", "--receipt", "C:\\Users\\nigel\\OneDrive\\Desktop\\GitHub\\confosense\\smart_building_conformal\\outputs\\matched_forecasting005\\fold2_multiseed_batch_v1\\receipts\\pleia_h6_f2_s45_v1\\audit_v1"], "cwd": "C:\\Users\\nigel\\OneDrive\\Desktop\\GitHub\\confosense\\smart_building_conformal", "started_utc": "2026-09-14T02:00:45.649612+00:00", "logger_pid": 23852, "child_pid": 12056, "ended_utc": "2026-09-14T02:01:01.349976+00:00", "seconds": 15.701756900001783, "exit_status": 0}
