INFO:root:The predictions are ill-sorted.
INFO:root:The predictions are ill-sorted.
INFO:root:The predictions are ill-sorted.
INFO:root:The predictions are ill-sorted.
INFO:root:The predictions are ill-sorted.
INFO:root:The predictions are ill-sorted.
INFO:root:The predictions are ill-sorted.
INFO:root:The predictions are ill-sorted.
INFO:root:The predictions are ill-sorted.
INFO:root:The predictions are ill-sorted.
INFO:root:The predictions are ill-sorted.
INFO:root:The predictions are ill-sorted.
INFO:root:The predictions are ill-sorted.
INFO:root:The predictions are ill-sorted.
INFO:root:The predictions are ill-sorted.
INFO:root:The predictions are ill-sorted.
INFO:root:The predictions are ill-sorted.
INFO:root:The predictions are ill-sorted.
INFO:root:The predictions are ill-sorted.
INFO:root:The predictions are ill-sorted.
INFO:root:The predictions are ill-sorted.
INFO:root:The predictions are ill-sorted.
INFO:root:The predictions are ill-sorted.
INFO:root:The predictions are ill-sorted.
INFO:root:The predictions are ill-sorted.
INFO:root:The predictions are ill-sorted.
INFO:root:The predictions are ill-sorted.
INFO:root:The predictions are ill-sorted.
INFO:root:The predictions are ill-sorted.
INFO:root:The predictions are ill-sorted.
INFO:root:The predictions are ill-sorted.
INFO:root:The predictions are ill-sorted.
INFO:root:The predictions are ill-sorted.
INFO:root:The predictions are ill-sorted.
INFO:root:The predictions are ill-sorted.
INFO:root:The predictions are ill-sorted.
INFO:root:The predictions are ill-sorted.
INFO:root:The predictions are ill-sorted.
INFO:root:The predictions are ill-sorted.
INFO:root:The predictions are ill-sorted.
INFO:root:The predictions are ill-sorted.
INFO:root:The predictions are ill-sorted.
INFO:root:The predictions are ill-sorted.
INFO:root:The predictions are ill-sorted.
INFO:root:The predictions are ill-sorted.
INFO:root:The predictions are ill-sorted.
INFO:root:The predictions are ill-sorted.
INFO:root:The predictions are ill-sorted.
INFO:root:The predictions are ill-sorted.
INFO:root:The predictions are ill-sorted.
INFO:root:The predictions are ill-sorted.
INFO:root:The predictions are ill-sorted.
INFO:root:The predictions are ill-sorted.
INFO:root:The predictions are ill-sorted.
INFO:root:The predictions are ill-sorted.
INFO:root:The predictions are ill-sorted.
INFO:root:The predictions are ill-sorted.
INFO:root:The predictions are ill-sorted.
INFO:root:The predictions are ill-sorted.
INFO:root:The predictions are ill-sorted.
INFO:root:The predictions are ill-sorted.
INFO:root:The predictions are ill-sorted.
INFO:root:The predictions are ill-sorted.
INFO:root:The predictions are ill-sorted.
INFO:root:The predictions are ill-sorted.
INFO:root:The predictions are ill-sorted.
INFO:root:The predictions are ill-sorted.
INFO:root:The predictions are ill-sorted.
INFO:root:The predictions are ill-sorted.
INFO:root:The predictions are ill-sorted.
C CONTEXT COMPLETE pleia ec3730985769999acec0 32 unique realizations
INFO:root:The predictions are ill-sorted.
INFO:root:The predictions are ill-sorted.
INFO:root:The predictions are ill-sorted.
INFO:root:The predictions are ill-sorted.
INFO:root:The predictions are ill-sorted.
INFO:root:The predictions are ill-sorted.
INFO:root:The predictions are ill-sorted.
INFO:root:The predictions are ill-sorted.
INFO:root:The predictions are ill-sorted.
INFO:root:The predictions are ill-sorted.
INFO:root:The predictions are ill-sorted.
INFO:root:The predictions are ill-sorted.
INFO:root:The predictions are ill-sorted.
INFO:root:The predictions are ill-sorted.
INFO:root:The predictions are ill-sorted.
INFO:root:The predictions are ill-sorted.
INFO:root:The predictions are ill-sorted.
INFO:root:The predictions are ill-sorted.
INFO:root:The predictions are ill-sorted.
INFO:root:The predictions are ill-sorted.
INFO:root:The predictions are ill-sorted.
INFO:root:The predictions are ill-sorted.
INFO:root:The predictions are ill-sorted.
INFO:root:The predictions are ill-sorted.
INFO:root:The predictions are ill-sorted.
INFO:root:The predictions are ill-sorted.
INFO:root:The predictions are ill-sorted.
INFO:root:The predictions are ill-sorted.
INFO:root:The predictions are ill-sorted.
INFO:root:The predictions are ill-sorted.
INFO:root:The predictions are ill-sorted.
INFO:root:The predictions are ill-sorted.
INFO:root:The predictions are ill-sorted.
INFO:root:The predictions are ill-sorted.
INFO:root:The predictions are ill-sorted.
INFO:root:The predictions are ill-sorted.
INFO:root:The predictions are ill-sorted.
INFO:root:The predictions are ill-sorted.
INFO:root:The predictions are ill-sorted.
INFO:root:The predictions are ill-sorted.
INFO:root:The predictions are ill-sorted.
INFO:root:The predictions are ill-sorted.
INFO:root:The predictions are ill-sorted.
INFO:root:The predictions are ill-sorted.
INFO:root:The predictions are ill-sorted.
INFO:root:The predictions are ill-sorted.
INFO:root:The predictions are ill-sorted.
INFO:root:The predictions are ill-sorted.
INFO:root:The predictions are ill-sorted.
INFO:root:The predictions are ill-sorted.
INFO:root:The predictions are ill-sorted.
INFO:root:The predictions are ill-sorted.
INFO:root:The predictions are ill-sorted.
INFO:root:The predictions are ill-sorted.
INFO:root:The predictions are ill-sorted.
INFO:root:The predictions are ill-sorted.
INFO:root:The predictions are ill-sorted.
INFO:root:The predictions are ill-sorted.
INFO:root:The predictions are ill-sorted.
INFO:root:The predictions are ill-sorted.
INFO:root:The predictions are ill-sorted.
INFO:root:The predictions are ill-sorted.
INFO:root:The predictions are ill-sorted.
INFO:root:The predictions are ill-sorted.
C CONTEXT COMPLETE pleia 3c2ed441cb78fe67ef35 32 unique realizations
INFO:root:The predictions are ill-sorted.
INFO:root:The predictions are ill-sorted.
INFO:root:The predictions are ill-sorted.
INFO:root:The predictions are ill-sorted.
INFO:root:The predictions are ill-sorted.
INFO:root:The predictions are ill-sorted.
INFO:root:The predictions are ill-sorted.
INFO:root:The predictions are ill-sorted.
INFO:root:The predictions are ill-sorted.
INFO:root:The predictions are ill-sorted.
INFO:root:The predictions are ill-sorted.
INFO:root:The predictions are ill-sorted.
INFO:root:The predictions are ill-sorted.
INFO:root:The predictions are ill-sorted.
INFO:root:The predictions are ill-sorted.
INFO:root:The predictions are ill-sorted.
INFO:root:The predictions are ill-sorted.
INFO:root:The predictions are ill-sorted.
INFO:root:The predictions are ill-sorted.
INFO:root:The predictions are ill-sorted.
INFO:root:The predictions are ill-sorted.
INFO:root:The predictions are ill-sorted.
INFO:root:The predictions are ill-sorted.
INFO:root:The predictions are ill-sorted.
INFO:root:The predictions are ill-sorted.
INFO:root:The predictions are ill-sorted.
INFO:root:The predictions are ill-sorted.
INFO:root:The predictions are ill-sorted.
INFO:root:The predictions are ill-sorted.
INFO:root:The predictions are ill-sorted.
INFO:root:The predictions are ill-sorted.
INFO:root:The predictions are ill-sorted.
INFO:root:The predictions are ill-sorted.
INFO:root:The predictions are ill-sorted.
INFO:root:The predictions are ill-sorted.
INFO:root:The predictions are ill-sorted.
INFO:root:The predictions are ill-sorted.
INFO:root:The predictions are ill-sorted.
INFO:root:The predictions are ill-sorted.
INFO:root:The predictions are ill-sorted.
INFO:root:The predictions are ill-sorted.
INFO:root:The predictions are ill-sorted.
INFO:root:The predictions are ill-sorted.
INFO:root:The predictions are ill-sorted.
INFO:root:The predictions are ill-sorted.
INFO:root:The predictions are ill-sorted.
INFO:root:The predictions are ill-sorted.
INFO:root:The predictions are ill-sorted.
INFO:root:The predictions are ill-sorted.
INFO:root:The predictions are ill-sorted.
INFO:root:The predictions are ill-sorted.
INFO:root:The predictions are ill-sorted.
INFO:root:The predictions are ill-sorted.
INFO:root:The predictions are ill-sorted.
INFO:root:The predictions are ill-sorted.
INFO:root:The predictions are ill-sorted.
INFO:root:The predictions are ill-sorted.
INFO:root:The predictions are ill-sorted.
INFO:root:The predictions are ill-sorted.
INFO:root:The predictions are ill-sorted.
INFO:root:The predictions are ill-sorted.
INFO:root:The predictions are ill-sorted.
INFO:root:The predictions are ill-sorted.
INFO:root:The predictions are ill-sorted.
C CONTEXT COMPLETE pleia 8b9681a4024d46b3e7ec 32 unique realizations
INFO:root:The predictions are ill-sorted.
INFO:root:The predictions are ill-sorted.
INFO:root:The predictions are ill-sorted.
INFO:root:The predictions are ill-sorted.
INFO:root:The predictions are ill-sorted.
INFO:root:The predictions are ill-sorted.
INFO:root:The predictions are ill-sorted.
INFO:root:The predictions are ill-sorted.
INFO:root:The predictions are ill-sorted.
INFO:root:The predictions are ill-sorted.
INFO:root:The predictions are ill-sorted.
INFO:root:The predictions are ill-sorted.
INFO:root:The predictions are ill-sorted.
INFO:root:The predictions are ill-sorted.
INFO:root:The predictions are ill-sorted.
INFO:root:The predictions are ill-sorted.
INFO:root:The predictions are ill-sorted.
INFO:root:The predictions are ill-sorted.
INFO:root:The predictions are ill-sorted.
INFO:root:The predictions are ill-sorted.
INFO:root:The predictions are ill-sorted.
INFO:root:The predictions are ill-sorted.
INFO:root:The predictions are ill-sorted.
INFO:root:The predictions are ill-sorted.
INFO:root:The predictions are ill-sorted.
INFO:root:The predictions are ill-sorted.
INFO:root:The predictions are ill-sorted.
INFO:root:The predictions are ill-sorted.
INFO:root:The predictions are ill-sorted.
INFO:root:The predictions are ill-sorted.
INFO:root:The predictions are ill-sorted.
INFO:root:The predictions are ill-sorted.
INFO:root:The predictions are ill-sorted.
INFO:root:The predictions are ill-sorted.
INFO:root:The predictions are ill-sorted.
INFO:root:The predictions are ill-sorted.
INFO:root:The predictions are ill-sorted.
INFO:root:The predictions are ill-sorted.
INFO:root:The predictions are ill-sorted.
INFO:root:The predictions are ill-sorted.
C CONTEXT COMPLETE pleia 45e3b6a5fdbd65e8305e 32 unique realizations
INFO:root:The predictions are ill-sorted.
INFO:root:The predictions are ill-sorted.
INFO:root:The predictions are ill-sorted.
INFO:root:The predictions are ill-sorted.
INFO:root:The predictions are ill-sorted.
INFO:root:The predictions are ill-sorted.
INFO:root:The predictions are ill-sorted.
INFO:root:The predictions are ill-sorted.
INFO:root:The predictions are ill-sorted.
INFO:root:The predictions are ill-sorted.
INFO:root:The predictions are ill-sorted.
INFO:root:The predictions are ill-sorted.
INFO:root:The predictions are ill-sorted.
INFO:root:The predictions are ill-sorted.
INFO:root:The predictions are ill-sorted.
INFO:root:The predictions are ill-sorted.
INFO:root:The predictions are ill-sorted.
INFO:root:The predictions are ill-sorted.
INFO:root:The predictions are ill-sorted.
INFO:root:The predictions are ill-sorted.
INFO:root:The predictions are ill-sorted.
INFO:root:The predictions are ill-sorted.
INFO:root:The predictions are ill-sorted.
INFO:root:The predictions are ill-sorted.
INFO:root:The predictions are ill-sorted.
INFO:root:The predictions are ill-sorted.
INFO:root:The predictions are ill-sorted.
INFO:root:The predictions are ill-sorted.
INFO:root:The predictions are ill-sorted.
INFO:root:The predictions are ill-sorted.
INFO:root:The predictions are ill-sorted.
INFO:root:The predictions are ill-sorted.
INFO:root:The predictions are ill-sorted.
INFO:root:The predictions are ill-sorted.
INFO:root:The predictions are ill-sorted.
INFO:root:The predictions are ill-sorted.
INFO:root:The predictions are ill-sorted.
INFO:root:The predictions are ill-sorted.
C CONTEXT COMPLETE pleia 9cb0d333b98f74f847ab 31 unique realizations
INFO:root:The predictions are ill-sorted.
INFO:root:The predictions are ill-sorted.
INFO:root:The predictions are ill-sorted.
INFO:root:The predictions are ill-sorted.
INFO:root:The predictions are ill-sorted.
INFO:root:The predictions are ill-sorted.
C CONTEXT COMPLETE pleia 2481337af1f347d1dac3 32 unique realizations
INFO:root:The predictions are ill-sorted.
INFO:root:The predictions are ill-sorted.
INFO:root:The predictions are ill-sorted.
INFO:root:The predictions are ill-sorted.
INFO:root:The predictions are ill-sorted.
INFO:root:The predictions are ill-sorted.
INFO:root:The predictions are ill-sorted.
INFO:root:The predictions are ill-sorted.
C CONTEXT COMPLETE pleia 783ec13683ecfbb3bc3b 34 unique realizations
INFO:root:The predictions are ill-sorted.
INFO:root:The predictions are ill-sorted.
C CONTEXT COMPLETE pleia 612a34cba7b4e3c2dac2 30 unique realizations
INFO:root:The predictions are ill-sorted.
INFO:root:The predictions are ill-sorted.
C CONTEXT COMPLETE pleia d8bf8e87c5509cf4cea6 33 unique realizations
INFO:root:The predictions are ill-sorted.
INFO:root:The predictions are ill-sorted.
C CONTEXT COMPLETE pleia bd5c98fb895a6434103f 31 unique realizations
INFO:root:The predictions are ill-sorted.
INFO:root:The predictions are ill-sorted.
INFO:root:The predictions are ill-sorted.
INFO:root:The predictions are ill-sorted.
INFO:root:The predictions are ill-sorted.
INFO:root:The predictions are ill-sorted.
C CONTEXT COMPLETE pleia 6dc6912aa0bc1eb2f0bc 32 unique realizations
INFO:root:The predictions are ill-sorted.
INFO:root:The predictions are ill-sorted.
INFO:root:The predictions are ill-sorted.
INFO:root:The predictions are ill-sorted.
INFO:root:The predictions are ill-sorted.
INFO:root:The predictions are ill-sorted.
INFO:root:The predictions are ill-sorted.
INFO:root:The predictions are ill-sorted.
INFO:root:The predictions are ill-sorted.
INFO:root:The predictions are ill-sorted.
INFO:root:The predictions are ill-sorted.
INFO:root:The predictions are ill-sorted.
INFO:root:The predictions are ill-sorted.
INFO:root:The predictions are ill-sorted.
INFO:root:The predictions are ill-sorted.
INFO:root:The predictions are ill-sorted.
INFO:root:The predictions are ill-sorted.
INFO:root:The predictions are ill-sorted.
INFO:root:The predictions are ill-sorted.
INFO:root:The predictions are ill-sorted.
INFO:root:The predictions are ill-sorted.
INFO:root:The predictions are ill-sorted.
INFO:root:The predictions are ill-sorted.
INFO:root:The predictions are ill-sorted.
INFO:root:The predictions are ill-sorted.
INFO:root:The predictions are ill-sorted.
INFO:root:The predictions are ill-sorted.
INFO:root:The predictions are ill-sorted.
INFO:root:The predictions are ill-sorted.
INFO:root:The predictions are ill-sorted.
INFO:root:The predictions are ill-sorted.
INFO:root:The predictions are ill-sorted.
INFO:root:The predictions are ill-sorted.
INFO:root:The predictions are ill-sorted.
INFO:root:The predictions are ill-sorted.
INFO:root:The predictions are ill-sorted.
INFO:root:The predictions are ill-sorted.
INFO:root:The predictions are ill-sorted.
INFO:root:The predictions are ill-sorted.
INFO:root:The predictions are ill-sorted.
INFO:root:The predictions are ill-sorted.
INFO:root:The predictions are ill-sorted.
INFO:root:The predictions are ill-sorted.
INFO:root:The predictions are ill-sorted.
INFO:root:The predictions are ill-sorted.
INFO:root:The predictions are ill-sorted.
INFO:root:The predictions are ill-sorted.
INFO:root:The predictions are ill-sorted.
INFO:root:The predictions are ill-sorted.
INFO:root:The predictions are ill-sorted.
INFO:root:The predictions are ill-sorted.
INFO:root:The predictions are ill-sorted.
INFO:root:The predictions are ill-sorted.
INFO:root:The predictions are ill-sorted.
INFO:root:The predictions are ill-sorted.
INFO:root:The predictions are ill-sorted.
INFO:root:The predictions are ill-sorted.
INFO:root:The predictions are ill-sorted.
INFO:root:The predictions are ill-sorted.
INFO:root:The predictions are ill-sorted.
INFO:root:The predictions are ill-sorted.
INFO:root:The predictions are ill-sorted.
INFO:root:The predictions are ill-sorted.
INFO:root:The predictions are ill-sorted.
C CONTEXT COMPLETE pleia 9c545d5dd7b52b39686b 32 unique realizations
INFO:root:The predictions are ill-sorted.
INFO:root:The predictions are ill-sorted.
INFO:root:The predictions are ill-sorted.
INFO:root:The predictions are ill-sorted.
INFO:root:The predictions are ill-sorted.
C CONTEXT COMPLETE pleia 85583af4fc2a9beddd7c 30 unique realizations
INFO:root:The predictions are ill-sorted.
INFO:root:The predictions are ill-sorted.
INFO:root:The predictions are ill-sorted.
INFO:root:The predictions are ill-sorted.
C CONTEXT COMPLETE pleia 205f9629a76c37a65cf4 33 unique realizations
INFO:root:The predictions are ill-sorted.
INFO:root:The predictions are ill-sorted.
C CONTEXT COMPLETE pleia fa2f3f67d852c43ab114 32 unique realizations
INFO:root:The predictions are ill-sorted.
INFO:root:The predictions are ill-sorted.
C CONTEXT COMPLETE pleia 16087b4f2e552fc77bb5 31 unique realizations
INFO:root:The predictions are ill-sorted.
INFO:root:The predictions are ill-sorted.
INFO:root:The predictions are ill-sorted.
INFO:root:The predictions are ill-sorted.
INFO:root:The predictions are ill-sorted.
INFO:root:The predictions are ill-sorted.
C CONTEXT COMPLETE pleia 5eecab36f17da3497a31 33 unique realizations
INFO:root:The predictions are ill-sorted.
INFO:root:The predictions are ill-sorted.
C CONTEXT COMPLETE pleia 1b99b5a6213801af4c20 32 unique realizations
INFO:root:The predictions are ill-sorted.
INFO:root:The predictions are ill-sorted.
INFO:root:The predictions are ill-sorted.
INFO:root:The predictions are ill-sorted.
INFO:root:The predictions are ill-sorted.
C CONTEXT COMPLETE pleia fbedee8ece0a55c3b2f6 31 unique realizations
INFO:root:The predictions are ill-sorted.
INFO:root:The predictions are ill-sorted.
INFO:root:The predictions are ill-sorted.
INFO:root:The predictions are ill-sorted.
C CONTEXT COMPLETE pleia 0406505c2d05431e3e3e 30 unique realizations
INFO:root:The predictions are ill-sorted.
INFO:root:The predictions are ill-sorted.
INFO:root:The predictions are ill-sorted.
C CONTEXT COMPLETE pleia 68ad9b110fdf27884f7e 32 unique realizations
INFO:root:The predictions are ill-sorted.
C CONTEXT COMPLETE pleia c7ec52ac7a6f897519c8 31 unique realizations
C CONTEXT COMPLETE pleia 1da99732b990083accbd 33 unique realizations
INFO:root:The predictions are ill-sorted.
INFO:root:The predictions are ill-sorted.
C CONTEXT COMPLETE pleia 21f1051d019484c75fae 31 unique realizations
C CONTEXT COMPLETE pleia e33b302dfc0ced0081e7 30 unique realizations
INFO:root:The predictions are ill-sorted.
INFO:root:The predictions are ill-sorted.
C CONTEXT COMPLETE pleia 4d2dd324d9e57f85e28c 31 unique realizations
C CONTEXT COMPLETE pleia 98ea992a4d9aaf724cad 32 unique realizations
INFO:root:The predictions are ill-sorted.
INFO:root:The predictions are ill-sorted.
C CONTEXT COMPLETE pleia da992078544103521ed8 31 unique realizations
INFO:root:The predictions are ill-sorted.
C CONTEXT COMPLETE pleia 1b46aa11c483553a9719 31 unique realizations
C CONTEXT COMPLETE pleia 09ef47e6b1f1491bf9c8 31 unique realizations
C CONTEXT COMPLETE pleia d1796c311ee099619d1d 32 unique realizations
C CONTEXT COMPLETE pleia 6e09ef0dc34b75069bc8 32 unique realizations
INFO:root:The predictions are ill-sorted.
INFO:root:The predictions are ill-sorted.
C CONTEXT COMPLETE pleia 85f530fa6f3b1098adf2 34 unique realizations
C CONTEXT COMPLETE pleia 892bf97c5c22b241ac2f 31 unique realizations
INFO:root:The predictions are ill-sorted.
INFO:root:The predictions are ill-sorted.
C CONTEXT COMPLETE pleia 9441c888be2dea91753d 32 unique realizations
C CONTEXT COMPLETE pleia bdd398f2a67f1481e250 31 unique realizations
INFO:root:The predictions are ill-sorted.
INFO:root:The predictions are ill-sorted.
INFO:root:The predictions are ill-sorted.
C CONTEXT COMPLETE pleia 9138547b51bc16a6136d 32 unique realizations
C CONTEXT COMPLETE pleia 0d5024b30639d542d6ba 33 unique realizations
C CONTEXT COMPLETE pleia e10acda8b98e50f3d35d 31 unique realizations
C CONTEXT COMPLETE pleia 36de58d27c666754f38a 31 unique realizations
C CONTEXT COMPLETE pleia fe11c3fc33eee8cb7e0a 31 unique realizations
INFO:root:The predictions are ill-sorted.
INFO:root:The predictions are ill-sorted.
INFO:root:The predictions are ill-sorted.
INFO:root:The predictions are ill-sorted.
C CONTEXT COMPLETE pleia 69f1488040fc7445c73c 30 unique realizations
C CONTEXT COMPLETE pleia 5429c70ed16977f0d59f 33 unique realizations
C CONTEXT COMPLETE pleia 93a84165eb93de404525 33 unique realizations
C CONTEXT COMPLETE pleia bf1fde12598a3b4a9607 32 unique realizations
C CONTEXT COMPLETE pleia 534324c1b80b2836b1de 32 unique realizations
C CONTEXT COMPLETE pleia 2a7b38da1134087fb2f0 32 unique realizations
C CONTEXT COMPLETE pleia 8f2d6069464912b9cddf 31 unique realizations
C CONTEXT COMPLETE pleia c1208554d2ab2ad410c3 31 unique realizations
C CONTEXT COMPLETE pleia fa41b7bbda81524af2b1 31 unique realizations
C CONTEXT COMPLETE pleia 10c5d571f33a0eaf5823 31 unique realizations
C CONTEXT COMPLETE pleia 70ee2cd4569e7dd0b897 32 unique realizations
C CONTEXT COMPLETE pleia 7a3610915bd5aaf6448f 33 unique realizations
C CONTEXT COMPLETE pleia f2d11277aa84c358d45c 32 unique realizations
C CONTEXT COMPLETE pleia 21e52a65cacca62742cd 32 unique realizations
INFO:root:The predictions are ill-sorted.
INFO:root:The predictions are ill-sorted.
C CONTEXT COMPLETE pleia 0093306fd4c7e4c38ccb 32 unique realizations
C CONTEXT COMPLETE pleia 21085913480fec641b4d 33 unique realizations
C CONTEXT COMPLETE pleia 2be122248cada100f570 31 unique realizations
C CONTEXT COMPLETE pleia 4261e698c0d36473c404 32 unique realizations
C CONTEXT COMPLETE pleia 13add70dc7dbbe87171c 32 unique realizations
C CONTEXT COMPLETE pleia f5cfb21dceb1ecdf2e0d 32 unique realizations
INFO:root:The predictions are ill-sorted.
INFO:root:The predictions are ill-sorted.
C CONTEXT COMPLETE pleia e1ad3030357188f27f39 32 unique realizations
C CONTEXT COMPLETE pleia c75f1253120be02e0c08 30 unique realizations
INFO:root:The predictions are ill-sorted.
INFO:root:The predictions are ill-sorted.
INFO:root:The predictions are ill-sorted.
INFO:root:The predictions are ill-sorted.
C CONTEXT COMPLETE pleia c9c1a768c89822deede4 29 unique realizations
C CONTEXT COMPLETE pleia a35a89df1c49aa67a377 30 unique realizations
INFO:root:The predictions are ill-sorted.
INFO:root:The predictions are ill-sorted.
C CONTEXT COMPLETE pleia 28e2e38d51a0ef1a30ff 30 unique realizations
C CONTEXT COMPLETE pleia b687fe9abc42db4a9eba 32 unique realizations
C CONTEXT COMPLETE pleia edb0de7011de49da8029 33 unique realizations
{
  "completed": true,
  "synthetic": false,
  "contexts": 68,
  "schedules": 2856
}
