LAUNCH rico_h30_f2_s46_persistence; available RAM=4.48 GiB
START rico_h30_f2_s46_persistence final candidate=0 epochs=None
COMPLETE rico_h30_f2_s46_persistence
LAUNCH rico_h30_f2_s46_xgboost; available RAM=4.47 GiB
START rico_h30_f2_s46_xgboost tuning candidate=0 inner=0
START rico_h30_f2_s46_xgboost tuning candidate=0 inner=1
START rico_h30_f2_s46_xgboost tuning candidate=1 inner=0
START rico_h30_f2_s46_xgboost tuning candidate=1 inner=1
START rico_h30_f2_s46_xgboost final candidate=1 epochs=None
COMPLETE rico_h30_f2_s46_xgboost
LAUNCH rico_h30_f2_s46_attention_lstm; available RAM=4.43 GiB
START rico_h30_f2_s46_attention_lstm tuning candidate=0 inner=0
rico_h30_f2_s46_attention_lstm tuning c0 i0: {'epoch': 1, 'train_mse': 0.5221678100088063, 'validation_mae': 2.6572592610853882}
rico_h30_f2_s46_attention_lstm tuning c0 i0: {'epoch': 5, 'train_mse': 0.015319079843992217, 'validation_mae': 2.155205509063394}
START rico_h30_f2_s46_attention_lstm tuning candidate=0 inner=1
rico_h30_f2_s46_attention_lstm tuning c0 i1: {'epoch': 1, 'train_mse': 0.3392509023773479, 'validation_mae': 2.2619579407468775}
rico_h30_f2_s46_attention_lstm tuning c0 i1: {'epoch': 5, 'train_mse': 0.009347961949592924, 'validation_mae': 1.305941274520062}
rico_h30_f2_s46_attention_lstm tuning c0 i1: {'epoch': 10, 'train_mse': 0.007286653361895824, 'validation_mae': 1.2337603025773964}
rico_h30_f2_s46_attention_lstm tuning c0 i1: {'epoch': 15, 'train_mse': 0.006112706333518347, 'validation_mae': 1.2521926684630929}
START rico_h30_f2_s46_attention_lstm tuning candidate=1 inner=0
rico_h30_f2_s46_attention_lstm tuning c1 i0: {'epoch': 1, 'train_mse': 0.7467732047333436, 'validation_mae': 3.2671385254069447}
rico_h30_f2_s46_attention_lstm tuning c1 i0: {'epoch': 5, 'train_mse': 0.025250047493108455, 'validation_mae': 1.9923857368632434}
START rico_h30_f2_s46_attention_lstm tuning candidate=1 inner=1
rico_h30_f2_s46_attention_lstm tuning c1 i1: {'epoch': 1, 'train_mse': 0.5438427006018991, 'validation_mae': 2.4618619615259987}
rico_h30_f2_s46_attention_lstm tuning c1 i1: {'epoch': 5, 'train_mse': 0.012957589744645007, 'validation_mae': 1.5174037173712922}
rico_h30_f2_s46_attention_lstm tuning c1 i1: {'epoch': 10, 'train_mse': 0.00856217011749585, 'validation_mae': 1.3458725576884027}
rico_h30_f2_s46_attention_lstm tuning c1 i1: {'epoch': 15, 'train_mse': 0.0071276207803126004, 'validation_mae': 1.311163065662389}
START rico_h30_f2_s46_attention_lstm final candidate=0 epochs=6
rico_h30_f2_s46_attention_lstm final_fit c0 iNone: {'epoch': 1, 'train_mse': 0.24327431218748424}
rico_h30_f2_s46_attention_lstm final_fit c0 iNone: {'epoch': 5, 'train_mse': 0.00843127256476824}
COMPLETE rico_h30_f2_s46_attention_lstm
{
  "status": "complete",
  "point_cells": 3,
  "interval_cells": 6,
  "learned_tuning_fits": 8,
  "learned_final_fits": 2,
  "models": [
    "persistence",
    "xgboost",
    "attention_lstm"
  ],
  "source_hash": "cd907183301a189ddfcc195774dad58c8fa07d5b326d2ac29cf3636383dc681e",
  "protocol_hash": "0db7f0a10aa75d45d291b57c800923360aa803d8a48eb3fa75d6968e1b6a27fe",
  "full_study_ready": false,
  "publication_ready": false
}
{"command": ["C:/cfs_venv/Scripts/python.exe", "-B", "-m", "src.matched_forecasting005", "run", "--matrix", "C:\\Users\\nigel\\OneDrive\\Desktop\\GitHub\\confosense\\smart_building_conformal\\outputs\\amendment005\\support_design_v1\\experiment_matrix.csv", "--dataset", "rico", "--horizon", "30", "--outer-fold", "2", "--model-seed", "46", "--design-dir", "C:\\Users\\nigel\\OneDrive\\Desktop\\GitHub\\confosense\\smart_building_conformal\\protocols\\matched_forecasting005\\rico_h30_f2_s46_v1", "--out", "C:\\Users\\nigel\\OneDrive\\Desktop\\GitHub\\confosense\\smart_building_conformal\\outputs\\matched_forecasting005\\rico_h30_f2_s46_v1", "--readiness", "C:\\Users\\nigel\\OneDrive\\Desktop\\GitHub\\confosense\\smart_building_conformal\\protocols\\matched_forecasting005\\rico_h30_f2_s46_v1\\readiness.json"], "cwd": "C:\\Users\\nigel\\OneDrive\\Desktop\\GitHub\\confosense\\smart_building_conformal", "started_utc": "2026-09-14T02:17:39.430253+00:00", "logger_pid": 3216, "child_pid": 24716, "ended_utc": "2026-09-14T02:19:07.258852+00:00", "seconds": 87.83230829999957, "exit_status": 0}
