{
  "passed": true,
  "models_fitted": 0,
  "point_cells": 3,
  "interval_cells": 6,
  "real_tuning_fits_verified": 8,
  "real_final_fits_verified": 2,
  "saved_model_prediction_checks": 6,
  "own_calibration_verified": true,
  "common_target_ids_verified": true,
  "training_only_normalization_verified": true,
  "candidate_and_epoch_selection_verified": true,
  "all_run_files_unchanged": true,
  "preparation_resources": {
    "seconds": 8.337488000004669,
    "baseline_rss_bytes": 324722688,
    "peak_rss_bytes": 1106935808,
    "baseline_private_bytes": 282578944,
    "peak_private_bytes": 1208688640,
    "incremental_peak_rss_bytes": 782213120,
    "lifetime_peak_rss_bytes": 1245409280,
    "min_available_ram_bytes": 3826442240,
    "sample_interval_seconds": 0.05,
    "process_cpu_seconds": 8.09375
  },
  "total_validation_resources": {
    "seconds": 10.8856506000011,
    "baseline_rss_bytes": 322584576,
    "peak_rss_bytes": 1106804736,
    "baseline_private_bytes": 281464832,
    "peak_private_bytes": 1208688640,
    "incremental_peak_rss_bytes": 784220160,
    "lifetime_peak_rss_bytes": 1245409280,
    "min_available_ram_bytes": 3826651136,
    "sample_interval_seconds": 0.05,
    "process_cpu_seconds": 10.59375
  },
  "source_hash": "cd907183301a189ddfcc195774dad58c8fa07d5b326d2ac29cf3636383dc681e",
  "protocol_hash": "006c7b08726fdfe876769e33b3062b900b78e677877db0102c7be60883189b03",
  "full_study_ready": false
}
{"command": ["C:/cfs_venv/Scripts/python.exe", "-B", "-m", "src.matched_forecasting005", "validate", "--matrix", "C:\\Users\\nigel\\OneDrive\\Desktop\\GitHub\\confosense\\smart_building_conformal\\outputs\\amendment005\\support_design_v1\\experiment_matrix.csv", "--dataset", "pleia", "--horizon", "1", "--outer-fold", "2", "--model-seed", "43", "--design-dir", "C:\\Users\\nigel\\OneDrive\\Desktop\\GitHub\\confosense\\smart_building_conformal\\protocols\\matched_forecasting005\\pleia_h1_f2_s43_v1", "--out", "C:\\Users\\nigel\\OneDrive\\Desktop\\GitHub\\confosense\\smart_building_conformal\\outputs\\matched_forecasting005\\pleia_h1_f2_s43_v1", "--readiness", "C:\\Users\\nigel\\OneDrive\\Desktop\\GitHub\\confosense\\smart_building_conformal\\protocols\\matched_forecasting005\\pleia_h1_f2_s43_v1\\readiness.json", "--receipt", "C:\\Users\\nigel\\OneDrive\\Desktop\\GitHub\\confosense\\smart_building_conformal\\outputs\\matched_forecasting005\\fold2_multiseed_batch_v1\\receipts\\pleia_h1_f2_s43_v1\\audit_v1"], "cwd": "C:\\Users\\nigel\\OneDrive\\Desktop\\GitHub\\confosense\\smart_building_conformal", "started_utc": "2026-09-13T23:53:56.359320+00:00", "logger_pid": 6176, "child_pid": 28688, "ended_utc": "2026-09-13T23:54:11.511105+00:00", "seconds": 15.153070300002582, "exit_status": 0}
