{
  "passed": true,
  "models_fitted": 0,
  "point_cells": 3,
  "interval_cells": 6,
  "real_tuning_fits_verified": 8,
  "real_final_fits_verified": 2,
  "saved_model_prediction_checks": 6,
  "own_calibration_verified": true,
  "common_target_ids_verified": true,
  "training_only_normalization_verified": true,
  "candidate_and_epoch_selection_verified": true,
  "all_run_files_unchanged": true,
  "preparation_resources": {
    "seconds": 8.226728800000274,
    "baseline_rss_bytes": 325087232,
    "peak_rss_bytes": 1212383232,
    "baseline_private_bytes": 283131904,
    "peak_private_bytes": 1208090624,
    "incremental_peak_rss_bytes": 887296000,
    "lifetime_peak_rss_bytes": 1245024256,
    "min_available_ram_bytes": 3660865536,
    "sample_interval_seconds": 0.05,
    "process_cpu_seconds": 8.125
  },
  "total_validation_resources": {
    "seconds": 10.74502940000093,
    "baseline_rss_bytes": 322850816,
    "peak_rss_bytes": 1212620800,
    "baseline_private_bytes": 281882624,
    "peak_private_bytes": 1208090624,
    "incremental_peak_rss_bytes": 889769984,
    "lifetime_peak_rss_bytes": 1245024256,
    "min_available_ram_bytes": 3660533760,
    "sample_interval_seconds": 0.05,
    "process_cpu_seconds": 10.578125
  },
  "source_hash": "cd907183301a189ddfcc195774dad58c8fa07d5b326d2ac29cf3636383dc681e",
  "protocol_hash": "591cc9bc729f1568eb03adc14a89532c11b371bf24f5f2b6e51e6eb80bd8971b",
  "full_study_ready": false
}
{"command": ["C:/cfs_venv/Scripts/python.exe", "-B", "-m", "src.matched_forecasting005", "validate", "--matrix", "C:\\Users\\nigel\\OneDrive\\Desktop\\GitHub\\confosense\\smart_building_conformal\\outputs\\amendment005\\support_design_v1\\experiment_matrix.csv", "--dataset", "pleia", "--horizon", "3", "--outer-fold", "2", "--model-seed", "43", "--design-dir", "C:\\Users\\nigel\\OneDrive\\Desktop\\GitHub\\confosense\\smart_building_conformal\\protocols\\matched_forecasting005\\pleia_h3_f2_s43_v1", "--out", "C:\\Users\\nigel\\OneDrive\\Desktop\\GitHub\\confosense\\smart_building_conformal\\outputs\\matched_forecasting005\\pleia_h3_f2_s43_v1", "--readiness", "C:\\Users\\nigel\\OneDrive\\Desktop\\GitHub\\confosense\\smart_building_conformal\\protocols\\matched_forecasting005\\pleia_h3_f2_s43_v1\\readiness.json", "--receipt", "C:\\Users\\nigel\\OneDrive\\Desktop\\GitHub\\confosense\\smart_building_conformal\\outputs\\matched_forecasting005\\fold2_multiseed_batch_v1\\receipts\\pleia_h3_f2_s43_v1\\audit_v1"], "cwd": "C:\\Users\\nigel\\OneDrive\\Desktop\\GitHub\\confosense\\smart_building_conformal", "started_utc": "2026-09-13T23:57:41.407727+00:00", "logger_pid": 3728, "child_pid": 10616, "ended_utc": "2026-09-13T23:57:56.431129+00:00", "seconds": 15.023230700011482, "exit_status": 0}
