{
  "passed": true,
  "models_fitted": 0,
  "point_cells": 3,
  "interval_cells": 6,
  "real_tuning_fits_verified": 8,
  "real_final_fits_verified": 2,
  "saved_model_prediction_checks": 6,
  "own_calibration_verified": true,
  "common_target_ids_verified": true,
  "training_only_normalization_verified": true,
  "candidate_and_epoch_selection_verified": true,
  "all_run_files_unchanged": true,
  "preparation_resources": {
    "seconds": 16.88243810000131,
    "baseline_rss_bytes": 324694016,
    "peak_rss_bytes": 970952704,
    "baseline_private_bytes": 282570752,
    "peak_private_bytes": 999473152,
    "incremental_peak_rss_bytes": 646258688,
    "lifetime_peak_rss_bytes": 1032650752,
    "min_available_ram_bytes": 4295475200,
    "sample_interval_seconds": 0.05,
    "process_cpu_seconds": 16.640625
  },
  "total_validation_resources": {
    "seconds": 23.354650599998422,
    "baseline_rss_bytes": 322437120,
    "peak_rss_bytes": 971026432,
    "baseline_private_bytes": 281456640,
    "peak_private_bytes": 999473152,
    "incremental_peak_rss_bytes": 648589312,
    "lifetime_peak_rss_bytes": 1032650752,
    "min_available_ram_bytes": 4295475200,
    "sample_interval_seconds": 0.05,
    "process_cpu_seconds": 23.0625
  },
  "source_hash": "cd907183301a189ddfcc195774dad58c8fa07d5b326d2ac29cf3636383dc681e",
  "protocol_hash": "f93cc7009437b45a97bce046887aaf78f96bc32475a26a555e30540eb666b963",
  "full_study_ready": false
}
{"command": ["C:/cfs_venv/Scripts/python.exe", "-B", "-m", "src.matched_forecasting005", "validate", "--matrix", "C:\\Users\\nigel\\OneDrive\\Desktop\\GitHub\\confosense\\smart_building_conformal\\outputs\\amendment005\\support_design_v1\\experiment_matrix.csv", "--dataset", "bdg2", "--horizon", "3", "--outer-fold", "2", "--model-seed", "46", "--design-dir", "C:\\Users\\nigel\\OneDrive\\Desktop\\GitHub\\confosense\\smart_building_conformal\\protocols\\matched_forecasting005\\bdg2_h3_f2_s46_v1", "--out", "C:\\Users\\nigel\\OneDrive\\Desktop\\GitHub\\confosense\\smart_building_conformal\\outputs\\matched_forecasting005\\bdg2_h3_f2_s46_v1", "--readiness", "C:\\Users\\nigel\\OneDrive\\Desktop\\GitHub\\confosense\\smart_building_conformal\\protocols\\matched_forecasting005\\bdg2_h3_f2_s46_v1\\readiness.json", "--receipt", "C:\\Users\\nigel\\OneDrive\\Desktop\\GitHub\\confosense\\smart_building_conformal\\outputs\\matched_forecasting005\\fold2_multiseed_batch_v1\\receipts\\bdg2_h3_f2_s46_v1\\audit_v1"], "cwd": "C:\\Users\\nigel\\OneDrive\\Desktop\\GitHub\\confosense\\smart_building_conformal", "started_utc": "2026-09-14T02:46:32.479037+00:00", "logger_pid": 6248, "child_pid": 27812, "ended_utc": "2026-09-14T02:47:00.256953+00:00", "seconds": 27.785115899998345, "exit_status": 0}
