{
  "frozen": true,
  "rows": {
    "final_fit": 14855,
    "final_calibration": 4954,
    "outer_test": 9907
  },
  "contexts": 68,
  "schedules": 2856,
  "models_fitted": 0,
  "resources": {
    "seconds": 2.0970625999907497,
    "baseline_rss_bytes": 320249856,
    "peak_rss_bytes": 414199808,
    "baseline_private_bytes": 278786048,
    "peak_private_bytes": 391659520,
    "incremental_peak_rss_bytes": 93949952,
    "lifetime_peak_rss_bytes": 417394688,
    "min_available_ram_bytes": 2944675840,
    "sample_interval_seconds": 0.05,
    "process_cpu_seconds": 2.046875
  }
}
