{
  "frozen": true,
  "rows": {
    "final_fit": 14855,
    "final_calibration": 4954,
    "outer_test": 9907
  },
  "contexts": 68,
  "schedules": 2856,
  "models_fitted": 0,
  "resources": {
    "seconds": 2.0970625999907497,
    "baseline_rss_bytes": 320249856,
    "peak_rss_bytes": 414199808,
    "baseline_private_bytes": 278786048,
    "peak_private_bytes": 391659520,
    "incremental_peak_rss_bytes": 93949952,
    "lifetime_peak_rss_bytes": 417394688,
    "min_available_ram_bytes": 2944675840,
    "sample_interval_seconds": 0.05,
    "process_cpu_seconds": 2.046875
  }
}
{"command": ["C:/cfs_venv/Scripts/python.exe", "-B", "-m", "src.conditional_context005", "freeze", "--manifest", "C:\\Users\\nigel\\OneDrive\\Desktop\\GitHub\\confosense\\review\\pleia_energy_context005_multiseed_20260915\\pleia_energy_f2_s45_C_v1_execution_manifest.json", "--design", "C:\\Users\\nigel\\OneDrive\\Desktop\\GitHub\\confosense\\smart_building_conformal\\protocols\\conditional_context005\\pleia_energy_f2_s45_C_v1", "--out", "C:\\Users\\nigel\\OneDrive\\Desktop\\GitHub\\confosense\\smart_building_conformal\\outputs\\conditional_context005\\pleia_energy_f2_s45_C_v1", "--readiness", "C:\\Users\\nigel\\OneDrive\\Desktop\\GitHub\\confosense\\smart_building_conformal\\protocols\\conditional_context005\\pleia_energy_f2_s45_C_v1\\readiness.json", "--receipt", "C:\\Users\\nigel\\OneDrive\\Desktop\\GitHub\\confosense\\smart_building_conformal\\protocols\\conditional_context005\\pleia_energy_f2_s45_C_v1\\readiness.json"], "cwd": "C:\\Users\\nigel\\OneDrive\\Desktop\\GitHub\\confosense\\smart_building_conformal", "started_utc": "2026-09-14T23:38:17.790245+00:00", "logger_pid": 12376, "child_pid": 9036, "ended_utc": "2026-09-14T23:38:23.690778+00:00", "seconds": 5.904206699982751, "exit_status": 0}
