{
  "status": "complete",
  "action": "resume",
  "models_fitted": 0,
  "reused_model_units": 3,
  "fresh_data_identity_verified": true,
  "preparation_resources": {
    "seconds": 17.23732669999299,
    "baseline_rss_bytes": 324669440,
    "peak_rss_bytes": 1012613120,
    "baseline_private_bytes": 282398720,
    "peak_private_bytes": 994820096,
    "incremental_peak_rss_bytes": 687943680,
    "lifetime_peak_rss_bytes": 1032372224,
    "min_available_ram_bytes": 4682088448,
    "sample_interval_seconds": 0.05,
    "process_cpu_seconds": 16.8125
  },
  "protocol_hash": "b09d5d8c367121e6d22677abdb3f3bdb6a98e8404434e14ad1bfa57c42d265dd",
  "source_hash": "cd907183301a189ddfcc195774dad58c8fa07d5b326d2ac29cf3636383dc681e",
  "all_run_files_unchanged": true
}
