{
  "passed": true,
  "models_fitted": 0,
  "point_cells": 3,
  "interval_cells": 6,
  "real_tuning_fits_verified": 8,
  "real_final_fits_verified": 2,
  "saved_model_prediction_checks": 6,
  "own_calibration_verified": true,
  "common_target_ids_verified": true,
  "training_only_normalization_verified": true,
  "candidate_and_epoch_selection_verified": true,
  "all_run_files_unchanged": true,
  "preparation_resources": {
    "seconds": 17.0782390999957,
    "baseline_rss_bytes": 324947968,
    "peak_rss_bytes": 958234624,
    "baseline_private_bytes": 282931200,
    "peak_private_bytes": 1000488960,
    "incremental_peak_rss_bytes": 633286656,
    "lifetime_peak_rss_bytes": 1034244096,
    "min_available_ram_bytes": 4771270656,
    "sample_interval_seconds": 0.05,
    "process_cpu_seconds": 16.421875
  },
  "total_validation_resources": {
    "seconds": 23.436062499997206,
    "baseline_rss_bytes": 322629632,
    "peak_rss_bytes": 958169088,
    "baseline_private_bytes": 281681920,
    "peak_private_bytes": 1000488960,
    "incremental_peak_rss_bytes": 635539456,
    "lifetime_peak_rss_bytes": 1034244096,
    "min_available_ram_bytes": 4771270656,
    "sample_interval_seconds": 0.05,
    "process_cpu_seconds": 22.515625
  },
  "source_hash": "cd907183301a189ddfcc195774dad58c8fa07d5b326d2ac29cf3636383dc681e",
  "protocol_hash": "bf3712ec340f3bdba2b4f5fb836947320a1d97c097af41bf3d3d7cb8c8c05269",
  "full_study_ready": false
}
{"command": ["C:/cfs_venv/Scripts/python.exe", "-B", "-m", "src.matched_forecasting005", "validate", "--matrix", "C:\\Users\\nigel\\OneDrive\\Desktop\\GitHub\\confosense\\smart_building_conformal\\outputs\\amendment005\\support_design_v1\\experiment_matrix.csv", "--dataset", "bdg2", "--horizon", "6", "--outer-fold", "2", "--model-seed", "45", "--design-dir", "C:\\Users\\nigel\\OneDrive\\Desktop\\GitHub\\confosense\\smart_building_conformal\\protocols\\matched_forecasting005\\bdg2_h6_f2_s45_v1", "--out", "C:\\Users\\nigel\\OneDrive\\Desktop\\GitHub\\confosense\\smart_building_conformal\\outputs\\matched_forecasting005\\bdg2_h6_f2_s45_v1", "--readiness", "C:\\Users\\nigel\\OneDrive\\Desktop\\GitHub\\confosense\\smart_building_conformal\\protocols\\matched_forecasting005\\bdg2_h6_f2_s45_v1\\readiness.json", "--receipt", "C:\\Users\\nigel\\OneDrive\\Desktop\\GitHub\\confosense\\smart_building_conformal\\outputs\\matched_forecasting005\\fold2_multiseed_batch_v1\\receipts\\bdg2_h6_f2_s45_v1\\audit_v1"], "cwd": "C:\\Users\\nigel\\OneDrive\\Desktop\\GitHub\\confosense\\smart_building_conformal", "started_utc": "2026-09-14T01:48:56.099576+00:00", "logger_pid": 2864, "child_pid": 20844, "ended_utc": "2026-09-14T01:49:24.008794+00:00", "seconds": 27.907083799989778, "exit_status": 0}
