{
  "status": "complete",
  "action": "resume",
  "models_fitted": 0,
  "reused_model_units": 3,
  "fresh_data_identity_verified": true,
  "preparation_resources": {
    "seconds": 8.195915399999649,
    "baseline_rss_bytes": 325152768,
    "peak_rss_bytes": 1233666048,
    "baseline_private_bytes": 282939392,
    "peak_private_bytes": 1207607296,
    "incremental_peak_rss_bytes": 908513280,
    "lifetime_peak_rss_bytes": 1244708864,
    "min_available_ram_bytes": 4108808192,
    "sample_interval_seconds": 0.05,
    "process_cpu_seconds": 8.015625
  },
  "protocol_hash": "afeec26a5064a899df55a5081826d94b2ef6a3b5229ee6a692855ac3f89534e2",
  "source_hash": "cd907183301a189ddfcc195774dad58c8fa07d5b326d2ac29cf3636383dc681e",
  "all_run_files_unchanged": true
}
