{
  "status": "complete",
  "action": "resume",
  "models_fitted": 0,
  "reused_model_units": 3,
  "fresh_data_identity_verified": true,
  "preparation_resources": {
    "seconds": 8.195915399999649,
    "baseline_rss_bytes": 325152768,
    "peak_rss_bytes": 1233666048,
    "baseline_private_bytes": 282939392,
    "peak_private_bytes": 1207607296,
    "incremental_peak_rss_bytes": 908513280,
    "lifetime_peak_rss_bytes": 1244708864,
    "min_available_ram_bytes": 4108808192,
    "sample_interval_seconds": 0.05,
    "process_cpu_seconds": 8.015625
  },
  "protocol_hash": "afeec26a5064a899df55a5081826d94b2ef6a3b5229ee6a692855ac3f89534e2",
  "source_hash": "cd907183301a189ddfcc195774dad58c8fa07d5b326d2ac29cf3636383dc681e",
  "all_run_files_unchanged": true
}
{"command": ["C:/cfs_venv/Scripts/python.exe", "-B", "-m", "src.matched_forecasting005", "resume", "--matrix", "C:\\Users\\nigel\\OneDrive\\Desktop\\GitHub\\confosense\\smart_building_conformal\\outputs\\amendment005\\support_design_v1\\experiment_matrix.csv", "--dataset", "pleia", "--horizon", "1", "--outer-fold", "2", "--model-seed", "42", "--design-dir", "C:\\Users\\nigel\\OneDrive\\Desktop\\GitHub\\confosense\\smart_building_conformal\\protocols\\matched_forecasting005\\pleia_h1_f2_s42_v1", "--out", "C:\\Users\\nigel\\OneDrive\\Desktop\\GitHub\\confosense\\smart_building_conformal\\outputs\\matched_forecasting005\\pleia_h1_f2_s42_v1", "--readiness", "C:\\Users\\nigel\\OneDrive\\Desktop\\GitHub\\confosense\\smart_building_conformal\\protocols\\matched_forecasting005\\pleia_h1_f2_s42_v1\\readiness.json", "--receipt", "C:\\Users\\nigel\\OneDrive\\Desktop\\GitHub\\confosense\\smart_building_conformal\\outputs\\matched_forecasting005\\overnight_batch_v1\\receipts\\pleia_h1_f2_s42_v1\\resume_v1.json", "--forbid-fits"], "cwd": "C:\\Users\\nigel\\OneDrive\\Desktop\\GitHub\\confosense\\smart_building_conformal", "started_utc": "2026-09-13T18:54:26.559832+00:00", "logger_pid": 13920, "child_pid": 14544, "ended_utc": "2026-09-13T18:54:39.108485+00:00", "seconds": 12.548238099996524, "exit_status": 0}
