{
  "status": "complete",
  "action": "resume",
  "models_fitted": 0,
  "reused_model_units": 3,
  "fresh_data_identity_verified": true,
  "preparation_resources": {
    "seconds": 7.932738400006201,
    "baseline_rss_bytes": 324476928,
    "peak_rss_bytes": 1124610048,
    "baseline_private_bytes": 282382336,
    "peak_private_bytes": 1200537600,
    "incremental_peak_rss_bytes": 800133120,
    "lifetime_peak_rss_bytes": 1241915392,
    "min_available_ram_bytes": 3780194304,
    "sample_interval_seconds": 0.05,
    "process_cpu_seconds": 7.71875
  },
  "protocol_hash": "591cc9bc729f1568eb03adc14a89532c11b371bf24f5f2b6e51e6eb80bd8971b",
  "source_hash": "cd907183301a189ddfcc195774dad58c8fa07d5b326d2ac29cf3636383dc681e",
  "all_run_files_unchanged": true
}
{"command": ["C:/cfs_venv/Scripts/python.exe", "-B", "-m", "src.matched_forecasting005", "resume", "--matrix", "C:\\Users\\nigel\\OneDrive\\Desktop\\GitHub\\confosense\\smart_building_conformal\\outputs\\amendment005\\support_design_v1\\experiment_matrix.csv", "--dataset", "pleia", "--horizon", "3", "--outer-fold", "2", "--model-seed", "43", "--design-dir", "C:\\Users\\nigel\\OneDrive\\Desktop\\GitHub\\confosense\\smart_building_conformal\\protocols\\matched_forecasting005\\pleia_h3_f2_s43_v1", "--out", "C:\\Users\\nigel\\OneDrive\\Desktop\\GitHub\\confosense\\smart_building_conformal\\outputs\\matched_forecasting005\\pleia_h3_f2_s43_v1", "--readiness", "C:\\Users\\nigel\\OneDrive\\Desktop\\GitHub\\confosense\\smart_building_conformal\\protocols\\matched_forecasting005\\pleia_h3_f2_s43_v1\\readiness.json", "--receipt", "C:\\Users\\nigel\\OneDrive\\Desktop\\GitHub\\confosense\\smart_building_conformal\\outputs\\matched_forecasting005\\fold2_multiseed_batch_v1\\receipts\\pleia_h3_f2_s43_v1\\resume_v1.json", "--forbid-fits"], "cwd": "C:\\Users\\nigel\\OneDrive\\Desktop\\GitHub\\confosense\\smart_building_conformal", "started_utc": "2026-09-13T23:57:57.662981+00:00", "logger_pid": 12056, "child_pid": 10708, "ended_utc": "2026-09-13T23:58:09.971451+00:00", "seconds": 12.303393800000777, "exit_status": 0}
